build	Set up job	﻿2025-09-15T00:22:58.7664946Z Current runner version: '2.328.0'
build	Set up job	2025-09-15T00:22:58.7701494Z ##[group]Runner Image Provisioner
build	Set up job	2025-09-15T00:22:58.7702795Z Hosted Compute Agent
build	Set up job	2025-09-15T00:22:58.7703840Z Version: 20250829.383
build	Set up job	2025-09-15T00:22:58.7705057Z Commit: 27cb235aab5b0e52e153a26cd86b4742e89dac5d
build	Set up job	2025-09-15T00:22:58.7706222Z Build Date: 2025-08-29T13:48:48Z
build	Set up job	2025-09-15T00:22:58.7707401Z ##[endgroup]
build	Set up job	2025-09-15T00:22:58.7708361Z ##[group]Operating System
build	Set up job	2025-09-15T00:22:58.7709317Z Ubuntu
build	Set up job	2025-09-15T00:22:58.7710075Z 24.04.3
build	Set up job	2025-09-15T00:22:58.7710972Z LTS
build	Set up job	2025-09-15T00:22:58.7711700Z ##[endgroup]
build	Set up job	2025-09-15T00:22:58.7712611Z ##[group]Runner Image
build	Set up job	2025-09-15T00:22:58.7713723Z Image: ubuntu-24.04
build	Set up job	2025-09-15T00:22:58.7714887Z Version: 20250907.24.1
build	Set up job	2025-09-15T00:22:58.7716706Z Included Software: https://github.com/actions/runner-images/blob/ubuntu24/20250907.24/images/ubuntu/Ubuntu2404-Readme.md
build	Set up job	2025-09-15T00:22:58.7719355Z Image Release: https://github.com/actions/runner-images/releases/tag/ubuntu24%2F20250907.24
build	Set up job	2025-09-15T00:22:58.7721283Z ##[endgroup]
build	Set up job	2025-09-15T00:22:58.7723275Z ##[group]GITHUB_TOKEN Permissions
build	Set up job	2025-09-15T00:22:58.7726357Z Contents: read
build	Set up job	2025-09-15T00:22:58.7727509Z Metadata: read
build	Set up job	2025-09-15T00:22:58.7728326Z Packages: read
build	Set up job	2025-09-15T00:22:58.7729129Z ##[endgroup]
build	Set up job	2025-09-15T00:22:58.7731983Z Secret source: Actions
build	Set up job	2025-09-15T00:22:58.7733657Z Prepare workflow directory
build	Set up job	2025-09-15T00:22:58.8160000Z Prepare all required actions
build	Set up job	2025-09-15T00:22:58.8217891Z Getting action download info
build	Set up job	2025-09-15T00:22:59.1803431Z Download action repository 'actions/checkout@v4' (SHA:08eba0b27e820071cde6df949e0beb9ba4906955)
build	Set up job	2025-09-15T00:22:59.3707065Z Download action repository 'actions/setup-java@v4' (SHA:c5195efecf7bdfc987ee8bae7a71cb8b11521c00)
build	Set up job	2025-09-15T00:22:59.8457380Z Download action repository 'android-actions/setup-android@v3' (SHA:9fc6c4e9069bf8d3d10b2204b1fb8f6ef7065407)
build	Set up job	2025-09-15T00:23:00.1469031Z Download action repository 'actions/upload-artifact@v4' (SHA:ea165f8d65b6e75b540449e92b4886f43607fa02)
build	Set up job	2025-09-15T00:23:00.4397332Z Complete job name: build
build	Checkout code	﻿2025-09-15T00:23:00.5215530Z ##[group]Run actions/checkout@v4
build	Checkout code	2025-09-15T00:23:00.5216978Z with:
build	Checkout code	2025-09-15T00:23:00.5217793Z   repository: kingjjy-debug/my-android-app
build	Checkout code	2025-09-15T00:23:00.5219159Z   token: ***
build	Checkout code	2025-09-15T00:23:00.5219892Z   ssh-strict: true
build	Checkout code	2025-09-15T00:23:00.5220629Z   ssh-user: git
build	Checkout code	2025-09-15T00:23:00.5221396Z   persist-credentials: true
build	Checkout code	2025-09-15T00:23:00.5222254Z   clean: true
build	Checkout code	2025-09-15T00:23:00.5223033Z   sparse-checkout-cone-mode: true
build	Checkout code	2025-09-15T00:23:00.5223963Z   fetch-depth: 1
build	Checkout code	2025-09-15T00:23:00.5225016Z   fetch-tags: false
build	Checkout code	2025-09-15T00:23:00.5225779Z   show-progress: true
build	Checkout code	2025-09-15T00:23:00.5226548Z   lfs: false
build	Checkout code	2025-09-15T00:23:00.5227246Z   submodules: false
build	Checkout code	2025-09-15T00:23:00.5228021Z   set-safe-directory: true
build	Checkout code	2025-09-15T00:23:00.5229114Z ##[endgroup]
build	Checkout code	2025-09-15T00:23:00.6330477Z Syncing repository: kingjjy-debug/my-android-app
build	Checkout code	2025-09-15T00:23:00.6333309Z ##[group]Getting Git version info
build	Checkout code	2025-09-15T00:23:00.6335057Z Working directory is '/home/runner/work/my-android-app/my-android-app'
build	Checkout code	2025-09-15T00:23:00.6337122Z [command]/usr/bin/git version
build	Checkout code	2025-09-15T00:23:00.6390730Z git version 2.51.0
build	Checkout code	2025-09-15T00:23:00.6417907Z ##[endgroup]
build	Checkout code	2025-09-15T00:23:00.6432722Z Temporarily overriding HOME='/home/runner/work/_temp/0ae48017-082e-4dfc-b23b-f9ed3f705ab0' before making global git config changes
build	Checkout code	2025-09-15T00:23:00.6435644Z Adding repository directory to the temporary git global config as a safe directory
build	Checkout code	2025-09-15T00:23:00.6446902Z [command]/usr/bin/git config --global --add safe.directory /home/runner/work/my-android-app/my-android-app
build	Checkout code	2025-09-15T00:23:00.6484785Z Deleting the contents of '/home/runner/work/my-android-app/my-android-app'
build	Checkout code	2025-09-15T00:23:00.6488564Z ##[group]Initializing the repository
build	Checkout code	2025-09-15T00:23:00.6492836Z [command]/usr/bin/git init /home/runner/work/my-android-app/my-android-app
build	Checkout code	2025-09-15T00:23:00.6585955Z hint: Using 'master' as the name for the initial branch. This default branch name
build	Checkout code	2025-09-15T00:23:00.6589568Z hint: is subject to change. To configure the initial branch name to use in all
build	Checkout code	2025-09-15T00:23:00.6591916Z hint: of your new repositories, which will suppress this warning, call:
build	Checkout code	2025-09-15T00:23:00.6593241Z hint:
build	Checkout code	2025-09-15T00:23:00.6594122Z hint: 	git config --global init.defaultBranch <name>
build	Checkout code	2025-09-15T00:23:00.6596058Z hint:
build	Checkout code	2025-09-15T00:23:00.6597272Z hint: Names commonly chosen instead of 'master' are 'main', 'trunk' and
build	Checkout code	2025-09-15T00:23:00.6598970Z hint: 'development'. The just-created branch can be renamed via this command:
build	Checkout code	2025-09-15T00:23:00.6600279Z hint:
build	Checkout code	2025-09-15T00:23:00.6600974Z hint: 	git branch -m <name>
build	Checkout code	2025-09-15T00:23:00.6602195Z hint:
build	Checkout code	2025-09-15T00:23:00.6603345Z hint: Disable this message with "git config set advice.defaultBranchName false"
build	Checkout code	2025-09-15T00:23:00.6605617Z Initialized empty Git repository in /home/runner/work/my-android-app/my-android-app/.git/
build	Checkout code	2025-09-15T00:23:00.6608893Z [command]/usr/bin/git remote add origin https://github.com/kingjjy-debug/my-android-app
build	Checkout code	2025-09-15T00:23:00.6644853Z ##[endgroup]
build	Checkout code	2025-09-15T00:23:00.6646195Z ##[group]Disabling automatic garbage collection
build	Checkout code	2025-09-15T00:23:00.6648461Z [command]/usr/bin/git config --local gc.auto 0
build	Checkout code	2025-09-15T00:23:00.6679427Z ##[endgroup]
build	Checkout code	2025-09-15T00:23:00.6680677Z ##[group]Setting up auth
build	Checkout code	2025-09-15T00:23:00.6686282Z [command]/usr/bin/git config --local --name-only --get-regexp core\.sshCommand
build	Checkout code	2025-09-15T00:23:00.6716599Z [command]/usr/bin/git submodule foreach --recursive sh -c "git config --local --name-only --get-regexp 'core\.sshCommand' && git config --local --unset-all 'core.sshCommand' || :"
build	Checkout code	2025-09-15T00:23:00.7039579Z [command]/usr/bin/git config --local --name-only --get-regexp http\.https\:\/\/github\.com\/\.extraheader
build	Checkout code	2025-09-15T00:23:00.7069218Z [command]/usr/bin/git submodule foreach --recursive sh -c "git config --local --name-only --get-regexp 'http\.https\:\/\/github\.com\/\.extraheader' && git config --local --unset-all 'http.https://github.com/.extraheader' || :"
build	Checkout code	2025-09-15T00:23:00.7298235Z [command]/usr/bin/git config --local http.https://github.com/.extraheader AUTHORIZATION: basic ***
build	Checkout code	2025-09-15T00:23:00.7338653Z ##[endgroup]
build	Checkout code	2025-09-15T00:23:00.7340821Z ##[group]Fetching the repository
build	Checkout code	2025-09-15T00:23:00.7358804Z [command]/usr/bin/git -c protocol.version=2 fetch --no-tags --prune --no-recurse-submodules --depth=1 origin +f14fb2dddba534b94ce8cfb65c072b1fadfc217e:refs/remotes/origin/main
build	Checkout code	2025-09-15T00:23:01.1825129Z From https://github.com/kingjjy-debug/my-android-app
build	Checkout code	2025-09-15T00:23:01.1827908Z  * [new ref]         f14fb2dddba534b94ce8cfb65c072b1fadfc217e -> origin/main
build	Checkout code	2025-09-15T00:23:01.1855668Z ##[endgroup]
build	Checkout code	2025-09-15T00:23:01.1857529Z ##[group]Determining the checkout info
build	Checkout code	2025-09-15T00:23:01.1859091Z ##[endgroup]
build	Checkout code	2025-09-15T00:23:01.1862363Z [command]/usr/bin/git sparse-checkout disable
build	Checkout code	2025-09-15T00:23:01.1901753Z [command]/usr/bin/git config --local --unset-all extensions.worktreeConfig
build	Checkout code	2025-09-15T00:23:01.1929314Z ##[group]Checking out the ref
build	Checkout code	2025-09-15T00:23:01.1932573Z [command]/usr/bin/git checkout --progress --force -B main refs/remotes/origin/main
build	Checkout code	2025-09-15T00:23:01.2214780Z Switched to a new branch 'main'
build	Checkout code	2025-09-15T00:23:01.2216738Z branch 'main' set up to track 'origin/main'.
build	Checkout code	2025-09-15T00:23:01.2226399Z ##[endgroup]
build	Checkout code	2025-09-15T00:23:01.2270151Z [command]/usr/bin/git log -1 --format=%H
build	Checkout code	2025-09-15T00:23:01.2294605Z f14fb2dddba534b94ce8cfb65c072b1fadfc217e
build	Set up JDK 17	﻿2025-09-15T00:23:01.2621164Z ##[group]Run actions/setup-java@v4
build	Set up JDK 17	2025-09-15T00:23:01.2622256Z with:
build	Set up JDK 17	2025-09-15T00:23:01.2623043Z   distribution: temurin
build	Set up JDK 17	2025-09-15T00:23:01.2623924Z   java-version: 17
build	Set up JDK 17	2025-09-15T00:23:01.2624915Z   java-package: jdk
build	Set up JDK 17	2025-09-15T00:23:01.2625784Z   check-latest: false
build	Set up JDK 17	2025-09-15T00:23:01.2626610Z   server-id: github
build	Set up JDK 17	2025-09-15T00:23:01.2627464Z   server-username: GITHUB_ACTOR
build	Set up JDK 17	2025-09-15T00:23:01.2628486Z   server-password: GITHUB_TOKEN
build	Set up JDK 17	2025-09-15T00:23:01.2629436Z   overwrite-settings: true
build	Set up JDK 17	2025-09-15T00:23:01.2630383Z   job-status: success
build	Set up JDK 17	2025-09-15T00:23:01.2631439Z   token: ***
build	Set up JDK 17	2025-09-15T00:23:01.2632511Z ##[endgroup]
build	Set up JDK 17	2025-09-15T00:23:01.4646067Z ##[group]Installed distributions
build	Set up JDK 17	2025-09-15T00:23:01.5085401Z Resolved Java 17.0.16+8 from tool-cache
build	Set up JDK 17	2025-09-15T00:23:01.5087925Z Setting Java 17.0.16+8 as the default
build	Set up JDK 17	2025-09-15T00:23:01.5101746Z Creating toolchains.xml for JDK version 17 from temurin
build	Set up JDK 17	2025-09-15T00:23:01.5180989Z Writing to /home/runner/.m2/toolchains.xml
build	Set up JDK 17	2025-09-15T00:23:01.5182415Z 
build	Set up JDK 17	2025-09-15T00:23:01.5183240Z Java configuration:
build	Set up JDK 17	2025-09-15T00:23:01.5185125Z   Distribution: temurin
build	Set up JDK 17	2025-09-15T00:23:01.5186622Z   Version: 17.0.16+8
build	Set up JDK 17	2025-09-15T00:23:01.5188748Z   Path: /opt/hostedtoolcache/Java_Temurin-Hotspot_jdk/17.0.16-8/x64
build	Set up JDK 17	2025-09-15T00:23:01.5190565Z 
build	Set up JDK 17	2025-09-15T00:23:01.5192346Z ##[endgroup]
build	Set up JDK 17	2025-09-15T00:23:01.5216584Z Creating settings.xml with server-id: github
build	Set up JDK 17	2025-09-15T00:23:01.5218532Z Writing to /home/runner/.m2/settings.xml
build	Set up Android SDK	﻿2025-09-15T00:23:01.5383159Z ##[group]Run android-actions/setup-android@v3
build	Set up Android SDK	2025-09-15T00:23:01.5384584Z with:
build	Set up Android SDK	2025-09-15T00:23:01.5385412Z   cmdline-tools-version: 12266719
build	Set up Android SDK	2025-09-15T00:23:01.5386459Z   accept-android-sdk-licenses: true
build	Set up Android SDK	2025-09-15T00:23:01.5387608Z   log-accepted-android-sdk-licenses: true
build	Set up Android SDK	2025-09-15T00:23:01.5388764Z   packages: tools platform-tools
build	Set up Android SDK	2025-09-15T00:23:01.5389674Z env:
build	Set up Android SDK	2025-09-15T00:23:01.5458670Z   JAVA_HOME: /opt/hostedtoolcache/Java_Temurin-Hotspot_jdk/17.0.16-8/x64
build	Set up Android SDK	2025-09-15T00:23:01.5460724Z   JAVA_HOME_17_X64: /opt/hostedtoolcache/Java_Temurin-Hotspot_jdk/17.0.16-8/x64
build	Set up Android SDK	2025-09-15T00:23:01.5462078Z ##[endgroup]
build	Set up Android SDK	2025-09-15T00:23:01.6727729Z Found preinstalled sdkmanager in /usr/local/lib/android/sdk/cmdline-tools/latest with following source.properties:
build	Set up Android SDK	2025-09-15T00:23:01.6731722Z Pkg.Revision=12.0
build	Set up Android SDK	2025-09-15T00:23:01.6732979Z Pkg.Path=cmdline-tools;12.0
build	Set up Android SDK	2025-09-15T00:23:01.6734613Z Pkg.Desc=Android SDK Command-line Tools
build	Set up Android SDK	2025-09-15T00:23:01.6735650Z 
build	Set up Android SDK	2025-09-15T00:23:01.6736242Z Wrong version in preinstalled sdkmanager
build	Set up Android SDK	2025-09-15T00:23:01.6739574Z Downloading commandline tools from https://dl.google.com/android/repository/commandlinetools-linux-12266719_latest.zip
build	Set up Android SDK	2025-09-15T00:23:03.2448807Z [command]/usr/bin/unzip -o -q /home/runner/work/_temp/8a9f2763-40ac-43c4-a02f-d47e63ef8aaa
build	Set up Android SDK	2025-09-15T00:23:04.0945858Z Accepting Android SDK licenses
build	Set up Android SDK	2025-09-15T00:23:04.0953814Z [command]/usr/local/lib/android/sdk/cmdline-tools/16.0/bin/sdkmanager --licenses
build	Set up Android SDK	2025-09-15T00:23:09.8242233Z Loading local repository...                                                     
build	Set up Android SDK	2025-09-15T00:23:09.8243207Z [=========                              ] 25% Loading local repository...       
build	Set up Android SDK	2025-09-15T00:23:13.0033586Z [=========                              ] 25% Fetch remote repository...        
build	Set up Android SDK	2025-09-15T00:23:13.4141319Z [==========                             ] 26% Fetch remote repository...        
build	Set up Android SDK	2025-09-15T00:23:13.4157208Z [============                           ] 31% Fetch remote repository...        
build	Set up Android SDK	2025-09-15T00:23:13.4340920Z [============                           ] 32% Fetch remote repository...        
build	Set up Android SDK	2025-09-15T00:23:13.4345948Z [=============                          ] 33% Fetch remote repository...        
build	Set up Android SDK	2025-09-15T00:23:13.4695487Z [=============                          ] 35% Fetch remote repository...        
build	Set up Android SDK	2025-09-15T00:23:13.4708264Z [==============                         ] 36% Fetch remote repository...        
build	Set up Android SDK	2025-09-15T00:23:13.4885860Z [==============                         ] 37% Fetch remote repository...        
build	Set up Android SDK	2025-09-15T00:23:13.4893317Z [===============                        ] 38% Fetch remote repository...        
build	Set up Android SDK	2025-09-15T00:23:13.5052578Z [===============                        ] 39% Fetch remote repository...        
build	Set up Android SDK	2025-09-15T00:23:13.5114542Z [================                       ] 40% Fetch remote repository...        
build	Set up Android SDK	2025-09-15T00:23:13.5380575Z [================                       ] 41% Fetch remote repository...        
build	Set up Android SDK	2025-09-15T00:23:13.5385095Z [================                       ] 42% Fetch remote repository...        
build	Set up Android SDK	2025-09-15T00:23:13.5470205Z [=================                      ] 44% Fetch remote repository...        
build	Set up Android SDK	2025-09-15T00:23:13.5498231Z [=================                      ] 45% Fetch remote repository...        
build	Set up Android SDK	2025-09-15T00:23:13.5586782Z [==================                     ] 46% Fetch remote repository...        
build	Set up Android SDK	2025-09-15T00:23:13.5591377Z [==================                     ] 47% Fetch remote repository...        
build	Set up Android SDK	2025-09-15T00:23:13.5703107Z [===================                    ] 48% Fetch remote repository...        
build	Set up Android SDK	2025-09-15T00:23:13.5710087Z [===================                    ] 49% Fetch remote repository...        
build	Set up Android SDK	2025-09-15T00:23:13.5852622Z [====================                   ] 50% Fetch remote repository...        
build	Set up Android SDK	2025-09-15T00:23:13.5861810Z [====================                   ] 51% Fetch remote repository...        
build	Set up Android SDK	2025-09-15T00:23:13.5954135Z [====================                   ] 53% Fetch remote repository...        
build	Set up Android SDK	2025-09-15T00:23:13.5958262Z [=====================                  ] 54% Fetch remote repository...        
build	Set up Android SDK	2025-09-15T00:23:13.6095751Z [=====================                  ] 55% Fetch remote repository...        
build	Set up Android SDK	2025-09-15T00:23:13.6100684Z [======================                 ] 56% Fetch remote repository...        
build	Set up Android SDK	2025-09-15T00:23:13.6215770Z [======================                 ] 57% Fetch remote repository...        
build	Set up Android SDK	2025-09-15T00:23:13.6220155Z [=======================                ] 58% Fetch remote repository...        
build	Set up Android SDK	2025-09-15T00:23:13.6566817Z [=======================                ] 59% Fetch remote repository...        
build	Set up Android SDK	2025-09-15T00:23:13.6574395Z [========================               ] 60% Fetch remote repository...        
build	Set up Android SDK	2025-09-15T00:23:13.6757012Z [========================               ] 61% Fetch remote repository...        
build	Set up Android SDK	2025-09-15T00:23:13.6765107Z [=========================              ] 63% Fetch remote repository...        
build	Set up Android SDK	2025-09-15T00:23:13.6902478Z [=========================              ] 64% Fetch remote repository...        
build	Set up Android SDK	2025-09-15T00:23:13.6905682Z [=========================              ] 65% Fetch remote repository...        
build	Set up Android SDK	2025-09-15T00:23:13.7131273Z [==========================             ] 66% Fetch remote repository...        
build	Set up Android SDK	2025-09-15T00:23:13.7131955Z [==========================             ] 67% Fetch remote repository...        
build	Set up Android SDK	2025-09-15T00:23:13.7920809Z [===========================            ] 68% Fetch remote repository...        
build	Set up Android SDK	2025-09-15T00:23:13.7947109Z [===========================            ] 69% Fetch remote repository...        
build	Set up Android SDK	2025-09-15T00:23:13.8179086Z [============================           ] 70% Fetch remote repository...        
build	Set up Android SDK	2025-09-15T00:23:13.8184035Z [============================           ] 72% Fetch remote repository...        
build	Set up Android SDK	2025-09-15T00:23:13.8663546Z [=============================          ] 73% Fetch remote repository...        
build	Set up Android SDK	2025-09-15T00:23:13.8666594Z [=============================          ] 74% Fetch remote repository...        
build	Set up Android SDK	2025-09-15T00:23:13.8764585Z [=============================          ] 75% Fetch remote repository...        
build	Set up Android SDK	2025-09-15T00:23:13.8887403Z [=============================          ] 75% Computing updates...              
build	Set up Android SDK	2025-09-15T00:23:13.8889135Z [=======================================] 100% Computing updates...             
build	Set up Android SDK	2025-09-15T00:23:13.9346057Z 6 of 7 SDK package licenses not accepted.
build	Set up Android SDK	2025-09-15T00:23:13.9355904Z Review licenses that have not been accepted (y/N)? 
build	Set up Android SDK	2025-09-15T00:23:13.9356572Z 1/6: License android-googletv-license:
build	Set up Android SDK	2025-09-15T00:23:13.9357019Z ---------------------------------------
build	Set up Android SDK	2025-09-15T00:23:13.9360453Z Terms and Conditions
build	Set up Android SDK	2025-09-15T00:23:13.9360892Z 
build	Set up Android SDK	2025-09-15T00:23:13.9362370Z This is the Google TV Add-on for the Android Software Development Kit License Agreement.
build	Set up Android SDK	2025-09-15T00:23:13.9364377Z 
build	Set up Android SDK	2025-09-15T00:23:13.9366264Z 1. Introduction
build	Set up Android SDK	2025-09-15T00:23:13.9366492Z 
build	Set up Android SDK	2025-09-15T00:23:13.9368579Z 1.1 The Google TV Add-on for the Android Software Development Kit (referred to in this License Agreement as the "Google TV Add-on" and specifically including the Android system files, packaged APIs, and Google APIs add-ons) is licensed to you subject to the terms of this License Agreement. This License Agreement forms a legally binding contract between you and Google in relation to your use of the Google TV Add-on.
build	Set up Android SDK	2025-09-15T00:23:13.9371468Z 
build	Set up Android SDK	2025-09-15T00:23:13.9372254Z 1.2 "Google" means Google Inc., a Delaware corporation with principal place of business at 1600 Amphitheatre Parkway, Mountain View, CA 94043, United States.
build	Set up Android SDK	2025-09-15T00:23:13.9373203Z 
build	Set up Android SDK	2025-09-15T00:23:13.9373356Z 2. Accepting this License Agreement
build	Set up Android SDK	2025-09-15T00:23:13.9373641Z 
build	Set up Android SDK	2025-09-15T00:23:13.9374603Z 2.1 In order to use the Google TV Add-on, you must first agree to this License Agreement. You may not use the Google TV Add-on if you do not accept this License Agreement.
build	Set up Android SDK	2025-09-15T00:23:13.9375522Z 
build	Set up Android SDK	2025-09-15T00:23:13.9375696Z 2.2 You can accept this License Agreement by:
build	Set up Android SDK	2025-09-15T00:23:13.9376244Z 
build	Set up Android SDK	2025-09-15T00:23:13.9376718Z (A) clicking to accept or agree to this License Agreement, where this option is made available to you; or
build	Set up Android SDK	2025-09-15T00:23:13.9377359Z 
build	Set up Android SDK	2025-09-15T00:23:13.9378148Z (B) by actually using the Google TV Add-on. In this case, you agree that use of the Google TV Add-on constitutes acceptance of the License Agreement from that point onwards.
build	Set up Android SDK	2025-09-15T00:23:13.9379096Z 
build	Set up Android SDK	2025-09-15T00:23:13.9380527Z 2.3 You may not use the Google TV Add-on and may not accept the Licensing Agreement if you are a person barred from receiving the Google TV Add-on under the laws of the United States or other countries including the country in which you are resident or from which you use the Google TV Add-on.
build	Set up Android SDK	2025-09-15T00:23:13.9382079Z 
build	Set up Android SDK	2025-09-15T00:23:13.9383992Z 2.4 If you are agreeing to be bound by this License Agreement on behalf of your employer or other entity, you represent and warrant that you have full legal authority to bind your employer or such entity to this License Agreement. If you do not have the requisite authority, you may not accept the Licensing Agreement or use the Google TV Add-on on behalf of your employer or other entity.
build	Set up Android SDK	2025-09-15T00:23:13.9386233Z 
build	Set up Android SDK	2025-09-15T00:23:13.9386438Z 3. Google TV Add-on License from Google
build	Set up Android SDK	2025-09-15T00:23:13.9386778Z 
build	Set up Android SDK	2025-09-15T00:23:13.9388047Z 3.1 Subject to the terms of this License Agreement, Google grants you a limited, worldwide, royalty-free, non- assignable and non-exclusive license to use the Google TV Add-on solely to develop applications to run on the Google TV platform.
build	Set up Android SDK	2025-09-15T00:23:13.9389449Z 
build	Set up Android SDK	2025-09-15T00:23:13.9391631Z 3.2 You agree that Google or third parties own all legal right, title and interest in and to the Google TV Add-on, including any Intellectual Property Rights that subsist in the Google TV Add-on. "Intellectual Property Rights" means any and all rights under patent law, copyright law, trade secret law, trademark law, and any and all other proprietary rights. Google reserves all rights not expressly granted to you.
build	Set up Android SDK	2025-09-15T00:23:13.9393949Z 
build	Set up Android SDK	2025-09-15T00:23:13.9397380Z 3.3 Except to the extent required by applicable third party licenses, you may not copy (except for backup purposes), modify, adapt, redistribute, decompile, reverse engineer, disassemble, or create derivative works of the Google TV Add-on or any part of the Google TV Add-on. Except to the extent required by applicable third party licenses, you may not load any part of the Google TV Add-on onto a mobile handset, television, or any other hardware device except a personal computer, combine any part of the Google TV Add-on with other software, or distribute any software or device incorporating a part of the Google TV Add-on.
build	Set up Android SDK	2025-09-15T00:23:13.9400884Z 
build	Set up Android SDK	2025-09-15T00:23:13.9402113Z 3.4 Use, reproduction and distribution of components of the Google TV Add-on licensed under an open source software license are governed solely by the terms of that open source software license and not this License Agreement.
build	Set up Android SDK	2025-09-15T00:23:13.9403537Z 
build	Set up Android SDK	2025-09-15T00:23:13.9406311Z 3.5 You agree that the form and nature of the Google TV Add-on that Google provides may change without prior notice to you and that future versions of the Google TV Add-on may be incompatible with applications developed on previous versions of the Google TV Add-on. You agree that Google may stop (permanently or temporarily) providing the Google TV Add-on (or any features within the Google TV Add-on) to you or to users generally at Google's sole discretion, without prior notice to you.
build	Set up Android SDK	2025-09-15T00:23:13.9409273Z 
build	Set up Android SDK	2025-09-15T00:23:13.9411015Z 3.6 Nothing in this License Agreement gives you a right to use any of Google's or it’s licensors’ trade names, trademarks, service marks, logos, domain names, or other distinctive brand features.
build	Set up Android SDK	2025-09-15T00:23:13.9412166Z 
build	Set up Android SDK	2025-09-15T00:23:13.9413185Z 3.7 You agree that you will not remove, obscure, or alter any proprietary rights notices (including copyright and trademark notices) that may be affixed to or contained within the Google TV Add-on.
build	Set up Android SDK	2025-09-15T00:23:13.9414750Z 
build	Set up Android SDK	2025-09-15T00:23:13.9414911Z 4. Use of the Google TV Add-on by You
build	Set up Android SDK	2025-09-15T00:23:13.9415234Z 
build	Set up Android SDK	2025-09-15T00:23:13.9416670Z 4.1 Google agrees that it obtains no right, title or interest from you (or your licensors) under this License Agreement in or to any software applications that you develop using the Google TV Add-on, including any intellectual property rights that subsist in those applications.
build	Set up Android SDK	2025-09-15T00:23:13.9418318Z 
build	Set up Android SDK	2025-09-15T00:23:13.9420362Z 4.2 You agree to use the Google TV Add-on and write applications only for purposes that are permitted by (a) this License Agreement and (b) any applicable law, regulation or generally accepted practices or guidelines in the relevant jurisdictions (including any laws regarding the export of data or software to and from the United States or other relevant countries).
build	Set up Android SDK	2025-09-15T00:23:13.9422566Z 
build	Set up Android SDK	2025-09-15T00:23:13.9427077Z 4.3 You agree that if you use the Google TV Add-on to develop applications for general public users, you will protect the privacy and legal rights of those users. If the users provide you with user names, passwords, or other login information or personal information, your must make the users aware that the information will be available to your application, and you must provide legally adequate privacy notice and protection for those users. If your application stores personal or sensitive information provided by users, it must do so securely. If the user provides your application with Google Account information, your application may only use that information to access the user's Google Account when, and for the limited purposes for which, the user has given you explicit permission to do so.
build	Set up Android SDK	2025-09-15T00:23:13.9431652Z 
build	Set up Android SDK	2025-09-15T00:23:13.9433800Z 4.4 You agree that you will not engage in any activity with the Google TV Add-on, including the development or distribution of an application, that interferes with, disrupts, damages, or accesses in an unauthorized manner the servers, networks, or other properties or services of any third party including, but not limited to, Google, Multichannel Video Program Distributors or any mobile communications carrier.
build	Set up Android SDK	2025-09-15T00:23:13.9436257Z 
build	Set up Android SDK	2025-09-15T00:23:13.9438294Z 4.5 You agree that you are solely responsible for (and that Google has no responsibility to you or to any third party for) any data, content, or resources that you create, transmit or display through the Google TV platform and/or applications for the Google TV platform, and for the consequences of your actions (including any loss or damage which Google may suffer) by doing so.
build	Set up Android SDK	2025-09-15T00:23:13.9440497Z 
build	Set up Android SDK	2025-09-15T00:23:13.9442616Z 4.6 You agree that you are solely responsible for (and that Google has no responsibility to you or to any third party for) any breach of your obligations under this License Agreement, any applicable third party contract or Terms of Service, or any applicable law or regulation, and for the consequences (including any loss or damage which Google or any third party may suffer) of any such breach.
build	Set up Android SDK	2025-09-15T00:23:13.9445083Z 
build	Set up Android SDK	2025-09-15T00:23:13.9445471Z 5. Your Developer Credentials
build	Set up Android SDK	2025-09-15T00:23:13.9445742Z 
build	Set up Android SDK	2025-09-15T00:23:13.9447213Z 5.1 You agree that you are responsible for maintaining the confidentiality of any developer credentials that may be issued to you by Google or which you may choose yourself and that you will be solely responsible for all applications that are developed under your developer credentials.
build	Set up Android SDK	2025-09-15T00:23:13.9448820Z 
build	Set up Android SDK	2025-09-15T00:23:13.9448968Z 6. Privacy and Information
build	Set up Android SDK	2025-09-15T00:23:13.9449200Z 
build	Set up Android SDK	2025-09-15T00:23:13.9451900Z 6.1 In order to continually innovate and improve the Google TV Add-on, Google may collect certain usage statistics from the software including but not limited to a unique identifier, associated IP address, version number of the software, and information on which tools and/or services in the Google TV Add-on are being used and how they are being used. Before any of this information is collected, the Google TV Add-on will notify you and seek your consent. If you withhold consent, the information will not be collected.
build	Set up Android SDK	2025-09-15T00:23:13.9455162Z 
build	Set up Android SDK	2025-09-15T00:23:13.9455849Z 6.2 The data collected is examined in the aggregate to improve the Google TV Add-on and is maintained in accordance with Google's Privacy Policy.
build	Set up Android SDK	2025-09-15T00:23:13.9456680Z 
build	Set up Android SDK	2025-09-15T00:23:13.9456894Z 7. Third Party Applications for the Google TV Platform
build	Set up Android SDK	2025-09-15T00:23:13.9457266Z 
build	Set up Android SDK	2025-09-15T00:23:13.9485056Z 7.1 If you use the Google TV Add-on to run applications developed by a third party or that access data, content or resources provided by a third party, you agree that Google is not responsible for those applications, data, content, or resources. You understand that all data, content or resources which you may access through such third party applications are the sole responsibility of the person from which they originated and that Google is not liable for any loss or damage that you may experience as a result of the use or access of any of those third party applications, data, content, or resources.
build	Set up Android SDK	2025-09-15T00:23:13.9488504Z 
build	Set up Android SDK	2025-09-15T00:23:13.9491087Z 7.2 You should be aware the data, content, and resources presented to you through such a third party application may be protected by intellectual property rights which are owned by the providers (or by other persons or companies on their behalf). You may not modify, rent, lease, loan, sell, distribute or create derivative works based on these data, content, or resources (either in whole or in part) unless you have been specifically given permission to do so by the relevant owners.
build	Set up Android SDK	2025-09-15T00:23:13.9493803Z 
build	Set up Android SDK	2025-09-15T00:23:13.9501741Z 7.3 You acknowledge that your use of such third party applications, data, content, or resources may be subject to separate terms between you and the relevant third party. In that case, this License Agreement does not affect your legal relationship with these third parties.
build	Set up Android SDK	2025-09-15T00:23:13.9504079Z 
build	Set up Android SDK	2025-09-15T00:23:13.9504465Z 8. Using Google TV APIs
build	Set up Android SDK	2025-09-15T00:23:13.9504733Z 
build	Set up Android SDK	2025-09-15T00:23:13.9511136Z 8.1 If you use any Google TV API to retrieve data from Google, you acknowledge that the data (“Google TV API Content”) may be protected by intellectual property rights which are owned by Google or those parties that provide the data (or by other persons or companies on their behalf). Your use of any such API may be subject to additional Terms of Service. You may not modify, rent, lease, loan, sell, distribute or create derivative works based on this data (either in whole or in part) unless allowed by the relevant Terms of Service. Some portions of the Google TV API Content are licensed to Google by third parties, including but not limited to Tribune Media Services
build	Set up Android SDK	2025-09-15T00:23:13.9525736Z 
build	Set up Android SDK	2025-09-15T00:23:13.9526996Z 8.2 If you use any API to retrieve a user's data from Google, you acknowledge and agree that you shall retrieve data only with the user's explicit consent and only when, and for the limited purposes for which, the user has given you permission to do so.
build	Set up Android SDK	2025-09-15T00:23:13.9528415Z 
build	Set up Android SDK	2025-09-15T00:23:13.9529096Z 8.3 Except as explicitly permitted in Section 3 (Google TV Add-on License from Google), you must:
build	Set up Android SDK	2025-09-15T00:23:13.9529701Z 
build	Set up Android SDK	2025-09-15T00:23:13.9530590Z (a) not modify nor format the Google TV API Content except to the extent reasonably and technically necessary to optimize the display such Google TV API Content in your application;
build	Set up Android SDK	2025-09-15T00:23:13.9531652Z 
build	Set up Android SDK	2025-09-15T00:23:13.9532629Z (b) not edit the Google TV API Content in a manner that renders the Google TV API Content inaccurate of alters its inherent meaning (provided that displaying excerpts will not violate the foregoing); or
build	Set up Android SDK	2025-09-15T00:23:13.9533762Z 
build	Set up Android SDK	2025-09-15T00:23:13.9534372Z (c) not create any commercial audience measurement tool or service using the Google TV API Content
build	Set up Android SDK	2025-09-15T00:23:13.9535030Z 
build	Set up Android SDK	2025-09-15T00:23:13.9535197Z 9. Terminating this License Agreement
build	Set up Android SDK	2025-09-15T00:23:13.9535512Z 
build	Set up Android SDK	2025-09-15T00:23:13.9536253Z 9.1 This License Agreement will continue to apply until terminated by either you or Google as set out below.
build	Set up Android SDK	2025-09-15T00:23:13.9536936Z 
build	Set up Android SDK	2025-09-15T00:23:13.9537607Z 9.2 If you want to terminate this License Agreement, you may do so by ceasing your use of the Google TV Add-on and any relevant developer credentials.
build	Set up Android SDK	2025-09-15T00:23:13.9538421Z 
build	Set up Android SDK	2025-09-15T00:23:13.9538723Z 9.3 Google may at any time, terminate this License Agreement with you if:
build	Set up Android SDK	2025-09-15T00:23:13.9539210Z 
build	Set up Android SDK	2025-09-15T00:23:13.9539511Z (A) you have breached any provision of this License Agreement; or
build	Set up Android SDK	2025-09-15T00:23:13.9539964Z 
build	Set up Android SDK	2025-09-15T00:23:13.9540157Z (B) Google is required to do so by law; or
build	Set up Android SDK	2025-09-15T00:23:13.9540481Z 
build	Set up Android SDK	2025-09-15T00:23:13.9541441Z (C) the partner with whom Google offered certain parts of Google TV Add-on (such as APIs) to you has terminated its relationship with Google or ceased to offer certain parts of the Google TV Add-on to you; or
build	Set up Android SDK	2025-09-15T00:23:13.9542568Z 
build	Set up Android SDK	2025-09-15T00:23:13.9544455Z (D) Google decides to no longer providing the Google TV Add-on or certain parts of the Google TV Add-on to users in the country in which you are resident or from which you use the service, or the provision of the Google TV Add-on or certain Google TV Add-on services to you by Google is, in Google's sole discretion, no longer commercially viable.
build	Set up Android SDK	2025-09-15T00:23:13.9546380Z 
build	Set up Android SDK	2025-09-15T00:23:13.9548779Z 9.4 When this License Agreement comes to an end, all of the legal rights, obligations and liabilities that you and Google have benefited from, been subject to (or which have accrued over time whilst this License Agreement has been in force) or which are expressed to continue indefinitely, shall be unaffected by this cessation, and the provisions of paragraph 14.7 shall continue to apply to such rights, obligations and liabilities indefinitely.
build	Set up Android SDK	2025-09-15T00:23:13.9551522Z 
build	Set up Android SDK	2025-09-15T00:23:13.9551684Z 10. DISCLAIMER OF WARRANTIES
build	Set up Android SDK	2025-09-15T00:23:13.9551992Z 
build	Set up Android SDK	2025-09-15T00:23:13.9552962Z 10.1 YOU EXPRESSLY UNDERSTAND AND AGREE THAT YOUR USE OF THE GOOGLE TV ADD-ON IS AT YOUR SOLE RISK AND THAT THE GOOGLE TV ADD-ON IS PROVIDED "AS IS" AND "AS AVAILABLE" WITHOUT WARRANTY OF ANY KIND FROM GOOGLE.
build	Set up Android SDK	2025-09-15T00:23:13.9554473Z 
build	Set up Android SDK	2025-09-15T00:23:13.9556130Z 10.2 YOUR USE OF THE GOOGLE TV ADD-ON AND ANY MATERIAL DOWNLOADED OR OTHERWISE OBTAINED THROUGH THE USE OF THE GOOGLE TV ADD-ON IS AT YOUR OWN DISCRETION AND RISK AND YOU ARE SOLELY RESPONSIBLE FOR ANY DAMAGE TO YOUR COMPUTER SYSTEM OR OTHER DEVICE OR LOSS OF DATA THAT RESULTS FROM SUCH USE.
build	Set up Android SDK	2025-09-15T00:23:13.9557664Z 
build	Set up Android SDK	2025-09-15T00:23:13.9558737Z 10.3 GOOGLE FURTHER EXPRESSLY DISCLAIMS ALL WARRANTIES AND CONDITIONS OF ANY KIND, WHETHER EXPRESS OR IMPLIED, INCLUDING, BUT NOT LIMITED TO THE IMPLIED WARRANTIES AND CONDITIONS OF MERCHANTABILITY, FITNESS FOR A PARTICULAR PURPOSE AND NON-INFRINGEMENT.
build	Set up Android SDK	2025-09-15T00:23:13.9560279Z 
build	Set up Android SDK	2025-09-15T00:23:13.9560433Z 11. LIMITATION OF LIABILITY
build	Set up Android SDK	2025-09-15T00:23:13.9560665Z 
build	Set up Android SDK	2025-09-15T00:23:13.9562603Z 11.1 YOU EXPRESSLY UNDERSTAND AND AGREE THAT GOOGLE, ITS SUBSIDIARIES AND AFFILIATES, AND ITS LICENSORS SHALL NOT BE LIABLE TO YOU UNDER ANY THEORY OF LIABILITY FOR ANY DIRECT, INDIRECT, INCIDENTAL, SPECIAL CONSEQUENTIAL OR EXEMPLARY DAMAGES THAT MAY BE INCURRED BY YOU, INCLUDING ANY LOSS OF DATA, WHETHER OR NOT GOOGLE OR ITS REPRESENTATIVES HAVE BEEN ADVISED OF OR SHOULD HAVE BEEN AWARE OF THE POSSIBILITY OF ANY SUCH LOSSES ARISING.
build	Set up Android SDK	2025-09-15T00:23:13.9564426Z 
build	Set up Android SDK	2025-09-15T00:23:13.9564526Z 12. Indemnification
build	Set up Android SDK	2025-09-15T00:23:13.9564663Z 
build	Set up Android SDK	2025-09-15T00:23:13.9566813Z 12.1 To the maximum extent permitted by law, you agree to defend, indemnify and hold harmless Google, its affiliates and their respective directors, officers, employees and agents from and against any and all claims, actions, suits or proceedings, as well as any and all losses, liabilities, damages, costs and expenses (including reasonable attorneys fees) arising out of or accruing from (a) your use of the Google TV Add-on, (b) any application you develop on the Google TV Add-on that infringes any copyright, trademark, trade secret, trade dress, patent or other intellectual property right of any person or defames any person or violates their rights of publicity or privacy, and (c) any non-compliance by you with this License Agreement.
build	Set up Android SDK	2025-09-15T00:23:13.9569178Z 
build	Set up Android SDK	2025-09-15T00:23:13.9569273Z 13. Changes to the License Agreement
build	Set up Android SDK	2025-09-15T00:23:13.9569441Z 
build	Set up Android SDK	2025-09-15T00:23:13.9569722Z 13.1 Google may make changes to the License Agreement as it distributes new versions of the Google TV Add-on.
build	Set up Android SDK	2025-09-15T00:23:13.9570086Z 
build	Set up Android SDK	2025-09-15T00:23:13.9570163Z 14. General Legal Terms
build	Set up Android SDK	2025-09-15T00:23:13.9570293Z 
build	Set up Android SDK	2025-09-15T00:23:13.9571230Z 14.1 This License Agreement constitute the whole legal agreement between you and Google and govern your use of the Google TV Add-on (excluding any services which Google may provide to you under a separate written agreement), and completely replace any prior agreements between you and Google in relation to the Google TV Add-on.
build	Set up Android SDK	2025-09-15T00:23:13.9572257Z 
build	Set up Android SDK	2025-09-15T00:23:13.9573136Z 14.2 You agree that if Google does not exercise or enforce any legal right or remedy which is contained in this License Agreement (or which Google has the benefit of under any applicable law), this will not be taken to be a formal waiver of Google's rights and that those rights or remedies will still be available to Google.
build	Set up Android SDK	2025-09-15T00:23:13.9574097Z 
build	Set up Android SDK	2025-09-15T00:23:13.9575344Z 14.3 If any court of law, having the jurisdiction to decide on this matter, rules that any provision of this License Agreement is invalid, then that provision will be removed from this License Agreement without affecting the rest of this License Agreement. The remaining provisions of this License Agreement will continue to be valid and enforceable.
build	Set up Android SDK	2025-09-15T00:23:13.9576421Z 
build	Set up Android SDK	2025-09-15T00:23:13.9578175Z 14.4 You acknowledge and agree that Google’s API data licensors and each member of the group of companies of which Google is the parent shall be third party beneficiaries to this License Agreement and that such other companies shall be entitled to directly enforce, and rely upon, any provision of this License Agreement that confers a benefit on (or rights in favor of) them. Other than this, no other person or company shall be third party beneficiaries to this License Agreement.
build	Set up Android SDK	2025-09-15T00:23:13.9579688Z 
build	Set up Android SDK	2025-09-15T00:23:13.9580509Z 14.5 EXPORT RESTRICTIONS. THE GOOGLE TV ADD-ON IS SUBJECT TO UNITED STATES EXPORT LAWS AND REGULATIONS. YOU MUST COMPLY WITH ALL DOMESTIC AND INTERNATIONAL EXPORT LAWS AND REGULATIONS THAT APPLY TO THE GOOGLE TV ADD-ON. THESE LAWS INCLUDE RESTRICTIONS ON DESTINATIONS, END USERS AND END USE.
build	Set up Android SDK	2025-09-15T00:23:13.9581418Z 
build	Set up Android SDK	2025-09-15T00:23:13.9582404Z 14.6 The rights granted in this License Agreement may not be assigned or transferred by either you or Google without the prior written approval of the other party. Neither you nor Google shall be permitted to delegate their responsibilities or obligations under this License Agreement without the prior written approval of the other party.
build	Set up Android SDK	2025-09-15T00:23:13.9583479Z 
build	Set up Android SDK	2025-09-15T00:23:13.9585262Z 14.7 This License Agreement, and your relationship with Google under this License Agreement, shall be governed by the laws of the State of California without regard to its conflict of laws provisions. You and Google agree to submit to the exclusive jurisdiction of the courts located within the county of Santa Clara, California to resolve any legal matter arising from this License Agreement. Notwithstanding this, you agree that Google shall still be allowed to apply for injunctive remedies (or an equivalent type of urgent legal relief) in any jurisdiction.
build	Set up Android SDK	2025-09-15T00:23:13.9587130Z 
build	Set up Android SDK	2025-09-15T00:23:13.9587135Z 
build	Set up Android SDK	2025-09-15T00:23:13.9587209Z August 15, 2011
build	Set up Android SDK	2025-09-15T00:23:13.9587407Z ---------------------------------------
build	Set up Android SDK	2025-09-15T00:23:13.9587662Z Accept? (y/N): 
build	Set up Android SDK	2025-09-15T00:23:13.9587870Z 2/6: License android-googlexr-license:
build	Set up Android SDK	2025-09-15T00:23:13.9588116Z ---------------------------------------
build	Set up Android SDK	2025-09-15T00:23:13.9589096Z To get started with the Android XR Emulator System Image SDK, you must agree to the following terms and conditions. As described below, please note that this is a preview, emulated version of the Android XR OS, subject to change, that you use at your own risk.
build	Set up Android SDK	2025-09-15T00:23:13.9589907Z 
build	Set up Android SDK	2025-09-15T00:23:13.9590061Z This is the Android XR Emulator System Image SDK License Agreement
build	Set up Android SDK	2025-09-15T00:23:13.9590306Z 
build	Set up Android SDK	2025-09-15T00:23:13.9590377Z 1. Introduction
build	Set up Android SDK	2025-09-15T00:23:13.9590482Z 
build	Set up Android SDK	2025-09-15T00:23:13.9591751Z 1.1 The Android Android XR Emulator System Image SDK (referred to in the License Agreement as the "SDK" and specifically including the Android system files,, packaged APIs, library files (if and when they are made available), and Google applications and APIs add-ons) is licensed to you subject to the terms of the License Agreement. The License Agreement forms a legally binding contract between you and Google in relation to your use of the SDK.
build	Set up Android SDK	2025-09-15T00:23:13.9593083Z 
build	Set up Android SDK	2025-09-15T00:23:13.9593919Z 1.2 "Android" means the Android software stack for devices, as made available under the Android Open Source Project, which is located at the following URL: https://source.android.com/, as updated from time to time.
build	Set up Android SDK	2025-09-15T00:23:13.9594830Z 
build	Set up Android SDK	2025-09-15T00:23:13.9595422Z 1.3 "Google" means Google LLC, organized under the laws of the State of Delaware, USA, and operating under the laws of the USA with principal place of business at 1600 Amphitheatre Parkway, Mountain View, CA 94043, USA.
build	Set up Android SDK	2025-09-15T00:23:13.9596093Z 
build	Set up Android SDK	2025-09-15T00:23:13.9596184Z 2. Accepting this License Agreement
build	Set up Android SDK	2025-09-15T00:23:13.9596347Z 
build	Set up Android SDK	2025-09-15T00:23:13.9596694Z 2.1 In order to use the SDK, you must first agree to the License Agreement. You may not use the SDK if you do not accept the License Agreement.
build	Set up Android SDK	2025-09-15T00:23:13.9597124Z 
build	Set up Android SDK	2025-09-15T00:23:13.9597374Z 2.2 By clicking to accept and/or using this SDK, you hereby agree to the terms of the License Agreement.
build	Set up Android SDK	2025-09-15T00:23:13.9597716Z 
build	Set up Android SDK	2025-09-15T00:23:13.9598383Z 2.3 You may not use the SDK and may not accept the License Agreement if you are a person barred from receiving the SDK under the laws of the United States or other countries, including the country in which you are resident or from which you use the SDK.
build	Set up Android SDK	2025-09-15T00:23:13.9599152Z 
build	Set up Android SDK	2025-09-15T00:23:13.9600163Z 2.4 If you are agreeing to be bound by the License Agreement on behalf of your employer or other entity, you represent and warrant that you have full legal authority to bind your employer or such entity to the License Agreement. If you do not have the requisite authority, you may not accept the License Agreement or use the SDK on behalf of your employer or other entity.
build	Set up Android SDK	2025-09-15T00:23:13.9601241Z 
build	Set up Android SDK	2025-09-15T00:23:13.9601324Z 3. SDK License from Google
build	Set up Android SDK	2025-09-15T00:23:13.9601468Z 
build	Set up Android SDK	2025-09-15T00:23:13.9602122Z 3.1 Subject to the terms of the License Agreement, Google grants you a limited, worldwide, royalty-free, non-assignable, non-exclusive, and non-sublicensable license to use the SDK solely to develop applications for Android XR.
build	Set up Android SDK	2025-09-15T00:23:13.9602862Z 
build	Set up Android SDK	2025-09-15T00:23:13.9603466Z 3.2 You may not use this SDK to develop applications for other platforms or to develop another SDK. You are of course free to develop applications for other platforms provided that this SDK is not used for that purpose.
build	Set up Android SDK	2025-09-15T00:23:13.9604451Z 
build	Set up Android SDK	2025-09-15T00:23:13.9605600Z 3.3 You agree that Google or third parties own all legal right, title and interest in and to the SDK, including any Intellectual Property Rights that subsist in the SDK. "Intellectual Property Rights" means any and all rights under patent law, copyright law, trade secret law, trademark law, and any and all other proprietary rights. Google reserves all rights not expressly granted to you.
build	Set up Android SDK	2025-09-15T00:23:13.9606924Z 
build	Set up Android SDK	2025-09-15T00:23:13.9608537Z 3.4 You may not use the SDK for any purpose not expressly permitted by the License Agreement. Except to the extent required by applicable third party licenses, you may not (a) copy (except for backup purposes), modify, adapt, redistribute, decompile, reverse engineer, disassemble, or create derivative works of the SDK or any part of the SDK; or (b) load any part of the SDK onto a mobile handset or any other hardware device except a personal computer, combine any part of the SDK with other software, or distribute any software or device incorporating a part of the SDK.
build	Set up Android SDK	2025-09-15T00:23:13.9610418Z 
build	Set up Android SDK	2025-09-15T00:23:13.9611625Z 3.5 Use, reproduction and distribution of components of the SDK licensed under an open source software license are governed solely by the terms of that open source software license and not the License Agreement. You agree to remain a licensee in good standing in regard to such open source software licenses under all the rights granted and to refrain from any actions that may terminate, suspend, or breach such rights.
build	Set up Android SDK	2025-09-15T00:23:13.9612965Z 
build	Set up Android SDK	2025-09-15T00:23:13.9614314Z 3.6 You agree that the form and nature of the SDK that Google provides may change without prior notice to you and that future versions of the SDK may be incompatible with applications developed on previous versions of the SDK. You agree that Google may stop (permanently or temporarily) providing the SDK (or any features within the SDK) to you or to users generally at Google's sole discretion, without prior notice to you.
build	Set up Android SDK	2025-09-15T00:23:13.9615700Z 
build	Set up Android SDK	2025-09-15T00:23:13.9616178Z 3.7 Nothing in the License Agreement gives you a right to use any of Google's trade names, trademarks, service marks, logos, domain names, or other distinctive brand features.
build	Set up Android SDK	2025-09-15T00:23:13.9616736Z 
build	Set up Android SDK	2025-09-15T00:23:13.9617248Z 3.8 You agree that you will not remove, obscure, or alter any proprietary rights notices (including copyright and trademark notices) that may be affixed to or contained within the SDK.
build	Set up Android SDK	2025-09-15T00:23:13.9617844Z 
build	Set up Android SDK	2025-09-15T00:23:13.9617929Z 4. Use of the SDK by You
build	Set up Android SDK	2025-09-15T00:23:13.9618061Z 
build	Set up Android SDK	2025-09-15T00:23:13.9618805Z 4.1 Google agrees that it obtains no right, title or interest from you (or your licensors) under the License Agreement in or to any software applications that you develop using the SDK, including any intellectual property rights that subsist in those applications.
build	Set up Android SDK	2025-09-15T00:23:13.9619642Z 
build	Set up Android SDK	2025-09-15T00:23:13.9620653Z 4.2 You agree to use the SDK and write applications only for purposes that are permitted by (a) the License Agreement and (b) any applicable law, regulation or generally accepted practices or guidelines in the relevant jurisdictions (including any laws regarding the export of data or software to and from the United States or other relevant countries).
build	Set up Android SDK	2025-09-15T00:23:13.9621742Z 
build	Set up Android SDK	2025-09-15T00:23:13.9624108Z 4.3 You agree that if you use the SDK to develop applications for general public users, you will protect the privacy and legal rights of those users. If the users provide you with user names, passwords, or other login information or personal information, you must make the users aware that the information will be available to your application, and you must provide legally adequate privacy notice and protection for those users. If your application stores personal or sensitive information provided by users, it must do so securely. If the user provides your application with Google Account information, your application may only use that information to access the user's Google Account when, and for the limited purposes for which, the user has given you permission to do so.
build	Set up Android SDK	2025-09-15T00:23:13.9627063Z 
build	Set up Android SDK	2025-09-15T00:23:13.9628122Z 4.4 You agree that you will not engage in any activity with the SDK, including the development or distribution of an application, that interferes with, disrupts, damages, or accesses in an unauthorized manner the servers, networks, or other properties or services of any third party including, but not limited to, Google or any mobile communications carrier.
build	Set up Android SDK	2025-09-15T00:23:13.9629230Z 
build	Set up Android SDK	2025-09-15T00:23:13.9630211Z 4.5 You agree that you are solely responsible for (and that Google has no responsibility to you or to any third party for) any data, content, or resources that you create, transmit or display through Android and/or applications for Android, and for the consequences of your actions (including any loss or damage which Google may suffer) by doing so.
build	Set up Android SDK	2025-09-15T00:23:13.9631442Z 
build	Set up Android SDK	2025-09-15T00:23:13.9632563Z 4.6 You agree that you are solely responsible for (and that Google has no responsibility to you or to any third party for) any breach of your obligations under the License Agreement, any applicable third party contract or Terms of Service, or any applicable law or regulation, and for the consequences (including any loss or damage which Google or any third party may suffer) of any such breach.
build	Set up Android SDK	2025-09-15T00:23:13.9633753Z 
build	Set up Android SDK	2025-09-15T00:23:13.9634751Z 4.7 The SDK is in development, and your testing and feedback are an important part of the development process. By using the SDK, you acknowledge that implementation of some features are still under development and that you should not rely on the SDK having the full functionality of a stable release.
build	Set up Android SDK	2025-09-15T00:23:13.9635688Z 
build	Set up Android SDK	2025-09-15T00:23:13.9635782Z 5. Your Developer Credentials
build	Set up Android SDK	2025-09-15T00:23:13.9635940Z 
build	Set up Android SDK	2025-09-15T00:23:13.9636746Z 5.1 You agree that you are responsible for maintaining the confidentiality of any developer credentials that may be issued to you by Google or which you may choose yourself and that you will be solely responsible for all applications that are developed under your developer credentials.
build	Set up Android SDK	2025-09-15T00:23:13.9637637Z 
build	Set up Android SDK	2025-09-15T00:23:13.9637730Z 6. Privacy and Information
build	Set up Android SDK	2025-09-15T00:23:13.9637865Z 
build	Set up Android SDK	2025-09-15T00:23:13.9639236Z 6.1 In order to continually innovate and improve the SDK, Google may collect certain usage statistics from the software including but not limited to a unique identifier, associated IP address, version number of the software, and information on which tools and/or services in the SDK are being used and how they are being used. Before any of this information is collected, the SDK will notify you and seek your consent. If you withhold consent, the information will not be collected.
build	Set up Android SDK	2025-09-15T00:23:13.9640683Z 
build	Set up Android SDK	2025-09-15T00:23:13.9641286Z 6.2 The data collected is examined in the aggregate to improve the SDK and is maintained in accordance with Google's Privacy Policy, which is located at the following URL: https://policies.google.com/privacy
build	Set up Android SDK	2025-09-15T00:23:13.9641954Z 
build	Set up Android SDK	2025-09-15T00:23:13.9642214Z 6.3 Anonymized and aggregated sets of the data may be shared with Google partners to improve the SDK.
build	Set up Android SDK	2025-09-15T00:23:13.9642561Z 
build	Set up Android SDK	2025-09-15T00:23:13.9642646Z 7. Third Party Applications
build	Set up Android SDK	2025-09-15T00:23:13.9642799Z 
build	Set up Android SDK	2025-09-15T00:23:13.9644598Z 7.1 If you use the SDK to run applications developed by a third party or that access data, content or resources provided by a third party, you agree that Google is not responsible for those applications, data, content, or resources. You understand that all data, content or resources which you may access through such third party applications are the sole responsibility of the person from which they originated and that Google is not liable for any loss or damage that you may experience as a result of the use or access of any of those third party applications, data, content, or resources.
build	Set up Android SDK	2025-09-15T00:23:13.9646491Z 
build	Set up Android SDK	2025-09-15T00:23:13.9647877Z 7.2 You should be aware that the data, content, and resources presented to you through such a third party application may be protected by intellectual property rights which are owned by the providers (or by other persons or companies on their behalf). You may not modify, rent, lease, loan, sell, distribute or create derivative works based on these data, content, or resources (either in whole or in part) unless you have been specifically given permission to do so by the relevant owners.
build	Set up Android SDK	2025-09-15T00:23:13.9649342Z 
build	Set up Android SDK	2025-09-15T00:23:13.9650093Z 7.3 You acknowledge that your use of such third party applications, data, content, or resources may be subject to separate terms between you and the relevant third party. In that case, the License Agreement does not affect your legal relationship with these third parties.
build	Set up Android SDK	2025-09-15T00:23:13.9651031Z 
build	Set up Android SDK	2025-09-15T00:23:13.9651107Z 8. Using Android APIs
build	Set up Android SDK	2025-09-15T00:23:13.9651234Z 
build	Set up Android SDK	2025-09-15T00:23:13.9651307Z 8.1 Google Data APIs
build	Set up Android SDK	2025-09-15T00:23:13.9651428Z 
build	Set up Android SDK	2025-09-15T00:23:13.9652819Z 8.1.1 If you use any API to retrieve data from Google, you acknowledge that the data may be protected by intellectual property rights which are owned by Google or those parties that provide the data (or by other persons or companies on their behalf). Your use of any such API may be subject to additional Terms of Service. You may not modify, rent, lease, loan, sell, distribute or create derivative works based on this data (either in whole or in part) unless allowed by the relevant Terms of Service.
build	Set up Android SDK	2025-09-15T00:23:13.9654385Z 
build	Set up Android SDK	2025-09-15T00:23:13.9656859Z 8.1.2 If you use any API to retrieve a user's data from Google, you acknowledge and agree that you shall retrieve data only with the user's explicit consent and only when, and for the limited purposes for which, the user has given you permission to do so. If you use the Android Recognition Service API, documented at the following URL: https://developer.android.com/reference/android/speech/RecognitionService, as updated from time to time, you acknowledge that the use of the API is subject to the Data Processing Addendum for Products where Google is a Data Processor, which is located at the following URL: https://privacy.google.com/businesses/gdprprocessorterms/, as updated from time to time. By clicking to accept, you hereby agree to the terms of the Data Processing Addendum for Products where Google is a Data Processor.
build	Set up Android SDK	2025-09-15T00:23:13.9659389Z 
build	Set up Android SDK	2025-09-15T00:23:13.9659484Z 9. Terminating this License Agreement
build	Set up Android SDK	2025-09-15T00:23:13.9659654Z 
build	Set up Android SDK	2025-09-15T00:23:13.9659940Z 9.1 The License Agreement will continue to apply until terminated by either you or Google as set out below.
build	Set up Android SDK	2025-09-15T00:23:13.9660310Z 
build	Set up Android SDK	2025-09-15T00:23:13.9660642Z 9.2 If you want to terminate the License Agreement, you may do so by ceasing your use of the SDK and any relevant developer credentials.
build	Set up Android SDK	2025-09-15T00:23:13.9661070Z 
build	Set up Android SDK	2025-09-15T00:23:13.9663013Z 9.3 Google may at any time, terminate the License Agreement with you if: (A) you have breached any provision of the License Agreement; or (B) Google is required to do so by law; or (C) the partner with whom Google offered certain parts of SDK (such as APIs) to you has terminated its relationship with Google or ceased to offer certain parts of the SDK to you; or (D) Google decides to no longer provide the SDK or certain parts of the SDK to users in the country in which you are resident or from which you use the service, or the provision of the SDK or certain SDK services to you by Google is, in Google's sole discretion, no longer commercially viable.
build	Set up Android SDK	2025-09-15T00:23:13.9665245Z 
build	Set up Android SDK	2025-09-15T00:23:13.9666524Z 9.4 When the License Agreement comes to an end, all of the legal rights, obligations and liabilities that you and Google have benefited from, been subject to (or which have accrued over time whilst the License Agreement has been in force) or which are expressed to continue indefinitely, shall be unaffected by this cessation, and the provisions of paragraph 14.7 shall continue to apply to such rights, obligations and liabilities indefinitely.
build	Set up Android SDK	2025-09-15T00:23:13.9668044Z 
build	Set up Android SDK	2025-09-15T00:23:13.9668130Z 10. DISCLAIMER OF WARRANTIES
build	Set up Android SDK	2025-09-15T00:23:13.9668278Z 
build	Set up Android SDK	2025-09-15T00:23:13.9668731Z 10.1 YOU EXPRESSLY UNDERSTAND AND AGREE THAT YOUR USE OF THE SDK IS AT YOUR SOLE RISK AND THAT THE SDK IS PROVIDED "AS IS" AND "AS AVAILABLE" WITHOUT WARRANTY OF ANY KIND FROM GOOGLE.
build	Set up Android SDK	2025-09-15T00:23:13.9669262Z 
build	Set up Android SDK	2025-09-15T00:23:13.9669964Z 10.2 YOUR USE OF THE SDK AND ANY MATERIAL DOWNLOADED OR OTHERWISE OBTAINED THROUGH THE USE OF THE SDK IS AT YOUR OWN DISCRETION AND RISK AND YOU ARE SOLELY RESPONSIBLE FOR ANY DAMAGE TO YOUR COMPUTER SYSTEM OR OTHER DEVICE OR LOSS OF DATA THAT RESULTS FROM SUCH USE.
build	Set up Android SDK	2025-09-15T00:23:13.9670760Z 
build	Set up Android SDK	2025-09-15T00:23:13.9671497Z 10.3 GOOGLE FURTHER EXPRESSLY DISCLAIMS ALL WARRANTIES AND CONDITIONS OF ANY KIND, WHETHER EXPRESS OR IMPLIED, INCLUDING, BUT NOT LIMITED TO THE IMPLIED WARRANTIES AND CONDITIONS OF MERCHANTABILITY, FITNESS FOR A PARTICULAR PURPOSE AND NON-INFRINGEMENT.
build	Set up Android SDK	2025-09-15T00:23:13.9672434Z 
build	Set up Android SDK	2025-09-15T00:23:13.9672518Z 11. LIMITATION OF LIABILITY
build	Set up Android SDK	2025-09-15T00:23:13.9672656Z 
build	Set up Android SDK	2025-09-15T00:23:13.9674335Z 11.1 YOU EXPRESSLY UNDERSTAND AND AGREE THAT GOOGLE, ITS SUBSIDIARIES AND AFFILIATES, AND ITS LICENSORS SHALL NOT BE LIABLE TO YOU UNDER ANY THEORY OF LIABILITY FOR ANY DIRECT, INDIRECT, INCIDENTAL, SPECIAL, CONSEQUENTIAL OR EXEMPLARY DAMAGES THAT MAY BE INCURRED BY YOU, INCLUDING ANY LOSS OF DATA, WHETHER OR NOT GOOGLE OR ITS REPRESENTATIVES HAVE BEEN ADVISED OF OR SHOULD HAVE BEEN AWARE OF THE POSSIBILITY OF ANY SUCH LOSSES ARISING.
build	Set up Android SDK	2025-09-15T00:23:13.9677481Z 
build	Set up Android SDK	2025-09-15T00:23:13.9677606Z 12. Indemnification
build	Set up Android SDK	2025-09-15T00:23:13.9677805Z 
build	Set up Android SDK	2025-09-15T00:23:13.9681548Z 12.1 To the maximum extent permitted by law, you agree to defend, indemnify and hold harmless Google, its affiliates and their respective directors, officers, employees and agents from and against any and all claims, actions, suits or proceedings, as well as any and all losses, liabilities, damages, costs and expenses (including reasonable attorneys fees) arising out of or accruing from (a) your use of the SDK, (b) any application you develop on the SDK that infringes any copyright, trademark, trade secret, trade dress, patent or other intellectual property right of any person or defames any person or violates their rights of publicity or privacy, and (c) any non-compliance by you with the License Agreement.
build	Set up Android SDK	2025-09-15T00:23:13.9685674Z 
build	Set up Android SDK	2025-09-15T00:23:13.9685822Z 13. Changes to the License Agreement
build	Set up Android SDK	2025-09-15T00:23:13.9686089Z 
build	Set up Android SDK	2025-09-15T00:23:13.9687261Z 13.1 Google may make changes to the License Agreement as it distributes new versions of the SDK. When these changes are made, Google will make a new version of the License Agreement available on the website where the SDK is made available.
build	Set up Android SDK	2025-09-15T00:23:13.9688595Z 
build	Set up Android SDK	2025-09-15T00:23:13.9688723Z 14. General Legal Terms
build	Set up Android SDK	2025-09-15T00:23:13.9688946Z 
build	Set up Android SDK	2025-09-15T00:23:13.9690534Z 14.1 The License Agreement constitutes the whole legal agreement between you and Google and governs your use of the SDK (excluding any services which Google may provide to you under a separate written agreement), and completely replaces any prior agreements between you and Google in relation to the SDK.
build	Set up Android SDK	2025-09-15T00:23:13.9692285Z 
build	Set up Android SDK	2025-09-15T00:23:13.9693833Z 14.2 You agree that if Google does not exercise or enforce any legal right or remedy which is contained in the License Agreement (or which Google has the benefit of under any applicable law), this will not be taken to be a formal waiver of Google's rights and that those rights or remedies will still be available to Google.
build	Set up Android SDK	2025-09-15T00:23:13.9695708Z 
build	Set up Android SDK	2025-09-15T00:23:13.9697530Z 14.3 If any court of law, having the jurisdiction to decide on this matter, rules that any provision of the License Agreement is invalid, then that provision will be removed from the License Agreement without affecting the rest of the License Agreement. The remaining provisions of the License Agreement will continue to be valid and enforceable.
build	Set up Android SDK	2025-09-15T00:23:13.9699756Z 
build	Set up Android SDK	2025-09-15T00:23:13.9702075Z 14.4 You acknowledge and agree that each member of the group of companies of which Google is the parent shall be third party beneficiaries to the License Agreement and that such other companies shall be entitled to directly enforce, and rely upon, any provision of the License Agreement that confers a benefit on (or rights in favor of) them. Other than this, no other person or company shall be third party beneficiaries to the License Agreement.
build	Set up Android SDK	2025-09-15T00:23:13.9704683Z 
build	Set up Android SDK	2025-09-15T00:23:13.9706064Z 14.5 EXPORT RESTRICTIONS. THE SDK IS SUBJECT TO UNITED STATES EXPORT LAWS AND REGULATIONS. YOU MUST COMPLY WITH ALL DOMESTIC AND INTERNATIONAL EXPORT LAWS AND REGULATIONS THAT APPLY TO THE SDK. THESE LAWS INCLUDE RESTRICTIONS ON DESTINATIONS, END USERS AND END USE.
build	Set up Android SDK	2025-09-15T00:23:13.9707769Z 
build	Set up Android SDK	2025-09-15T00:23:13.9709583Z 14.6 The rights granted in the License Agreement may not be assigned or transferred by either you or Google without the prior written approval of the other party. Neither you nor Google shall be permitted to delegate their responsibilities or obligations under the License Agreement without the prior written approval of the other party.
build	Set up Android SDK	2025-09-15T00:23:13.9711566Z 
build	Set up Android SDK	2025-09-15T00:23:13.9714794Z 14.7 The License Agreement, and your relationship with Google under the License Agreement, shall be governed by the laws of the State of California without regard to its conflict of laws provisions. You and Google agree to submit to the exclusive jurisdiction of the courts located within the county of Santa Clara, California to resolve any legal matter arising from the License Agreement. Notwithstanding this, you agree that Google shall still be allowed to apply for injunctive remedies (or an equivalent type of urgent legal relief) in any jurisdiction.
build	Set up Android SDK	2025-09-15T00:23:13.9718082Z ---------------------------------------
build	Set up Android SDK	2025-09-15T00:23:13.9718482Z Accept? (y/N): 
build	Set up Android SDK	2025-09-15T00:23:13.9718843Z 3/6: License android-sdk-arm-dbt-license:
build	Set up Android SDK	2025-09-15T00:23:13.9719284Z ---------------------------------------
build	Set up Android SDK	2025-09-15T00:23:13.9719687Z Terms and Conditions
build	Set up Android SDK	2025-09-15T00:23:13.9719895Z 
build	Set up Android SDK	2025-09-15T00:23:13.9720154Z This is the Android Software Development Kit License Agreement
build	Set up Android SDK	2025-09-15T00:23:13.9720567Z 
build	Set up Android SDK	2025-09-15T00:23:13.9720687Z 1. Introduction
build	Set up Android SDK	2025-09-15T00:23:13.9720872Z 
build	Set up Android SDK	2025-09-15T00:23:13.9722825Z 1.1 The Android Software Development Kit (referred to in the License Agreement as the "SDK" and specifically including the Android system files, packaged APIs, and Google APIs add-ons) is licensed to you subject to the terms of the License Agreement. The License Agreement forms a legally binding contract between you and Google in relation to your use of the SDK.
build	Set up Android SDK	2025-09-15T00:23:13.9725054Z 
build	Set up Android SDK	2025-09-15T00:23:13.9726161Z 1.2 "Android" means the Android software stack for devices, as made available under the Android Open Source Project, which is located at the following URL: http://source.android.com/, as updated from time to time.
build	Set up Android SDK	2025-09-15T00:23:13.9727393Z 
build	Set up Android SDK	2025-09-15T00:23:13.9729243Z 1.3 A "compatible implementation" means any Android device that (i) complies with the Android Compatibility Definition document, which can be found at the Android compatibility website (http://source.android.com/compatibility) and which may be updated from time to time; and (ii) successfully passes the Android Compatibility Test Suite (CTS).
build	Set up Android SDK	2025-09-15T00:23:13.9731172Z 
build	Set up Android SDK	2025-09-15T00:23:13.9731925Z 1.4 "Google" means Google Inc., a Delaware corporation with principal place of business at 1600 Amphitheatre Parkway, Mountain View, CA 94043, United States.
build	Set up Android SDK	2025-09-15T00:23:13.9732869Z 
build	Set up Android SDK	2025-09-15T00:23:13.9732875Z 
build	Set up Android SDK	2025-09-15T00:23:13.9733021Z 2. Accepting the License Agreement
build	Set up Android SDK	2025-09-15T00:23:13.9733288Z 
build	Set up Android SDK	2025-09-15T00:23:13.9733886Z 2.1 In order to use the SDK, you must first agree to the License Agreement. You may not use the SDK if you do not accept the License Agreement.
build	Set up Android SDK	2025-09-15T00:23:13.9735212Z 
build	Set up Android SDK	2025-09-15T00:23:13.9735550Z 2.2 By clicking to accept, you hereby agree to the terms of the License Agreement.
build	Set up Android SDK	2025-09-15T00:23:13.9736038Z 
build	Set up Android SDK	2025-09-15T00:23:13.9737248Z 2.3 You may not use the SDK and may not accept the License Agreement if you are a person barred from receiving the SDK under the laws of the United States or other countries, including the country in which you are resident or from which you use the SDK.
build	Set up Android SDK	2025-09-15T00:23:13.9738612Z 
build	Set up Android SDK	2025-09-15T00:23:13.9740476Z 2.4 If you are agreeing to be bound by the License Agreement on behalf of your employer or other entity, you represent and warrant that you have full legal authority to bind your employer or such entity to the License Agreement. If you do not have the requisite authority, you may not accept the License Agreement or use the SDK on behalf of your employer or other entity.
build	Set up Android SDK	2025-09-15T00:23:13.9742409Z 
build	Set up Android SDK	2025-09-15T00:23:13.9742568Z 
build	Set up Android SDK	2025-09-15T00:23:13.9742701Z 3. SDK License from Google
build	Set up Android SDK	2025-09-15T00:23:13.9742939Z 
build	Set up Android SDK	2025-09-15T00:23:13.9744429Z 3.1 Subject to the terms of the License Agreement, Google grants you a limited, worldwide, royalty-free, non-assignable, non-exclusive, and non-sublicensable license to use the SDK solely to develop applications for compatible implementations of Android.
build	Set up Android SDK	2025-09-15T00:23:13.9745914Z 
build	Set up Android SDK	2025-09-15T00:23:13.9747736Z 3.2 You may not use this SDK to develop applications for other platforms (including non-compatible implementations of Android) or to develop another SDK. You are of course free to develop applications for other platforms, including non-compatible implementations of Android, provided that this SDK is not used for that purpose.
build	Set up Android SDK	2025-09-15T00:23:13.9749665Z 
build	Set up Android SDK	2025-09-15T00:23:13.9751714Z 3.3 You agree that Google or third parties own all legal right, title and interest in and to the SDK, including any Intellectual Property Rights that subsist in the SDK. "Intellectual Property Rights" means any and all rights under patent law, copyright law, trade secret law, trademark law, and any and all other proprietary rights. Google reserves all rights not expressly granted to you.
build	Set up Android SDK	2025-09-15T00:23:13.9753932Z 
build	Set up Android SDK	2025-09-15T00:23:13.9755870Z 3.4 You may not use the SDK for any purpose not expressly permitted by the License Agreement. Except to the extent required by applicable third party licenses, you may not copy (except for backup purposes), modify, adapt, redistribute, decompile, reverse engineer, disassemble, or create derivative works of the SDK or any part of the SDK.
build	Set up Android SDK	2025-09-15T00:23:13.9757842Z 
build	Set up Android SDK	2025-09-15T00:23:13.9758928Z 3.5 Use, reproduction and distribution of components of the SDK licensed under an open source software license are governed solely by the terms of that open source software license and not the License Agreement.
build	Set up Android SDK	2025-09-15T00:23:13.9760173Z 
build	Set up Android SDK	2025-09-15T00:23:13.9762361Z 3.6 You agree that the form and nature of the SDK that Google provides may change without prior notice to you and that future versions of the SDK may be incompatible with applications developed on previous versions of the SDK. You agree that Google may stop (permanently or temporarily) providing the SDK (or any features within the SDK) to you or to users generally at Google's sole discretion, without prior notice to you.
build	Set up Android SDK	2025-09-15T00:23:13.9764936Z 
build	Set up Android SDK	2025-09-15T00:23:13.9765774Z 3.7 Nothing in the License Agreement gives you a right to use any of Google's trade names, trademarks, service marks, logos, domain names, or other distinctive brand features.
build	Set up Android SDK	2025-09-15T00:23:13.9766764Z 
build	Set up Android SDK	2025-09-15T00:23:13.9767725Z 3.8 You agree that you will not remove, obscure, or alter any proprietary rights notices (including copyright and trademark notices) that may be affixed to or contained within the SDK.
build	Set up Android SDK	2025-09-15T00:23:13.9768822Z 
build	Set up Android SDK	2025-09-15T00:23:13.9768829Z 
build	Set up Android SDK	2025-09-15T00:23:13.9768957Z 4. Use of the SDK by You
build	Set up Android SDK	2025-09-15T00:23:13.9769187Z 
build	Set up Android SDK	2025-09-15T00:23:13.9770534Z 4.1 Google agrees that it obtains no right, title or interest from you (or your licensors) under the License Agreement in or to any software applications that you develop using the SDK, including any intellectual property rights that subsist in those applications.
build	Set up Android SDK	2025-09-15T00:23:13.9772194Z 
build	Set up Android SDK	2025-09-15T00:23:13.9774055Z 4.2 You agree to use the SDK and write applications only for purposes that are permitted by (a) the License Agreement and (b) any applicable law, regulation or generally accepted practices or guidelines in the relevant jurisdictions (including any laws regarding the export of data or software to and from the United States or other relevant countries).
build	Set up Android SDK	2025-09-15T00:23:13.9776189Z 
build	Set up Android SDK	2025-09-15T00:23:13.9780424Z 4.3 You agree that if you use the SDK to develop applications for general public users, you will protect the privacy and legal rights of those users. If the users provide you with user names, passwords, or other login information or personal information, you must make the users aware that the information will be available to your application, and you must provide legally adequate privacy notice and protection for those users. If your application stores personal or sensitive information provided by users, it must do so securely. If the user provides your application with Google Account information, your application may only use that information to access the user's Google Account when, and for the limited purposes for which, the user has given you permission to do so.
build	Set up Android SDK	2025-09-15T00:23:13.9785036Z 
build	Set up Android SDK	2025-09-15T00:23:13.9786934Z 4.4 You agree that you will not engage in any activity with the SDK, including the development or distribution of an application, that interferes with, disrupts, damages, or accesses in an unauthorized manner the servers, networks, or other properties or services of any third party including, but not limited to, Google or any mobile communications carrier.
build	Set up Android SDK	2025-09-15T00:23:13.9788997Z 
build	Set up Android SDK	2025-09-15T00:23:13.9790792Z 4.5 You agree that you are solely responsible for (and that Google has no responsibility to you or to any third party for) any data, content, or resources that you create, transmit or display through Android and/or applications for Android, and for the consequences of your actions (including any loss or damage which Google may suffer) by doing so.
build	Set up Android SDK	2025-09-15T00:23:13.9792766Z 
build	Set up Android SDK	2025-09-15T00:23:13.9794852Z 4.6 You agree that you are solely responsible for (and that Google has no responsibility to you or to any third party for) any breach of your obligations under the License Agreement, any applicable third party contract or Terms of Service, or any applicable law or regulation, and for the consequences (including any loss or damage which Google or any third party may suffer) of any such breach.
build	Set up Android SDK	2025-09-15T00:23:13.9796919Z 
build	Set up Android SDK	2025-09-15T00:23:13.9799292Z 4.7 This software enables the execution of intellectual property owned by Arm Limited. You agree that your use of the software, that allows execution of ARM Instruction Set Architecture (“ISA”) compliant executables for application development and debug only on x86 desktop, laptop, customer on-premise servers, and customer-procured cloud-based environments.
build	Set up Android SDK	2025-09-15T00:23:13.9800927Z 
build	Set up Android SDK	2025-09-15T00:23:13.9801029Z 5. Your Developer Credentials
build	Set up Android SDK	2025-09-15T00:23:13.9801186Z 
build	Set up Android SDK	2025-09-15T00:23:13.9801997Z 5.1 You agree that you are responsible for maintaining the confidentiality of any developer credentials that may be issued to you by Google or which you may choose yourself and that you will be solely responsible for all applications that are developed under your developer credentials.
build	Set up Android SDK	2025-09-15T00:23:13.9803320Z 
build	Set up Android SDK	2025-09-15T00:23:13.9803421Z 6. Privacy and Information
build	Set up Android SDK	2025-09-15T00:23:13.9803574Z 
build	Set up Android SDK	2025-09-15T00:23:13.9805170Z 6.1 In order to continually innovate and improve the SDK, Google may collect certain usage statistics from the software including but not limited to a unique identifier, associated IP address, version number of the software, and information on which tools and/or services in the SDK are being used and how they are being used. Before any of this information is collected, the SDK will notify you and seek your consent. If you withhold consent, the information will not be collected.
build	Set up Android SDK	2025-09-15T00:23:13.9806828Z 
build	Set up Android SDK	2025-09-15T00:23:13.9807177Z 6.2 The data collected is examined in the aggregate to improve the SDK and is maintained in accordance with Google's Privacy Policy.
build	Set up Android SDK	2025-09-15T00:23:13.9807611Z 
build	Set up Android SDK	2025-09-15T00:23:13.9807616Z 
build	Set up Android SDK	2025-09-15T00:23:13.9807707Z 7. Third Party Applications
build	Set up Android SDK	2025-09-15T00:23:13.9807851Z 
build	Set up Android SDK	2025-09-15T00:23:13.9810225Z 7.1 If you use the SDK to run applications developed by a third party or that access data, content or resources provided by a third party, you agree that Google is not responsible for those applications, data, content, or resources. You understand that all data, content or resources which you may access through such third party applications are the sole responsibility of the person from which they originated and that Google is not liable for any loss or damage that you may experience as a result of the use or access of any of those third party applications, data, content, or resources.
build	Set up Android SDK	2025-09-15T00:23:13.9812462Z 
build	Set up Android SDK	2025-09-15T00:23:13.9813835Z 7.2 You should be aware the data, content, and resources presented to you through such a third party application may be protected by intellectual property rights which are owned by the providers (or by other persons or companies on their behalf). You may not modify, rent, lease, loan, sell, distribute or create derivative works based on these data, content, or resources (either in whole or in part) unless you have been specifically given permission to do so by the relevant owners.
build	Set up Android SDK	2025-09-15T00:23:13.9816083Z 
build	Set up Android SDK	2025-09-15T00:23:13.9816889Z 7.3 You acknowledge that your use of such third party applications, data, content, or resources may be subject to separate terms between you and the relevant third party. In that case, the License Agreement does not affect your legal relationship with these third parties.
build	Set up Android SDK	2025-09-15T00:23:13.9817720Z 
build	Set up Android SDK	2025-09-15T00:23:13.9817725Z 
build	Set up Android SDK	2025-09-15T00:23:13.9817812Z 8. Using Android APIs
build	Set up Android SDK	2025-09-15T00:23:13.9817946Z 
build	Set up Android SDK	2025-09-15T00:23:13.9818019Z 8.1 Google Data APIs
build	Set up Android SDK	2025-09-15T00:23:13.9818141Z 
build	Set up Android SDK	2025-09-15T00:23:13.9819513Z 8.1.1 If you use any API to retrieve data from Google, you acknowledge that the data may be protected by intellectual property rights which are owned by Google or those parties that provide the data (or by other persons or companies on their behalf). Your use of any such API may be subject to additional Terms of Service. You may not modify, rent, lease, loan, sell, distribute or create derivative works based on this data (either in whole or in part) unless allowed by the relevant Terms of Service.
build	Set up Android SDK	2025-09-15T00:23:13.9820942Z 
build	Set up Android SDK	2025-09-15T00:23:13.9823404Z 8.1.2 If you use any API to retrieve a user's data from Google, you acknowledge and agree that you shall retrieve data only with the user's explicit consent and only when, and for the limited purposes for which, the user has given you permission to do so. If you use the Android Recognition Service API, documented at the following URL: https://developer.android.com/reference/android/speech/RecognitionService, as updated from time to time, you acknowledge that the use of the API is subject to the Data Processing Addendum for Products where Google is a Data Processor, which is located at the following URL: https://privacy.google.com/businesses/gdprprocessorterms/, as updated from time to time. By clicking to accept, you hereby agree to the terms of the Data Processing Addendum for Products where Google is a Data Processor.
build	Set up Android SDK	2025-09-15T00:23:13.9826143Z 
build	Set up Android SDK	2025-09-15T00:23:13.9826150Z 
build	Set up Android SDK	2025-09-15T00:23:13.9826248Z 9. Terminating the License Agreement
build	Set up Android SDK	2025-09-15T00:23:13.9826419Z 
build	Set up Android SDK	2025-09-15T00:23:13.9826698Z 9.1 The License Agreement will continue to apply until terminated by either you or Google as set out below.
build	Set up Android SDK	2025-09-15T00:23:13.9827068Z 
build	Set up Android SDK	2025-09-15T00:23:13.9827396Z 9.2 If you want to terminate the License Agreement, you may do so by ceasing your use of the SDK and any relevant developer credentials.
build	Set up Android SDK	2025-09-15T00:23:13.9827825Z 
build	Set up Android SDK	2025-09-15T00:23:13.9829540Z 9.3 Google may at any time, terminate the License Agreement with you if: (A) you have breached any provision of the License Agreement; or (B) Google is required to do so by law; or (C) the partner with whom Google offered certain parts of SDK (such as APIs) to you has terminated its relationship with Google or ceased to offer certain parts of the SDK to you; or (D) Google decides to no longer provide the SDK or certain parts of the SDK to users in the country in which you are resident or from which you use the service, or the provision of the SDK or certain SDK services to you by Google is, in Google's sole discretion, no longer commercially viable.
build	Set up Android SDK	2025-09-15T00:23:13.9831619Z 
build	Set up Android SDK	2025-09-15T00:23:13.9832867Z 9.4 When the License Agreement comes to an end, all of the legal rights, obligations and liabilities that you and Google have benefited from, been subject to (or which have accrued over time whilst the License Agreement has been in force) or which are expressed to continue indefinitely, shall be unaffected by this cessation, and the provisions of paragraph 14.7 shall continue to apply to such rights, obligations and liabilities indefinitely.
build	Set up Android SDK	2025-09-15T00:23:13.9834553Z 
build	Set up Android SDK	2025-09-15T00:23:13.9834562Z 
build	Set up Android SDK	2025-09-15T00:23:13.9834709Z 10. DISCLAIMER OF WARRANTIES
build	Set up Android SDK	2025-09-15T00:23:13.9834953Z 
build	Set up Android SDK	2025-09-15T00:23:13.9835456Z 10.1 YOU EXPRESSLY UNDERSTAND AND AGREE THAT YOUR USE OF THE SDK IS AT YOUR SOLE RISK AND THAT THE SDK IS PROVIDED "AS IS" AND "AS AVAILABLE" WITHOUT WARRANTY OF ANY KIND FROM GOOGLE.
build	Set up Android SDK	2025-09-15T00:23:13.9835992Z 
build	Set up Android SDK	2025-09-15T00:23:13.9836768Z 10.2 YOUR USE OF THE SDK AND ANY MATERIAL DOWNLOADED OR OTHERWISE OBTAINED THROUGH THE USE OF THE SDK IS AT YOUR OWN DISCRETION AND RISK AND YOU ARE SOLELY RESPONSIBLE FOR ANY DAMAGE TO YOUR COMPUTER SYSTEM OR OTHER DEVICE OR LOSS OF DATA THAT RESULTS FROM SUCH USE.
build	Set up Android SDK	2025-09-15T00:23:13.9837551Z 
build	Set up Android SDK	2025-09-15T00:23:13.9838279Z 10.3 GOOGLE FURTHER EXPRESSLY DISCLAIMS ALL WARRANTIES AND CONDITIONS OF ANY KIND, WHETHER EXPRESS OR IMPLIED, INCLUDING, BUT NOT LIMITED TO THE IMPLIED WARRANTIES AND CONDITIONS OF MERCHANTABILITY, FITNESS FOR A PARTICULAR PURPOSE AND NON-INFRINGEMENT.
build	Set up Android SDK	2025-09-15T00:23:13.9839086Z 
build	Set up Android SDK	2025-09-15T00:23:13.9839090Z 
build	Set up Android SDK	2025-09-15T00:23:13.9839180Z 11. LIMITATION OF LIABILITY
build	Set up Android SDK	2025-09-15T00:23:13.9839319Z 
build	Set up Android SDK	2025-09-15T00:23:13.9840546Z 11.1 YOU EXPRESSLY UNDERSTAND AND AGREE THAT GOOGLE, ITS SUBSIDIARIES AND AFFILIATES, AND ITS LICENSORS SHALL NOT BE LIABLE TO YOU UNDER ANY THEORY OF LIABILITY FOR ANY DIRECT, INDIRECT, INCIDENTAL, SPECIAL, CONSEQUENTIAL OR EXEMPLARY DAMAGES THAT MAY BE INCURRED BY YOU, INCLUDING ANY LOSS OF DATA, WHETHER OR NOT GOOGLE OR ITS REPRESENTATIVES HAVE BEEN ADVISED OF OR SHOULD HAVE BEEN AWARE OF THE POSSIBILITY OF ANY SUCH LOSSES ARISING.
build	Set up Android SDK	2025-09-15T00:23:13.9841857Z 
build	Set up Android SDK	2025-09-15T00:23:13.9841862Z 
build	Set up Android SDK	2025-09-15T00:23:13.9841938Z 12. Indemnification
build	Set up Android SDK	2025-09-15T00:23:13.9842052Z 
build	Set up Android SDK	2025-09-15T00:23:13.9844083Z 12.1 To the maximum extent permitted by law, you agree to defend, indemnify and hold harmless Google, its affiliates and their respective directors, officers, employees and agents from and against any and all claims, actions, suits or proceedings, as well as any and all losses, liabilities, damages, costs and expenses (including reasonable attorneys fees) arising out of or accruing from (a) your use of the SDK, (b) any application you develop on the SDK that infringes any copyright, trademark, trade secret, trade dress, patent or other intellectual property right of any person or defames any person or violates their rights of publicity or privacy, and (c) any non-compliance by you with the License Agreement.
build	Set up Android SDK	2025-09-15T00:23:13.9846526Z 
build	Set up Android SDK	2025-09-15T00:23:13.9846534Z 
build	Set up Android SDK	2025-09-15T00:23:13.9846627Z 13. Changes to the License Agreement
build	Set up Android SDK	2025-09-15T00:23:13.9846793Z 
build	Set up Android SDK	2025-09-15T00:23:13.9847424Z 13.1 Google may make changes to the License Agreement as it distributes new versions of the SDK. When these changes are made, Google will make a new version of the License Agreement available on the website where the SDK is made available.
build	Set up Android SDK	2025-09-15T00:23:13.9848146Z 
build	Set up Android SDK	2025-09-15T00:23:13.9848294Z 
build	Set up Android SDK	2025-09-15T00:23:13.9848376Z 14. General Legal Terms
build	Set up Android SDK	2025-09-15T00:23:13.9848510Z 
build	Set up Android SDK	2025-09-15T00:23:13.9849365Z 14.1 The License Agreement constitutes the whole legal agreement between you and Google and governs your use of the SDK (excluding any services which Google may provide to you under a separate written agreement), and completely replaces any prior agreements between you and Google in relation to the SDK.
build	Set up Android SDK	2025-09-15T00:23:13.9850293Z 
build	Set up Android SDK	2025-09-15T00:23:13.9851149Z 14.2 You agree that if Google does not exercise or enforce any legal right or remedy which is contained in the License Agreement (or which Google has the benefit of under any applicable law), this will not be taken to be a formal waiver of Google's rights and that those rights or remedies will still be available to Google.
build	Set up Android SDK	2025-09-15T00:23:13.9852084Z 
build	Set up Android SDK	2025-09-15T00:23:13.9853035Z 14.3 If any court of law, having the jurisdiction to decide on this matter, rules that any provision of the License Agreement is invalid, then that provision will be removed from the License Agreement without affecting the rest of the License Agreement. The remaining provisions of the License Agreement will continue to be valid and enforceable.
build	Set up Android SDK	2025-09-15T00:23:13.9854378Z 
build	Set up Android SDK	2025-09-15T00:23:13.9855631Z 14.4 You acknowledge and agree that each member of the group of companies of which Google is the parent shall be third party beneficiaries to the License Agreement and that such other companies shall be entitled to directly enforce, and rely upon, any provision of the License Agreement that confers a benefit on (or rights in favor of) them. Other than this, no other person or company shall be third party beneficiaries to the License Agreement.
build	Set up Android SDK	2025-09-15T00:23:13.9856942Z 
build	Set up Android SDK	2025-09-15T00:23:13.9857673Z 14.5 EXPORT RESTRICTIONS. THE SDK IS SUBJECT TO UNITED STATES EXPORT LAWS AND REGULATIONS. YOU MUST COMPLY WITH ALL DOMESTIC AND INTERNATIONAL EXPORT LAWS AND REGULATIONS THAT APPLY TO THE SDK. THESE LAWS INCLUDE RESTRICTIONS ON DESTINATIONS, END USERS AND END USE.
build	Set up Android SDK	2025-09-15T00:23:13.9858501Z 
build	Set up Android SDK	2025-09-15T00:23:13.9859464Z 14.6 The rights granted in the License Agreement may not be assigned or transferred by either you or Google without the prior written approval of the other party. Neither you nor Google shall be permitted to delegate their responsibilities or obligations under the License Agreement without the prior written approval of the other party.
build	Set up Android SDK	2025-09-15T00:23:13.9860502Z 
build	Set up Android SDK	2025-09-15T00:23:13.9862090Z 14.7 The License Agreement, and your relationship with Google under the License Agreement, shall be governed by the laws of the State of California without regard to its conflict of laws provisions. You and Google agree to submit to the exclusive jurisdiction of the courts located within the county of Santa Clara, California to resolve any legal matter arising from the License Agreement. Notwithstanding this, you agree that Google shall still be allowed to apply for injunctive remedies (or an equivalent type of urgent legal relief) in any jurisdiction.
build	Set up Android SDK	2025-09-15T00:23:13.9863764Z 
build	Set up Android SDK	2025-09-15T00:23:13.9863780Z 
build	Set up Android SDK	2025-09-15T00:23:13.9863856Z January 16, 2019
build	Set up Android SDK	2025-09-15T00:23:13.9864046Z ---------------------------------------
build	Set up Android SDK	2025-09-15T00:23:13.9864386Z Accept? (y/N): 
build	Set up Android SDK	2025-09-15T00:23:13.9864602Z 4/6: License android-sdk-preview-license:
build	Set up Android SDK	2025-09-15T00:23:13.9864922Z ---------------------------------------
build	Set up Android SDK	2025-09-15T00:23:13.9866141Z To get started with the Android SDK Preview, you must agree to the following terms and conditions. As described below, please note that this is a preview version of the Android SDK, subject to change, that you use at your own risk. The Android SDK Preview is not a stable release, and may contain errors and defects that can result in serious damage to your computer systems, devices and data.
build	Set up Android SDK	2025-09-15T00:23:13.9867418Z 
build	Set up Android SDK	2025-09-15T00:23:13.9867677Z This is the Android SDK Preview License Agreement (the "License Agreement").
build	Set up Android SDK	2025-09-15T00:23:13.9867998Z 
build	Set up Android SDK	2025-09-15T00:23:13.9868071Z 1. Introduction
build	Set up Android SDK	2025-09-15T00:23:13.9868179Z 
build	Set up Android SDK	2025-09-15T00:23:13.9869731Z 1.1 The Android SDK Preview (referred to in the License Agreement as the “Preview” and specifically including the Android system files, packaged APIs, and Preview library files, if and when they are made available) is licensed to you subject to the terms of the License Agreement. The License Agreement forms a legally binding contract between you and Google in relation to your use of the Preview.
build	Set up Android SDK	2025-09-15T00:23:13.9870925Z 
build	Set up Android SDK	2025-09-15T00:23:13.9871512Z 1.2 "Android" means the Android software stack for devices, as made available under the Android Open Source Project, which is located at the following URL: http://source.android.com/, as updated from time to time.
build	Set up Android SDK	2025-09-15T00:23:13.9872177Z 
build	Set up Android SDK	2025-09-15T00:23:13.9872594Z 1.3 "Google" means Google Inc., a Delaware corporation with principal place of business at 1600 Amphitheatre Parkway, Mountain View, CA 94043, United States.
build	Set up Android SDK	2025-09-15T00:23:13.9873258Z 
build	Set up Android SDK	2025-09-15T00:23:13.9873348Z 2. Accepting the License Agreement
build	Set up Android SDK	2025-09-15T00:23:13.9873513Z 
build	Set up Android SDK	2025-09-15T00:23:13.9873881Z 2.1 In order to use the Preview, you must first agree to the License Agreement. You may not use the Preview if you do not accept the License Agreement.
build	Set up Android SDK	2025-09-15T00:23:13.9874460Z 
build	Set up Android SDK	2025-09-15T00:23:13.9874722Z 2.2 By clicking to accept and/or using the Preview, you hereby agree to the terms of the License Agreement.
build	Set up Android SDK	2025-09-15T00:23:13.9875076Z 
build	Set up Android SDK	2025-09-15T00:23:13.9875777Z 2.3 You may not use the Preview and may not accept the License Agreement if you are a person barred from receiving the Preview under the laws of the United States or other countries including the country in which you are resident or from which you use the Preview.
build	Set up Android SDK	2025-09-15T00:23:13.9876554Z 
build	Set up Android SDK	2025-09-15T00:23:13.9877762Z 2.4 If you will use the Preview internally within your company or organization you agree to be bound by the License Agreement on behalf of your employer or other entity, and you represent and warrant that you have full legal authority to bind your employer or such entity to the License Agreement. If you do not have the requisite authority, you may not accept the License Agreement or use the Preview on behalf of your employer or other entity.
build	Set up Android SDK	2025-09-15T00:23:13.9879056Z 
build	Set up Android SDK	2025-09-15T00:23:13.9879142Z 3. Preview License from Google
build	Set up Android SDK	2025-09-15T00:23:13.9879296Z 
build	Set up Android SDK	2025-09-15T00:23:13.9880181Z 3.1 Subject to the terms of the License Agreement, Google grants you a royalty-free, non-assignable, non-exclusive, non-sublicensable, limited, revocable license to use the Preview, personally or internally within your company or organization, solely to develop applications to run on the Android platform.
build	Set up Android SDK	2025-09-15T00:23:13.9881150Z 
build	Set up Android SDK	2025-09-15T00:23:13.9882286Z 3.2 You agree that Google or third parties owns all legal right, title and interest in and to the Preview, including any Intellectual Property Rights that subsist in the Preview. "Intellectual Property Rights" means any and all rights under patent law, copyright law, trade secret law, trademark law, and any and all other proprietary rights. Google reserves all rights not expressly granted to you.
build	Set up Android SDK	2025-09-15T00:23:13.9883490Z 
build	Set up Android SDK	2025-09-15T00:23:13.9885475Z 3.3 You may not use the Preview for any purpose not expressly permitted by the License Agreement. Except to the extent required by applicable third party licenses, you may not: (a) copy (except for backup purposes), modify, adapt, redistribute, decompile, reverse engineer, disassemble, or create derivative works of the Preview or any part of the Preview; or (b) load any part of the Preview onto a mobile handset or any other hardware device except a personal computer, combine any part of the Preview with other software, or distribute any software or device incorporating a part of the Preview.
build	Set up Android SDK	2025-09-15T00:23:13.9887851Z 
build	Set up Android SDK	2025-09-15T00:23:13.9888734Z 3.4 You agree that you will not take any actions that may cause or result in the fragmentation of Android, including but not limited to distributing, participating in the creation of, or promoting in any way a software development kit derived from the Preview.
build	Set up Android SDK	2025-09-15T00:23:13.9889742Z 
build	Set up Android SDK	2025-09-15T00:23:13.9890943Z 3.5 Use, reproduction and distribution of components of the Preview licensed under an open source software license are governed solely by the terms of that open source software license and not the License Agreement. You agree to remain a licensee in good standing in regard to such open source software licenses under all the rights granted and to refrain from any actions that may terminate, suspend, or breach such rights.
build	Set up Android SDK	2025-09-15T00:23:13.9892207Z 
build	Set up Android SDK	2025-09-15T00:23:13.9893454Z 3.6 You agree that the form and nature of the Preview that Google provides may change without prior notice to you and that future versions of the Preview may be incompatible with applications developed on previous versions of the Preview. You agree that Google may stop (permanently or temporarily) providing the Preview (or any features within the Preview) to you or to users generally at Google's sole discretion, without prior notice to you.
build	Set up Android SDK	2025-09-15T00:23:13.9895140Z 
build	Set up Android SDK	2025-09-15T00:23:13.9895601Z 3.7 Nothing in the License Agreement gives you a right to use any of Google's trade names, trademarks, service marks, logos, domain names, or other distinctive brand features.
build	Set up Android SDK	2025-09-15T00:23:13.9896151Z 
build	Set up Android SDK	2025-09-15T00:23:13.9896665Z 3.8 You agree that you will not remove, obscure, or alter any proprietary rights notices (including copyright and trademark notices) that may be affixed to or contained within the Preview.
build	Set up Android SDK	2025-09-15T00:23:13.9897259Z 
build	Set up Android SDK	2025-09-15T00:23:13.9897352Z 4. Use of the Preview by You
build	Set up Android SDK	2025-09-15T00:23:13.9897497Z 
build	Set up Android SDK	2025-09-15T00:23:13.9898348Z 4.1 Google agrees that nothing in the License Agreement gives Google any right, title or interest from you (or your licensors) under the License Agreement in or to any software applications that you develop using the Preview, including any intellectual property rights that subsist in those applications.
build	Set up Android SDK	2025-09-15T00:23:13.9899286Z 
build	Set up Android SDK	2025-09-15T00:23:13.9900284Z 4.2 You agree to use the Preview and write applications only for purposes that are permitted by (a) the License Agreement, and (b) any applicable law, regulation or generally accepted practices or guidelines in the relevant jurisdictions (including any laws regarding the export of data or software to and from the United States or other relevant countries).
build	Set up Android SDK	2025-09-15T00:23:13.9901378Z 
build	Set up Android SDK	2025-09-15T00:23:13.9903471Z 4.3 You agree that if you use the Preview to develop applications, you will protect the privacy and legal rights of users. If users provide you with user names, passwords, or other login information or personal information, you must make the users aware that the information will be available to your application, and you must provide legally adequate privacy notice and protection for those users. If your application stores personal or sensitive information provided by users, it must do so securely. If users provide you with Google Account information, your application may only use that information to access the user's Google Account when, and for the limited purposes for which, each user has given you permission to do so.
build	Set up Android SDK	2025-09-15T00:23:13.9905773Z 
build	Set up Android SDK	2025-09-15T00:23:13.9906623Z 4.4 You agree that you will not engage in any activity with the Preview, including the development or distribution of an application, that interferes with, disrupts, damages, or accesses in an unauthorized manner the servers, networks, or other properties or services of Google or any third party.
build	Set up Android SDK	2025-09-15T00:23:13.9907526Z 
build	Set up Android SDK	2025-09-15T00:23:13.9908471Z 4.5 You agree that you are solely responsible for (and that Google has no responsibility to you or to any third party for) any data, content, or resources that you create, transmit or display through Android and/or applications for Android, and for the consequences of your actions (including any loss or damage which Google may suffer) by doing so.
build	Set up Android SDK	2025-09-15T00:23:13.9909504Z 
build	Set up Android SDK	2025-09-15T00:23:13.9910583Z 4.6 You agree that you are solely responsible for (and that Google has no responsibility to you or to any third party for) any breach of your obligations under the License Agreement, any applicable third party contract or Terms of Service, or any applicable law or regulation, and for the consequences (including any loss or damage which Google or any third party may suffer) of any such breach.
build	Set up Android SDK	2025-09-15T00:23:13.9911889Z 
build	Set up Android SDK	2025-09-15T00:23:13.9913247Z 4.7 The Preview is in development, and your testing and feedback are an important part of the development process. By using the Preview, you acknowledge that implementation of some features are still under development and that you should not rely on the Preview having the full functionality of a stable release. You agree not to publicly distribute or ship any application using this Preview as this Preview will no longer be supported after the official Android SDK is released.
build	Set up Android SDK	2025-09-15T00:23:13.9916028Z 
build	Set up Android SDK	2025-09-15T00:23:13.9916197Z 5. Your Developer Credentials
build	Set up Android SDK	2025-09-15T00:23:13.9916676Z 
build	Set up Android SDK	2025-09-15T00:23:13.9918288Z 5.1 You agree that you are responsible for maintaining the confidentiality of any developer credentials that may be issued to you by Google or which you may choose yourself and that you will be solely responsible for all applications that are developed under your developer credentials.
build	Set up Android SDK	2025-09-15T00:23:13.9919962Z 
build	Set up Android SDK	2025-09-15T00:23:13.9920120Z 6. Privacy and Information
build	Set up Android SDK	2025-09-15T00:23:13.9920376Z 
build	Set up Android SDK	2025-09-15T00:23:13.9923049Z 6.1 In order to continually innovate and improve the Preview, Google may collect certain usage statistics from the software including but not limited to a unique identifier, associated IP address, version number of the software, and information on which tools and/or services in the Preview are being used and how they are being used. Before any of this information is collected, the Preview will notify you and seek your consent. If you withhold consent, the information will not be collected.
build	Set up Android SDK	2025-09-15T00:23:13.9926011Z 
build	Set up Android SDK	2025-09-15T00:23:13.9927008Z 6.2 The data collected is examined in the aggregate to improve the Preview and is maintained in accordance with Google's Privacy Policy located at http://www.google.com/policies/privacy/.
build	Set up Android SDK	2025-09-15T00:23:13.9928165Z 
build	Set up Android SDK	2025-09-15T00:23:13.9928336Z 7. Third Party Applications
build	Set up Android SDK	2025-09-15T00:23:13.9928589Z 
build	Set up Android SDK	2025-09-15T00:23:13.9931690Z 7.1 If you use the Preview to run applications developed by a third party or that access data, content or resources provided by a third party, you agree that Google is not responsible for those applications, data, content, or resources. You understand that all data, content or resources which you may access through such third party applications are the sole responsibility of the person from which they originated and that Google is not liable for any loss or damage that you may experience as a result of the use or access of any of those third party applications, data, content, or resources.
build	Set up Android SDK	2025-09-15T00:23:13.9934551Z 
build	Set up Android SDK	2025-09-15T00:23:13.9935969Z 7.2 You should be aware the data, content, and resources presented to you through such a third party application may be protected by intellectual property rights which are owned by the providers (or by other persons or companies on their behalf). You may not modify, rent, lease, loan, sell, distribute or create derivative works based on these data, content, or resources (either in whole or in part) unless you have been specifically given permission to do so by the relevant owners.
build	Set up Android SDK	2025-09-15T00:23:13.9937451Z 
build	Set up Android SDK	2025-09-15T00:23:13.9937907Z 7.3 You acknowledge that your use of such third party applications, data, content, or resources may be subject to separate terms between you and the relevant third party.
build	Set up Android SDK	2025-09-15T00:23:13.9938449Z 
build	Set up Android SDK	2025-09-15T00:23:13.9938525Z 8. Using Google APIs
build	Set up Android SDK	2025-09-15T00:23:13.9938649Z 
build	Set up Android SDK	2025-09-15T00:23:13.9938720Z 8.1 Google APIs
build	Set up Android SDK	2025-09-15T00:23:13.9938831Z 
build	Set up Android SDK	2025-09-15T00:23:13.9940206Z 8.1.1 If you use any API to retrieve data from Google, you acknowledge that the data may be protected by intellectual property rights which are owned by Google or those parties that provide the data (or by other persons or companies on their behalf). Your use of any such API may be subject to additional Terms of Service. You may not modify, rent, lease, loan, sell, distribute or create derivative works based on this data (either in whole or in part) unless allowed by the relevant Terms of Service.
build	Set up Android SDK	2025-09-15T00:23:13.9941839Z 
build	Set up Android SDK	2025-09-15T00:23:13.9942503Z 8.1.2 If you use any API to retrieve a user's data from Google, you acknowledge and agree that you shall retrieve data only with the user's explicit consent and only when, and for the limited purposes for which, the user has given you permission to do so.
build	Set up Android SDK	2025-09-15T00:23:13.9943245Z 
build	Set up Android SDK	2025-09-15T00:23:13.9943344Z 9. Terminating the License Agreement
build	Set up Android SDK	2025-09-15T00:23:13.9943511Z 
build	Set up Android SDK	2025-09-15T00:23:13.9943795Z 9.1 the License Agreement will continue to apply until terminated by either you or Google as set out below.
build	Set up Android SDK	2025-09-15T00:23:13.9944410Z 
build	Set up Android SDK	2025-09-15T00:23:13.9944964Z 9.2 If you want to terminate the License Agreement, you may do so by ceasing your use of the Preview and any relevant developer credentials.
build	Set up Android SDK	2025-09-15T00:23:13.9945416Z 
build	Set up Android SDK	2025-09-15T00:23:13.9945676Z 9.3 Google may at any time, terminate the License Agreement, with or without cause, upon notice to you.
build	Set up Android SDK	2025-09-15T00:23:13.9946018Z 
build	Set up Android SDK	2025-09-15T00:23:13.9946935Z 9.4 The License Agreement will automatically terminate without notice or other action upon the earlier of: (A) when Google ceases to provide the Preview or certain parts of the Preview to users in the country in which you are resident or from which you use the service; and (B) Google issues a final release version of the Android SDK.
build	Set up Android SDK	2025-09-15T00:23:13.9947943Z 
build	Set up Android SDK	2025-09-15T00:23:13.9948609Z 9.5 When the License Agreement is terminated, the license granted to you in the License Agreement will terminate, you will immediately cease all use of the Preview, and the provisions of paragraphs 10, 11, 12 and 14 shall survive indefinitely.
build	Set up Android SDK	2025-09-15T00:23:13.9949363Z 
build	Set up Android SDK	2025-09-15T00:23:13.9949435Z 10. DISCLAIMERS
build	Set up Android SDK	2025-09-15T00:23:13.9949546Z 
build	Set up Android SDK	2025-09-15T00:23:13.9950025Z 10.1 YOU EXPRESSLY UNDERSTAND AND AGREE THAT YOUR USE OF THE PREVIEW IS AT YOUR SOLE RISK AND THAT THE PREVIEW IS PROVIDED "AS IS" AND "AS AVAILABLE" WITHOUT WARRANTY OF ANY KIND FROM GOOGLE.
build	Set up Android SDK	2025-09-15T00:23:13.9950590Z 
build	Set up Android SDK	2025-09-15T00:23:13.9952167Z 10.2 YOUR USE OF THE PREVIEW AND ANY MATERIAL DOWNLOADED OR OTHERWISE OBTAINED THROUGH THE USE OF THE PREVIEW IS AT YOUR OWN DISCRETION AND RISK AND YOU ARE SOLELY RESPONSIBLE FOR ANY DAMAGE TO YOUR COMPUTER SYSTEM OR OTHER DEVICE OR LOSS OF DATA THAT RESULTS FROM SUCH USE. WITHOUT LIMITING THE FOREGOING, YOU UNDERSTAND THAT THE PREVIEW IS NOT A STABLE RELEASE AND MAY CONTAIN ERRORS, DEFECTS AND SECURITY VULNERABILITIES THAT CAN RESULT IN SIGNIFICANT DAMAGE, INCLUDING THE COMPLETE, IRRECOVERABLE LOSS OF USE OF YOUR COMPUTER SYSTEM OR OTHER DEVICE.
build	Set up Android SDK	2025-09-15T00:23:13.9953818Z 
build	Set up Android SDK	2025-09-15T00:23:13.9954719Z 10.3 GOOGLE FURTHER EXPRESSLY DISCLAIMS ALL WARRANTIES AND CONDITIONS OF ANY KIND, WHETHER EXPRESS OR IMPLIED, INCLUDING, BUT NOT LIMITED TO THE IMPLIED WARRANTIES AND CONDITIONS OF MERCHANTABILITY, FITNESS FOR A PARTICULAR PURPOSE AND NON-INFRINGEMENT.
build	Set up Android SDK	2025-09-15T00:23:13.9955542Z 
build	Set up Android SDK	2025-09-15T00:23:13.9955626Z 11. LIMITATION OF LIABILITY
build	Set up Android SDK	2025-09-15T00:23:13.9955766Z 
build	Set up Android SDK	2025-09-15T00:23:13.9956991Z 11.1 YOU EXPRESSLY UNDERSTAND AND AGREE THAT GOOGLE, ITS SUBSIDIARIES AND AFFILIATES, AND ITS LICENSORS SHALL NOT BE LIABLE TO YOU UNDER ANY THEORY OF LIABILITY FOR ANY DIRECT, INDIRECT, INCIDENTAL, SPECIAL, CONSEQUENTIAL OR EXEMPLARY DAMAGES THAT MAY BE INCURRED BY YOU, INCLUDING ANY LOSS OF DATA, WHETHER OR NOT GOOGLE OR ITS REPRESENTATIVES HAVE BEEN ADVISED OF OR SHOULD HAVE BEEN AWARE OF THE POSSIBILITY OF ANY SUCH LOSSES ARISING.
build	Set up Android SDK	2025-09-15T00:23:13.9958306Z 
build	Set up Android SDK	2025-09-15T00:23:13.9958380Z 12. Indemnification
build	Set up Android SDK	2025-09-15T00:23:13.9958499Z 
build	Set up Android SDK	2025-09-15T00:23:13.9960848Z 12.1 To the maximum extent permitted by law, you agree to defend, indemnify and hold harmless Google, its affiliates and their respective directors, officers, employees and agents from and against any and all claims, actions, suits or proceedings, as well as any and all losses, liabilities, damages, costs and expenses (including reasonable attorneys’ fees) arising out of or accruing from (a) your use of the Preview, (b) any application you develop on the Preview that infringes any Intellectual Property Rights of any person or defames any person or violates their rights of publicity or privacy, and (c) any non-compliance by you of the License Agreement.
build	Set up Android SDK	2025-09-15T00:23:13.9962966Z 
build	Set up Android SDK	2025-09-15T00:23:13.9963056Z 13. Changes to the License Agreement
build	Set up Android SDK	2025-09-15T00:23:13.9963222Z 
build	Set up Android SDK	2025-09-15T00:23:13.9963898Z 13.1 Google may make changes to the License Agreement as it distributes new versions of the Preview. When these changes are made, Google will make a new version of the License Agreement available on the website where the Preview is made available.
build	Set up Android SDK	2025-09-15T00:23:13.9964830Z 
build	Set up Android SDK	2025-09-15T00:23:13.9965047Z 14. General Legal Terms
build	Set up Android SDK	2025-09-15T00:23:13.9965181Z 
build	Set up Android SDK	2025-09-15T00:23:13.9966067Z 14.1 the License Agreement constitutes the whole legal agreement between you and Google and governs your use of the Preview (excluding any services which Google may provide to you under a separate written agreement), and completely replaces any prior agreements between you and Google in relation to the Preview.
build	Set up Android SDK	2025-09-15T00:23:13.9967043Z 
build	Set up Android SDK	2025-09-15T00:23:13.9967906Z 14.2 You agree that if Google does not exercise or enforce any legal right or remedy which is contained in the License Agreement (or which Google has the benefit of under any applicable law), this will not be taken to be a formal waiver of Google's rights and that those rights or remedies will still be available to Google.
build	Set up Android SDK	2025-09-15T00:23:13.9968833Z 
build	Set up Android SDK	2025-09-15T00:23:13.9969783Z 14.3 If any court of law, having the jurisdiction to decide on this matter, rules that any provision of the License Agreement is invalid, then that provision will be removed from the License Agreement without affecting the rest of the License Agreement. The remaining provisions of the License Agreement will continue to be valid and enforceable.
build	Set up Android SDK	2025-09-15T00:23:13.9970832Z 
build	Set up Android SDK	2025-09-15T00:23:13.9972064Z 14.4 You acknowledge and agree that each member of the group of companies of which Google is the parent shall be third party beneficiaries to the License Agreement and that such other companies shall be entitled to directly enforce, and rely upon, any provision of the License Agreement that confers a benefit on (or rights in favor of) them. Other than this, no other person or company shall be third party beneficiaries to the License Agreement.
build	Set up Android SDK	2025-09-15T00:23:13.9973385Z 
build	Set up Android SDK	2025-09-15T00:23:13.9974304Z 14.5 EXPORT RESTRICTIONS. THE PREVIEW IS SUBJECT TO UNITED STATES EXPORT LAWS AND REGULATIONS. YOU MUST COMPLY WITH ALL DOMESTIC AND INTERNATIONAL EXPORT LAWS AND REGULATIONS THAT APPLY TO THE PREVIEW. THESE LAWS INCLUDE RESTRICTIONS ON DESTINATIONS, END USERS AND END USE.
build	Set up Android SDK	2025-09-15T00:23:13.9975227Z 
build	Set up Android SDK	2025-09-15T00:23:13.9976134Z 14.6 The License Agreement may not be assigned or transferred by you without the prior written approval of Google, and any attempted assignment without such approval will be void. You shall not delegate your responsibilities or obligations under the License Agreement without the prior written approval of Google.
build	Set up Android SDK	2025-09-15T00:23:13.9977135Z 
build	Set up Android SDK	2025-09-15T00:23:13.9978733Z 14.7 The License Agreement, and your relationship with Google under the License Agreement, shall be governed by the laws of the State of California without regard to its conflict of laws provisions. You and Google agree to submit to the exclusive jurisdiction of the courts located within the county of Santa Clara, California to resolve any legal matter arising from the License Agreement. Notwithstanding this, you agree that Google shall still be allowed to apply for injunctive remedies (or an equivalent type of urgent legal relief) in any jurisdiction.
build	Set up Android SDK	2025-09-15T00:23:13.9980409Z 
build	Set up Android SDK	2025-09-15T00:23:13.9980482Z June 2014.
build	Set up Android SDK	2025-09-15T00:23:13.9980660Z ---------------------------------------
build	Set up Android SDK	2025-09-15T00:23:13.9980961Z Accept? (y/N): 
build	Set up Android SDK	2025-09-15T00:23:13.9981301Z 5/6: License google-gdk-license:
build	Set up Android SDK	2025-09-15T00:23:13.9981535Z ---------------------------------------
build	Set up Android SDK	2025-09-15T00:23:13.9981850Z This is a Developer Preview of the GDK that is subject to change.
build	Set up Android SDK	2025-09-15T00:23:13.9982091Z 
build	Set up Android SDK	2025-09-15T00:23:13.9982174Z Terms and Conditions
build	Set up Android SDK	2025-09-15T00:23:13.9982296Z 
build	Set up Android SDK	2025-09-15T00:23:13.9982414Z This is the Glass Development Kit License Agreement.
build	Set up Android SDK	2025-09-15T00:23:13.9982626Z 
build	Set up Android SDK	2025-09-15T00:23:13.9982696Z 1. Introduction
build	Set up Android SDK	2025-09-15T00:23:13.9982804Z 
build	Set up Android SDK	2025-09-15T00:23:13.9983886Z 1.1 The Glass Development Kit (referred to in this License Agreement as the "GDK" and specifically including the Android system files, packaged APIs, and GDK library files, if and when they are made available) is licensed to you subject to the terms of this License Agreement. This License Agreement forms a legally binding contract between you and Google in relation to your use of the GDK.
build	Set up Android SDK	2025-09-15T00:23:13.9985436Z 
build	Set up Android SDK	2025-09-15T00:23:13.9985647Z 1.2 "Glass" means Glass devices and the Glass software stack for use on Glass devices.
build	Set up Android SDK	2025-09-15T00:23:13.9985957Z 
build	Set up Android SDK	2025-09-15T00:23:13.9985961Z 
build	Set up Android SDK	2025-09-15T00:23:13.9986568Z 1.3 "Android" means the Android software stack for devices, as made available under the Android Open Source Project, which is located at the following URL: http://source.android.com/, as updated from time to time.
build	Set up Android SDK	2025-09-15T00:23:13.9987230Z 
build	Set up Android SDK	2025-09-15T00:23:13.9987661Z 1.4 "Google" means Google Inc., a Delaware corporation with principal place of business at 1600 Amphitheatre Parkway, Mountain View, CA 94043, United States.
build	Set up Android SDK	2025-09-15T00:23:13.9988172Z 
build	Set up Android SDK	2025-09-15T00:23:13.9988265Z 2. Accepting this License Agreement
build	Set up Android SDK	2025-09-15T00:23:13.9988435Z 
build	Set up Android SDK	2025-09-15T00:23:13.9988777Z 2.1 In order to use the GDK, you must first agree to this License Agreement. You may not use the GDK if you do not accept this License Agreement.
build	Set up Android SDK	2025-09-15T00:23:13.9989210Z 
build	Set up Android SDK	2025-09-15T00:23:13.9989411Z 2.2 By clicking to accept, you hereby agree to the terms of this License Agreement.
build	Set up Android SDK	2025-09-15T00:23:13.9989701Z 
build	Set up Android SDK	2025-09-15T00:23:13.9990355Z 2.3 You may not use the GDK and may not accept the License Agreement if you are a person barred from receiving the GDK under the laws of the United States or other countries including the country in which you are resident or from which you use the GDK.
build	Set up Android SDK	2025-09-15T00:23:13.9991096Z 
build	Set up Android SDK	2025-09-15T00:23:13.9992092Z 2.4 If you are agreeing to be bound by this License Agreement on behalf of your employer or other entity, you represent and warrant that you have full legal authority to bind your employer or such entity to this License Agreement. If you do not have the requisite authority, you may not accept the License Agreement or use the GDK on behalf of your employer or other entity.
build	Set up Android SDK	2025-09-15T00:23:13.9993166Z 
build	Set up Android SDK	2025-09-15T00:23:13.9993247Z 3. GDK License from Google
build	Set up Android SDK	2025-09-15T00:23:13.9993383Z 
build	Set up Android SDK	2025-09-15T00:23:13.9994067Z 3.1 Subject to the terms of this License Agreement, Google grants you a limited, worldwide, royalty-free, non-assignable and non-exclusive license to use the GDK solely to develop applications to run on the Glass platform for Glass devices.
build	Set up Android SDK	2025-09-15T00:23:13.9995193Z 
build	Set up Android SDK	2025-09-15T00:23:13.9996289Z 3.2 You agree that Google or third parties own all legal right, title and interest in and to the GDK, including any Intellectual Property Rights that subsist in the GDK. "Intellectual Property Rights" means any and all rights under patent law, copyright law, trade secret law, trademark law, and any and all other proprietary rights. Google reserves all rights not expressly granted to you.
build	Set up Android SDK	2025-09-15T00:23:13.9997463Z 
build	Set up Android SDK	2025-09-15T00:23:13.9999165Z 3.3 You may not use the GDK for any purpose not expressly permitted by this License Agreement. Except to the extent required by applicable third party licenses, you may not: (a) copy (except for backup purposes), modify, adapt, redistribute, decompile, reverse engineer, disassemble, or create derivative works of the GDK or any part of the GDK; or (b) load any part of the GDK onto a mobile handset or wearable computing device or any other hardware device except a Glass device personal computer, combine any part of the GDK with other software, or distribute any software or device incorporating a part of the GDK.
build	Set up Android SDK	2025-09-15T00:23:14.0001096Z 
build	Set up Android SDK	2025-09-15T00:23:14.0001768Z 3.4 You agree that you will not take any actions that may cause or result in the fragmentation of Glass, including but not limited to distributing, participating in the creation of, or promoting in any way a software development kit derived from the GDK.
build	Set up Android SDK	2025-09-15T00:23:14.0002529Z 
build	Set up Android SDK	2025-09-15T00:23:14.0003105Z 3.5 Use, reproduction and distribution of components of the GDK licensed under an open source software license are governed solely by the terms of that open source software license and not this License Agreement.
build	Set up Android SDK	2025-09-15T00:23:14.0003761Z 
build	Set up Android SDK	2025-09-15T00:23:14.0005274Z 3.6 You agree that the form and nature of the GDK that Google provides may change without prior notice to you and that future versions of the GDK may be incompatible with applications developed on previous versions of the GDK. You agree that Google may stop (permanently or temporarily) providing the GDK (or any features within the GDK) to you or to users generally at Google's sole discretion, without prior notice to you.
build	Set up Android SDK	2025-09-15T00:23:14.0006675Z 
build	Set up Android SDK	2025-09-15T00:23:14.0007146Z 3.7 Nothing in this License Agreement gives you a right to use any of Google's trade names, trademarks, service marks, logos, domain names, or other distinctive brand features.
build	Set up Android SDK	2025-09-15T00:23:14.0007689Z 
build	Set up Android SDK	2025-09-15T00:23:14.0008184Z 3.8 You agree that you will not remove, obscure, or alter any proprietary rights notices (including copyright and trademark notices) that may be affixed to or contained within the GDK.
build	Set up Android SDK	2025-09-15T00:23:14.0008772Z 
build	Set up Android SDK	2025-09-15T00:23:14.0008776Z 
build	Set up Android SDK	2025-09-15T00:23:14.0009801Z 3.9 Your use of any Android system files, packaged APIs, or other components of the GDK which are part of the Android Software Development Kit is subject to the terms of the Android Software Development Kit License Agreement located at http://developer.android.com/sdk/terms.html. These terms are hereby incorporated by reference into this License Agreement.
build	Set up Android SDK	2025-09-15T00:23:14.0010924Z 
build	Set up Android SDK	2025-09-15T00:23:14.0011003Z 4. Use of the GDK by You
build	Set up Android SDK	2025-09-15T00:23:14.0011133Z 
build	Set up Android SDK	2025-09-15T00:23:14.0011857Z 4.1 Google agrees that it obtains no right, title or interest from you (or your licensors) under this License Agreement in or to any software applications that you develop using the GDK, including any intellectual property rights that subsist in those applications.
build	Set up Android SDK	2025-09-15T00:23:14.0012664Z 
build	Set up Android SDK	2025-09-15T00:23:14.0014390Z 4.2 You agree to use the GDK and write applications only for purposes that are permitted by (a) this License Agreement, (b) the Glass Platform Developer Policies (located at https://developers.google.com/glass/policies, and hereby incorporated into this License Agreement by reference), and (c) any applicable law, regulation or generally accepted practices or guidelines in the relevant jurisdictions (including any laws regarding the export of data or software to and from the United States or other relevant countries).
build	Set up Android SDK	2025-09-15T00:23:14.0016074Z 
build	Set up Android SDK	2025-09-15T00:23:14.0018305Z 4.3 You agree that if you use the GDK to develop applications for general public users, you will protect the privacy and legal rights of those users. If the users provide you with user names, passwords, or other login information or personal information, you must make the users aware that the information will be available to your application, and you must provide legally adequate privacy notice and protection for those users. If your application stores personal or sensitive information provided by users, it must do so securely. If the user provides your application with Google Account information, your application may only use that information to access the user's Google Account when, and for the limited purposes for which, the user has given you permission to do so.
build	Set up Android SDK	2025-09-15T00:23:14.0020600Z 
build	Set up Android SDK	2025-09-15T00:23:14.0021617Z 4.4 You agree that you will not engage in any activity with the GDK, including the development or distribution of an application, that interferes with, disrupts, damages, or accesses in an unauthorized manner the servers, networks, or other properties or services of any third party including, but not limited to, Google.
build	Set up Android SDK	2025-09-15T00:23:14.0022625Z 
build	Set up Android SDK	2025-09-15T00:23:14.0023558Z 4.5 You agree that you are solely responsible for (and that Google has no responsibility to you or to any third party for) any data, content, or resources that you create, transmit or display through Glass and/or applications for Glass, and for the consequences of your actions (including any loss or damage which Google may suffer) by doing so.
build	Set up Android SDK	2025-09-15T00:23:14.0024702Z 
build	Set up Android SDK	2025-09-15T00:23:14.0025793Z 4.6 You agree that you are solely responsible for (and that Google has no responsibility to you or to any third party for) any breach of your obligations under this License Agreement, any applicable third party contract or Terms of Service, or any applicable law or regulation, and for the consequences (including any loss or damage which Google or any third party may suffer) of any such breach.
build	Set up Android SDK	2025-09-15T00:23:14.0027081Z 
build	Set up Android SDK	2025-09-15T00:23:14.0027093Z 
build	Set up Android SDK	2025-09-15T00:23:14.0028126Z 4.7 The GDK is in development, and your testing and feedback are an important part of the development process. By using the GDK, you acknowledge that implementation of some features are still under development and that you should not rely on the GDK, Glass devices, Glass system software, Google Mirror API, or Glass services having the full functionality of a stable release.
build	Set up Android SDK	2025-09-15T00:23:14.0029239Z 
build	Set up Android SDK	2025-09-15T00:23:14.0029332Z 5. Your Developer Credentials
build	Set up Android SDK	2025-09-15T00:23:14.0029479Z 
build	Set up Android SDK	2025-09-15T00:23:14.0030261Z 5.1 You agree that you are responsible for maintaining the confidentiality of any developer credentials that may be issued to you by Google or which you may choose yourself and that you will be solely responsible for all applications that are developed under your developer credentials.
build	Set up Android SDK	2025-09-15T00:23:14.0031138Z 
build	Set up Android SDK	2025-09-15T00:23:14.0031219Z 6. Privacy and Information
build	Set up Android SDK	2025-09-15T00:23:14.0031354Z 
build	Set up Android SDK	2025-09-15T00:23:14.0031358Z 
build	Set up Android SDK	2025-09-15T00:23:14.0032705Z 6.1 In order to continually innovate and improve the GDK, Google may collect certain usage statistics from the software including but not limited to a unique identifier, associated IP address, version number of the software, and information on which tools and/or services in the GDK are being used and how they are being used. Before any of this information is collected, the GDK will notify you and seek your consent. If you withhold consent, the information will not be collected.
build	Set up Android SDK	2025-09-15T00:23:14.0034112Z 
build	Set up Android SDK	2025-09-15T00:23:14.0034563Z 6.2 The data collected is examined in the aggregate to improve the GDK and is maintained in accordance with Google's Privacy Policy.
build	Set up Android SDK	2025-09-15T00:23:14.0034991Z 
build	Set up Android SDK	2025-09-15T00:23:14.0035078Z 7. Third Party Applications
build	Set up Android SDK	2025-09-15T00:23:14.0035225Z 
build	Set up Android SDK	2025-09-15T00:23:14.0036870Z 7.1 If you use the GDK to run applications developed by a third party or that access data, content or resources provided by a third party, you agree that Google is not responsible for those applications, data, content, or resources. You understand that all data, content or resources which you may access through such third party applications are the sole responsibility of the person from which they originated and that Google is not liable for any loss or damage that you may experience as a result of the use or access of any of those third party applications, data, content, or resources.
build	Set up Android SDK	2025-09-15T00:23:14.0038586Z 
build	Set up Android SDK	2025-09-15T00:23:14.0039937Z 7.2 You should be aware the data, content, and resources presented to you through such a third party application may be protected by intellectual property rights which are owned by the providers (or by other persons or companies on their behalf). You may not modify, rent, lease, loan, sell, distribute or create derivative works based on these data, content, or resources (either in whole or in part) unless you have been specifically given permission to do so by the relevant owners.
build	Set up Android SDK	2025-09-15T00:23:14.0041513Z 
build	Set up Android SDK	2025-09-15T00:23:14.0042261Z 7.3 You acknowledge that your use of such third party applications, data, content, or resources may be subject to separate terms between you and the relevant third party. In that case, this License Agreement does not affect your legal relationship with these third parties.
build	Set up Android SDK	2025-09-15T00:23:14.0043082Z 
build	Set up Android SDK	2025-09-15T00:23:14.0043163Z 8. Using Google APIs
build	Set up Android SDK	2025-09-15T00:23:14.0043283Z 
build	Set up Android SDK	2025-09-15T00:23:14.0043353Z 8.1 Google APIs
build	Set up Android SDK	2025-09-15T00:23:14.0043459Z 
build	Set up Android SDK	2025-09-15T00:23:14.0045083Z 8.1.1 If you use any API to retrieve data from Google, you acknowledge that the data may be protected by intellectual property rights which are owned by Google or those parties that provide the data (or by other persons or companies on their behalf). Your use of any such API may be subject to additional Terms of Service. You may not modify, rent, lease, loan, sell, distribute or create derivative works based on this data (either in whole or in part) unless allowed by the relevant Terms of Service.
build	Set up Android SDK	2025-09-15T00:23:14.0046685Z 
build	Set up Android SDK	2025-09-15T00:23:14.0047354Z 8.1.2 If you use any API to retrieve a user's data from Google, you acknowledge and agree that you shall retrieve data only with the user's explicit consent and only when, and for the limited purposes for which, the user has given you permission to do so.
build	Set up Android SDK	2025-09-15T00:23:14.0048092Z 
build	Set up Android SDK	2025-09-15T00:23:14.0048186Z 9. Terminating this License Agreement
build	Set up Android SDK	2025-09-15T00:23:14.0048361Z 
build	Set up Android SDK	2025-09-15T00:23:14.0048642Z 9.1 This License Agreement will continue to apply until terminated by either you or Google as set out below.
build	Set up Android SDK	2025-09-15T00:23:14.0049008Z 
build	Set up Android SDK	2025-09-15T00:23:14.0049342Z 9.2 If you want to terminate this License Agreement, you may do so by ceasing your use of the GDK and any relevant developer credentials.
build	Set up Android SDK	2025-09-15T00:23:14.0049764Z 
build	Set up Android SDK	2025-09-15T00:23:14.0051483Z 9.3 Google may at any time, terminate this License Agreement with you if: (A) you have breached any provision of this License Agreement; or (B) Google is required to do so by law; or (C) the partner with whom Google offered certain parts of GDK (such as APIs) to you has terminated its relationship with Google or ceased to offer certain parts of the GDK to you; or (D) Google decides to no longer provide the GDK or certain parts of the GDK to users in the country in which you are resident or from which you use the service, or the provision of the GDK or certain GDK services to you by Google is, in Google's sole discretion, no longer commercially viable.
build	Set up Android SDK	2025-09-15T00:23:14.0053275Z 
build	Set up Android SDK	2025-09-15T00:23:14.0054734Z 9.4 When this License Agreement comes to an end, all of the legal rights, obligations and liabilities that you and Google have benefited from, been subject to (or which have accrued over time whilst this License Agreement has been in force) or which are expressed to continue indefinitely, shall be unaffected by this cessation, and the provisions of paragraph 14.7 shall continue to apply to such rights, obligations and liabilities indefinitely.
build	Set up Android SDK	2025-09-15T00:23:14.0056074Z 
build	Set up Android SDK	2025-09-15T00:23:14.0056160Z 10. DISCLAIMER OF WARRANTIES
build	Set up Android SDK	2025-09-15T00:23:14.0056318Z 
build	Set up Android SDK	2025-09-15T00:23:14.0056758Z 10.1 YOU EXPRESSLY UNDERSTAND AND AGREE THAT YOUR USE OF THE GDK IS AT YOUR SOLE RISK AND THAT THE GDK IS PROVIDED "AS IS" AND "AS AVAILABLE" WITHOUT WARRANTY OF ANY KIND FROM GOOGLE.
build	Set up Android SDK	2025-09-15T00:23:14.0057282Z 
build	Set up Android SDK	2025-09-15T00:23:14.0057977Z 10.2 YOUR USE OF THE GDK AND ANY MATERIAL DOWNLOADED OR OTHERWISE OBTAINED THROUGH THE USE OF THE GDK IS AT YOUR OWN DISCRETION AND RISK AND YOU ARE SOLELY RESPONSIBLE FOR ANY DAMAGE TO YOUR COMPUTER SYSTEM OR OTHER DEVICE OR LOSS OF DATA THAT RESULTS FROM SUCH USE.
build	Set up Android SDK	2025-09-15T00:23:14.0058752Z 
build	Set up Android SDK	2025-09-15T00:23:14.0059469Z 10.3 GOOGLE FURTHER EXPRESSLY DISCLAIMS ALL WARRANTIES AND CONDITIONS OF ANY KIND, WHETHER EXPRESS OR IMPLIED, INCLUDING, BUT NOT LIMITED TO THE IMPLIED WARRANTIES AND CONDITIONS OF MERCHANTABILITY, FITNESS FOR A PARTICULAR PURPOSE AND NON-INFRINGEMENT.
build	Set up Android SDK	2025-09-15T00:23:14.0060413Z 
build	Set up Android SDK	2025-09-15T00:23:14.0060496Z 11. LIMITATION OF LIABILITY
build	Set up Android SDK	2025-09-15T00:23:14.0060635Z 
build	Set up Android SDK	2025-09-15T00:23:14.0061873Z 11.1 YOU EXPRESSLY UNDERSTAND AND AGREE THAT GOOGLE, ITS SUBSIDIARIES AND AFFILIATES, AND ITS LICENSORS SHALL NOT BE LIABLE TO YOU UNDER ANY THEORY OF LIABILITY FOR ANY DIRECT, INDIRECT, INCIDENTAL, SPECIAL, CONSEQUENTIAL OR EXEMPLARY DAMAGES THAT MAY BE INCURRED BY YOU, INCLUDING ANY LOSS OF DATA, WHETHER OR NOT GOOGLE OR ITS REPRESENTATIVES HAVE BEEN ADVISED OF OR SHOULD HAVE BEEN AWARE OF THE POSSIBILITY OF ANY SUCH LOSSES ARISING.
build	Set up Android SDK	2025-09-15T00:23:14.0063178Z 
build	Set up Android SDK	2025-09-15T00:23:14.0063258Z 12. Indemnification
build	Set up Android SDK	2025-09-15T00:23:14.0063370Z 
build	Set up Android SDK	2025-09-15T00:23:14.0065515Z 12.1 To the maximum extent permitted by law, you agree to defend, indemnify and hold harmless Google, its affiliates and their respective directors, officers, employees and agents from and against any and all claims, actions, suits or proceedings, as well as any and all losses, liabilities, damages, costs and expenses (including reasonable attorneys fees) arising out of or accruing from (a) your use of the GDK, (b) any application you develop on the GDK that infringes any copyright, trademark, trade secret, trade dress, patent or other intellectual property right of any person or defames any person or violates their rights of publicity or privacy, and (c) any non-compliance by you with this License Agreement.
build	Set up Android SDK	2025-09-15T00:23:14.0067730Z 
build	Set up Android SDK	2025-09-15T00:23:14.0067820Z 13. Changes to the License Agreement
build	Set up Android SDK	2025-09-15T00:23:14.0067993Z 
build	Set up Android SDK	2025-09-15T00:23:14.0068625Z 13.1 Google may make changes to the License Agreement as it distributes new versions of the GDK. When these changes are made, Google will make a new version of the License Agreement available on the website where the GDK is made available.
build	Set up Android SDK	2025-09-15T00:23:14.0069334Z 
build	Set up Android SDK	2025-09-15T00:23:14.0069413Z 14. General Legal Terms
build	Set up Android SDK	2025-09-15T00:23:14.0069539Z 
build	Set up Android SDK	2025-09-15T00:23:14.0070400Z 14.1 This License Agreement constitutes the whole legal agreement between you and Google and governs your use of the GDK (excluding any services which Google may provide to you under a separate written agreement), and completely replaces any prior agreements between you and Google in relation to the GDK.
build	Set up Android SDK	2025-09-15T00:23:14.0071338Z 
build	Set up Android SDK	2025-09-15T00:23:14.0072200Z 14.2 You agree that if Google does not exercise or enforce any legal right or remedy which is contained in this License Agreement (or which Google has the benefit of under any applicable law), this will not be taken to be a formal waiver of Google's rights and that those rights or remedies will still be available to Google.
build	Set up Android SDK	2025-09-15T00:23:14.0073135Z 
build	Set up Android SDK	2025-09-15T00:23:14.0074100Z 14.3 If any court of law, having the jurisdiction to decide on this matter, rules that any provision of this License Agreement is invalid, then that provision will be removed from this License Agreement without affecting the rest of this License Agreement. The remaining provisions of this License Agreement will continue to be valid and enforceable.
build	Set up Android SDK	2025-09-15T00:23:14.0075269Z 
build	Set up Android SDK	2025-09-15T00:23:14.0076518Z 14.4 You acknowledge and agree that each member of the group of companies of which Google is the parent shall be third party beneficiaries to this License Agreement and that such other companies shall be entitled to directly enforce, and rely upon, any provision of this License Agreement that confers a benefit on (or rights in favor of) them. Other than this, no other person or company shall be third party beneficiaries to this License Agreement.
build	Set up Android SDK	2025-09-15T00:23:14.0077841Z 
build	Set up Android SDK	2025-09-15T00:23:14.0078580Z 14.5 EXPORT RESTRICTIONS. THE GDK IS SUBJECT TO UNITED STATES EXPORT LAWS AND REGULATIONS. YOU MUST COMPLY WITH ALL DOMESTIC AND INTERNATIONAL EXPORT LAWS AND REGULATIONS THAT APPLY TO THE GDK. THESE LAWS INCLUDE RESTRICTIONS ON DESTINATIONS, END USERS AND END USE.
build	Set up Android SDK	2025-09-15T00:23:14.0079399Z 
build	Set up Android SDK	2025-09-15T00:23:14.0080363Z 14.6 The rights granted in this License Agreement may not be assigned or transferred by either you or Google without the prior written approval of the other party. Neither you nor Google shall be permitted to delegate their responsibilities or obligations under this License Agreement without the prior written approval of the other party.
build	Set up Android SDK	2025-09-15T00:23:14.0081525Z 
build	Set up Android SDK	2025-09-15T00:23:14.0083126Z 14.7 This License Agreement, and your relationship with Google under this License Agreement, shall be governed by the laws of the State of California without regard to its conflict of laws provisions. You and Google agree to submit to the exclusive jurisdiction of the courts located within the county of Santa Clara, California to resolve any legal matter arising from this License Agreement. Notwithstanding this, you agree that Google shall still be allowed to apply for injunctive remedies (or an equivalent type of urgent legal relief) in any jurisdiction.
build	Set up Android SDK	2025-09-15T00:23:14.0085168Z 
build	Set up Android SDK	2025-09-15T00:23:14.0085249Z November 19, 2013
build	Set up Android SDK	2025-09-15T00:23:14.0085461Z ---------------------------------------
build	Set up Android SDK	2025-09-15T00:23:14.0085702Z Accept? (y/N): 
build	Set up Android SDK	2025-09-15T00:23:14.0085919Z 6/6: License mips-android-sysimage-license:
build	Set up Android SDK	2025-09-15T00:23:14.0086177Z ---------------------------------------
build	Set up Android SDK	2025-09-15T00:23:14.0088112Z MIPS Technologies, Inc. (“MIPS”) Internal Evaluation License Agreement for MIPS Android™ System Images for Android Software Development Kit (SDK): This Internal Evaluation License Agreement (this "Agreement") is entered into by and between MIPS and you (as an individual developer or a legal entity -- identified below as “Recipient”). MIPS shall make the Evaluation Software available to Recipient as described in accordance with the terms and conditions set forth below.
build	Set up Android SDK	2025-09-15T00:23:14.0089572Z 
build	Set up Android SDK	2025-09-15T00:23:14.0091293Z By clicking on the “Accept” button, downloading, installing, or otherwise using the Evaluation Materials (defined below), you agree to be bound by the terms of this Agreement effective as of the date you click “Accept” (the “Effective Date”), and if doing so on behalf of an entity, you represent that you are authorized to bind the entity to the terms and conditions of this Agreement. If you do not agree to be bound by the terms and conditions of this Agreement, do not download, install, or use the Evaluation Materials.
build	Set up Android SDK	2025-09-15T00:23:14.0092810Z 
build	Set up Android SDK	2025-09-15T00:23:14.0092968Z 1. DEFINITIONS. These terms shall have the following meanings:
build	Set up Android SDK	2025-09-15T00:23:14.0093210Z 
build	Set up Android SDK	2025-09-15T00:23:14.0093722Z 1.1 “MIPS” shall mean MIPS Technologies, Inc., a Delaware corporation having a principal place of business at: 955 East Arques Ave., Sunnyvale, CA 94085
build	Set up Android SDK	2025-09-15T00:23:14.0094432Z 
build	Set up Android SDK	2025-09-15T00:23:14.0094977Z 1.2 “Evaluation Software” shall mean MIPS Android™ emulator system images for Android Software Development Kit (SDK), as made available to Recipient.
build	Set up Android SDK	2025-09-15T00:23:14.0095486Z 
build	Set up Android SDK	2025-09-15T00:23:14.0096581Z 1.3 “Evaluation Materials" means, collectively, the Evaluation Software (in source and/or object code form) and documentation (including, without limitation, any design documents, specifications, reference manuals, and other related materials) related to the Evaluation Software as made available to Recipient.
build	Set up Android SDK	2025-09-15T00:23:14.0097596Z 
build	Set up Android SDK	2025-09-15T00:23:14.0100965Z 1.4 “Open Source Software” means any software that requires (as a condition of use, modification and/or distribution of such software) that such software or other software incorporated into, derived from or distributed with such software (a) be disclosed or distributed in source code form; or (b) be licensed by the user to third parties for the purpose of making and/or distributing derivative works; or (c) be redistributable at no charge. Open Source Software includes, without limitation, software licensed or distributed under any of the following licenses or distribution models, or licenses or distribution models substantially similar to any of the following: (a) GNU’s General Public License (GPL) or Lesser/Library GPL (LGPL), (b) the Artistic License (e.g., PERL), (c) the Mozilla Public License, (d) the Netscape Public License, (e) the Sun Community Source License (SCSL), (f) the Sun Industry Source License (SISL), (g) the Apache Software license and (h) the Common Public License (CPL).
build	Set up Android SDK	2025-09-15T00:23:14.0104093Z 
build	Set up Android SDK	2025-09-15T00:23:14.0105264Z 1.5 “Pre-Release Materials” means “alpha” or “beta” designated pre-release features, which may not be fully functional, which MIPS may substantially modify in producing any production version of the Evaluation Materials, and/or which is still under development by MIPS and/or MIPS’ suppliers.
build	Set up Android SDK	2025-09-15T00:23:14.0106195Z 
build	Set up Android SDK	2025-09-15T00:23:14.0107878Z 2. PURPOSE. MIPS desires to make the Evaluation Materials available to Recipient solely for Recipient's internal evaluation of the Evaluation Software to evaluate the desirability of cooperating with MIPS in developing products that are compatible with the Evaluation Software and/or to advise MIPS as to possible modifications to the Evaluation Software. Recipient may not disclose, distribute, modify (except to facilitate the above-mentioned internal evaluation), or make commercial use of the Evaluation Materials or any modifications of the Evaluation Materials.
build	Set up Android SDK	2025-09-15T00:23:14.0109772Z 
build	Set up Android SDK	2025-09-15T00:23:14.0111030Z THE EVALUATION MATERIALS ARE PROVIDED FOR EVALUATION PURPOSES ONLY AND MAY NOT BE MODIFIED (EXCEPT TO FACILITATE THE INTERNAL EVALUATION) OR DISTRIBUTED BY RECIPIENT OR INCORPORATED INTO RECIPIENT’S PRODUCTS OR SOFTWARE. PLEASE CONTACT A MIPS SALES REPRESENTATIVE TO LEARN ABOUT THE AVAILABILITY AND COST OF A COMMERCIAL VERSION OF THE EVALUATION SOFTWARE.
build	Set up Android SDK	2025-09-15T00:23:14.0112155Z 
build	Set up Android SDK	2025-09-15T00:23:14.0112952Z 3. TITLE. Title to the Evaluation Materials remains with MIPS or its suppliers. Recipient shall not mortgage, pledge or encumber the Evaluation Materials in any way. Recipient shall return all Evaluation Materials, keeping no copies, upon termination or expiration of this Agreement.
build	Set up Android SDK	2025-09-15T00:23:14.0113840Z 
build	Set up Android SDK	2025-09-15T00:23:14.0117438Z 4. LICENSE. MIPS grants Recipient a royalty-free, personal, nontransferable, nonexclusive license under its copyrights to use the Evaluation Software only for the purposes described in paragraph 2 above and only for a period beginning on the Effective Date and extending to the first anniversary of the Effective Date (the “Evaluation Period”). Unless otherwise communicated in writing by MIPS to Recipient, to the extent the Evaluation Software is provided in more than one delivery or release (each, a “Release”) the license grant in this Section 4 and the Evaluation Period shall apply to each Release, in which case the Evaluation Period shall begin on the date that the Release is made generally available and continue to the first anniversary of such date. Recipient may not make modifications to the Evaluation Software. Recipient shall not disassemble, reverse-engineer, or decompile any software that is not provided to Recipient in source code form.
build	Set up Android SDK	2025-09-15T00:23:14.0120408Z 
build	Set up Android SDK	2025-09-15T00:23:14.0120415Z 
build	Set up Android SDK	2025-09-15T00:23:14.0121361Z EXCEPT AS PROVIDED HEREIN, NO OTHER LICENSE, EXPRESS OR IMPLIED, BY ESTOPPEL OR OTHERWISE, TO ANY OTHER MIPS INTELLECTUAL PROPERTY RIGHTS IS GRANTED TO THE RECIPIENT. OTHER THAN AS EXPLICITLY SET FORTH IN PARAGRAPH 2 ABOVE, NO RIGHT TO COPY, TO REPRODUCE, TO MODIFY, OR TO CREATE DERIVATIVE WORKS OF, THE EVALUATION MATERIALS IS GRANTED HEREIN.
build	Set up Android SDK	2025-09-15T00:23:14.0122392Z 
build	Set up Android SDK	2025-09-15T00:23:14.0123219Z 5. NO OBLIGATION. Recipient shall have no duty to purchase or license any product from MIPS. MIPS and its suppliers shall have no obligation to provide support for, or develop a non-evaluation version of, the Evaluation Software or to license any version of it.
build	Set up Android SDK	2025-09-15T00:23:14.0124637Z 
build	Set up Android SDK	2025-09-15T00:23:14.0130108Z 6. MODIFICATIONS. This Agreement does not obligate Recipient to provide MIPS with comments or suggestions regarding Evaluation Materials. However, should Recipient provide MIPS with comments or suggestions for the modification, correction, improvement or enhancement of (a) the Evaluation Materials or (b) MIPS products or processes which may embody the Evaluation Materials, then Recipient agrees to grant and hereby grants to MIPS a non-exclusive, irrevocable, worldwide, fully paid-up, royalty-free license, with the right to sublicense MIPS’ licensees and customers, under Recipient’s Intellectual property rights, to use and disclose such comments and suggestions in any manner MIPS chooses and to display, perform, copy, make, have made, use, sell, offer to sell, import, and otherwise dispose of MIPS’ and its sublicensee’s products embodying such comments and suggestions in any manner and via any media MIPS chooses, without reference to the source.
build	Set up Android SDK	2025-09-15T00:23:14.0133961Z 
build	Set up Android SDK	2025-09-15T00:23:14.0137033Z 7. WARRANTY DISCLAIMER. MIPS AND ITS SUPPLIERS MAKE NO WARRANTIES WITH RESPECT TO EVALUATION MATERIALS, EITHER EXPRESS OR IMPLIED, INCLUDING ANY IMPLIED WARRANTIES OF MERCHANTABILITY OR FITNESS FOR A PARTICULAR PURPOSE, OR ANY IMPLIED WARRANTY OF NONINFRINGEMENT WITH RESPECT TO THIRD PARTY INTELLECTUAL PROPERTY. RECIPIENT ACKNOWLEDGES AND AGREES THAT THE EVALUATION MATERIALS ARE PROVIDED “AS IS,” WITHOUT WARRANTY OF ANY KIND.
build	Set up Android SDK	2025-09-15T00:23:14.0138713Z 
build	Set up Android SDK	2025-09-15T00:23:14.0140439Z 8. LIMITATION OF LIABILITY. MIPS AND ITS SUPPLIERS SHALL NOT BE LIABLE FOR ANY PROPERTY DAMAGE, PERSONAL INJURY, LOSS OF PROFITS, INTERRUPTION OF BUSINESS OR FOR ANY DIRECT, INDIRECT, SPECIAL, CONSEQUENTIAL OR INCIDENTAL DAMAGES, HOWEVER CAUSED OR ALLEGED, WHETHER FOR BREACH OF WARRANTY, CONTRACT, STRICT LIABILITY OR OTHERWISE, INCLUDING WITHOUT LIMITATION, UNDER TORT OR OTHER LEGAL THEORY. MIPS AND ITS SUPPLIERS DISCLAIM ANY AND ALL LIABILITY, INCLUDING LIABILITY FOR INFRINGEMENT OF ANY INTELLECTUAL PROPERTY RIGHTS OF ANY KIND RELATING TO THE EVALUATION MATERIALS.
build	Set up Android SDK	2025-09-15T00:23:14.0142219Z 
build	Set up Android SDK	2025-09-15T00:23:14.0142912Z 9. EXPIRATION. MIPS may terminate this Agreement immediately after a breach by Recipient or otherwise at MIPS’ reasonable discretion and upon five (5) business days’ notice to Recipient.
build	Set up Android SDK	2025-09-15T00:23:14.0143553Z 
build	Set up Android SDK	2025-09-15T00:23:14.0143633Z 10. GENERAL.
build	Set up Android SDK	2025-09-15T00:23:14.0143748Z 
build	Set up Android SDK	2025-09-15T00:23:14.0147004Z 10.1 Controlling Law. This Agreement shall be governed by California law excluding its choice of law rules. With the exception of MIPS’ rights to enforce its intellectual property rights and any confidentiality obligations under this Agreement or any licenses distributed with the Evaluation Materials, all disputes and any claims arising under or relating to this Agreement shall be subject to the exclusive jurisdiction and venue of the state and federal courts located in Santa Clara County, California. Each party hereby agrees to jurisdiction and venue in the courts set forth in the preceding sentence. The parties agree that the United Nations Convention on Contracts for the International Sale of Goods is specifically excluded from application to this Agreement. The parties consent to the personal jurisdiction of the above courts.
build	Set up Android SDK	2025-09-15T00:23:14.0149598Z 
build	Set up Android SDK	2025-09-15T00:23:14.0151035Z 10.2 Remedies. Recipient acknowledges and agrees that any breach of confidentiality obligations under this Agreement or any licenses distributed with the Evaluation Materials, as well as any disclosure, commercialization, or public use of the Evaluation Materials, would cause irreparable injury to MIPS, and therefore Recipient agrees to consent to, and hereby consents to, the grant of an injunction by any court of competent jurisdiction in the event of an actual or threatened breach.
build	Set up Android SDK	2025-09-15T00:23:14.0152795Z 
build	Set up Android SDK	2025-09-15T00:23:14.0155381Z 10.3 Assignment. Recipient may not delegate, assign or transfer this Agreement, the license granted or any of Recipient’s rights, obligations, or duties hereunder, expressly, by implication, by operation of law, by way of merger (regardless of whether Recipient is the surviving entity) or acquisition, or otherwise and any attempt to do so, without MIPS’ express prior written consent, shall be ineffective, null and void. MIPS may freely assign this Agreement, and its rights and obligations hereunder, in its sole discretion.
build	Set up Android SDK	2025-09-15T00:23:14.0157285Z 
build	Set up Android SDK	2025-09-15T00:23:14.0159082Z 10.4 Entire Agreement. This Agreement constitutes the entire agreement between Recipient and MIPS and supersedes in their entirety any and all oral or written agreements previously existing between Recipient and MIPS with respect to the subject matter hereof. This Agreement may only be amended or supplemented by a writing that refers explicitly to this Agreement and that is signed or otherwise accepted by duly authorized representatives of Recipient and MIPS.
build	Set up Android SDK	2025-09-15T00:23:14.0160700Z 
build	Set up Android SDK	2025-09-15T00:23:14.0162209Z 10.5 Severability. In the event that any provision of this Agreement is finally adjudicated to be unenforceable or invalid under any applicable law, such unenforceability or invalidity shall not render this Agreement unenforceable or invalid as a whole, and, in such event, such unenforceable or invalid provision shall be interpreted so as to best accomplish the objectives of such provision within the limits of applicable law or applicable court decisions.
build	Set up Android SDK	2025-09-15T00:23:14.0163777Z 
build	Set up Android SDK	2025-09-15T00:23:14.0168289Z 10.6 Export Regulations / Export Control. Recipient shall not export, either directly or indirectly, any product, service or technical data or system incorporating the Evaluation Materials without first obtaining any required license or other necessary approval from the U.S. Department of Commerce or any other governing agency or department of the United States Government. In the event any product is exported from the United States or re-exported from a foreign destination by Recipient, Recipient shall ensure that the distribution and export/re-export or import of the product is in compliance with all applicable laws, regulations, orders, or other restrictions of the U.S. Export Administration Regulations and the appropriate foreign government. Recipient agrees that neither it nor any of its subsidiaries will export/re-export any technical data, process, product, or service, directly or indirectly, to any country for which the United States government or any agency thereof or the foreign government from where it is shipping requires an export license, or other governmental approval, without first obtaining such license or approval. Recipient also agrees to implement measures to ensure that foreign national employees are authorized to receive any information controlled by U.S. export control laws. An export is "deemed" to take place when information is released to a foreign national wherever located.
build	Set up Android SDK	2025-09-15T00:23:14.0172763Z 
build	Set up Android SDK	2025-09-15T00:23:14.0176430Z 10.7 Special Terms for Pre-Release Materials. If so indicated in the description of the Evaluation Software, the Evaluation Software may contain Pre-Release Materials. Recipient hereby understands, acknowledges and agrees that: (i) Pre-Release Materials may not be fully tested and may contain bugs or errors; (ii) Pre-Release materials are not suitable for commercial release in their current state; (iii) regulatory approvals for Pre-Release Materials (such as UL or FCC) have not been obtained, and Pre-Release Materials may therefore not be certified for use in certain countries or environments or may not be suitable for certain applications and (iv) MIPS can provide no assurance that it will ever produce or make generally available a production version of the Pre-Release Materials . MIPS is not under any obligation to develop and/or release or offer for sale or license a final product based upon the Pre-Release Materials and may unilaterally elect to abandon the Pre-Release Materials or any such development platform at any time and without any obligation or liability whatsoever to Recipient or any other person.
build	Set up Android SDK	2025-09-15T00:23:14.0179925Z 
build	Set up Android SDK	2025-09-15T00:23:14.0180551Z ANY PRE-RELEASE MATERIALS ARE NON-QUALIFIED AND, AS SUCH, ARE PROVIDED “AS IS” AND “AS AVAILABLE”, POSSIBLY WITH FAULTS, AND WITHOUT REPRESENTATION OR WARRANTY OF ANY KIND.
build	Set up Android SDK	2025-09-15T00:23:14.0181104Z 
build	Set up Android SDK	2025-09-15T00:23:14.0182965Z 10.8 Open Source Software. In the event Open Source software is included with Evaluation Software, such Open Source software is licensed pursuant to the applicable Open Source software license agreement identified in the Open Source software comments in the applicable source code file(s) and/or file header as indicated in the Evaluation Software. Additional detail may be available (where applicable) in the accompanying on-line documentation. With respect to the Open Source software, nothing in this Agreement limits any rights under, or grants rights that supersede, the terms of any applicable Open Source software license agreement.
build	Set up Android SDK	2025-09-15T00:23:14.0185323Z ---------------------------------------
build	Set up Android SDK	2025-09-15T00:23:14.0185618Z Accept? (y/N): All SDK package licenses accepted
build	Set up Android SDK	2025-09-15T00:23:14.0185815Z 
build	Set up Android SDK	2025-09-15T00:23:14.0186016Z [command]/usr/local/lib/android/sdk/cmdline-tools/16.0/bin/sdkmanager tools
build	Set up Android SDK	2025-09-15T00:23:14.7312026Z Loading package information...                                                  
build	Set up Android SDK	2025-09-15T00:23:14.8149183Z Loading local repository...                                                     
build	Set up Android SDK	2025-09-15T00:23:14.8152149Z [                                       ] 3% Loading local repository...        
build	Set up Android SDK	2025-09-15T00:23:14.8256500Z [                                       ] 3% Fetch remote repository...         
build	Set up Android SDK	2025-09-15T00:23:15.1984699Z [=                                      ] 3% Fetch remote repository...         
build	Set up Android SDK	2025-09-15T00:23:15.2894458Z [=                                      ] 4% Fetch remote repository...         
build	Set up Android SDK	2025-09-15T00:23:15.3240105Z [=                                      ] 5% Fetch remote repository...         
build	Set up Android SDK	2025-09-15T00:23:15.3894933Z [==                                     ] 5% Fetch remote repository...         
build	Set up Android SDK	2025-09-15T00:23:15.4660452Z [==                                     ] 6% Fetch remote repository...         
build	Set up Android SDK	2025-09-15T00:23:15.5378565Z [==                                     ] 7% Fetch remote repository...         
build	Set up Android SDK	2025-09-15T00:23:15.5379261Z [==                                     ] 7% Computing updates...               
build	Set up Android SDK	2025-09-15T00:23:15.5496402Z [===                                    ] 8% Computing updates...               
build	Set up Android SDK	2025-09-15T00:23:15.5709183Z [===                                    ] 10% Computing updates...              
build	Set up Android SDK	2025-09-15T00:23:16.2091094Z [===                                    ] 10% Installing Android Emulator       
build	Set up Android SDK	2025-09-15T00:23:16.3321555Z [===                                    ] 10% Downloading emulator-linux_x64-138
build	Set up Android SDK	2025-09-15T00:23:16.4667448Z [====                                   ] 10% Downloading emulator-linux_x64-138
build	Set up Android SDK	2025-09-15T00:23:16.7475444Z [====                                   ] 11% Downloading emulator-linux_x64-138
build	Set up Android SDK	2025-09-15T00:23:16.9720553Z [====                                   ] 12% Downloading emulator-linux_x64-138
build	Set up Android SDK	2025-09-15T00:23:17.2287376Z [=====                                  ] 13% Downloading emulator-linux_x64-138
build	Set up Android SDK	2025-09-15T00:23:17.4282902Z [=====                                  ] 14% Downloading emulator-linux_x64-138
build	Set up Android SDK	2025-09-15T00:23:17.5711466Z [=====                                  ] 15% Downloading emulator-linux_x64-138
build	Set up Android SDK	2025-09-15T00:23:17.7086035Z [======                                 ] 15% Downloading emulator-linux_x64-138
build	Set up Android SDK	2025-09-15T00:23:17.9469905Z [======                                 ] 16% Downloading emulator-linux_x64-138
build	Set up Android SDK	2025-09-15T00:23:18.1641406Z [======                                 ] 17% Downloading emulator-linux_x64-138
build	Set up Android SDK	2025-09-15T00:23:18.4060371Z [=======                                ] 18% Downloading emulator-linux_x64-138
build	Set up Android SDK	2025-09-15T00:23:18.6268744Z [=======                                ] 19% Downloading emulator-linux_x64-138
build	Set up Android SDK	2025-09-15T00:23:18.7351086Z [=======                                ] 20% Downloading emulator-linux_x64-138
build	Set up Android SDK	2025-09-15T00:23:18.8573216Z [========                               ] 20% Downloading emulator-linux_x64-138
build	Set up Android SDK	2025-09-15T00:23:18.9975530Z [========                               ] 21% Downloading emulator-linux_x64-138
build	Set up Android SDK	2025-09-15T00:23:19.0848900Z [========                               ] 21% Unzipping...                      
build	Set up Android SDK	2025-09-15T00:23:19.0850707Z [========                               ] 21% Unzipping... emulator/            
build	Set up Android SDK	2025-09-15T00:23:19.0868133Z [========                               ] 21% Unzipping... emulator/LICENSE     
build	Set up Android SDK	2025-09-15T00:23:19.0868710Z [========                               ] 21% Unzipping... emulator/qemu/       
build	Set up Android SDK	2025-09-15T00:23:19.0917285Z [========                               ] 21% Unzipping... emulator/NOTICE.txt  
build	Set up Android SDK	2025-09-15T00:23:19.0920913Z [========                               ] 21% Unzipping... emulator/android-info
build	Set up Android SDK	2025-09-15T00:23:19.0922963Z [========                               ] 21% Unzipping... emulator/include/    
build	Set up Android SDK	2025-09-15T00:23:19.0923989Z [========                               ] 21% Unzipping... emulator/resources/  
build	Set up Android SDK	2025-09-15T00:23:19.1243858Z [========                               ] 21% Unzipping... emulator/emulator    
build	Set up Android SDK	2025-09-15T00:23:19.2001049Z [========                               ] 21% Unzipping... emulator/nimble_bridg
build	Set up Android SDK	2025-09-15T00:23:19.2002776Z [========                               ] 21% Unzipping... emulator/lib/        
build	Set up Android SDK	2025-09-15T00:23:19.2003731Z [========                               ] 21% Unzipping... emulator/bin64/      
build	Set up Android SDK	2025-09-15T00:23:19.2004806Z [========                               ] 21% Unzipping... emulator/lib64/      
build	Set up Android SDK	2025-09-15T00:23:19.2261806Z [========                               ] 21% Unzipping... emulator/emulator-che
build	Set up Android SDK	2025-09-15T00:23:19.2560134Z [========                               ] 21% Unzipping... emulator/crashreport 
build	Set up Android SDK	2025-09-15T00:23:19.2587111Z [========                               ] 21% Unzipping... emulator/crashpad_han
build	Set up Android SDK	2025-09-15T00:23:19.2802285Z [========                               ] 22% Unzipping... emulator/crashpad_han
build	Set up Android SDK	2025-09-15T00:23:19.3078901Z [========                               ] 22% Unzipping... emulator/qsn         
build	Set up Android SDK	2025-09-15T00:23:19.3079606Z [========                               ] 22% Unzipping... emulator/mksdcard    
build	Set up Android SDK	2025-09-15T00:23:19.3082517Z [========                               ] 22% Unzipping... emulator/NOTICE.csv  
build	Set up Android SDK	2025-09-15T00:23:19.4373850Z [========                               ] 22% Unzipping... emulator/netsimd     
build	Set up Android SDK	2025-09-15T00:23:19.4376212Z [========                               ] 22% Unzipping... emulator/source.prope
build	Set up Android SDK	2025-09-15T00:23:19.4458751Z [========                               ] 22% Unzipping... emulator/qemu-img    
build	Set up Android SDK	2025-09-15T00:23:19.6104888Z [========                               ] 22% Unzipping... emulator/qemu/linux-x
build	Set up Android SDK	2025-09-15T00:23:19.9417247Z [=========                              ] 23% Unzipping... emulator/qemu/linux-x
build	Set up Android SDK	2025-09-15T00:23:20.3034430Z [=========                              ] 24% Unzipping... emulator/qemu/linux-x
build	Set up Android SDK	2025-09-15T00:23:20.4830436Z [=========                              ] 25% Unzipping... emulator/qemu/linux-x
build	Set up Android SDK	2025-09-15T00:23:20.5108785Z [==========                             ] 25% Unzipping... emulator/qemu/linux-x
build	Set up Android SDK	2025-09-15T00:23:20.5219605Z [==========                             ] 25% Unzipping... emulator/include/flat
build	Set up Android SDK	2025-09-15T00:23:20.5545538Z [==========                             ] 25% Unzipping... emulator/resources/To
build	Set up Android SDK	2025-09-15T00:23:20.5546197Z [==========                             ] 25% Unzipping... emulator/resources/ma
build	Set up Android SDK	2025-09-15T00:23:20.5559592Z [==========                             ] 25% Unzipping... emulator/resources/po
build	Set up Android SDK	2025-09-15T00:23:20.5561288Z [==========                             ] 25% Unzipping... emulator/resources/ma
build	Set up Android SDK	2025-09-15T00:23:20.5564705Z [==========                             ] 25% Unzipping... emulator/resources/To
build	Set up Android SDK	2025-09-15T00:23:20.5651230Z [==========                             ] 25% Unzipping... emulator/resources/ma
build	Set up Android SDK	2025-09-15T00:23:20.5657925Z [==========                             ] 25% Unzipping... emulator/lib/emulated
build	Set up Android SDK	2025-09-15T00:23:20.5673982Z [==========                             ] 25% Unzipping... emulator/lib/ca-bundl
build	Set up Android SDK	2025-09-15T00:23:20.5677710Z [==========                             ] 25% Unzipping... emulator/lib/grpc_end
build	Set up Android SDK	2025-09-15T00:23:20.5684149Z [==========                             ] 25% Unzipping... emulator/lib/emulator
build	Set up Android SDK	2025-09-15T00:23:20.5688165Z [==========                             ] 25% Unzipping... emulator/lib/emu-orig
build	Set up Android SDK	2025-09-15T00:23:20.5821190Z [==========                             ] 25% Unzipping... emulator/lib/libflatb
build	Set up Android SDK	2025-09-15T00:23:20.6010113Z [==========                             ] 26% Unzipping... emulator/lib/libflatb
build	Set up Android SDK	2025-09-15T00:23:20.6014885Z [==========                             ] 26% Unzipping... emulator/lib/rtc_serv
build	Set up Android SDK	2025-09-15T00:23:20.6018027Z [==========                             ] 26% Unzipping... emulator/lib/waterfal
build	Set up Android SDK	2025-09-15T00:23:20.6020888Z [==========                             ] 26% Unzipping... emulator/lib/emulator
build	Set up Android SDK	2025-09-15T00:23:20.6021738Z [==========                             ] 26% Unzipping... emulator/lib/pkgconfi
build	Set up Android SDK	2025-09-15T00:23:20.6025605Z [==========                             ] 26% Unzipping... emulator/lib/snapshot
build	Set up Android SDK	2025-09-15T00:23:20.6033593Z [==========                             ] 26% Unzipping... emulator/lib/hostapd.
build	Set up Android SDK	2025-09-15T00:23:20.6037717Z [==========                             ] 26% Unzipping... emulator/lib/advanced
build	Set up Android SDK	2025-09-15T00:23:20.6043636Z [==========                             ] 26% Unzipping... emulator/lib/pc-bios/
build	Set up Android SDK	2025-09-15T00:23:20.6044498Z [==========                             ] 26% Unzipping... emulator/lib/ui_contr
build	Set up Android SDK	2025-09-15T00:23:20.6045972Z [==========                             ] 26% Unzipping... emulator/lib/control_
build	Set up Android SDK	2025-09-15T00:23:20.6046921Z [==========                             ] 26% Unzipping... emulator/lib/cmake/  
build	Set up Android SDK	2025-09-15T00:23:20.6050428Z [==========                             ] 26% Unzipping... emulator/lib/emulator
build	Set up Android SDK	2025-09-15T00:23:20.6055577Z [==========                             ] 26% Unzipping... emulator/lib/hardware
build	Set up Android SDK	2025-09-15T00:23:20.6057986Z [==========                             ] 26% Unzipping... emulator/lib/adb_serv
build	Set up Android SDK	2025-09-15T00:23:20.6061215Z [==========                             ] 26% Unzipping... emulator/lib/ice_conf
build	Set up Android SDK	2025-09-15T00:23:20.6064704Z [==========                             ] 26% Unzipping... emulator/lib/snapshot
build	Set up Android SDK	2025-09-15T00:23:20.6068814Z [==========                             ] 26% Unzipping... emulator/lib/rtc_serv
build	Set up Android SDK	2025-09-15T00:23:20.6071288Z [==========                             ] 26% Unzipping... emulator/lib/pkgconfi
build	Set up Android SDK	2025-09-15T00:23:20.6286051Z [==========                             ] 26% Unzipping... emulator/lib/pc-bios/
build	Set up Android SDK	2025-09-15T00:23:20.6298860Z [==========                             ] 26% Unzipping... emulator/lib/cmake/fl
build	Set up Android SDK	2025-09-15T00:23:20.6331258Z [==========                             ] 26% Unzipping... emulator/bin64/mkfs.e
build	Set up Android SDK	2025-09-15T00:23:20.6349435Z [==========                             ] 26% Unzipping... emulator/bin64/resize
build	Set up Android SDK	2025-09-15T00:23:20.6392312Z [==========                             ] 26% Unzipping... emulator/bin64/fsck.e
build	Set up Android SDK	2025-09-15T00:23:20.6435638Z [==========                             ] 26% Unzipping... emulator/bin64/e2fsck
build	Set up Android SDK	2025-09-15T00:23:20.6459191Z [==========                             ] 26% Unzipping... emulator/bin64/tune2f
build	Set up Android SDK	2025-09-15T00:23:20.6505592Z [==========                             ] 26% Unzipping... emulator/lib64/libabs
build	Set up Android SDK	2025-09-15T00:23:20.6513149Z [==========                             ] 26% Unzipping... emulator/lib64/liband
build	Set up Android SDK	2025-09-15T00:23:20.6514797Z [==========                             ] 26% Unzipping... emulator/lib64/qt/   
build	Set up Android SDK	2025-09-15T00:23:20.7217619Z [==========                             ] 26% Unzipping... emulator/lib64/libgfx
build	Set up Android SDK	2025-09-15T00:23:20.7344423Z [==========                             ] 26% Unzipping... emulator/lib64/libpro
build	Set up Android SDK	2025-09-15T00:23:20.7406595Z [==========                             ] 26% Unzipping... emulator/lib64/libc++
build	Set up Android SDK	2025-09-15T00:23:20.7415084Z [==========                             ] 26% Unzipping... emulator/lib64/libdrm
build	Set up Android SDK	2025-09-15T00:23:20.7611590Z [==========                             ] 26% Unzipping... emulator/lib64/liband
build	Set up Android SDK	2025-09-15T00:23:20.7612779Z [==========                             ] 26% Unzipping... emulator/lib64/vulkan
build	Set up Android SDK	2025-09-15T00:23:20.7723136Z [==========                             ] 26% Unzipping... emulator/lib64/liband
build	Set up Android SDK	2025-09-15T00:23:20.7795015Z [==========                             ] 26% Unzipping... emulator/lib64/libgli
build	Set up Android SDK	2025-09-15T00:23:20.7798066Z [==========                             ] 26% Unzipping... emulator/lib64/libima
build	Set up Android SDK	2025-09-15T00:23:20.7799039Z [==========                             ] 26% Unzipping... emulator/lib64/gles_m
build	Set up Android SDK	2025-09-15T00:23:20.7860583Z [==========                             ] 26% Unzipping... emulator/lib64/libc++
build	Set up Android SDK	2025-09-15T00:23:20.7917898Z [==========                             ] 26% Unzipping... emulator/lib64/libzst
build	Set up Android SDK	2025-09-15T00:23:20.7921697Z [==========                             ] 26% Unzipping... emulator/lib64/libemu
build	Set up Android SDK	2025-09-15T00:23:20.7927926Z [==========                             ] 26% Unzipping... emulator/lib64/liband
build	Set up Android SDK	2025-09-15T00:23:20.7928957Z [==========                             ] 26% Unzipping... emulator/lib64/gles_s
build	Set up Android SDK	2025-09-15T00:23:20.7947246Z [==========                             ] 26% Unzipping... emulator/lib64/libtcm
build	Set up Android SDK	2025-09-15T00:23:20.8018549Z [==========                             ] 26% Unzipping... emulator/lib64/libsha
build	Set up Android SDK	2025-09-15T00:23:20.9479363Z [==========                             ] 26% Unzipping... emulator/lib64/liband
build	Set up Android SDK	2025-09-15T00:23:20.9481135Z [==========                             ] 26% Unzipping... emulator/lib64/gles_a
build	Set up Android SDK	2025-09-15T00:23:20.9626926Z [==========                             ] 26% Unzipping... emulator/lib64/libpro
build	Set up Android SDK	2025-09-15T00:23:20.9915163Z [==========                             ] 26% Unzipping... emulator/lib64/liband
build	Set up Android SDK	2025-09-15T00:23:20.9916344Z [==========                             ] 26% Unzipping... emulator/lib64/qt/res
build	Set up Android SDK	2025-09-15T00:23:20.9917801Z [==========                             ] 26% Unzipping... emulator/lib64/qt/tra
build	Set up Android SDK	2025-09-15T00:23:20.9918382Z [==========                             ] 26% Unzipping... emulator/lib64/qt/lib
build	Set up Android SDK	2025-09-15T00:23:20.9918943Z [==========                             ] 26% Unzipping... emulator/lib64/qt/plu
build	Set up Android SDK	2025-09-15T00:23:20.9933375Z [==========                             ] 26% Unzipping... emulator/lib64/qt/res
build	Set up Android SDK	2025-09-15T00:23:21.0769753Z [==========                             ] 27% Unzipping... emulator/lib64/qt/res
build	Set up Android SDK	2025-09-15T00:23:21.2006011Z [==========                             ] 27% Unzipping... emulator/lib64/qt/tra
build	Set up Android SDK	2025-09-15T00:23:21.2910678Z [==========                             ] 27% Unzipping... emulator/lib64/qt/lib
build	Set up Android SDK	2025-09-15T00:23:21.6409146Z [===========                            ] 28% Unzipping... emulator/lib64/qt/lib
build	Set up Android SDK	2025-09-15T00:23:22.0089994Z [===========                            ] 29% Unzipping... emulator/lib64/qt/lib
build	Set up Android SDK	2025-09-15T00:23:22.2026770Z [===========                            ] 30% Unzipping... emulator/lib64/qt/lib
build	Set up Android SDK	2025-09-15T00:23:22.2875439Z [============                           ] 30% Unzipping... emulator/lib64/qt/lib
build	Set up Android SDK	2025-09-15T00:23:22.4134765Z [============                           ] 31% Unzipping... emulator/lib64/qt/lib
build	Set up Android SDK	2025-09-15T00:23:22.4257907Z [============                           ] 31% Unzipping... emulator/lib64/qt/plu
build	Set up Android SDK	2025-09-15T00:23:22.6683485Z [============                           ] 31% Unzipping... emulator/lib64/vulkan
build	Set up Android SDK	2025-09-15T00:23:22.7541986Z [============                           ] 32% Unzipping... emulator/lib64/vulkan
build	Set up Android SDK	2025-09-15T00:23:22.9481461Z [============                           ] 32% Unzipping... emulator/lib64/gles_m
build	Set up Android SDK	2025-09-15T00:23:23.0252795Z [============                           ] 32% Unzipping... emulator/lib64/gles_s
build	Set up Android SDK	2025-09-15T00:23:23.0885186Z [============                           ] 32% Unzipping... emulator/lib64/gles_a
build	Set up Android SDK	2025-09-15T00:23:23.1616779Z [=============                          ] 33% Unzipping... emulator/lib64/gles_a
build	Set up Android SDK	2025-09-15T00:23:23.9868167Z [=====================                  ] 55% Unzipping... emulator/lib64/gles_a
build	Set up Android SDK	2025-09-15T00:23:24.0143019Z [=====================                  ] 55% Installing Android SDK Tools emula
build	Set up Android SDK	2025-09-15T00:23:24.0304968Z [=====================                  ] 55% Downloading sdk-tools-linux-433379
build	Set up Android SDK	2025-09-15T00:23:24.0799812Z [======================                 ] 55% Downloading sdk-tools-linux-433379
build	Set up Android SDK	2025-09-15T00:23:24.2109887Z [======================                 ] 56% Downloading sdk-tools-linux-433379
build	Set up Android SDK	2025-09-15T00:23:24.3461091Z [======================                 ] 57% Downloading sdk-tools-linux-433379
build	Set up Android SDK	2025-09-15T00:23:24.5149567Z [=======================                ] 58% Downloading sdk-tools-linux-433379
build	Set up Android SDK	2025-09-15T00:23:24.6050829Z [=======================                ] 59% Downloading sdk-tools-linux-433379
build	Set up Android SDK	2025-09-15T00:23:24.6669148Z [=======================                ] 60% Downloading sdk-tools-linux-433379
build	Set up Android SDK	2025-09-15T00:23:24.7140458Z [========================               ] 60% Downloading sdk-tools-linux-433379
build	Set up Android SDK	2025-09-15T00:23:24.8324623Z [========================               ] 61% Downloading sdk-tools-linux-433379
build	Set up Android SDK	2025-09-15T00:23:24.9630515Z [========================               ] 62% Downloading sdk-tools-linux-433379
build	Set up Android SDK	2025-09-15T00:23:25.0655215Z [=========================              ] 63% Downloading sdk-tools-linux-433379
build	Set up Android SDK	2025-09-15T00:23:25.2192695Z [=========================              ] 64% Downloading sdk-tools-linux-433379
build	Set up Android SDK	2025-09-15T00:23:25.2910469Z [=========================              ] 65% Downloading sdk-tools-linux-433379
build	Set up Android SDK	2025-09-15T00:23:25.3852730Z [==========================             ] 65% Downloading sdk-tools-linux-433379
build	Set up Android SDK	2025-09-15T00:23:25.6248756Z [==========================             ] 66% Downloading sdk-tools-linux-433379
build	Set up Android SDK	2025-09-15T00:23:25.6754044Z [==========================             ] 66% Unzipping... emulator/lib64/gles_a
build	Set up Android SDK	2025-09-15T00:23:25.6765007Z [==========================             ] 66% Unzipping... tools/               
build	Set up Android SDK	2025-09-15T00:23:25.6765664Z [==========================             ] 66% Unzipping... tools/proguard/      
build	Set up Android SDK	2025-09-15T00:23:25.6766738Z [==========================             ] 66% Unzipping... tools/proguard/licens
build	Set up Android SDK	2025-09-15T00:23:25.6767515Z [==========================             ] 66% Unzipping... tools/proguard/lib/  
build	Set up Android SDK	2025-09-15T00:23:25.6798688Z [==========================             ] 66% Unzipping... tools/proguard/lib/pr
build	Set up Android SDK	2025-09-15T00:23:25.6800864Z [==========================             ] 66% Unzipping... tools/proguard/lib/re
build	Set up Android SDK	2025-09-15T00:23:25.6810950Z [==========================             ] 66% Unzipping... tools/proguard/lib/pr
build	Set up Android SDK	2025-09-15T00:23:25.6841004Z [==========================             ] 66% Unzipping... tools/proguard/ant/  
build	Set up Android SDK	2025-09-15T00:23:25.6842423Z [==========================             ] 66% Unzipping... tools/proguard/ant/ta
build	Set up Android SDK	2025-09-15T00:23:25.6843061Z [==========================             ] 66% Unzipping... tools/proguard/docs/ 
build	Set up Android SDK	2025-09-15T00:23:25.6843657Z [==========================             ] 66% Unzipping... tools/proguard/docs/f
build	Set up Android SDK	2025-09-15T00:23:25.6844426Z [==========================             ] 66% Unzipping... tools/proguard/docs/s
build	Set up Android SDK	2025-09-15T00:23:25.6844976Z [==========================             ] 66% Unzipping... tools/proguard/docs/d
build	Set up Android SDK	2025-09-15T00:23:25.6845538Z [==========================             ] 66% Unzipping... tools/proguard/docs/s
build	Set up Android SDK	2025-09-15T00:23:25.6846096Z [==========================             ] 66% Unzipping... tools/proguard/docs/F
build	Set up Android SDK	2025-09-15T00:23:25.6846672Z [==========================             ] 66% Unzipping... tools/proguard/docs/s
build	Set up Android SDK	2025-09-15T00:23:25.6847388Z [==========================             ] 66% Unzipping... tools/proguard/docs/l
build	Set up Android SDK	2025-09-15T00:23:25.6847960Z [==========================             ] 66% Unzipping... tools/proguard/docs/s
build	Set up Android SDK	2025-09-15T00:23:25.6851414Z [==========================             ] 66% Unzipping... tools/proguard/docs/d
build	Set up Android SDK	2025-09-15T00:23:25.6857819Z [==========================             ] 66% Unzipping... tools/proguard/docs/s
build	Set up Android SDK	2025-09-15T00:23:25.6860395Z [==========================             ] 66% Unzipping... tools/proguard/docs/r
build	Set up Android SDK	2025-09-15T00:23:25.6861969Z [==========================             ] 66% Unzipping... tools/proguard/docs/d
build	Set up Android SDK	2025-09-15T00:23:25.6869160Z [==========================             ] 66% Unzipping... tools/proguard/docs/t
build	Set up Android SDK	2025-09-15T00:23:25.6870993Z [==========================             ] 66% Unzipping... tools/proguard/docs/f
build	Set up Android SDK	2025-09-15T00:23:25.6872299Z [==========================             ] 66% Unzipping... tools/proguard/docs/s
build	Set up Android SDK	2025-09-15T00:23:25.6873733Z [==========================             ] 66% Unzipping... tools/proguard/docs/t
build	Set up Android SDK	2025-09-15T00:23:25.6876299Z [==========================             ] 66% Unzipping... tools/proguard/docs/i
build	Set up Android SDK	2025-09-15T00:23:25.6880715Z [==========================             ] 66% Unzipping... tools/proguard/docs/s
build	Set up Android SDK	2025-09-15T00:23:25.6883264Z [==========================             ] 66% Unzipping... tools/proguard/docs/m
build	Set up Android SDK	2025-09-15T00:23:25.6885697Z [==========================             ] 66% Unzipping... tools/proguard/docs/s
build	Set up Android SDK	2025-09-15T00:23:25.6889251Z [==========================             ] 66% Unzipping... tools/proguard/docs/q
build	Set up Android SDK	2025-09-15T00:23:25.6891740Z [==========================             ] 66% Unzipping... tools/proguard/docs/G
build	Set up Android SDK	2025-09-15T00:23:25.6894517Z [==========================             ] 66% Unzipping... tools/proguard/docs/t
build	Set up Android SDK	2025-09-15T00:23:25.6907270Z [==========================             ] 66% Unzipping... tools/proguard/docs/s
build	Set up Android SDK	2025-09-15T00:23:25.6950115Z [==========================             ] 66% Unzipping... tools/proguard/docs/m
build	Set up Android SDK	2025-09-15T00:23:25.6951989Z [==========================             ] 66% Unzipping... tools/proguard/docs/s
build	Set up Android SDK	2025-09-15T00:23:25.6954561Z [==========================             ] 66% Unzipping... tools/proguard/docs/G
build	Set up Android SDK	2025-09-15T00:23:25.6957034Z [==========================             ] 66% Unzipping... tools/proguard/docs/c
build	Set up Android SDK	2025-09-15T00:23:25.6962260Z [==========================             ] 66% Unzipping... tools/proguard/docs/a
build	Set up Android SDK	2025-09-15T00:23:25.6970985Z [==========================             ] 66% Unzipping... tools/proguard/docs/s
build	Set up Android SDK	2025-09-15T00:23:25.6973089Z [==========================             ] 66% Unzipping... tools/proguard/docs/d
build	Set up Android SDK	2025-09-15T00:23:25.7051592Z [==========================             ] 66% Unzipping... tools/proguard/exampl
build	Set up Android SDK	2025-09-15T00:23:25.7052311Z [==========================             ] 66% Unzipping... tools/proguard/bin/  
build	Set up Android SDK	2025-09-15T00:23:25.7057806Z [==========================             ] 66% Unzipping... tools/proguard/bin/pr
build	Set up Android SDK	2025-09-15T00:23:25.7059224Z [==========================             ] 66% Unzipping... tools/proguard/bin/re
build	Set up Android SDK	2025-09-15T00:23:25.7061752Z [==========================             ] 66% Unzipping... tools/proguard/README
build	Set up Android SDK	2025-09-15T00:23:25.7067684Z [==========================             ] 66% Unzipping... tools/proguard/progua
build	Set up Android SDK	2025-09-15T00:23:25.7068299Z [==========================             ] 66% Unzipping... tools/lib/           
build	Set up Android SDK	2025-09-15T00:23:25.7102303Z [==========================             ] 66% Unzipping... tools/lib/bcpkix-jdk1
build	Set up Android SDK	2025-09-15T00:23:25.7109811Z [==========================             ] 66% Unzipping... tools/lib/org-eclipse
build	Set up Android SDK	2025-09-15T00:23:25.7119873Z [==========================             ] 66% Unzipping... tools/lib/manifest-me
build	Set up Android SDK	2025-09-15T00:23:25.7125717Z [==========================             ] 66% Unzipping... tools/lib/jcommander-
build	Set up Android SDK	2025-09-15T00:23:25.7138953Z [==========================             ] 66% Unzipping... tools/lib/gson-2.3.ja
build	Set up Android SDK	2025-09-15T00:23:25.7142049Z [==========================             ] 66% Unzipping... tools/lib/ddms-26.0.0
build	Set up Android SDK	2025-09-15T00:23:25.7145377Z [==========================             ] 66% Unzipping... tools/lib/asm-tree-5.
build	Set up Android SDK	2025-09-15T00:23:25.7191683Z [==========================             ] 66% Unzipping... tools/lib/uast-26.0.0
build	Set up Android SDK	2025-09-15T00:23:25.7200675Z [==========================             ] 66% Unzipping... tools/lib/dexlib2-2.2
build	Set up Android SDK	2025-09-15T00:23:25.7241071Z [==========================             ] 67% Unzipping... tools/lib/dexlib2-2.2
build	Set up Android SDK	2025-09-15T00:23:25.7244495Z [==========================             ] 67% Unzipping... tools/lib/android.el 
build	Set up Android SDK	2025-09-15T00:23:25.7249682Z [==========================             ] 67% Unzipping... tools/lib/apkanalyzer
build	Set up Android SDK	2025-09-15T00:23:25.7375184Z [==========================             ] 67% Unzipping... tools/lib/guava-22.0.
build	Set up Android SDK	2025-09-15T00:23:25.7403512Z [==========================             ] 67% Unzipping... tools/lib/lint-api-26
build	Set up Android SDK	2025-09-15T00:23:25.7412406Z [==========================             ] 67% Unzipping... tools/lib/baksmali-2.
build	Set up Android SDK	2025-09-15T00:23:25.7416420Z [==========================             ] 67% Unzipping... tools/lib/shared.jar 
build	Set up Android SDK	2025-09-15T00:23:25.7420447Z [==========================             ] 67% Unzipping... tools/lib/jsr305-1.3.
build	Set up Android SDK	2025-09-15T00:23:25.7444033Z [==========================             ] 67% Unzipping... tools/lib/httpclient-
build	Set up Android SDK	2025-09-15T00:23:25.7552678Z [==========================             ] 67% Unzipping... tools/lib/ecj-4.6.1.j
build	Set up Android SDK	2025-09-15T00:23:25.7557539Z [==========================             ] 67% Unzipping... tools/lib/jobb-26.0.0
build	Set up Android SDK	2025-09-15T00:23:25.7575265Z [==========================             ] 67% Unzipping... tools/lib/jcommon-1.0
build	Set up Android SDK	2025-09-15T00:23:25.7579806Z [==========================             ] 67% Unzipping... tools/lib/kxml2-2.3.0
build	Set up Android SDK	2025-09-15T00:23:25.7643116Z [==========================             ] 67% Unzipping... tools/lib/jfreechart-
build	Set up Android SDK	2025-09-15T00:23:25.7653989Z [==========================             ] 67% Unzipping... tools/lib/common-26.0
build	Set up Android SDK	2025-09-15T00:23:25.7708556Z [==========================             ] 67% Unzipping... tools/lib/lint-checks
build	Set up Android SDK	2025-09-15T00:23:25.7823439Z [==========================             ] 67% Unzipping... tools/lib/kotlin-refl
build	Set up Android SDK	2025-09-15T00:23:25.7828114Z [==========================             ] 67% Unzipping... tools/lib/builder-mod
build	Set up Android SDK	2025-09-15T00:23:25.7862511Z [==========================             ] 67% Unzipping... tools/lib/sdklib-26.0
build	Set up Android SDK	2025-09-15T00:23:25.7869318Z [==========================             ] 67% Unzipping... tools/lib/layoutlib-a
build	Set up Android SDK	2025-09-15T00:23:25.7872306Z [==========================             ] 67% Unzipping... tools/lib/annotations
build	Set up Android SDK	2025-09-15T00:23:25.7878692Z [==========================             ] 67% Unzipping... tools/lib/fat32lib.ja
build	Set up Android SDK	2025-09-15T00:23:25.7882783Z [==========================             ] 67% Unzipping... tools/lib/jsr305-3.0.
build	Set up Android SDK	2025-09-15T00:23:25.7934931Z [==========================             ] 67% Unzipping... tools/lib/org-eclipse
build	Set up Android SDK	2025-09-15T00:23:25.7937796Z [==========================             ] 67% Unzipping... tools/lib/error_prone
build	Set up Android SDK	2025-09-15T00:23:25.7945757Z [==========================             ] 67% Unzipping... tools/lib/org-eclipse
build	Set up Android SDK	2025-09-15T00:23:25.7948074Z [==========================             ] 67% Unzipping... tools/lib/animal-snif
build	Set up Android SDK	2025-09-15T00:23:25.7983618Z [==========================             ] 67% Unzipping... tools/lib/asset-studi
build	Set up Android SDK	2025-09-15T00:23:25.8016601Z [===========================            ] 68% Unzipping... tools/lib/asset-studi
build	Set up Android SDK	2025-09-15T00:23:25.8029683Z [===========================            ] 68% Unzipping... tools/lib/repository-
build	Set up Android SDK	2025-09-15T00:23:25.8032923Z [===========================            ] 68% Unzipping... tools/lib/dvlib-26.0.
build	Set up Android SDK	2025-09-15T00:23:25.8062515Z [===========================            ] 68% Unzipping... tools/lib/jsilver-1.0
build	Set up Android SDK	2025-09-15T00:23:25.8068557Z [===========================            ] 68% Unzipping... tools/lib/asm-5.1.jar
build	Set up Android SDK	2025-09-15T00:23:25.8075026Z [===========================            ] 68% Unzipping... tools/lib/devices.xml
build	Set up Android SDK	2025-09-15T00:23:25.8075719Z [===========================            ] 68% Unzipping... tools/lib/asm-analysi
build	Set up Android SDK	2025-09-15T00:23:25.8099765Z [===========================            ] 68% Unzipping... tools/lib/hierarchyvi
build	Set up Android SDK	2025-09-15T00:23:25.8108190Z [===========================            ] 68% Unzipping... tools/lib/monkeyrunne
build	Set up Android SDK	2025-09-15T00:23:25.8114971Z [===========================            ] 68% Unzipping... tools/lib/uiautomator
build	Set up Android SDK	2025-09-15T00:23:25.8116960Z [===========================            ] 68% Unzipping... tools/lib/archquery-2
build	Set up Android SDK	2025-09-15T00:23:25.8125371Z [===========================            ] 68% Unzipping... tools/lib/chimpchat-2
build	Set up Android SDK	2025-09-15T00:23:25.8127276Z [===========================            ] 68% Unzipping... tools/lib/explainer.j
build	Set up Android SDK	2025-09-15T00:23:25.8152723Z [===========================            ] 68% Unzipping... tools/lib/ddmlib-26.0
build	Set up Android SDK	2025-09-15T00:23:25.8155251Z [===========================            ] 68% Unzipping... tools/lib/swtmenubar-
build	Set up Android SDK	2025-09-15T00:23:25.8227096Z [===========================            ] 68% Unzipping... tools/lib/osgi-4.0.0.
build	Set up Android SDK	2025-09-15T00:23:25.8227857Z [===========================            ] 68% Unzipping... tools/lib/x86_64/    
build	Set up Android SDK	2025-09-15T00:23:25.8302555Z [===========================            ] 68% Unzipping... tools/lib/x86_64/swt.
build	Set up Android SDK	2025-09-15T00:23:25.8757447Z [===========================            ] 68% Unzipping... tools/lib/monitor-x86
build	Set up Android SDK	2025-09-15T00:23:25.9566864Z [===========================            ] 69% Unzipping... tools/lib/monitor-x86
build	Set up Android SDK	2025-09-15T00:23:26.0048613Z [===========================            ] 70% Unzipping... tools/lib/monitor-x86
build	Set up Android SDK	2025-09-15T00:23:26.0453034Z [============================           ] 70% Unzipping... tools/lib/monitor-x86
build	Set up Android SDK	2025-09-15T00:23:26.2036155Z [============================           ] 71% Unzipping... tools/lib/monitor-x86
build	Set up Android SDK	2025-09-15T00:23:26.2046446Z [============================           ] 71% Unzipping... tools/lib/httpmime-4.
build	Set up Android SDK	2025-09-15T00:23:26.2047034Z [============================           ] 71% Unzipping... tools/lib/annotations
build	Set up Android SDK	2025-09-15T00:23:26.2056158Z [============================           ] 71% Unzipping... tools/lib/lint-26.0.0
build	Set up Android SDK	2025-09-15T00:23:26.2062215Z [============================           ] 71% Unzipping... tools/lib/apkanalyzer
build	Set up Android SDK	2025-09-15T00:23:26.2068586Z [============================           ] 71% Unzipping... tools/lib/binary-reso
build	Set up Android SDK	2025-09-15T00:23:26.2074112Z [============================           ] 71% Unzipping... tools/lib/jopt-simple
build	Set up Android SDK	2025-09-15T00:23:26.2080724Z [============================           ] 71% Unzipping... tools/lib/util-2.2.1.
build	Set up Android SDK	2025-09-15T00:23:26.2099308Z [============================           ] 71% Unzipping... tools/lib/ddmuilib-26
build	Set up Android SDK	2025-09-15T00:23:26.2113830Z [============================           ] 72% Unzipping... tools/lib/ddmuilib-26
build	Set up Android SDK	2025-09-15T00:23:26.2161386Z [============================           ] 72% Unzipping... tools/lib/sdk-common-
build	Set up Android SDK	2025-09-15T00:23:26.2171341Z [============================           ] 72% Unzipping... tools/lib/traceview-2
build	Set up Android SDK	2025-09-15T00:23:26.2185233Z [============================           ] 72% Unzipping... tools/lib/httpcore-4.
build	Set up Android SDK	2025-09-15T00:23:26.2188057Z [============================           ] 72% Unzipping... tools/lib/screenshot2
build	Set up Android SDK	2025-09-15T00:23:26.2206120Z [============================           ] 72% Unzipping... tools/lib/commons-cod
build	Set up Android SDK	2025-09-15T00:23:26.2208240Z [============================           ] 72% Unzipping... tools/lib/proguard-pr
build	Set up Android SDK	2025-09-15T00:23:26.2772695Z [============================           ] 72% Unzipping... tools/lib/jython-stan
build	Set up Android SDK	2025-09-15T00:23:26.2831467Z [=============================          ] 73% Unzipping... tools/lib/jython-stan
build	Set up Android SDK	2025-09-15T00:23:26.2835128Z [=============================          ] 73% Unzipping... tools/lib/annotations
build	Set up Android SDK	2025-09-15T00:23:26.2839945Z [=============================          ] 73% Unzipping... tools/lib/commons-log
build	Set up Android SDK	2025-09-15T00:23:26.2905144Z [=============================          ] 73% Unzipping... tools/lib/protobuf-ja
build	Set up Android SDK	2025-09-15T00:23:26.2910001Z [=============================          ] 73% Unzipping... tools/lib/fakeadbserv
build	Set up Android SDK	2025-09-15T00:23:26.3063926Z [=============================          ] 73% Unzipping... tools/lib/bcprov-jdk1
build	Set up Android SDK	2025-09-15T00:23:26.3065015Z [=============================          ] 73% Unzipping... tools/lib/x86/       
build	Set up Android SDK	2025-09-15T00:23:26.3132935Z [=============================          ] 73% Unzipping... tools/lib/x86/swt.jar
build	Set up Android SDK	2025-09-15T00:23:26.3177708Z [=============================          ] 73% Unzipping... tools/lib/kotlin-stdl
build	Set up Android SDK	2025-09-15T00:23:26.3201327Z [=============================          ] 73% Unzipping... tools/lib/commons-com
build	Set up Android SDK	2025-09-15T00:23:26.3237450Z [=============================          ] 73% Unzipping... tools/lib/lombok-ast-
build	Set up Android SDK	2025-09-15T00:23:26.3267424Z [=============================          ] 73% Unzipping... tools/lib/trove4j-201
build	Set up Android SDK	2025-09-15T00:23:26.3498794Z [=============================          ] 73% Unzipping... tools/lib/intellij-co
build	Set up Android SDK	2025-09-15T00:23:26.3648769Z [=============================          ] 74% Unzipping... tools/lib/intellij-co
build	Set up Android SDK	2025-09-15T00:23:26.3661542Z [=============================          ] 74% Unzipping... tools/lib/jimfs-1.1.j
build	Set up Android SDK	2025-09-15T00:23:26.3664894Z [=============================          ] 74% Unzipping... tools/lib/j2objc-anno
build	Set up Android SDK	2025-09-15T00:23:26.3670620Z [=============================          ] 74% Unzipping... tools/lib/jfreechart-
build	Set up Android SDK	2025-09-15T00:23:26.4139300Z [=============================          ] 74% Unzipping... tools/lib/monitor-x86
build	Set up Android SDK	2025-09-15T00:23:26.4546769Z [=============================          ] 75% Unzipping... tools/lib/monitor-x86
build	Set up Android SDK	2025-09-15T00:23:26.4920176Z [==============================         ] 75% Unzipping... tools/lib/monitor-x86
build	Set up Android SDK	2025-09-15T00:23:26.5805239Z [==============================         ] 76% Unzipping... tools/lib/monitor-x86
build	Set up Android SDK	2025-09-15T00:23:26.7338463Z [==============================         ] 77% Unzipping... tools/lib/monitor-x86
build	Set up Android SDK	2025-09-15T00:23:26.7342552Z [==============================         ] 77% Unzipping... tools/lib/generator.j
build	Set up Android SDK	2025-09-15T00:23:26.7344919Z [==============================         ] 77% Unzipping... tools/source.properti
build	Set up Android SDK	2025-09-15T00:23:26.7345760Z [==============================         ] 77% Unzipping... tools/bin/           
build	Set up Android SDK	2025-09-15T00:23:26.7348475Z [==============================         ] 77% Unzipping... tools/bin/avdmanager 
build	Set up Android SDK	2025-09-15T00:23:26.7350869Z [==============================         ] 77% Unzipping... tools/bin/jobb       
build	Set up Android SDK	2025-09-15T00:23:26.7353258Z [==============================         ] 77% Unzipping... tools/bin/uiautomator
build	Set up Android SDK	2025-09-15T00:23:26.7356149Z [==============================         ] 77% Unzipping... tools/bin/apkanalyzer
build	Set up Android SDK	2025-09-15T00:23:26.7358485Z [==============================         ] 77% Unzipping... tools/bin/monkeyrunne
build	Set up Android SDK	2025-09-15T00:23:26.7361257Z [==============================         ] 77% Unzipping... tools/bin/archquery  
build	Set up Android SDK	2025-09-15T00:23:26.7363789Z [==============================         ] 77% Unzipping... tools/bin/sdkmanager 
build	Set up Android SDK	2025-09-15T00:23:26.7366270Z [==============================         ] 77% Unzipping... tools/bin/lint       
build	Set up Android SDK	2025-09-15T00:23:26.7369076Z [==============================         ] 77% Unzipping... tools/bin/screenshot2
build	Set up Android SDK	2025-09-15T00:23:26.7393143Z [==============================         ] 77% Unzipping... tools/NOTICE.txt     
build	Set up Android SDK	2025-09-15T00:23:26.7429996Z [==============================         ] 77% Unzipping... tools/emulator       
build	Set up Android SDK	2025-09-15T00:23:26.7454140Z [==============================         ] 77% Unzipping... tools/emulator-check 
build	Set up Android SDK	2025-09-15T00:23:26.7456987Z [==============================         ] 77% Unzipping... tools/monitor        
build	Set up Android SDK	2025-09-15T00:23:26.7459679Z [==============================         ] 77% Unzipping... tools/android        
build	Set up Android SDK	2025-09-15T00:23:26.7462600Z [==============================         ] 77% Unzipping... tools/mksdcard       
build	Set up Android SDK	2025-09-15T00:23:26.7463587Z [==============================         ] 77% Unzipping... tools/support/       
build	Set up Android SDK	2025-09-15T00:23:26.7469216Z [==============================         ] 77% Unzipping... tools/support/typos-d
build	Set up Android SDK	2025-09-15T00:23:26.7472645Z [==============================         ] 77% Unzipping... tools/support/typos-e
build	Set up Android SDK	2025-09-15T00:23:26.7475276Z [==============================         ] 77% Unzipping... tools/support/annotat
build	Set up Android SDK	2025-09-15T00:23:26.7482613Z [==============================         ] 77% Unzipping... tools/support/typos-e
build	Set up Android SDK	2025-09-15T00:23:26.7486249Z [==============================         ] 77% Unzipping... tools/support/typos-t
build	Set up Android SDK	2025-09-15T00:23:26.7490848Z [==============================         ] 77% Unzipping... tools/support/typos-p
build	Set up Android SDK	2025-09-15T00:23:26.7495290Z [==============================         ] 77% Unzipping... tools/support/typos-i
build	Set up Android SDK	2025-09-15T00:23:26.7498025Z [==============================         ] 77% Unzipping... tools/support/typos-n
build	Set up Android SDK	2025-09-15T00:23:26.7501577Z [==============================         ] 77% Unzipping... tools/support/typos-h
build	Set up Android SDK	2025-09-15T00:23:26.7802670Z [==============================         ] 78% Unzipping... tools/support/typos-h
build	Set up Android SDK	2025-09-15T00:23:26.7803751Z [=======================================] 100% Unzipping... tools/support/typos-
build	Set up Android SDK	2025-09-15T00:23:26.7849819Z 
build	Set up Android SDK	2025-09-15T00:23:26.8072353Z [command]/usr/local/lib/android/sdk/cmdline-tools/16.0/bin/sdkmanager platform-tools
build	Set up Android SDK	2025-09-15T00:23:27.5676868Z Loading package information...                                                  
build	Set up Android SDK	2025-09-15T00:23:27.6585252Z Loading local repository...                                                     
build	Set up Android SDK	2025-09-15T00:23:27.6588191Z [                                       ] 3% Loading local repository...        
build	Set up Android SDK	2025-09-15T00:23:27.6698517Z [                                       ] 3% Fetch remote repository...         
build	Set up Android SDK	2025-09-15T00:23:28.0357267Z [=                                      ] 3% Fetch remote repository...         
build	Set up Android SDK	2025-09-15T00:23:28.1305128Z [=                                      ] 4% Fetch remote repository...         
build	Set up Android SDK	2025-09-15T00:23:28.1675172Z [=                                      ] 5% Fetch remote repository...         
build	Set up Android SDK	2025-09-15T00:23:28.2240783Z [==                                     ] 5% Fetch remote repository...         
build	Set up Android SDK	2025-09-15T00:23:28.3542992Z [==                                     ] 6% Fetch remote repository...         
build	Set up Android SDK	2025-09-15T00:23:28.4205403Z [==                                     ] 7% Fetch remote repository...         
build	Set up Android SDK	2025-09-15T00:23:28.4209697Z [==                                     ] 7% Computing updates...               
build	Set up Android SDK	2025-09-15T00:23:28.4316879Z [===                                    ] 8% Computing updates...               
build	Set up Android SDK	2025-09-15T00:23:28.4383989Z [===                                    ] 10% Computing updates...              
build	Set up Android SDK	2025-09-15T00:23:28.4386087Z [=======================================] 100% Computing updates...             
build	Set up Android SDK	2025-09-15T00:23:28.4386856Z 
build	Install Android SDK components	﻿2025-09-15T00:23:28.4733662Z ##[group]Run yes | sdkmanager --licenses
build	Install Android SDK components	2025-09-15T00:23:28.4734054Z [36;1myes | sdkmanager --licenses[0m
build	Install Android SDK components	2025-09-15T00:23:28.4734950Z [36;1msdkmanager "platform-tools" "platforms;android-34" "build-tools;34.0.0"[0m
build	Install Android SDK components	2025-09-15T00:23:28.4791646Z shell: /usr/bin/bash -e {0}
build	Install Android SDK components	2025-09-15T00:23:28.4791907Z env:
build	Install Android SDK components	2025-09-15T00:23:28.4792215Z   JAVA_HOME: /opt/hostedtoolcache/Java_Temurin-Hotspot_jdk/17.0.16-8/x64
build	Install Android SDK components	2025-09-15T00:23:28.4792733Z   JAVA_HOME_17_X64: /opt/hostedtoolcache/Java_Temurin-Hotspot_jdk/17.0.16-8/x64
build	Install Android SDK components	2025-09-15T00:23:28.4793140Z   ANDROID_HOME: /usr/local/lib/android/sdk
build	Install Android SDK components	2025-09-15T00:23:28.4793456Z   ANDROID_SDK_ROOT: /usr/local/lib/android/sdk
build	Install Android SDK components	2025-09-15T00:23:28.4793730Z ##[endgroup]
build	Install Android SDK components	2025-09-15T00:23:29.3857756Z Loading local repository...                                                     
build	Install Android SDK components	2025-09-15T00:23:29.3858342Z [=========                              ] 25% Loading local repository...       
build	Install Android SDK components	2025-09-15T00:23:29.3991358Z [=========                              ] 25% Fetch remote repository...        
build	Install Android SDK components	2025-09-15T00:23:29.6081347Z [==========                             ] 26% Fetch remote repository...        
build	Install Android SDK components	2025-09-15T00:23:29.6082721Z [============                           ] 31% Fetch remote repository...        
build	Install Android SDK components	2025-09-15T00:23:29.7160864Z [============                           ] 32% Fetch remote repository...        
build	Install Android SDK components	2025-09-15T00:23:29.7166903Z [=============                          ] 33% Fetch remote repository...        
build	Install Android SDK components	2025-09-15T00:23:29.7740934Z [=============                          ] 35% Fetch remote repository...        
build	Install Android SDK components	2025-09-15T00:23:29.7745934Z [==============                         ] 36% Fetch remote repository...        
build	Install Android SDK components	2025-09-15T00:23:29.7940260Z [==============                         ] 37% Fetch remote repository...        
build	Install Android SDK components	2025-09-15T00:23:29.7946336Z [===============                        ] 38% Fetch remote repository...        
build	Install Android SDK components	2025-09-15T00:23:29.8147257Z [===============                        ] 39% Fetch remote repository...        
build	Install Android SDK components	2025-09-15T00:23:29.8150070Z [================                       ] 40% Fetch remote repository...        
build	Install Android SDK components	2025-09-15T00:23:29.8277096Z [================                       ] 41% Fetch remote repository...        
build	Install Android SDK components	2025-09-15T00:23:29.8281076Z [================                       ] 42% Fetch remote repository...        
build	Install Android SDK components	2025-09-15T00:23:29.8426418Z [=================                      ] 44% Fetch remote repository...        
build	Install Android SDK components	2025-09-15T00:23:29.8429738Z [=================                      ] 45% Fetch remote repository...        
build	Install Android SDK components	2025-09-15T00:23:29.8609087Z [==================                     ] 46% Fetch remote repository...        
build	Install Android SDK components	2025-09-15T00:23:29.8610835Z [==================                     ] 47% Fetch remote repository...        
build	Install Android SDK components	2025-09-15T00:23:29.8738007Z [===================                    ] 48% Fetch remote repository...        
build	Install Android SDK components	2025-09-15T00:23:29.8748955Z [===================                    ] 49% Fetch remote repository...        
build	Install Android SDK components	2025-09-15T00:23:29.9004796Z [====================                   ] 50% Fetch remote repository...        
build	Install Android SDK components	2025-09-15T00:23:29.9013287Z [====================                   ] 51% Fetch remote repository...        
build	Install Android SDK components	2025-09-15T00:23:29.9153066Z [====================                   ] 53% Fetch remote repository...        
build	Install Android SDK components	2025-09-15T00:23:29.9157774Z [=====================                  ] 54% Fetch remote repository...        
build	Install Android SDK components	2025-09-15T00:23:29.9323518Z [=====================                  ] 55% Fetch remote repository...        
build	Install Android SDK components	2025-09-15T00:23:29.9327913Z [======================                 ] 56% Fetch remote repository...        
build	Install Android SDK components	2025-09-15T00:23:29.9598523Z [======================                 ] 57% Fetch remote repository...        
build	Install Android SDK components	2025-09-15T00:23:29.9601624Z [=======================                ] 58% Fetch remote repository...        
build	Install Android SDK components	2025-09-15T00:23:29.9727504Z [=======================                ] 59% Fetch remote repository...        
build	Install Android SDK components	2025-09-15T00:23:29.9730447Z [========================               ] 60% Fetch remote repository...        
build	Install Android SDK components	2025-09-15T00:23:29.9865839Z [========================               ] 61% Fetch remote repository...        
build	Install Android SDK components	2025-09-15T00:23:29.9868667Z [=========================              ] 63% Fetch remote repository...        
build	Install Android SDK components	2025-09-15T00:23:29.9999515Z [=========================              ] 64% Fetch remote repository...        
build	Install Android SDK components	2025-09-15T00:23:30.0002330Z [=========================              ] 65% Fetch remote repository...        
build	Install Android SDK components	2025-09-15T00:23:30.0271904Z [==========================             ] 66% Fetch remote repository...        
build	Install Android SDK components	2025-09-15T00:23:30.0275031Z [==========================             ] 67% Fetch remote repository...        
build	Install Android SDK components	2025-09-15T00:23:30.0422691Z [===========================            ] 68% Fetch remote repository...        
build	Install Android SDK components	2025-09-15T00:23:30.0424869Z [===========================            ] 69% Fetch remote repository...        
build	Install Android SDK components	2025-09-15T00:23:30.0553797Z [============================           ] 70% Fetch remote repository...        
build	Install Android SDK components	2025-09-15T00:23:30.0565542Z [============================           ] 72% Fetch remote repository...        
build	Install Android SDK components	2025-09-15T00:23:30.0691368Z [=============================          ] 73% Fetch remote repository...        
build	Install Android SDK components	2025-09-15T00:23:30.0692678Z [=============================          ] 74% Fetch remote repository...        
build	Install Android SDK components	2025-09-15T00:23:30.0780589Z [=============================          ] 75% Fetch remote repository...        
build	Install Android SDK components	2025-09-15T00:23:30.0924517Z [=============================          ] 75% Computing updates...              
build	Install Android SDK components	2025-09-15T00:23:30.0928987Z [=======================================] 100% Computing updates...             
build	Install Android SDK components	2025-09-15T00:23:30.1659279Z All SDK package licenses accepted.
build	Install Android SDK components	2025-09-15T00:23:30.1660153Z 
build	Install Android SDK components	2025-09-15T00:23:30.1858548Z yes: standard output: Broken pipe
build	Install Android SDK components	2025-09-15T00:23:30.9511334Z Loading package information...                                                  
build	Install Android SDK components	2025-09-15T00:23:31.0507031Z Loading local repository...                                                     
build	Install Android SDK components	2025-09-15T00:23:31.0511267Z [                                       ] 3% Loading local repository...        
build	Install Android SDK components	2025-09-15T00:23:31.0616765Z [                                       ] 3% Fetch remote repository...         
build	Install Android SDK components	2025-09-15T00:23:31.3866772Z [=                                      ] 3% Fetch remote repository...         
build	Install Android SDK components	2025-09-15T00:23:31.4401161Z [=                                      ] 4% Fetch remote repository...         
build	Install Android SDK components	2025-09-15T00:23:31.4656740Z [=                                      ] 5% Fetch remote repository...         
build	Install Android SDK components	2025-09-15T00:23:31.5093335Z [==                                     ] 5% Fetch remote repository...         
build	Install Android SDK components	2025-09-15T00:23:31.5865954Z [==                                     ] 6% Fetch remote repository...         
build	Install Android SDK components	2025-09-15T00:23:31.6328497Z [==                                     ] 7% Fetch remote repository...         
build	Install Android SDK components	2025-09-15T00:23:31.6336566Z [==                                     ] 7% Computing updates...               
build	Install Android SDK components	2025-09-15T00:23:31.6465010Z [===                                    ] 8% Computing updates...               
build	Install Android SDK components	2025-09-15T00:23:31.6526211Z [===                                    ] 10% Computing updates...              
build	Install Android SDK components	2025-09-15T00:23:31.6527064Z [=======================================] 100% Computing updates...             
build	Install Android SDK components	2025-09-15T00:23:31.6527430Z 
build	Install Gradle 8.7	﻿2025-09-15T00:23:31.6764052Z ##[group]Run wget https://services.gradle.org/distributions/gradle-8.7-bin.zip
build	Install Gradle 8.7	2025-09-15T00:23:31.6765181Z [36;1mwget https://services.gradle.org/distributions/gradle-8.7-bin.zip[0m
build	Install Gradle 8.7	2025-09-15T00:23:31.6765614Z [36;1munzip -q -d "$HOME/gradle" gradle-8.7-bin.zip[0m
build	Install Gradle 8.7	2025-09-15T00:23:31.6765979Z [36;1mecho "$HOME/gradle/gradle-8.7/bin" >> "$GITHUB_PATH"[0m
build	Install Gradle 8.7	2025-09-15T00:23:31.6766287Z [36;1mgradle --version[0m
build	Install Gradle 8.7	2025-09-15T00:23:31.6797222Z shell: /usr/bin/bash -e {0}
build	Install Gradle 8.7	2025-09-15T00:23:31.6797468Z env:
build	Install Gradle 8.7	2025-09-15T00:23:31.6797764Z   JAVA_HOME: /opt/hostedtoolcache/Java_Temurin-Hotspot_jdk/17.0.16-8/x64
build	Install Gradle 8.7	2025-09-15T00:23:31.6798253Z   JAVA_HOME_17_X64: /opt/hostedtoolcache/Java_Temurin-Hotspot_jdk/17.0.16-8/x64
build	Install Gradle 8.7	2025-09-15T00:23:31.6798645Z   ANDROID_HOME: /usr/local/lib/android/sdk
build	Install Gradle 8.7	2025-09-15T00:23:31.6798933Z   ANDROID_SDK_ROOT: /usr/local/lib/android/sdk
build	Install Gradle 8.7	2025-09-15T00:23:31.6799191Z ##[endgroup]
build	Install Gradle 8.7	2025-09-15T00:23:31.7162922Z --2025-09-15 00:23:31--  https://services.gradle.org/distributions/gradle-8.7-bin.zip
build	Install Gradle 8.7	2025-09-15T00:23:31.7467589Z Resolving services.gradle.org (services.gradle.org)... 104.16.72.101, 104.16.73.101, 2606:4700::6810:4965, ...
build	Install Gradle 8.7	2025-09-15T00:23:31.7498806Z Connecting to services.gradle.org (services.gradle.org)|104.16.72.101|:443... connected.
build	Install Gradle 8.7	2025-09-15T00:23:31.7728309Z HTTP request sent, awaiting response... 301 Moved Permanently
build	Install Gradle 8.7	2025-09-15T00:23:31.7729563Z Location: https://github.com/gradle/gradle-distributions/releases/download/v8.7.0/gradle-8.7-bin.zip [following]
build	Install Gradle 8.7	2025-09-15T00:23:31.7731438Z --2025-09-15 00:23:31--  https://github.com/gradle/gradle-distributions/releases/download/v8.7.0/gradle-8.7-bin.zip
build	Install Gradle 8.7	2025-09-15T00:23:31.7749930Z Resolving github.com (github.com)... 140.82.113.3
build	Install Gradle 8.7	2025-09-15T00:23:31.7907353Z Connecting to github.com (github.com)|140.82.113.3|:443... connected.
build	Install Gradle 8.7	2025-09-15T00:23:31.8414932Z HTTP request sent, awaiting response... 302 Found
build	Install Gradle 8.7	2025-09-15T00:23:31.8426059Z Location: https://release-assets.githubusercontent.com/github-production-release-asset/696192900/d6619bcc-7f88-47a8-8f67-28fc5c020703?sp=r&sv=2018-11-09&sr=b&spr=https&se=2025-09-15T01%3A22%3A14Z&rscd=attachment%3B+filename%3Dgradle-8.7-bin.zip&rsct=application%2Foctet-stream&skoid=96c2d410-5711-43a1-aedd-ab1947aa7ab0&sktid=398a6654-997b-47e9-b12b-9515b896b4de&skt=2025-09-15T00%3A21%3A34Z&ske=2025-09-15T01%3A22%3A14Z&sks=b&skv=2018-11-09&sig=Xhwp4Cm2zJtWtcPtdzKBKqEZ8%2BZ03vM%2BwxJvzix6WNo%3D&jwt=*** [following]
build	Install Gradle 8.7	2025-09-15T00:23:31.8435864Z --2025-09-15 00:23:31--  https://release-assets.githubusercontent.com/github-production-release-asset/696192900/d6619bcc-7f88-47a8-8f67-28fc5c020703?sp=r&sv=2018-11-09&sr=b&spr=https&se=2025-09-15T01%3A22%3A14Z&rscd=attachment%3B+filename%3Dgradle-8.7-bin.zip&rsct=application%2Foctet-stream&skoid=96c2d410-5711-43a1-aedd-ab1947aa7ab0&sktid=398a6654-997b-47e9-b12b-9515b896b4de&skt=2025-09-15T00%3A21%3A34Z&ske=2025-09-15T01%3A22%3A14Z&sks=b&skv=2018-11-09&sig=Xhwp4Cm2zJtWtcPtdzKBKqEZ8%2BZ03vM%2BwxJvzix6WNo%3D&jwt=***
build	Install Gradle 8.7	2025-09-15T00:23:31.8469155Z Resolving release-assets.githubusercontent.com (release-assets.githubusercontent.com)... 185.199.109.133, 185.199.110.133, 185.199.111.133, ...
build	Install Gradle 8.7	2025-09-15T00:23:31.8484584Z Connecting to release-assets.githubusercontent.com (release-assets.githubusercontent.com)|185.199.109.133|:443... connected.
build	Install Gradle 8.7	2025-09-15T00:23:31.8684033Z HTTP request sent, awaiting response... 200 OK
build	Install Gradle 8.7	2025-09-15T00:23:31.8685125Z Length: 134184980 (128M) [application/octet-stream]
build	Install Gradle 8.7	2025-09-15T00:23:31.8686819Z Saving to: ‘gradle-8.7-bin.zip’
build	Install Gradle 8.7	2025-09-15T00:23:31.8687873Z 
build	Install Gradle 8.7	2025-09-15T00:23:31.8701417Z      0K .......... .......... .......... .......... ..........  0% 33.6M 4s
build	Install Gradle 8.7	2025-09-15T00:23:31.8720810Z     50K .......... .......... .......... .......... ..........  0% 26.0M 4s
build	Install Gradle 8.7	2025-09-15T00:23:31.8724651Z    100K .......... .......... .......... .......... ..........  0%  110M 3s
build	Install Gradle 8.7	2025-09-15T00:23:31.8734638Z    150K .......... .......... .......... .......... ..........  0% 48.1M 3s
build	Install Gradle 8.7	2025-09-15T00:23:31.8736765Z    200K .......... .......... .......... .......... ..........  0%  253M 3s
build	Install Gradle 8.7	2025-09-15T00:23:31.8738460Z    250K .......... .......... .......... .......... ..........  0%  298M 2s
build	Install Gradle 8.7	2025-09-15T00:23:31.8741332Z    300K .......... .......... .......... .......... ..........  0%  144M 2s
build	Install Gradle 8.7	2025-09-15T00:23:31.8742736Z    350K .......... .......... .......... .......... ..........  0%  320M 2s
build	Install Gradle 8.7	2025-09-15T00:23:31.8750508Z    400K .......... .......... .......... .......... ..........  0% 67.9M 2s
build	Install Gradle 8.7	2025-09-15T00:23:31.8752942Z    450K .......... .......... .......... .......... ..........  0%  286M 2s
build	Install Gradle 8.7	2025-09-15T00:23:31.8757198Z    500K .......... .......... .......... .......... ..........  0%  291M 2s
build	Install Gradle 8.7	2025-09-15T00:23:31.8757944Z    550K .......... .......... .......... .......... ..........  0%  245M 1s
build	Install Gradle 8.7	2025-09-15T00:23:31.8758420Z    600K .......... .......... .......... .......... ..........  0%  292M 1s
build	Install Gradle 8.7	2025-09-15T00:23:31.8780467Z    650K .......... .......... .......... .......... ..........  0%  278M 1s
build	Install Gradle 8.7	2025-09-15T00:23:31.8781511Z    700K .......... .......... .......... .......... ..........  0%  245M 1s
build	Install Gradle 8.7	2025-09-15T00:23:31.8782508Z    750K .......... .......... .......... .......... ..........  0%  349M 1s
build	Install Gradle 8.7	2025-09-15T00:23:31.8783830Z    800K .......... .......... .......... .......... ..........  0%  288M 1s
build	Install Gradle 8.7	2025-09-15T00:23:31.8785721Z    850K .......... .......... .......... .......... ..........  0%  240M 1s
build	Install Gradle 8.7	2025-09-15T00:23:31.8786370Z    900K .......... .......... .......... .......... ..........  0%  317M 1s
build	Install Gradle 8.7	2025-09-15T00:23:31.8787031Z    950K .......... .......... .......... .......... ..........  0%  281M 1s
build	Install Gradle 8.7	2025-09-15T00:23:31.8787738Z   1000K .......... .......... .......... .......... ..........  0%  317M 1s
build	Install Gradle 8.7	2025-09-15T00:23:31.8788218Z   1050K .......... .......... .......... .......... ..........  0%  292M 1s
build	Install Gradle 8.7	2025-09-15T00:23:31.8789652Z   1100K .......... .......... .......... .......... ..........  0%  231M 1s
build	Install Gradle 8.7	2025-09-15T00:23:31.8790851Z   1150K .......... .......... .......... .......... ..........  0%  168M 1s
build	Install Gradle 8.7	2025-09-15T00:23:31.8791605Z   1200K .......... .......... .......... .......... ..........  0%  122M 1s
build	Install Gradle 8.7	2025-09-15T00:23:31.8792778Z   1250K .......... .......... .......... .......... ..........  0%  258M 1s
build	Install Gradle 8.7	2025-09-15T00:23:31.8794977Z   1300K .......... .......... .......... .......... ..........  1%  254M 1s
build	Install Gradle 8.7	2025-09-15T00:23:31.8796785Z   1350K .......... .......... .......... .......... ..........  1%  259M 1s
build	Install Gradle 8.7	2025-09-15T00:23:31.8797406Z   1400K .......... .......... .......... .......... ..........  1%  289M 1s
build	Install Gradle 8.7	2025-09-15T00:23:31.8798129Z   1450K .......... .......... .......... .......... ..........  1%  215M 1s
build	Install Gradle 8.7	2025-09-15T00:23:31.8798829Z   1500K .......... .......... .......... .......... ..........  1%  201M 1s
build	Install Gradle 8.7	2025-09-15T00:23:31.8799508Z   1550K .......... .......... .......... .......... ..........  1%  201M 1s
build	Install Gradle 8.7	2025-09-15T00:23:31.8800204Z   1600K .......... .......... .......... .......... ..........  1%  230M 1s
build	Install Gradle 8.7	2025-09-15T00:23:31.8800800Z   1650K .......... .......... .......... .......... ..........  1%  320M 1s
build	Install Gradle 8.7	2025-09-15T00:23:31.8801566Z   1700K .......... .......... .......... .......... ..........  1%  295M 1s
build	Install Gradle 8.7	2025-09-15T00:23:31.8825443Z   1750K .......... .......... .......... .......... ..........  1%  278M 1s
build	Install Gradle 8.7	2025-09-15T00:23:31.8826239Z   1800K .......... .......... .......... .......... ..........  1%  210M 1s
build	Install Gradle 8.7	2025-09-15T00:23:31.8826809Z   1850K .......... .......... .......... .......... ..........  1%  277M 1s
build	Install Gradle 8.7	2025-09-15T00:23:31.8827364Z   1900K .......... .......... .......... .......... ..........  1%  303M 1s
build	Install Gradle 8.7	2025-09-15T00:23:31.8827899Z   1950K .......... .......... .......... .......... ..........  1%  276M 1s
build	Install Gradle 8.7	2025-09-15T00:23:31.8828614Z   2000K .......... .......... .......... .......... ..........  1%  239M 1s
build	Install Gradle 8.7	2025-09-15T00:23:31.8829267Z   2050K .......... .......... .......... .......... ..........  1%  286M 1s
build	Install Gradle 8.7	2025-09-15T00:23:31.8829808Z   2100K .......... .......... .......... .......... ..........  1%  279M 1s
build	Install Gradle 8.7	2025-09-15T00:23:31.8830514Z   2150K .......... .......... .......... .......... ..........  1%  339M 1s
build	Install Gradle 8.7	2025-09-15T00:23:31.8831361Z   2200K .......... .......... .......... .......... ..........  1%  269M 1s
build	Install Gradle 8.7	2025-09-15T00:23:31.8832081Z   2250K .......... .......... .......... .......... ..........  1%  385M 1s
build	Install Gradle 8.7	2025-09-15T00:23:31.8832731Z   2300K .......... .......... .......... .......... ..........  1%  215M 1s
build	Install Gradle 8.7	2025-09-15T00:23:31.8833326Z   2350K .......... .......... .......... .......... ..........  1%  283M 1s
build	Install Gradle 8.7	2025-09-15T00:23:31.8834018Z   2400K .......... .......... .......... .......... ..........  1%  134M 1s
build	Install Gradle 8.7	2025-09-15T00:23:31.8834748Z   2450K .......... .......... .......... .......... ..........  1%  243M 1s
build	Install Gradle 8.7	2025-09-15T00:23:31.8835480Z   2500K .......... .......... .......... .......... ..........  1%  298M 1s
build	Install Gradle 8.7	2025-09-15T00:23:31.8836177Z   2550K .......... .......... .......... .......... ..........  1%  277M 1s
build	Install Gradle 8.7	2025-09-15T00:23:31.8836582Z   2600K .......... .......... .......... .......... ..........  2%  274M 1s
build	Install Gradle 8.7	2025-09-15T00:23:31.8837694Z   2650K .......... .......... .......... .......... ..........  2%  233M 1s
build	Install Gradle 8.7	2025-09-15T00:23:31.8858162Z   2700K .......... .......... .......... .......... ..........  2% 24.0M 1s
build	Install Gradle 8.7	2025-09-15T00:23:31.8859718Z   2750K .......... .......... .......... .......... ..........  2%  251M 1s
build	Install Gradle 8.7	2025-09-15T00:23:31.8886380Z   2800K .......... .......... .......... .......... ..........  2% 19.7M 1s
build	Install Gradle 8.7	2025-09-15T00:23:31.8888106Z   2850K .......... .......... .......... .......... ..........  2%  208M 1s
build	Install Gradle 8.7	2025-09-15T00:23:31.8888853Z   2900K .......... .......... .......... .......... ..........  2%  326M 1s
build	Install Gradle 8.7	2025-09-15T00:23:31.8890112Z   2950K .......... .......... .......... .......... ..........  2%  288M 1s
build	Install Gradle 8.7	2025-09-15T00:23:31.8892091Z   3000K .......... .......... .......... .......... ..........  2%  274M 1s
build	Install Gradle 8.7	2025-09-15T00:23:31.8906476Z   3050K .......... .......... .......... .......... ..........  2%  259M 1s
build	Install Gradle 8.7	2025-09-15T00:23:31.8908870Z   3100K .......... .......... .......... .......... ..........  2%  230M 1s
build	Install Gradle 8.7	2025-09-15T00:23:31.8909593Z   3150K .......... .......... .......... .......... ..........  2% 66.6M 1s
build	Install Gradle 8.7	2025-09-15T00:23:31.8910077Z   3200K .......... .......... .......... .......... ..........  2%  212M 1s
build	Install Gradle 8.7	2025-09-15T00:23:31.8910464Z   3250K .......... .......... .......... .......... ..........  2%  275M 1s
build	Install Gradle 8.7	2025-09-15T00:23:31.8911103Z   3300K .......... .......... .......... .......... ..........  2%  270M 1s
build	Install Gradle 8.7	2025-09-15T00:23:31.8925144Z   3350K .......... .......... .......... .......... ..........  2%  268M 1s
build	Install Gradle 8.7	2025-09-15T00:23:31.8925903Z   3400K .......... .......... .......... .......... ..........  2%  310M 1s
build	Install Gradle 8.7	2025-09-15T00:23:31.8926841Z   3450K .......... .......... .......... .......... ..........  2%  315M 1s
build	Install Gradle 8.7	2025-09-15T00:23:31.8927803Z   3500K .......... .......... .......... .......... ..........  2%  211M 1s
build	Install Gradle 8.7	2025-09-15T00:23:31.8929723Z   3550K .......... .......... .......... .......... ..........  2%  342M 1s
build	Install Gradle 8.7	2025-09-15T00:23:31.8930619Z   3600K .......... .......... .......... .......... ..........  2%  358M 1s
build	Install Gradle 8.7	2025-09-15T00:23:31.8931230Z   3650K .......... .......... .......... .......... ..........  2%  335M 1s
build	Install Gradle 8.7	2025-09-15T00:23:31.8931826Z   3700K .......... .......... .......... .......... ..........  2%  351M 1s
build	Install Gradle 8.7	2025-09-15T00:23:31.8932537Z   3750K .......... .......... .......... .......... ..........  2%  351M 1s
build	Install Gradle 8.7	2025-09-15T00:23:31.8933157Z   3800K .......... .......... .......... .......... ..........  2%  300M 1s
build	Install Gradle 8.7	2025-09-15T00:23:31.8933890Z   3850K .......... .......... .......... .......... ..........  2%  117M 1s
build	Install Gradle 8.7	2025-09-15T00:23:31.8934661Z   3900K .......... .......... .......... .......... ..........  3%  169M 1s
build	Install Gradle 8.7	2025-09-15T00:23:31.8935757Z   3950K .......... .......... .......... .......... ..........  3%  288M 1s
build	Install Gradle 8.7	2025-09-15T00:23:31.8937445Z   4000K .......... .......... .......... .......... ..........  3%  132M 1s
build	Install Gradle 8.7	2025-09-15T00:23:31.8939893Z   4050K .......... .......... .......... .......... ..........  3%  236M 1s
build	Install Gradle 8.7	2025-09-15T00:23:31.8956804Z   4100K .......... .......... .......... .......... ..........  3% 28.7M 1s
build	Install Gradle 8.7	2025-09-15T00:23:31.8998036Z   4150K .......... .......... .......... .......... ..........  3% 12.1M 1s
build	Install Gradle 8.7	2025-09-15T00:23:31.8999064Z   4200K .......... .......... .......... .......... ..........  3%  286M 1s
build	Install Gradle 8.7	2025-09-15T00:23:31.9002615Z   4250K .......... .......... .......... .......... ..........  3%  175M 1s
build	Install Gradle 8.7	2025-09-15T00:23:31.9003848Z   4300K .......... .......... .......... .......... ..........  3%  205M 1s
build	Install Gradle 8.7	2025-09-15T00:23:31.9006505Z   4350K .......... .......... .......... .......... ..........  3%  214M 1s
build	Install Gradle 8.7	2025-09-15T00:23:31.9008072Z   4400K .......... .......... .......... .......... ..........  3%  259M 1s
build	Install Gradle 8.7	2025-09-15T00:23:31.9013579Z   4450K .......... .......... .......... .......... ..........  3%  253M 1s
build	Install Gradle 8.7	2025-09-15T00:23:31.9014499Z   4500K .......... .......... .......... .......... ..........  3%  314M 1s
build	Install Gradle 8.7	2025-09-15T00:23:31.9014949Z   4550K .......... .......... .......... .......... ..........  3%  300M 1s
build	Install Gradle 8.7	2025-09-15T00:23:31.9021590Z   4600K .......... .......... .......... .......... ..........  3% 65.6M 1s
build	Install Gradle 8.7	2025-09-15T00:23:31.9022802Z   4650K .......... .......... .......... .......... ..........  3%  234M 1s
build	Install Gradle 8.7	2025-09-15T00:23:31.9048650Z   4700K .......... .......... .......... .......... ..........  3% 19.1M 1s
build	Install Gradle 8.7	2025-09-15T00:23:31.9052735Z   4750K .......... .......... .......... .......... ..........  3%  146M 1s
build	Install Gradle 8.7	2025-09-15T00:23:31.9053840Z   4800K .......... .......... .......... .......... ..........  3%  285M 1s
build	Install Gradle 8.7	2025-09-15T00:23:31.9055422Z   4850K .......... .......... .......... .......... ..........  3%  246M 1s
build	Install Gradle 8.7	2025-09-15T00:23:31.9062311Z   4900K .......... .......... .......... .......... ..........  3% 76.4M 1s
build	Install Gradle 8.7	2025-09-15T00:23:31.9063334Z   4950K .......... .......... .......... .......... ..........  3%  304M 1s
build	Install Gradle 8.7	2025-09-15T00:23:31.9067345Z   5000K .......... .......... .......... .......... ..........  3%  315M 1s
build	Install Gradle 8.7	2025-09-15T00:23:31.9068079Z   5050K .......... .......... .......... .......... ..........  3%  279M 1s
build	Install Gradle 8.7	2025-09-15T00:23:31.9072435Z   5100K .......... .......... .......... .......... ..........  3% 87.9M 1s
build	Install Gradle 8.7	2025-09-15T00:23:31.9074863Z   5150K .......... .......... .......... .......... ..........  3%  243M 1s
build	Install Gradle 8.7	2025-09-15T00:23:31.9076414Z   5200K .......... .......... .......... .......... ..........  4%  214M 1s
build	Install Gradle 8.7	2025-09-15T00:23:31.9094677Z   5250K .......... .......... .......... .......... ..........  4% 28.2M 1s
build	Install Gradle 8.7	2025-09-15T00:23:31.9104705Z   5300K .......... .......... .......... .......... ..........  4% 46.7M 1s
build	Install Gradle 8.7	2025-09-15T00:23:31.9105860Z   5350K .......... .......... .......... .......... ..........  4%  292M 1s
build	Install Gradle 8.7	2025-09-15T00:23:31.9109667Z   5400K .......... .......... .......... .......... ..........  4%  184M 1s
build	Install Gradle 8.7	2025-09-15T00:23:31.9111632Z   5450K .......... .......... .......... .......... ..........  4%  169M 1s
build	Install Gradle 8.7	2025-09-15T00:23:31.9115527Z   5500K .......... .......... .......... .......... ..........  4%  181M 1s
build	Install Gradle 8.7	2025-09-15T00:23:31.9116553Z   5550K .......... .......... .......... .......... ..........  4%  193M 1s
build	Install Gradle 8.7	2025-09-15T00:23:31.9119390Z   5600K .......... .......... .......... .......... ..........  4%  207M 1s
build	Install Gradle 8.7	2025-09-15T00:23:31.9120717Z   5650K .......... .......... .......... .......... ..........  4%  311M 1s
build	Install Gradle 8.7	2025-09-15T00:23:31.9125177Z   5700K .......... .......... .......... .......... ..........  4%  141M 1s
build	Install Gradle 8.7	2025-09-15T00:23:31.9129204Z   5750K .......... .......... .......... .......... ..........  4%  117M 1s
build	Install Gradle 8.7	2025-09-15T00:23:31.9130124Z   5800K .......... .......... .......... .......... ..........  4%  306M 1s
build	Install Gradle 8.7	2025-09-15T00:23:31.9131797Z   5850K .......... .......... .......... .......... ..........  4%  315M 1s
build	Install Gradle 8.7	2025-09-15T00:23:31.9135572Z   5900K .......... .......... .......... .......... ..........  4%  153M 1s
build	Install Gradle 8.7	2025-09-15T00:23:31.9136757Z   5950K .......... .......... .......... .......... ..........  4%  245M 1s
build	Install Gradle 8.7	2025-09-15T00:23:31.9137850Z   6000K .......... .......... .......... .......... ..........  4%  345M 1s
build	Install Gradle 8.7	2025-09-15T00:23:31.9185628Z   6050K .......... .......... .......... .......... ..........  4% 10.5M 1s
build	Install Gradle 8.7	2025-09-15T00:23:31.9186870Z   6100K .......... .......... .......... .......... ..........  4%  268M 1s
build	Install Gradle 8.7	2025-09-15T00:23:31.9188104Z   6150K .......... .......... .......... .......... ..........  4%  350M 1s
build	Install Gradle 8.7	2025-09-15T00:23:31.9197613Z   6200K .......... .......... .......... .......... ..........  4% 62.5M 1s
build	Install Gradle 8.7	2025-09-15T00:23:31.9198925Z   6250K .......... .......... .......... .......... ..........  4%  252M 1s
build	Install Gradle 8.7	2025-09-15T00:23:31.9199758Z   6300K .......... .......... .......... .......... ..........  4%  223M 1s
build	Install Gradle 8.7	2025-09-15T00:23:31.9201753Z   6350K .......... .......... .......... .......... ..........  4%  324M 1s
build	Install Gradle 8.7	2025-09-15T00:23:31.9203402Z   6400K .......... .......... .......... .......... ..........  4%  323M 1s
build	Install Gradle 8.7	2025-09-15T00:23:31.9205484Z   6450K .......... .......... .......... .......... ..........  4%  342M 1s
build	Install Gradle 8.7	2025-09-15T00:23:31.9206987Z   6500K .......... .......... .......... .......... ..........  4%  263M 1s
build	Install Gradle 8.7	2025-09-15T00:23:31.9208657Z   6550K .......... .......... .......... .......... ..........  5%  307M 1s
build	Install Gradle 8.7	2025-09-15T00:23:31.9209990Z   6600K .......... .......... .......... .......... ..........  5%  300M 1s
build	Install Gradle 8.7	2025-09-15T00:23:31.9212221Z   6650K .......... .......... .......... .......... ..........  5%  310M 1s
build	Install Gradle 8.7	2025-09-15T00:23:31.9215748Z   6700K .......... .......... .......... .......... ..........  5%  236M 1s
build	Install Gradle 8.7	2025-09-15T00:23:31.9217748Z   6750K .......... .......... .......... .......... ..........  5%  310M 1s
build	Install Gradle 8.7	2025-09-15T00:23:31.9220222Z   6800K .......... .......... .......... .......... ..........  5%  247M 1s
build	Install Gradle 8.7	2025-09-15T00:23:31.9221960Z   6850K .......... .......... .......... .......... ..........  5%  299M 1s
build	Install Gradle 8.7	2025-09-15T00:23:31.9223989Z   6900K .......... .......... .......... .......... ..........  5%  326M 1s
build	Install Gradle 8.7	2025-09-15T00:23:31.9225934Z   6950K .......... .......... .......... .......... ..........  5%  300M 1s
build	Install Gradle 8.7	2025-09-15T00:23:31.9227824Z   7000K .......... .......... .......... .......... ..........  5%  305M 1s
build	Install Gradle 8.7	2025-09-15T00:23:31.9228509Z   7050K .......... .......... .......... .......... ..........  5%  308M 1s
build	Install Gradle 8.7	2025-09-15T00:23:31.9230006Z   7100K .......... .......... .......... .......... ..........  5%  203M 1s
build	Install Gradle 8.7	2025-09-15T00:23:31.9230626Z   7150K .......... .......... .......... .......... ..........  5%  296M 1s
build	Install Gradle 8.7	2025-09-15T00:23:31.9231488Z   7200K .......... .......... .......... .......... ..........  5%  209M 1s
build	Install Gradle 8.7	2025-09-15T00:23:31.9232078Z   7250K .......... .......... .......... .......... ..........  5%  324M 1s
build	Install Gradle 8.7	2025-09-15T00:23:31.9233792Z   7300K .......... .......... .......... .......... ..........  5%  343M 1s
build	Install Gradle 8.7	2025-09-15T00:23:31.9235310Z   7350K .......... .......... .......... .......... ..........  5%  288M 1s
build	Install Gradle 8.7	2025-09-15T00:23:31.9236929Z   7400K .......... .......... .......... .......... ..........  5%  326M 1s
build	Install Gradle 8.7	2025-09-15T00:23:31.9238539Z   7450K .......... .......... .......... .......... ..........  5%  302M 1s
build	Install Gradle 8.7	2025-09-15T00:23:31.9240468Z   7500K .......... .......... .......... .......... ..........  5%  246M 1s
build	Install Gradle 8.7	2025-09-15T00:23:31.9242423Z   7550K .......... .......... .......... .......... ..........  5%  333M 1s
build	Install Gradle 8.7	2025-09-15T00:23:31.9244091Z   7600K .......... .......... .......... .......... ..........  5%  280M 1s
build	Install Gradle 8.7	2025-09-15T00:23:31.9246798Z   7650K .......... .......... .......... .......... ..........  5%  248M 1s
build	Install Gradle 8.7	2025-09-15T00:23:31.9247994Z   7700K .......... .......... .......... .......... ..........  5%  294M 1s
build	Install Gradle 8.7	2025-09-15T00:23:31.9249688Z   7750K .......... .......... .......... .......... ..........  5%  274M 1s
build	Install Gradle 8.7	2025-09-15T00:23:31.9250965Z   7800K .......... .......... .......... .......... ..........  5%  294M 1s
build	Install Gradle 8.7	2025-09-15T00:23:31.9254055Z   7850K .......... .......... .......... .......... ..........  6%  304M 1s
build	Install Gradle 8.7	2025-09-15T00:23:31.9256621Z   7900K .......... .......... .......... .......... ..........  6%  208M 1s
build	Install Gradle 8.7	2025-09-15T00:23:31.9258608Z   7950K .......... .......... .......... .......... ..........  6%  228M 1s
build	Install Gradle 8.7	2025-09-15T00:23:31.9259723Z   8000K .......... .......... .......... .......... ..........  6%  274M 1s
build	Install Gradle 8.7	2025-09-15T00:23:31.9261122Z   8050K .......... .......... .......... .......... ..........  6%  296M 1s
build	Install Gradle 8.7	2025-09-15T00:23:31.9261898Z   8100K .......... .......... .......... .......... ..........  6%  292M 1s
build	Install Gradle 8.7	2025-09-15T00:23:31.9263694Z   8150K .......... .......... .......... .......... ..........  6%  284M 1s
build	Install Gradle 8.7	2025-09-15T00:23:31.9265274Z   8200K .......... .......... .......... .......... ..........  6%  293M 1s
build	Install Gradle 8.7	2025-09-15T00:23:31.9266683Z   8250K .......... .......... .......... .......... ..........  6%  337M 1s
build	Install Gradle 8.7	2025-09-15T00:23:31.9268304Z   8300K .......... .......... .......... .......... ..........  6%  339M 1s
build	Install Gradle 8.7	2025-09-15T00:23:31.9269734Z   8350K .......... .......... .......... .......... ..........  6%  322M 1s
build	Install Gradle 8.7	2025-09-15T00:23:31.9271667Z   8400K .......... .......... .......... .......... ..........  6%  253M 1s
build	Install Gradle 8.7	2025-09-15T00:23:31.9273029Z   8450K .......... .......... .......... .......... ..........  6%  326M 1s
build	Install Gradle 8.7	2025-09-15T00:23:31.9274583Z   8500K .......... .......... .......... .......... ..........  6%  346M 1s
build	Install Gradle 8.7	2025-09-15T00:23:31.9276504Z   8550K .......... .......... .......... .......... ..........  6%  287M 1s
build	Install Gradle 8.7	2025-09-15T00:23:31.9277877Z   8600K .......... .......... .......... .......... ..........  6%  283M 1s
build	Install Gradle 8.7	2025-09-15T00:23:31.9279705Z   8650K .......... .......... .......... .......... ..........  6%  293M 1s
build	Install Gradle 8.7	2025-09-15T00:23:31.9281085Z   8700K .......... .......... .......... .......... ..........  6%  315M 1s
build	Install Gradle 8.7	2025-09-15T00:23:31.9282624Z   8750K .......... .......... .......... .......... ..........  6%  341M 1s
build	Install Gradle 8.7	2025-09-15T00:23:31.9284074Z   8800K .......... .......... .......... .......... ..........  6%  332M 1s
build	Install Gradle 8.7	2025-09-15T00:23:31.9285916Z   8850K .......... .......... .......... .......... ..........  6%  290M 1s
build	Install Gradle 8.7	2025-09-15T00:23:31.9288125Z   8900K .......... .......... .......... .......... ..........  6%  245M 1s
build	Install Gradle 8.7	2025-09-15T00:23:31.9290341Z   8950K .......... .......... .......... .......... ..........  6%  317M 1s
build	Install Gradle 8.7	2025-09-15T00:23:31.9292199Z   9000K .......... .......... .......... .......... ..........  6%  273M 1s
build	Install Gradle 8.7	2025-09-15T00:23:31.9293870Z   9050K .......... .......... .......... .......... ..........  6%  294M 1s
build	Install Gradle 8.7	2025-09-15T00:23:31.9295957Z   9100K .......... .......... .......... .......... ..........  6%  303M 1s
build	Install Gradle 8.7	2025-09-15T00:23:31.9300626Z   9150K .......... .......... .......... .......... ..........  7%  258M 1s
build	Install Gradle 8.7	2025-09-15T00:23:31.9302521Z   9200K .......... .......... .......... .......... ..........  7%  181M 1s
build	Install Gradle 8.7	2025-09-15T00:23:31.9304826Z   9250K .......... .......... .......... .......... ..........  7%  287M 1s
build	Install Gradle 8.7	2025-09-15T00:23:31.9306737Z   9300K .......... .......... .......... .......... ..........  7%  204M 1s
build	Install Gradle 8.7	2025-09-15T00:23:31.9308536Z   9350K .......... .......... .......... .......... ..........  7%  285M 1s
build	Install Gradle 8.7	2025-09-15T00:23:31.9310451Z   9400K .......... .......... .......... .......... ..........  7%  272M 1s
build	Install Gradle 8.7	2025-09-15T00:23:31.9310909Z   9450K .......... .......... .......... .......... ..........  7%  300M 1s
build	Install Gradle 8.7	2025-09-15T00:23:31.9311594Z   9500K .......... .......... .......... .......... ..........  7%  290M 1s
build	Install Gradle 8.7	2025-09-15T00:23:31.9312275Z   9550K .......... .......... .......... .......... ..........  7%  280M 1s
build	Install Gradle 8.7	2025-09-15T00:23:31.9313084Z   9600K .......... .......... .......... .......... ..........  7%  323M 1s
build	Install Gradle 8.7	2025-09-15T00:23:31.9314684Z   9650K .......... .......... .......... .......... ..........  7%  338M 1s
build	Install Gradle 8.7	2025-09-15T00:23:31.9316793Z   9700K .......... .......... .......... .......... ..........  7%  225M 1s
build	Install Gradle 8.7	2025-09-15T00:23:31.9317959Z   9750K .......... .......... .......... .......... ..........  7%  346M 1s
build	Install Gradle 8.7	2025-09-15T00:23:31.9319959Z   9800K .......... .......... .......... .......... ..........  7%  279M 1s
build	Install Gradle 8.7	2025-09-15T00:23:31.9321261Z   9850K .......... .......... .......... .......... ..........  7%  331M 1s
build	Install Gradle 8.7	2025-09-15T00:23:31.9322867Z   9900K .......... .......... .......... .......... ..........  7%  341M 1s
build	Install Gradle 8.7	2025-09-15T00:23:31.9324394Z   9950K .......... .......... .......... .......... ..........  7%  323M 1s
build	Install Gradle 8.7	2025-09-15T00:23:31.9325865Z  10000K .......... .......... .......... .......... ..........  7%  303M 1s
build	Install Gradle 8.7	2025-09-15T00:23:31.9328213Z  10050K .......... .......... .......... .......... ..........  7%  330M 1s
build	Install Gradle 8.7	2025-09-15T00:23:31.9329216Z  10100K .......... .......... .......... .......... ..........  7%  272M 1s
build	Install Gradle 8.7	2025-09-15T00:23:31.9330727Z  10150K .......... .......... .......... .......... ..........  7%  321M 1s
build	Install Gradle 8.7	2025-09-15T00:23:31.9333653Z  10200K .......... .......... .......... .......... ..........  7%  260M 1s
build	Install Gradle 8.7	2025-09-15T00:23:31.9335101Z  10250K .......... .......... .......... .......... ..........  7%  316M 1s
build	Install Gradle 8.7	2025-09-15T00:23:31.9336417Z  10300K .......... .......... .......... .......... ..........  7%  271M 1s
build	Install Gradle 8.7	2025-09-15T00:23:31.9338173Z  10350K .......... .......... .......... .......... ..........  7%  308M 1s
build	Install Gradle 8.7	2025-09-15T00:23:31.9340143Z  10400K .......... .......... .......... .......... ..........  7%  245M 1s
build	Install Gradle 8.7	2025-09-15T00:23:31.9342038Z  10450K .......... .......... .......... .......... ..........  8%  280M 1s
build	Install Gradle 8.7	2025-09-15T00:23:31.9343277Z  10500K .......... .......... .......... .......... ..........  8%  320M 1s
build	Install Gradle 8.7	2025-09-15T00:23:31.9344716Z  10550K .......... .......... .......... .......... ..........  8%  306M 1s
build	Install Gradle 8.7	2025-09-15T00:23:31.9346359Z  10600K .......... .......... .......... .......... ..........  8%  261M 1s
build	Install Gradle 8.7	2025-09-15T00:23:31.9348278Z  10650K .......... .......... .......... .......... ..........  8%  310M 1s
build	Install Gradle 8.7	2025-09-15T00:23:31.9350194Z  10700K .......... .......... .......... .......... ..........  8%  297M 1s
build	Install Gradle 8.7	2025-09-15T00:23:31.9351587Z  10750K .......... .......... .......... .......... ..........  8%  244M 1s
build	Install Gradle 8.7	2025-09-15T00:23:31.9353208Z  10800K .......... .......... .......... .......... ..........  8%  308M 1s
build	Install Gradle 8.7	2025-09-15T00:23:31.9354809Z  10850K .......... .......... .......... .......... ..........  8%  319M 1s
build	Install Gradle 8.7	2025-09-15T00:23:31.9356498Z  10900K .......... .......... .......... .......... ..........  8%  270M 1s
build	Install Gradle 8.7	2025-09-15T00:23:31.9357958Z  10950K .......... .......... .......... .......... ..........  8%  308M 1s
build	Install Gradle 8.7	2025-09-15T00:23:31.9359528Z  11000K .......... .......... .......... .......... ..........  8%  311M 1s
build	Install Gradle 8.7	2025-09-15T00:23:31.9361962Z  11050K .......... .......... .......... .......... ..........  8%  313M 1s
build	Install Gradle 8.7	2025-09-15T00:23:31.9363577Z  11100K .......... .......... .......... .......... ..........  8%  298M 1s
build	Install Gradle 8.7	2025-09-15T00:23:31.9365929Z  11150K .......... .......... .......... .......... ..........  8%  231M 1s
build	Install Gradle 8.7	2025-09-15T00:23:31.9366687Z  11200K .......... .......... .......... .......... ..........  8%  317M 1s
build	Install Gradle 8.7	2025-09-15T00:23:31.9368694Z  11250K .......... .......... .......... .......... ..........  8%  307M 1s
build	Install Gradle 8.7	2025-09-15T00:23:31.9372322Z  11300K .......... .......... .......... .......... ..........  8%  288M 1s
build	Install Gradle 8.7	2025-09-15T00:23:31.9372780Z  11350K .......... .......... .......... .......... ..........  8%  311M 1s
build	Install Gradle 8.7	2025-09-15T00:23:31.9373523Z  11400K .......... .......... .......... .......... ..........  8%  251M 1s
build	Install Gradle 8.7	2025-09-15T00:23:31.9375040Z  11450K .......... .......... .......... .......... ..........  8%  320M 1s
build	Install Gradle 8.7	2025-09-15T00:23:31.9377276Z  11500K .......... .......... .......... .......... ..........  8%  263M 1s
build	Install Gradle 8.7	2025-09-15T00:23:31.9378703Z  11550K .......... .......... .......... .......... ..........  8%  223M 1s
build	Install Gradle 8.7	2025-09-15T00:23:31.9380113Z  11600K .......... .......... .......... .......... ..........  8%  345M 1s
build	Install Gradle 8.7	2025-09-15T00:23:31.9383939Z  11650K .......... .......... .......... .......... ..........  8%  335M 1s
build	Install Gradle 8.7	2025-09-15T00:23:31.9385168Z  11700K .......... .......... .......... .......... ..........  8%  339M 1s
build	Install Gradle 8.7	2025-09-15T00:23:31.9387201Z  11750K .......... .......... .......... .......... ..........  9%  263M 1s
build	Install Gradle 8.7	2025-09-15T00:23:31.9388711Z  11800K .......... .......... .......... .......... ..........  9%  253M 1s
build	Install Gradle 8.7	2025-09-15T00:23:31.9390333Z  11850K .......... .......... .......... .......... ..........  9%  254M 1s
build	Install Gradle 8.7	2025-09-15T00:23:31.9391549Z  11900K .......... .......... .......... .......... ..........  9%  277M 1s
build	Install Gradle 8.7	2025-09-15T00:23:31.9392836Z  11950K .......... .......... .......... .......... ..........  9%  212M 1s
build	Install Gradle 8.7	2025-09-15T00:23:31.9394652Z  12000K .......... .......... .......... .......... ..........  9%  308M 1s
build	Install Gradle 8.7	2025-09-15T00:23:31.9396211Z  12050K .......... .......... .......... .......... ..........  9%  283M 1s
build	Install Gradle 8.7	2025-09-15T00:23:31.9397589Z  12100K .......... .......... .......... .......... ..........  9%  332M 1s
build	Install Gradle 8.7	2025-09-15T00:23:31.9399777Z  12150K .......... .......... .......... .......... ..........  9%  331M 1s
build	Install Gradle 8.7	2025-09-15T00:23:31.9401466Z  12200K .......... .......... .......... .......... ..........  9%  306M 1s
build	Install Gradle 8.7	2025-09-15T00:23:31.9402322Z  12250K .......... .......... .......... .......... ..........  9%  297M 1s
build	Install Gradle 8.7	2025-09-15T00:23:31.9404665Z  12300K .......... .......... .......... .......... ..........  9%  320M 1s
build	Install Gradle 8.7	2025-09-15T00:23:31.9406976Z  12350K .......... .......... .......... .......... ..........  9%  225M 1s
build	Install Gradle 8.7	2025-09-15T00:23:31.9408389Z  12400K .......... .......... .......... .......... ..........  9%  301M 1s
build	Install Gradle 8.7	2025-09-15T00:23:31.9409575Z  12450K .......... .......... .......... .......... ..........  9%  263M 1s
build	Install Gradle 8.7	2025-09-15T00:23:31.9411054Z  12500K .......... .......... .......... .......... ..........  9%  315M 1s
build	Install Gradle 8.7	2025-09-15T00:23:31.9413000Z  12550K .......... .......... .......... .......... ..........  9%  334M 1s
build	Install Gradle 8.7	2025-09-15T00:23:31.9415559Z  12600K .......... .......... .......... .......... ..........  9%  302M 1s
build	Install Gradle 8.7	2025-09-15T00:23:31.9416331Z  12650K .......... .......... .......... .......... ..........  9%  231M 1s
build	Install Gradle 8.7	2025-09-15T00:23:31.9418678Z  12700K .......... .......... .......... .......... ..........  9%  313M 1s
build	Install Gradle 8.7	2025-09-15T00:23:31.9419955Z  12750K .......... .......... .......... .......... ..........  9%  228M 1s
build	Install Gradle 8.7	2025-09-15T00:23:31.9422008Z  12800K .......... .......... .......... .......... ..........  9%  334M 1s
build	Install Gradle 8.7	2025-09-15T00:23:31.9424355Z  12850K .......... .......... .......... .......... ..........  9%  320M 1s
build	Install Gradle 8.7	2025-09-15T00:23:31.9426345Z  12900K .......... .......... .......... .......... ..........  9%  314M 1s
build	Install Gradle 8.7	2025-09-15T00:23:31.9427777Z  12950K .......... .......... .......... .......... ..........  9%  264M 1s
build	Install Gradle 8.7	2025-09-15T00:23:31.9429248Z  13000K .......... .......... .......... .......... ..........  9%  283M 1s
build	Install Gradle 8.7	2025-09-15T00:23:31.9430311Z  13050K .......... .......... .......... .......... ..........  9%  286M 1s
build	Install Gradle 8.7	2025-09-15T00:23:31.9431983Z  13100K .......... .......... .......... .......... .......... 10%  306M 1s
build	Install Gradle 8.7	2025-09-15T00:23:31.9433522Z  13150K .......... .......... .......... .......... .......... 10%  227M 1s
build	Install Gradle 8.7	2025-09-15T00:23:31.9436875Z  13200K .......... .......... .......... .......... .......... 10%  290M 1s
build	Install Gradle 8.7	2025-09-15T00:23:31.9438233Z  13250K .......... .......... .......... .......... .......... 10%  161M 1s
build	Install Gradle 8.7	2025-09-15T00:23:31.9439664Z  13300K .......... .......... .......... .......... .......... 10%  333M 1s
build	Install Gradle 8.7	2025-09-15T00:23:31.9472222Z  13350K .......... .......... .......... .......... .......... 10% 15.4M 1s
build	Install Gradle 8.7	2025-09-15T00:23:31.9474443Z  13400K .......... .......... .......... .......... .......... 10%  228M 1s
build	Install Gradle 8.7	2025-09-15T00:23:31.9475952Z  13450K .......... .......... .......... .......... .......... 10%  218M 1s
build	Install Gradle 8.7	2025-09-15T00:23:31.9479170Z  13500K .......... .......... .......... .......... .......... 10%  296M 1s
build	Install Gradle 8.7	2025-09-15T00:23:31.9479943Z  13550K .......... .......... .......... .......... .......... 10%  256M 1s
build	Install Gradle 8.7	2025-09-15T00:23:31.9480886Z  13600K .......... .......... .......... .......... .......... 10%  324M 1s
build	Install Gradle 8.7	2025-09-15T00:23:31.9485340Z  13650K .......... .......... .......... .......... .......... 10%  156M 1s
build	Install Gradle 8.7	2025-09-15T00:23:31.9487336Z  13700K .......... .......... .......... .......... .......... 10%  286M 1s
build	Install Gradle 8.7	2025-09-15T00:23:31.9488664Z  13750K .......... .......... .......... .......... .......... 10%  303M 1s
build	Install Gradle 8.7	2025-09-15T00:23:31.9489400Z  13800K .......... .......... .......... .......... .......... 10%  304M 1s
build	Install Gradle 8.7	2025-09-15T00:23:31.9491421Z  13850K .......... .......... .......... .......... .......... 10%  317M 1s
build	Install Gradle 8.7	2025-09-15T00:23:31.9493519Z  13900K .......... .......... .......... .......... .......... 10%  287M 1s
build	Install Gradle 8.7	2025-09-15T00:23:31.9495557Z  13950K .......... .......... .......... .......... .......... 10%  244M 1s
build	Install Gradle 8.7	2025-09-15T00:23:31.9496856Z  14000K .......... .......... .......... .......... .......... 10%  275M 1s
build	Install Gradle 8.7	2025-09-15T00:23:31.9497629Z  14050K .......... .......... .......... .......... .......... 10%  303M 1s
build	Install Gradle 8.7	2025-09-15T00:23:31.9499283Z  14100K .......... .......... .......... .......... .......... 10%  331M 1s
build	Install Gradle 8.7	2025-09-15T00:23:31.9500678Z  14150K .......... .......... .......... .......... .......... 10%  334M 1s
build	Install Gradle 8.7	2025-09-15T00:23:31.9502240Z  14200K .......... .......... .......... .......... .......... 10%  302M 1s
build	Install Gradle 8.7	2025-09-15T00:23:31.9504726Z  14250K .......... .......... .......... .......... .......... 10%  305M 1s
build	Install Gradle 8.7	2025-09-15T00:23:31.9506167Z  14300K .......... .......... .......... .......... .......... 10%  286M 1s
build	Install Gradle 8.7	2025-09-15T00:23:31.9507864Z  14350K .......... .......... .......... .......... .......... 10%  221M 1s
build	Install Gradle 8.7	2025-09-15T00:23:31.9509794Z  14400K .......... .......... .......... .......... .......... 11%  321M 1s
build	Install Gradle 8.7	2025-09-15T00:23:31.9510611Z  14450K .......... .......... .......... .......... .......... 11%  336M 1s
build	Install Gradle 8.7	2025-09-15T00:23:31.9512042Z  14500K .......... .......... .......... .......... .......... 11%  346M 1s
build	Install Gradle 8.7	2025-09-15T00:23:31.9513557Z  14550K .......... .......... .......... .......... .......... 11%  336M 1s
build	Install Gradle 8.7	2025-09-15T00:23:31.9516119Z  14600K .......... .......... .......... .......... .......... 11%  286M 1s
build	Install Gradle 8.7	2025-09-15T00:23:31.9516973Z  14650K .......... .......... .......... .......... .......... 11%  299M 1s
build	Install Gradle 8.7	2025-09-15T00:23:31.9519153Z  14700K .......... .......... .......... .......... .......... 11%  296M 1s
build	Install Gradle 8.7	2025-09-15T00:23:31.9520414Z  14750K .......... .......... .......... .......... .......... 11%  246M 1s
build	Install Gradle 8.7	2025-09-15T00:23:31.9521970Z  14800K .......... .......... .......... .......... .......... 11%  341M 1s
build	Install Gradle 8.7	2025-09-15T00:23:31.9523335Z  14850K .......... .......... .......... .......... .......... 11%  329M 1s
build	Install Gradle 8.7	2025-09-15T00:23:31.9525192Z  14900K .......... .......... .......... .......... .......... 11%  329M 1s
build	Install Gradle 8.7	2025-09-15T00:23:31.9526896Z  14950K .......... .......... .......... .......... .......... 11%  267M 1s
build	Install Gradle 8.7	2025-09-15T00:23:31.9528391Z  15000K .......... .......... .......... .......... .......... 11%  296M 1s
build	Install Gradle 8.7	2025-09-15T00:23:31.9545555Z  15050K .......... .......... .......... .......... .......... 11% 31.0M 1s
build	Install Gradle 8.7	2025-09-15T00:23:31.9546728Z  15100K .......... .......... .......... .......... .......... 11%  268M 1s
build	Install Gradle 8.7	2025-09-15T00:23:31.9549529Z  15150K .......... .......... .......... .......... .......... 11%  208M 1s
build	Install Gradle 8.7	2025-09-15T00:23:31.9550284Z  15200K .......... .......... .......... .......... .......... 11%  267M 1s
build	Install Gradle 8.7	2025-09-15T00:23:31.9552493Z  15250K .......... .......... .......... .......... .......... 11%  305M 1s
build	Install Gradle 8.7	2025-09-15T00:23:31.9555170Z  15300K .......... .......... .......... .......... .......... 11%  275M 1s
build	Install Gradle 8.7	2025-09-15T00:23:31.9557336Z  15350K .......... .......... .......... .......... .......... 11%  272M 1s
build	Install Gradle 8.7	2025-09-15T00:23:31.9557995Z  15400K .......... .......... .......... .......... .......... 11%  266M 1s
build	Install Gradle 8.7	2025-09-15T00:23:31.9560610Z  15450K .......... .......... .......... .......... .......... 11%  308M 1s
build	Install Gradle 8.7	2025-09-15T00:23:31.9561526Z  15500K .......... .......... .......... .......... .......... 11%  340M 1s
build	Install Gradle 8.7	2025-09-15T00:23:31.9562499Z  15550K .......... .......... .......... .......... .......... 11%  215M 1s
build	Install Gradle 8.7	2025-09-15T00:23:31.9564342Z  15600K .......... .......... .......... .......... .......... 11%  321M 1s
build	Install Gradle 8.7	2025-09-15T00:23:31.9567340Z  15650K .......... .......... .......... .......... .......... 11%  283M 1s
build	Install Gradle 8.7	2025-09-15T00:23:31.9568361Z  15700K .......... .......... .......... .......... .......... 12%  295M 1s
build	Install Gradle 8.7	2025-09-15T00:23:31.9624916Z  15750K .......... .......... .......... .......... .......... 12%  310M 1s
build	Install Gradle 8.7	2025-09-15T00:23:31.9625693Z  15800K .......... .......... .......... .......... .......... 12%  345M 1s
build	Install Gradle 8.7	2025-09-15T00:23:31.9626367Z  15850K .......... .......... .......... .......... .......... 12%  498M 1s
build	Install Gradle 8.7	2025-09-15T00:23:31.9626780Z  15900K .......... .......... .......... .......... .......... 12%  509M 1s
build	Install Gradle 8.7	2025-09-15T00:23:31.9627179Z  15950K .......... .......... .......... .......... .......... 12%  395M 1s
build	Install Gradle 8.7	2025-09-15T00:23:31.9627578Z  16000K .......... .......... .......... .......... .......... 12%  511M 1s
build	Install Gradle 8.7	2025-09-15T00:23:31.9627963Z  16050K .......... .......... .......... .......... .......... 12%  366M 1s
build	Install Gradle 8.7	2025-09-15T00:23:31.9628356Z  16100K .......... .......... .......... .......... .......... 12%  526M 1s
build	Install Gradle 8.7	2025-09-15T00:23:31.9628750Z  16150K .......... .......... .......... .......... .......... 12% 12.8M 1s
build	Install Gradle 8.7	2025-09-15T00:23:31.9629136Z  16200K .......... .......... .......... .......... .......... 12%  254M 1s
build	Install Gradle 8.7	2025-09-15T00:23:31.9629529Z  16250K .......... .......... .......... .......... .......... 12%  383M 1s
build	Install Gradle 8.7	2025-09-15T00:23:31.9629916Z  16300K .......... .......... .......... .......... .......... 12%  410M 1s
build	Install Gradle 8.7	2025-09-15T00:23:31.9630311Z  16350K .......... .......... .......... .......... .......... 12%  303M 1s
build	Install Gradle 8.7	2025-09-15T00:23:31.9630701Z  16400K .......... .......... .......... .......... .......... 12%  389M 1s
build	Install Gradle 8.7	2025-09-15T00:23:31.9631095Z  16450K .......... .......... .......... .......... .......... 12%  427M 1s
build	Install Gradle 8.7	2025-09-15T00:23:31.9716001Z  16500K .......... .......... .......... .......... .......... 12% 5.35M 1s
build	Install Gradle 8.7	2025-09-15T00:23:31.9716885Z  16550K .......... .......... .......... .......... .......... 12%  211M 1s
build	Install Gradle 8.7	2025-09-15T00:23:31.9718622Z  16600K .......... .......... .......... .......... .......... 12%  303M 1s
build	Install Gradle 8.7	2025-09-15T00:23:31.9720224Z  16650K .......... .......... .......... .......... .......... 12%  279M 1s
build	Install Gradle 8.7	2025-09-15T00:23:31.9727026Z  16700K .......... .......... .......... .......... .......... 12% 82.7M 1s
build	Install Gradle 8.7	2025-09-15T00:23:31.9728543Z  16750K .......... .......... .......... .......... .......... 12%  207M 1s
build	Install Gradle 8.7	2025-09-15T00:23:31.9729939Z  16800K .......... .......... .......... .......... .......... 12%  309M 1s
build	Install Gradle 8.7	2025-09-15T00:23:31.9731850Z  16850K .......... .......... .......... .......... .......... 12%  290M 1s
build	Install Gradle 8.7	2025-09-15T00:23:31.9733161Z  16900K .......... .......... .......... .......... .......... 12%  323M 1s
build	Install Gradle 8.7	2025-09-15T00:23:31.9744439Z  16950K .......... .......... .......... .......... .......... 12% 45.2M 1s
build	Install Gradle 8.7	2025-09-15T00:23:31.9746572Z  17000K .......... .......... .......... .......... .......... 13%  218M 1s
build	Install Gradle 8.7	2025-09-15T00:23:31.9748521Z  17050K .......... .......... .......... .......... .......... 13%  274M 1s
build	Install Gradle 8.7	2025-09-15T00:23:31.9751124Z  17100K .......... .......... .......... .......... .......... 13%  298M 1s
build	Install Gradle 8.7	2025-09-15T00:23:31.9752582Z  17150K .......... .......... .......... .......... .......... 13%  211M 1s
build	Install Gradle 8.7	2025-09-15T00:23:31.9754977Z  17200K .......... .......... .......... .......... .......... 13%  279M 1s
build	Install Gradle 8.7	2025-09-15T00:23:31.9755723Z  17250K .......... .......... .......... .......... .......... 13%  279M 1s
build	Install Gradle 8.7	2025-09-15T00:23:31.9756896Z  17300K .......... .......... .......... .......... .......... 13%  343M 1s
build	Install Gradle 8.7	2025-09-15T00:23:31.9758199Z  17350K .......... .......... .......... .......... .......... 13%  335M 1s
build	Install Gradle 8.7	2025-09-15T00:23:31.9759556Z  17400K .......... .......... .......... .......... .......... 13%  355M 1s
build	Install Gradle 8.7	2025-09-15T00:23:31.9763966Z  17450K .......... .......... .......... .......... .......... 13%  171M 1s
build	Install Gradle 8.7	2025-09-15T00:23:31.9765132Z  17500K .......... .......... .......... .......... .......... 13%  327M 1s
build	Install Gradle 8.7	2025-09-15T00:23:31.9766870Z  17550K .......... .......... .......... .......... .......... 13%  233M 1s
build	Install Gradle 8.7	2025-09-15T00:23:31.9769364Z  17600K .......... .......... .......... .......... .......... 13%  308M 1s
build	Install Gradle 8.7	2025-09-15T00:23:31.9771149Z  17650K .......... .......... .......... .......... .......... 13%  359M 1s
build	Install Gradle 8.7	2025-09-15T00:23:31.9772522Z  17700K .......... .......... .......... .......... .......... 13%  325M 1s
build	Install Gradle 8.7	2025-09-15T00:23:31.9775921Z  17750K .......... .......... .......... .......... .......... 13%  316M 1s
build	Install Gradle 8.7	2025-09-15T00:23:31.9779065Z  17800K .......... .......... .......... .......... .......... 13%  325M 1s
build	Install Gradle 8.7	2025-09-15T00:23:31.9781584Z  17850K .......... .......... .......... .......... .......... 13%  278M 1s
build	Install Gradle 8.7	2025-09-15T00:23:31.9783059Z  17900K .......... .......... .......... .......... .......... 13%  299M 1s
build	Install Gradle 8.7	2025-09-15T00:23:31.9785085Z  17950K .......... .......... .......... .......... .......... 13%  248M 1s
build	Install Gradle 8.7	2025-09-15T00:23:31.9787041Z  18000K .......... .......... .......... .......... .......... 13%  318M 1s
build	Install Gradle 8.7	2025-09-15T00:23:31.9788783Z  18050K .......... .......... .......... .......... .......... 13%  290M 1s
build	Install Gradle 8.7	2025-09-15T00:23:31.9790626Z  18100K .......... .......... .......... .......... .......... 13%  311M 1s
build	Install Gradle 8.7	2025-09-15T00:23:31.9791675Z  18150K .......... .......... .......... .......... .......... 13%  289M 1s
build	Install Gradle 8.7	2025-09-15T00:23:31.9792232Z  18200K .......... .......... .......... .......... .......... 13%  337M 1s
build	Install Gradle 8.7	2025-09-15T00:23:31.9792850Z  18250K .......... .......... .......... .......... .......... 13%  316M 1s
build	Install Gradle 8.7	2025-09-15T00:23:31.9794782Z  18300K .......... .......... .......... .......... .......... 14%  321M 1s
build	Install Gradle 8.7	2025-09-15T00:23:31.9795378Z  18350K .......... .......... .......... .......... .......... 14%  264M 1s
build	Install Gradle 8.7	2025-09-15T00:23:31.9795959Z  18400K .......... .......... .......... .......... .......... 14%  324M 1s
build	Install Gradle 8.7	2025-09-15T00:23:31.9797988Z  18450K .......... .......... .......... .......... .......... 14%  358M 1s
build	Install Gradle 8.7	2025-09-15T00:23:31.9798610Z  18500K .......... .......... .......... .......... .......... 14%  273M 1s
build	Install Gradle 8.7	2025-09-15T00:23:31.9799268Z  18550K .......... .......... .......... .......... .......... 14%  333M 1s
build	Install Gradle 8.7	2025-09-15T00:23:31.9799864Z  18600K .......... .......... .......... .......... .......... 14%  308M 1s
build	Install Gradle 8.7	2025-09-15T00:23:31.9800866Z  18650K .......... .......... .......... .......... .......... 14%  352M 1s
build	Install Gradle 8.7	2025-09-15T00:23:31.9803455Z  18700K .......... .......... .......... .......... .......... 14%  352M 1s
build	Install Gradle 8.7	2025-09-15T00:23:31.9804355Z  18750K .......... .......... .......... .......... .......... 14%  251M 1s
build	Install Gradle 8.7	2025-09-15T00:23:31.9805701Z  18800K .......... .......... .......... .......... .......... 14%  313M 1s
build	Install Gradle 8.7	2025-09-15T00:23:31.9808164Z  18850K .......... .......... .......... .......... .......... 14%  332M 1s
build	Install Gradle 8.7	2025-09-15T00:23:31.9809117Z  18900K .......... .......... .......... .......... .......... 14%  317M 1s
build	Install Gradle 8.7	2025-09-15T00:23:31.9811997Z  18950K .......... .......... .......... .......... .......... 14%  374M 1s
build	Install Gradle 8.7	2025-09-15T00:23:31.9812710Z  19000K .......... .......... .......... .......... .......... 14%  311M 1s
build	Install Gradle 8.7	2025-09-15T00:23:31.9815098Z  19050K .......... .......... .......... .......... .......... 14%  343M 1s
build	Install Gradle 8.7	2025-09-15T00:23:31.9815774Z  19100K .......... .......... .......... .......... .......... 14%  245M 1s
build	Install Gradle 8.7	2025-09-15T00:23:31.9816612Z  19150K .......... .......... .......... .......... .......... 14%  307M 1s
build	Install Gradle 8.7	2025-09-15T00:23:31.9818018Z  19200K .......... .......... .......... .......... .......... 14%  350M 1s
build	Install Gradle 8.7	2025-09-15T00:23:31.9819381Z  19250K .......... .......... .......... .......... .......... 14%  351M 1s
build	Install Gradle 8.7	2025-09-15T00:23:31.9821407Z  19300K .......... .......... .......... .......... .......... 14%  353M 1s
build	Install Gradle 8.7	2025-09-15T00:23:31.9822586Z  19350K .......... .......... .......... .......... .......... 14%  341M 1s
build	Install Gradle 8.7	2025-09-15T00:23:31.9825029Z  19400K .......... .......... .......... .......... .......... 14%  310M 1s
build	Install Gradle 8.7	2025-09-15T00:23:31.9827756Z  19450K .......... .......... .......... .......... .......... 14%  229M 1s
build	Install Gradle 8.7	2025-09-15T00:23:31.9829997Z  19500K .......... .......... .......... .......... .......... 14%  314M 1s
build	Install Gradle 8.7	2025-09-15T00:23:31.9831716Z  19550K .......... .......... .......... .......... .......... 14%  303M 1s
build	Install Gradle 8.7	2025-09-15T00:23:31.9833187Z  19600K .......... .......... .......... .......... .......... 14%  291M 1s
build	Install Gradle 8.7	2025-09-15T00:23:31.9835413Z  19650K .......... .......... .......... .......... .......... 15%  302M 1s
build	Install Gradle 8.7	2025-09-15T00:23:31.9836124Z  19700K .......... .......... .......... .......... .......... 15%  312M 1s
build	Install Gradle 8.7	2025-09-15T00:23:31.9837147Z  19750K .......... .......... .......... .......... .......... 15%  243M 1s
build	Install Gradle 8.7	2025-09-15T00:23:31.9838009Z  19800K .......... .......... .......... .......... .......... 15%  348M 1s
build	Install Gradle 8.7	2025-09-15T00:23:31.9839385Z  19850K .......... .......... .......... .......... .......... 15%  237M 1s
build	Install Gradle 8.7	2025-09-15T00:23:31.9840711Z  19900K .......... .......... .......... .......... .......... 15%  365M 1s
build	Install Gradle 8.7	2025-09-15T00:23:31.9842479Z  19950K .......... .......... .......... .......... .......... 15%  357M 1s
build	Install Gradle 8.7	2025-09-15T00:23:31.9843354Z  20000K .......... .......... .......... .......... .......... 15%  403M 1s
build	Install Gradle 8.7	2025-09-15T00:23:31.9844927Z  20050K .......... .......... .......... .......... .......... 15%  350M 1s
build	Install Gradle 8.7	2025-09-15T00:23:31.9846572Z  20100K .......... .......... .......... .......... .......... 15%  301M 1s
build	Install Gradle 8.7	2025-09-15T00:23:31.9847683Z  20150K .......... .......... .......... .......... .......... 15%  387M 1s
build	Install Gradle 8.7	2025-09-15T00:23:31.9849558Z  20200K .......... .......... .......... .......... .......... 15%  346M 1s
build	Install Gradle 8.7	2025-09-15T00:23:31.9850503Z  20250K .......... .......... .......... .......... .......... 15%  350M 1s
build	Install Gradle 8.7	2025-09-15T00:23:31.9852468Z  20300K .......... .......... .......... .......... .......... 15%  334M 1s
build	Install Gradle 8.7	2025-09-15T00:23:31.9853552Z  20350K .......... .......... .......... .......... .......... 15%  295M 1s
build	Install Gradle 8.7	2025-09-15T00:23:31.9856681Z  20400K .......... .......... .......... .......... .......... 15%  323M 1s
build	Install Gradle 8.7	2025-09-15T00:23:31.9857391Z  20450K .......... .......... .......... .......... .......... 15%  303M 1s
build	Install Gradle 8.7	2025-09-15T00:23:31.9858166Z  20500K .......... .......... .......... .......... .......... 15%  325M 1s
build	Install Gradle 8.7	2025-09-15T00:23:31.9866038Z  20550K .......... .......... .......... .......... .......... 15% 74.6M 1s
build	Install Gradle 8.7	2025-09-15T00:23:31.9867418Z  20600K .......... .......... .......... .......... .......... 15%  239M 1s
build	Install Gradle 8.7	2025-09-15T00:23:31.9868204Z  20650K .......... .......... .......... .......... .......... 15%  353M 1s
build	Install Gradle 8.7	2025-09-15T00:23:31.9876630Z  20700K .......... .......... .......... .......... .......... 15% 64.3M 1s
build	Install Gradle 8.7	2025-09-15T00:23:31.9878227Z  20750K .......... .......... .......... .......... .......... 15%  308M 1s
build	Install Gradle 8.7	2025-09-15T00:23:31.9880995Z  20800K .......... .......... .......... .......... .......... 15%  224M 1s
build	Install Gradle 8.7	2025-09-15T00:23:31.9882796Z  20850K .......... .......... .......... .......... .......... 15%  330M 1s
build	Install Gradle 8.7	2025-09-15T00:23:31.9885044Z  20900K .......... .......... .......... .......... .......... 15%  328M 1s
build	Install Gradle 8.7	2025-09-15T00:23:31.9887382Z  20950K .......... .......... .......... .......... .......... 16%  289M 1s
build	Install Gradle 8.7	2025-09-15T00:23:31.9888910Z  21000K .......... .......... .......... .......... .......... 16%  271M 1s
build	Install Gradle 8.7	2025-09-15T00:23:31.9890501Z  21050K .......... .......... .......... .......... .......... 16%  286M 1s
build	Install Gradle 8.7	2025-09-15T00:23:31.9892362Z  21100K .......... .......... .......... .......... .......... 16%  230M 1s
build	Install Gradle 8.7	2025-09-15T00:23:31.9895270Z  21150K .......... .......... .......... .......... .......... 16%  331M 1s
build	Install Gradle 8.7	2025-09-15T00:23:31.9896180Z  21200K .......... .......... .......... .......... .......... 16%  288M 1s
build	Install Gradle 8.7	2025-09-15T00:23:31.9898043Z  21250K .......... .......... .......... .......... .......... 16%  318M 1s
build	Install Gradle 8.7	2025-09-15T00:23:31.9899824Z  21300K .......... .......... .......... .......... .......... 16%  253M 1s
build	Install Gradle 8.7	2025-09-15T00:23:31.9900540Z  21350K .......... .......... .......... .......... .......... 16%  355M 1s
build	Install Gradle 8.7	2025-09-15T00:23:31.9901753Z  21400K .......... .......... .......... .......... .......... 16%  299M 1s
build	Install Gradle 8.7	2025-09-15T00:23:31.9903470Z  21450K .......... .......... .......... .......... .......... 16%  307M 1s
build	Install Gradle 8.7	2025-09-15T00:23:31.9904685Z  21500K .......... .......... .......... .......... .......... 16%  253M 1s
build	Install Gradle 8.7	2025-09-15T00:23:31.9907002Z  21550K .......... .......... .......... .......... .......... 16%  311M 1s
build	Install Gradle 8.7	2025-09-15T00:23:31.9907633Z  21600K .......... .......... .......... .......... .......... 16%  277M 1s
build	Install Gradle 8.7	2025-09-15T00:23:31.9909292Z  21650K .......... .......... .......... .......... .......... 16%  320M 1s
build	Install Gradle 8.7	2025-09-15T00:23:31.9910209Z  21700K .......... .......... .......... .......... .......... 16%  328M 1s
build	Install Gradle 8.7	2025-09-15T00:23:31.9911383Z  21750K .......... .......... .......... .......... .......... 16%  328M 1s
build	Install Gradle 8.7	2025-09-15T00:23:31.9913685Z  21800K .......... .......... .......... .......... .......... 16%  357M 1s
build	Install Gradle 8.7	2025-09-15T00:23:31.9916701Z  21850K .......... .......... .......... .......... .......... 16%  341M 1s
build	Install Gradle 8.7	2025-09-15T00:23:31.9919237Z  21900K .......... .......... .......... .......... .......... 16%  219M 1s
build	Install Gradle 8.7	2025-09-15T00:23:31.9921265Z  21950K .......... .......... .......... .......... .......... 16%  310M 1s
build	Install Gradle 8.7	2025-09-15T00:23:31.9923690Z  22000K .......... .......... .......... .......... .......... 16%  337M 1s
build	Install Gradle 8.7	2025-09-15T00:23:31.9926009Z  22050K .......... .......... .......... .......... .......... 16%  286M 1s
build	Install Gradle 8.7	2025-09-15T00:23:31.9927905Z  22100K .......... .......... .......... .......... .......... 16%  305M 1s
build	Install Gradle 8.7	2025-09-15T00:23:31.9931375Z  22150K .......... .......... .......... .......... .......... 16%  310M 1s
build	Install Gradle 8.7	2025-09-15T00:23:31.9933019Z  22200K .......... .......... .......... .......... .......... 16%  281M 1s
build	Install Gradle 8.7	2025-09-15T00:23:31.9935046Z  22250K .......... .......... .......... .......... .......... 17%  328M 1s
build	Install Gradle 8.7	2025-09-15T00:23:31.9937077Z  22300K .......... .......... .......... .......... .......... 17%  232M 1s
build	Install Gradle 8.7	2025-09-15T00:23:31.9937804Z  22350K .......... .......... .......... .......... .......... 17%  310M 1s
build	Install Gradle 8.7	2025-09-15T00:23:31.9938344Z  22400K .......... .......... .......... .......... .......... 17%  277M 1s
build	Install Gradle 8.7	2025-09-15T00:23:31.9938976Z  22450K .......... .......... .......... .......... .......... 17%  301M 1s
build	Install Gradle 8.7	2025-09-15T00:23:31.9939558Z  22500K .......... .......... .......... .......... .......... 17%  274M 1s
build	Install Gradle 8.7	2025-09-15T00:23:31.9940162Z  22550K .......... .......... .......... .......... .......... 17%  300M 1s
build	Install Gradle 8.7	2025-09-15T00:23:31.9940686Z  22600K .......... .......... .......... .......... .......... 17%  337M 1s
build	Install Gradle 8.7	2025-09-15T00:23:31.9941219Z  22650K .......... .......... .......... .......... .......... 17%  339M 1s
build	Install Gradle 8.7	2025-09-15T00:23:31.9942085Z  22700K .......... .......... .......... .......... .......... 17%  275M 1s
build	Install Gradle 8.7	2025-09-15T00:23:31.9945020Z  22750K .......... .......... .......... .......... .......... 17%  358M 1s
build	Install Gradle 8.7	2025-09-15T00:23:31.9947727Z  22800K .......... .......... .......... .......... .......... 17%  290M 1s
build	Install Gradle 8.7	2025-09-15T00:23:31.9948628Z  22850K .......... .......... .......... .......... .......... 17%  270M 1s
build	Install Gradle 8.7	2025-09-15T00:23:31.9949726Z  22900K .......... .......... .......... .......... .......... 17%  294M 1s
build	Install Gradle 8.7	2025-09-15T00:23:31.9950903Z  22950K .......... .......... .......... .......... .......... 17%  304M 1s
build	Install Gradle 8.7	2025-09-15T00:23:31.9951906Z  23000K .......... .......... .......... .......... .......... 17%  327M 1s
build	Install Gradle 8.7	2025-09-15T00:23:31.9953855Z  23050K .......... .......... .......... .......... .......... 17%  262M 1s
build	Install Gradle 8.7	2025-09-15T00:23:31.9958531Z  23100K .......... .......... .......... .......... .......... 17%  200M 1s
build	Install Gradle 8.7	2025-09-15T00:23:31.9959203Z  23150K .......... .......... .......... .......... .......... 17%  268M 1s
build	Install Gradle 8.7	2025-09-15T00:23:31.9959990Z  23200K .......... .......... .......... .......... .......... 17%  281M 1s
build	Install Gradle 8.7	2025-09-15T00:23:31.9961133Z  23250K .......... .......... .......... .......... .......... 17%  333M 1s
build	Install Gradle 8.7	2025-09-15T00:23:31.9962833Z  23300K .......... .......... .......... .......... .......... 17%  320M 1s
build	Install Gradle 8.7	2025-09-15T00:23:31.9963986Z  23350K .......... .......... .......... .......... .......... 17%  366M 1s
build	Install Gradle 8.7	2025-09-15T00:23:31.9965615Z  23400K .......... .......... .......... .......... .......... 17%  285M 1s
build	Install Gradle 8.7	2025-09-15T00:23:31.9967257Z  23450K .......... .......... .......... .......... .......... 17%  341M 1s
build	Install Gradle 8.7	2025-09-15T00:23:31.9968993Z  23500K .......... .......... .......... .......... .......... 17%  285M 1s
build	Install Gradle 8.7	2025-09-15T00:23:31.9971294Z  23550K .......... .......... .......... .......... .......... 18%  240M 1s
build	Install Gradle 8.7	2025-09-15T00:23:31.9973519Z  23600K .......... .......... .......... .......... .......... 18%  242M 1s
build	Install Gradle 8.7	2025-09-15T00:23:31.9976411Z  23650K .......... .......... .......... .......... .......... 18%  310M 1s
build	Install Gradle 8.7	2025-09-15T00:23:31.9977520Z  23700K .......... .......... .......... .......... .......... 18%  275M 1s
build	Install Gradle 8.7	2025-09-15T00:23:31.9979067Z  23750K .......... .......... .......... .......... .......... 18%  283M 1s
build	Install Gradle 8.7	2025-09-15T00:23:31.9979962Z  23800K .......... .......... .......... .......... .......... 18%  291M 1s
build	Install Gradle 8.7	2025-09-15T00:23:31.9982991Z  23850K .......... .......... .......... .......... .......... 18%  319M 1s
build	Install Gradle 8.7	2025-09-15T00:23:31.9986319Z  23900K .......... .......... .......... .......... .......... 18%  231M 1s
build	Install Gradle 8.7	2025-09-15T00:23:31.9987065Z  23950K .......... .......... .......... .......... .......... 18%  263M 1s
build	Install Gradle 8.7	2025-09-15T00:23:31.9987691Z  24000K .......... .......... .......... .......... .......... 18%  287M 1s
build	Install Gradle 8.7	2025-09-15T00:23:31.9988411Z  24050K .......... .......... .......... .......... .......... 18%  327M 1s
build	Install Gradle 8.7	2025-09-15T00:23:31.9989823Z  24100K .......... .......... .......... .......... .......... 18%  333M 1s
build	Install Gradle 8.7	2025-09-15T00:23:31.9991275Z  24150K .......... .......... .......... .......... .......... 18%  344M 1s
build	Install Gradle 8.7	2025-09-15T00:23:31.9992852Z  24200K .......... .......... .......... .......... .......... 18%  334M 1s
build	Install Gradle 8.7	2025-09-15T00:23:31.9994883Z  24250K .......... .......... .......... .......... .......... 18%  337M 1s
build	Install Gradle 8.7	2025-09-15T00:23:31.9997031Z  24300K .......... .......... .......... .......... .......... 18%  209M 1s
build	Install Gradle 8.7	2025-09-15T00:23:31.9998754Z  24350K .......... .......... .......... .......... .......... 18%  279M 1s
build	Install Gradle 8.7	2025-09-15T00:23:31.9999810Z  24400K .......... .......... .......... .......... .......... 18%  327M 1s
build	Install Gradle 8.7	2025-09-15T00:23:32.0002157Z  24450K .......... .......... .......... .......... .......... 18%  317M 1s
build	Install Gradle 8.7	2025-09-15T00:23:32.0003932Z  24500K .......... .......... .......... .......... .......... 18%  337M 1s
build	Install Gradle 8.7	2025-09-15T00:23:32.0006133Z  24550K .......... .......... .......... .......... .......... 18%  349M 1s
build	Install Gradle 8.7	2025-09-15T00:23:32.0006783Z  24600K .......... .......... .......... .......... .......... 18%  228M 1s
build	Install Gradle 8.7	2025-09-15T00:23:32.0008335Z  24650K .......... .......... .......... .......... .......... 18%  342M 1s
build	Install Gradle 8.7	2025-09-15T00:23:32.0010657Z  24700K .......... .......... .......... .......... .......... 18%  329M 1s
build	Install Gradle 8.7	2025-09-15T00:23:32.0013219Z  24750K .......... .......... .......... .......... .......... 18%  328M 1s
build	Install Gradle 8.7	2025-09-15T00:23:32.0015716Z  24800K .......... .......... .......... .......... .......... 18%  311M 1s
build	Install Gradle 8.7	2025-09-15T00:23:32.0016875Z  24850K .......... .......... .......... .......... .......... 19%  329M 1s
build	Install Gradle 8.7	2025-09-15T00:23:32.0017498Z  24900K .......... .......... .......... .......... .......... 19%  294M 1s
build	Install Gradle 8.7	2025-09-15T00:23:32.0018067Z  24950K .......... .......... .......... .......... .......... 19%  303M 1s
build	Install Gradle 8.7	2025-09-15T00:23:32.0018756Z  25000K .......... .......... .......... .......... .......... 19%  281M 1s
build	Install Gradle 8.7	2025-09-15T00:23:32.0020700Z  25050K .......... .......... .......... .......... .......... 19%  262M 1s
build	Install Gradle 8.7	2025-09-15T00:23:32.0021840Z  25100K .......... .......... .......... .......... .......... 19%  371M 1s
build	Install Gradle 8.7	2025-09-15T00:23:32.0024693Z  25150K .......... .......... .......... .......... .......... 19%  311M 1s
build	Install Gradle 8.7	2025-09-15T00:23:32.0026341Z  25200K .......... .......... .......... .......... .......... 19%  366M 1s
build	Install Gradle 8.7	2025-09-15T00:23:32.0028302Z  25250K .......... .......... .......... .......... .......... 19%  281M 1s
build	Install Gradle 8.7	2025-09-15T00:23:32.0029973Z  25300K .......... .......... .......... .......... .......... 19%  326M 1s
build	Install Gradle 8.7	2025-09-15T00:23:32.0032658Z  25350K .......... .......... .......... .......... .......... 19%  326M 1s
build	Install Gradle 8.7	2025-09-15T00:23:32.0035521Z  25400K .......... .......... .......... .......... .......... 19%  317M 1s
build	Install Gradle 8.7	2025-09-15T00:23:32.0037287Z  25450K .......... .......... .......... .......... .......... 19%  309M 1s
build	Install Gradle 8.7	2025-09-15T00:23:32.0040134Z  25500K .......... .......... .......... .......... .......... 19%  259M 1s
build	Install Gradle 8.7	2025-09-15T00:23:32.0041212Z  25550K .......... .......... .......... .......... .......... 19%  276M 1s
build	Install Gradle 8.7	2025-09-15T00:23:32.0043570Z  25600K .......... .......... .......... .......... .......... 19%  308M 1s
build	Install Gradle 8.7	2025-09-15T00:23:32.0045526Z  25650K .......... .......... .......... .......... .......... 19%  289M 1s
build	Install Gradle 8.7	2025-09-15T00:23:32.0046894Z  25700K .......... .......... .......... .......... .......... 19%  307M 1s
build	Install Gradle 8.7	2025-09-15T00:23:32.0048482Z  25750K .......... .......... .......... .......... .......... 19%  302M 1s
build	Install Gradle 8.7	2025-09-15T00:23:32.0049604Z  25800K .......... .......... .......... .......... .......... 19%  308M 1s
build	Install Gradle 8.7	2025-09-15T00:23:32.0050270Z  25850K .......... .......... .......... .......... .......... 19%  285M 1s
build	Install Gradle 8.7	2025-09-15T00:23:32.0050915Z  25900K .......... .......... .......... .......... .......... 19%  358M 1s
build	Install Gradle 8.7	2025-09-15T00:23:32.0051490Z  25950K .......... .......... .......... .......... .......... 19%  297M 1s
build	Install Gradle 8.7	2025-09-15T00:23:32.0052089Z  26000K .......... .......... .......... .......... .......... 19%  268M 1s
build	Install Gradle 8.7	2025-09-15T00:23:32.0052664Z  26050K .......... .......... .......... .......... .......... 19%  345M 1s
build	Install Gradle 8.7	2025-09-15T00:23:32.0053613Z  26100K .......... .......... .......... .......... .......... 19%  354M 1s
build	Install Gradle 8.7	2025-09-15T00:23:32.0055478Z  26150K .......... .......... .......... .......... .......... 19%  305M 1s
build	Install Gradle 8.7	2025-09-15T00:23:32.0056650Z  26200K .......... .......... .......... .......... .......... 20%  390M 1s
build	Install Gradle 8.7	2025-09-15T00:23:32.0058462Z  26250K .......... .......... .......... .......... .......... 20%  346M 1s
build	Install Gradle 8.7	2025-09-15T00:23:32.0060523Z  26300K .......... .......... .......... .......... .......... 20%  255M 1s
build	Install Gradle 8.7	2025-09-15T00:23:32.0062256Z  26350K .......... .......... .......... .......... .......... 20%  327M 1s
build	Install Gradle 8.7	2025-09-15T00:23:32.0062932Z  26400K .......... .......... .......... .......... .......... 20%  313M 1s
build	Install Gradle 8.7	2025-09-15T00:23:32.0065992Z  26450K .......... .......... .......... .......... .......... 20%  332M 1s
build	Install Gradle 8.7	2025-09-15T00:23:32.0067374Z  26500K .......... .......... .......... .......... .......... 20%  271M 1s
build	Install Gradle 8.7	2025-09-15T00:23:32.0068082Z  26550K .......... .......... .......... .......... .......... 20%  304M 1s
build	Install Gradle 8.7	2025-09-15T00:23:32.0069175Z  26600K .......... .......... .......... .......... .......... 20%  360M 1s
build	Install Gradle 8.7	2025-09-15T00:23:32.0071347Z  26650K .......... .......... .......... .......... .......... 20%  340M 1s
build	Install Gradle 8.7	2025-09-15T00:23:32.0073316Z  26700K .......... .......... .......... .......... .......... 20%  267M 1s
build	Install Gradle 8.7	2025-09-15T00:23:32.0074051Z  26750K .......... .......... .......... .......... .......... 20%  326M 1s
build	Install Gradle 8.7	2025-09-15T00:23:32.0076037Z  26800K .......... .......... .......... .......... .......... 20%  297M 1s
build	Install Gradle 8.7	2025-09-15T00:23:32.0077641Z  26850K .......... .......... .......... .......... .......... 20%  316M 1s
build	Install Gradle 8.7	2025-09-15T00:23:32.0078562Z  26900K .......... .......... .......... .......... .......... 20%  325M 1s
build	Install Gradle 8.7	2025-09-15T00:23:32.0079892Z  26950K .......... .......... .......... .......... .......... 20%  360M 1s
build	Install Gradle 8.7	2025-09-15T00:23:32.0081260Z  27000K .......... .......... .......... .......... .......... 20%  352M 1s
build	Install Gradle 8.7	2025-09-15T00:23:32.0082911Z  27050K .......... .......... .......... .......... .......... 20%  347M 1s
build	Install Gradle 8.7	2025-09-15T00:23:32.0084730Z  27100K .......... .......... .......... .......... .......... 20%  284M 1s
build	Install Gradle 8.7	2025-09-15T00:23:32.0089194Z  27150K .......... .......... .......... .......... .......... 20%  119M 1s
build	Install Gradle 8.7	2025-09-15T00:23:32.0090328Z  27200K .......... .......... .......... .......... .......... 20%  348M 1s
build	Install Gradle 8.7	2025-09-15T00:23:32.0091746Z  27250K .......... .......... .......... .......... .......... 20%  269M 1s
build	Install Gradle 8.7	2025-09-15T00:23:32.0095255Z  27300K .......... .......... .......... .......... .......... 20%  171M 1s
build	Install Gradle 8.7	2025-09-15T00:23:32.0096403Z  27350K .......... .......... .......... .......... .......... 20%  274M 1s
build	Install Gradle 8.7	2025-09-15T00:23:32.0109137Z  27400K .......... .......... .......... .......... .......... 20% 39.1M 1s
build	Install Gradle 8.7	2025-09-15T00:23:32.0113469Z  27450K .......... .......... .......... .......... .......... 20%  114M 1s
build	Install Gradle 8.7	2025-09-15T00:23:32.0115252Z  27500K .......... .......... .......... .......... .......... 21%  263M 1s
build	Install Gradle 8.7	2025-09-15T00:23:32.0147099Z  27550K .......... .......... .......... .......... .......... 21% 15.4M 1s
build	Install Gradle 8.7	2025-09-15T00:23:32.0153852Z  27600K .......... .......... .......... .......... .......... 21%  119M 1s
build	Install Gradle 8.7	2025-09-15T00:23:32.0155826Z  27650K .......... .......... .......... .......... .......... 21%  339M 1s
build	Install Gradle 8.7	2025-09-15T00:23:32.0156715Z  27700K .......... .......... .......... .......... .......... 21%  470M 1s
build	Install Gradle 8.7	2025-09-15T00:23:32.0159194Z  27750K .......... .......... .......... .......... .......... 21%  385M 1s
build	Install Gradle 8.7	2025-09-15T00:23:32.0161962Z  27800K .......... .......... .......... .......... .......... 21%  277M 1s
build	Install Gradle 8.7	2025-09-15T00:23:32.0163939Z  27850K .......... .......... .......... .......... .......... 21%  331M 1s
build	Install Gradle 8.7	2025-09-15T00:23:32.0166324Z  27900K .......... .......... .......... .......... .......... 21%  237M 1s
build	Install Gradle 8.7	2025-09-15T00:23:32.0168468Z  27950K .......... .......... .......... .......... .......... 21%  319M 1s
build	Install Gradle 8.7	2025-09-15T00:23:32.0170762Z  28000K .......... .......... .......... .......... .......... 21%  284M 1s
build	Install Gradle 8.7	2025-09-15T00:23:32.0172461Z  28050K .......... .......... .......... .......... .......... 21%  306M 1s
build	Install Gradle 8.7	2025-09-15T00:23:32.0173667Z  28100K .......... .......... .......... .......... .......... 21%  255M 1s
build	Install Gradle 8.7	2025-09-15T00:23:32.0176169Z  28150K .......... .......... .......... .......... .......... 21%  310M 1s
build	Install Gradle 8.7	2025-09-15T00:23:32.0178671Z  28200K .......... .......... .......... .......... .......... 21%  302M 1s
build	Install Gradle 8.7	2025-09-15T00:23:32.0180829Z  28250K .......... .......... .......... .......... .......... 21%  269M 1s
build	Install Gradle 8.7	2025-09-15T00:23:32.0183925Z  28300K .......... .......... .......... .......... .......... 21%  321M 1s
build	Install Gradle 8.7	2025-09-15T00:23:32.0185595Z  28350K .......... .......... .......... .......... .......... 21%  320M 1s
build	Install Gradle 8.7	2025-09-15T00:23:32.0186364Z  28400K .......... .......... .......... .......... .......... 21%  239M 1s
build	Install Gradle 8.7	2025-09-15T00:23:32.0187863Z  28450K .......... .......... .......... .......... .......... 21%  311M 1s
build	Install Gradle 8.7	2025-09-15T00:23:32.0188467Z  28500K .......... .......... .......... .......... .......... 21%  236M 1s
build	Install Gradle 8.7	2025-09-15T00:23:32.0188982Z  28550K .......... .......... .......... .......... .......... 21%  328M 1s
build	Install Gradle 8.7	2025-09-15T00:23:32.0189562Z  28600K .......... .......... .......... .......... .......... 21%  324M 1s
build	Install Gradle 8.7	2025-09-15T00:23:32.0190351Z  28650K .......... .......... .......... .......... .......... 21%  284M 1s
build	Install Gradle 8.7	2025-09-15T00:23:32.0190975Z  28700K .......... .......... .......... .......... .......... 21%  250M 1s
build	Install Gradle 8.7	2025-09-15T00:23:32.0191595Z  28750K .......... .......... .......... .......... .......... 21%  333M 1s
build	Install Gradle 8.7	2025-09-15T00:23:32.0192140Z  28800K .......... .......... .......... .......... .......... 22%  365M 1s
build	Install Gradle 8.7	2025-09-15T00:23:32.0192765Z  28850K .......... .......... .......... .......... .......... 22%  348M 1s
build	Install Gradle 8.7	2025-09-15T00:23:32.0193265Z  28900K .......... .......... .......... .......... .......... 22%  340M 1s
build	Install Gradle 8.7	2025-09-15T00:23:32.0194399Z  28950K .......... .......... .......... .......... .......... 22%  324M 1s
build	Install Gradle 8.7	2025-09-15T00:23:32.0196002Z  29000K .......... .......... .......... .......... .......... 22%  317M 1s
build	Install Gradle 8.7	2025-09-15T00:23:32.0197156Z  29050K .......... .......... .......... .......... .......... 22%  354M 1s
build	Install Gradle 8.7	2025-09-15T00:23:32.0199967Z  29100K .......... .......... .......... .......... .......... 22%  182M 1s
build	Install Gradle 8.7	2025-09-15T00:23:32.0201268Z  29150K .......... .......... .......... .......... .......... 22%  343M 1s
build	Install Gradle 8.7	2025-09-15T00:23:32.0202773Z  29200K .......... .......... .......... .......... .......... 22%  339M 1s
build	Install Gradle 8.7	2025-09-15T00:23:32.0204472Z  29250K .......... .......... .......... .......... .......... 22%  344M 1s
build	Install Gradle 8.7	2025-09-15T00:23:32.0206075Z  29300K .......... .......... .......... .......... .......... 22%  286M 1s
build	Install Gradle 8.7	2025-09-15T00:23:32.0207615Z  29350K .......... .......... .......... .......... .......... 22%  318M 1s
build	Install Gradle 8.7	2025-09-15T00:23:32.0209068Z  29400K .......... .......... .......... .......... .......... 22%  322M 1s
build	Install Gradle 8.7	2025-09-15T00:23:32.0218894Z  29450K .......... .......... .......... .......... .......... 22% 51.3M 1s
build	Install Gradle 8.7	2025-09-15T00:23:32.0221876Z  29500K .......... .......... .......... .......... .......... 22%  205M 1s
build	Install Gradle 8.7	2025-09-15T00:23:32.0223857Z  29550K .......... .......... .......... .......... .......... 22%  286M 1s
build	Install Gradle 8.7	2025-09-15T00:23:32.0225981Z  29600K .......... .......... .......... .......... .......... 22%  337M 1s
build	Install Gradle 8.7	2025-09-15T00:23:32.0226624Z  29650K .......... .......... .......... .......... .......... 22%  240M 1s
build	Install Gradle 8.7	2025-09-15T00:23:32.0227520Z  29700K .......... .......... .......... .......... .......... 22%  336M 1s
build	Install Gradle 8.7	2025-09-15T00:23:32.0229227Z  29750K .......... .......... .......... .......... .......... 22%  309M 1s
build	Install Gradle 8.7	2025-09-15T00:23:32.0230375Z  29800K .......... .......... .......... .......... .......... 22%  370M 1s
build	Install Gradle 8.7	2025-09-15T00:23:32.0237999Z  29850K .......... .......... .......... .......... .......... 22% 89.2M 1s
build	Install Gradle 8.7	2025-09-15T00:23:32.0239988Z  29900K .......... .......... .......... .......... .......... 22%  314M 1s
build	Install Gradle 8.7	2025-09-15T00:23:32.0240611Z  29950K .......... .......... .......... .......... .......... 22%  286M 1s
build	Install Gradle 8.7	2025-09-15T00:23:32.0241324Z  30000K .......... .......... .......... .......... .......... 22%  247M 1s
build	Install Gradle 8.7	2025-09-15T00:23:32.0242380Z  30050K .......... .......... .......... .......... .......... 22%  360M 1s
build	Install Gradle 8.7	2025-09-15T00:23:32.0245424Z  30100K .......... .......... .......... .......... .......... 23%  179M 1s
build	Install Gradle 8.7	2025-09-15T00:23:32.0250705Z  30150K .......... .......... .......... .......... .......... 23%  130M 1s
build	Install Gradle 8.7	2025-09-15T00:23:32.0254058Z  30200K .......... .......... .......... .......... .......... 23%  331M 1s
build	Install Gradle 8.7	2025-09-15T00:23:32.0255150Z  30250K .......... .......... .......... .......... .......... 23%  304M 1s
build	Install Gradle 8.7	2025-09-15T00:23:32.0255756Z  30300K .......... .......... .......... .......... .......... 23%  317M 1s
build	Install Gradle 8.7	2025-09-15T00:23:32.0256893Z  30350K .......... .......... .......... .......... .......... 23%  287M 1s
build	Install Gradle 8.7	2025-09-15T00:23:32.0257544Z  30400K .......... .......... .......... .......... .......... 23%  262M 1s
build	Install Gradle 8.7	2025-09-15T00:23:32.0259201Z  30450K .......... .......... .......... .......... .......... 23%  334M 1s
build	Install Gradle 8.7	2025-09-15T00:23:32.0260095Z  30500K .......... .......... .......... .......... .......... 23%  326M 1s
build	Install Gradle 8.7	2025-09-15T00:23:32.0261351Z  30550K .......... .......... .......... .......... .......... 23%  358M 1s
build	Install Gradle 8.7	2025-09-15T00:23:32.0262740Z  30600K .......... .......... .......... .......... .......... 23%  360M 1s
build	Install Gradle 8.7	2025-09-15T00:23:32.0264060Z  30650K .......... .......... .......... .......... .......... 23%  356M 1s
build	Install Gradle 8.7	2025-09-15T00:23:32.0316490Z  30700K .......... .......... .......... .......... .......... 23% 10.0M 1s
build	Install Gradle 8.7	2025-09-15T00:23:32.0320927Z  30750K .......... .......... .......... .......... .......... 23% 68.6M 1s
build	Install Gradle 8.7	2025-09-15T00:23:32.0323032Z  30800K .......... .......... .......... .......... .......... 23%  247M 1s
build	Install Gradle 8.7	2025-09-15T00:23:32.0324039Z  30850K .......... .......... .......... .......... .......... 23%  256M 1s
build	Install Gradle 8.7	2025-09-15T00:23:32.0328555Z  30900K .......... .......... .......... .......... .......... 23%  127M 1s
build	Install Gradle 8.7	2025-09-15T00:23:32.0345146Z  30950K .......... .......... .......... .......... .......... 23% 30.5M 1s
build	Install Gradle 8.7	2025-09-15T00:23:32.0346576Z  31000K .......... .......... .......... .......... .......... 23%  234M 1s
build	Install Gradle 8.7	2025-09-15T00:23:32.0348129Z  31050K .......... .......... .......... .......... .......... 23%  220M 1s
build	Install Gradle 8.7	2025-09-15T00:23:32.0354806Z  31100K .......... .......... .......... .......... .......... 23% 79.5M 1s
build	Install Gradle 8.7	2025-09-15T00:23:32.0358853Z  31150K .......... .......... .......... .......... .......... 23%  111M 1s
build	Install Gradle 8.7	2025-09-15T00:23:32.0361233Z  31200K .......... .......... .......... .......... .......... 23%  205M 1s
build	Install Gradle 8.7	2025-09-15T00:23:32.0364002Z  31250K .......... .......... .......... .......... .......... 23%  332M 1s
build	Install Gradle 8.7	2025-09-15T00:23:32.0365544Z  31300K .......... .......... .......... .......... .......... 23%  329M 1s
build	Install Gradle 8.7	2025-09-15T00:23:32.0366980Z  31350K .......... .......... .......... .......... .......... 23%  259M 1s
build	Install Gradle 8.7	2025-09-15T00:23:32.0368078Z  31400K .......... .......... .......... .......... .......... 24%  278M 1s
build	Install Gradle 8.7	2025-09-15T00:23:32.0370195Z  31450K .......... .......... .......... .......... .......... 24%  319M 1s
build	Install Gradle 8.7	2025-09-15T00:23:32.0370904Z  31500K .......... .......... .......... .......... .......... 24%  330M 1s
build	Install Gradle 8.7	2025-09-15T00:23:32.0372084Z  31550K .......... .......... .......... .......... .......... 24%  322M 1s
build	Install Gradle 8.7	2025-09-15T00:23:32.0374045Z  31600K .......... .......... .......... .......... .......... 24%  346M 1s
build	Install Gradle 8.7	2025-09-15T00:23:32.0389788Z  31650K .......... .......... .......... .......... .......... 24% 32.7M 1s
build	Install Gradle 8.7	2025-09-15T00:23:32.0391835Z  31700K .......... .......... .......... .......... .......... 24%  378M 1s
build	Install Gradle 8.7	2025-09-15T00:23:32.0393078Z  31750K .......... .......... .......... .......... .......... 24%  300M 1s
build	Install Gradle 8.7	2025-09-15T00:23:32.0395485Z  31800K .......... .......... .......... .......... .......... 24%  247M 1s
build	Install Gradle 8.7	2025-09-15T00:23:32.0397459Z  31850K .......... .......... .......... .......... .......... 24%  334M 1s
build	Install Gradle 8.7	2025-09-15T00:23:32.0399383Z  31900K .......... .......... .......... .......... .......... 24%  244M 1s
build	Install Gradle 8.7	2025-09-15T00:23:32.0401912Z  31950K .......... .......... .......... .......... .......... 24%  345M 1s
build	Install Gradle 8.7	2025-09-15T00:23:32.0403288Z  32000K .......... .......... .......... .......... .......... 24%  295M 1s
build	Install Gradle 8.7	2025-09-15T00:23:32.0405093Z  32050K .......... .......... .......... .......... .......... 24%  315M 1s
build	Install Gradle 8.7	2025-09-15T00:23:32.0406897Z  32100K .......... .......... .......... .......... .......... 24%  302M 1s
build	Install Gradle 8.7	2025-09-15T00:23:32.0408146Z  32150K .......... .......... .......... .......... .......... 24%  248M 1s
build	Install Gradle 8.7	2025-09-15T00:23:32.0408753Z  32200K .......... .......... .......... .......... .......... 24%  297M 1s
build	Install Gradle 8.7	2025-09-15T00:23:32.0409330Z  32250K .......... .......... .......... .......... .......... 24%  326M 1s
build	Install Gradle 8.7	2025-09-15T00:23:32.0409896Z  32300K .......... .......... .......... .......... .......... 24%  356M 1s
build	Install Gradle 8.7	2025-09-15T00:23:32.0410834Z  32350K .......... .......... .......... .......... .......... 24%  353M 1s
build	Install Gradle 8.7	2025-09-15T00:23:32.0412439Z  32400K .......... .......... .......... .......... .......... 24%  347M 1s
build	Install Gradle 8.7	2025-09-15T00:23:32.0413608Z  32450K .......... .......... .......... .......... .......... 24%  370M 1s
build	Install Gradle 8.7	2025-09-15T00:23:32.0418428Z  32500K .......... .......... .......... .......... .......... 24%  131M 1s
build	Install Gradle 8.7	2025-09-15T00:23:32.0419938Z  32550K .......... .......... .......... .......... .......... 24%  255M 1s
build	Install Gradle 8.7	2025-09-15T00:23:32.0420670Z  32600K .......... .......... .......... .......... .......... 24%  347M 1s
build	Install Gradle 8.7	2025-09-15T00:23:32.0431725Z  32650K .......... .......... .......... .......... .......... 24% 49.0M 1s
build	Install Gradle 8.7	2025-09-15T00:23:32.0433340Z  32700K .......... .......... .......... .......... .......... 24%  348M 1s
build	Install Gradle 8.7	2025-09-15T00:23:32.0434014Z  32750K .......... .......... .......... .......... .......... 25%  322M 1s
build	Install Gradle 8.7	2025-09-15T00:23:32.0437045Z  32800K .......... .......... .......... .......... .......... 25%  150M 1s
build	Install Gradle 8.7	2025-09-15T00:23:32.0442126Z  32850K .......... .......... .......... .......... .......... 25% 98.1M 1s
build	Install Gradle 8.7	2025-09-15T00:23:32.0448080Z  32900K .......... .......... .......... .......... .......... 25%  112M 1s
build	Install Gradle 8.7	2025-09-15T00:23:32.0449256Z  32950K .......... .......... .......... .......... .......... 25%  187M 1s
build	Install Gradle 8.7	2025-09-15T00:23:32.0450270Z  33000K .......... .......... .......... .......... .......... 25%  315M 1s
build	Install Gradle 8.7	2025-09-15T00:23:32.0459628Z  33050K .......... .......... .......... .......... .......... 25% 59.8M 1s
build	Install Gradle 8.7	2025-09-15T00:23:32.0461075Z  33100K .......... .......... .......... .......... .......... 25%  310M 1s
build	Install Gradle 8.7	2025-09-15T00:23:32.0461851Z  33150K .......... .......... .......... .......... .......... 25%  303M 1s
build	Install Gradle 8.7	2025-09-15T00:23:32.0462997Z  33200K .......... .......... .......... .......... .......... 25%  352M 1s
build	Install Gradle 8.7	2025-09-15T00:23:32.0472547Z  33250K .......... .......... .......... .......... .......... 25% 55.0M 1s
build	Install Gradle 8.7	2025-09-15T00:23:32.0485215Z  33300K .......... .......... .......... .......... .......... 25% 44.4M 1s
build	Install Gradle 8.7	2025-09-15T00:23:32.0486000Z  33350K .......... .......... .......... .......... .......... 25%  203M 1s
build	Install Gradle 8.7	2025-09-15T00:23:32.0487042Z  33400K .......... .......... .......... .......... .......... 25%  303M 1s
build	Install Gradle 8.7	2025-09-15T00:23:32.0497887Z  33450K .......... .......... .......... .......... .......... 25% 50.2M 1s
build	Install Gradle 8.7	2025-09-15T00:23:32.0498556Z  33500K .......... .......... .......... .......... .......... 25%  273M 1s
build	Install Gradle 8.7	2025-09-15T00:23:32.0500153Z  33550K .......... .......... .......... .......... .......... 25%  310M 1s
build	Install Gradle 8.7	2025-09-15T00:23:32.0501547Z  33600K .......... .......... .......... .......... .......... 25%  346M 1s
build	Install Gradle 8.7	2025-09-15T00:23:32.0528350Z  33650K .......... .......... .......... .......... .......... 25% 18.8M 1s
build	Install Gradle 8.7	2025-09-15T00:23:32.0531282Z  33700K .......... .......... .......... .......... .......... 25%  243M 1s
build	Install Gradle 8.7	2025-09-15T00:23:32.0533914Z  33750K .......... .......... .......... .......... .......... 25%  142M 1s
build	Install Gradle 8.7	2025-09-15T00:23:32.0536141Z  33800K .......... .......... .......... .......... .......... 25%  221M 1s
build	Install Gradle 8.7	2025-09-15T00:23:32.0536892Z  33850K .......... .......... .......... .......... .......... 25%  271M 1s
build	Install Gradle 8.7	2025-09-15T00:23:32.0538509Z  33900K .......... .......... .......... .......... .......... 25%  342M 1s
build	Install Gradle 8.7	2025-09-15T00:23:32.0541959Z  33950K .......... .......... .......... .......... .......... 25%  150M 1s
build	Install Gradle 8.7	2025-09-15T00:23:32.0549461Z  34000K .......... .......... .......... .......... .......... 25% 71.5M 1s
build	Install Gradle 8.7	2025-09-15T00:23:32.0550579Z  34050K .......... .......... .......... .......... .......... 26%  275M 1s
build	Install Gradle 8.7	2025-09-15T00:23:32.0553332Z  34100K .......... .......... .......... .......... .......... 26%  309M 1s
build	Install Gradle 8.7	2025-09-15T00:23:32.0554645Z  34150K .......... .......... .......... .......... .......... 26%  188M 1s
build	Install Gradle 8.7	2025-09-15T00:23:32.0562426Z  34200K .......... .......... .......... .......... .......... 26% 70.5M 1s
build	Install Gradle 8.7	2025-09-15T00:23:32.0563093Z  34250K .......... .......... .......... .......... .......... 26%  275M 1s
build	Install Gradle 8.7	2025-09-15T00:23:32.0568005Z  34300K .......... .......... .......... .......... .......... 26%  113M 1s
build	Install Gradle 8.7	2025-09-15T00:23:32.0569009Z  34350K .......... .......... .......... .......... .......... 26%  303M 1s
build	Install Gradle 8.7	2025-09-15T00:23:32.0571687Z  34400K .......... .......... .......... .......... .......... 26%  215M 1s
build	Install Gradle 8.7	2025-09-15T00:23:32.0573694Z  34450K .......... .......... .......... .......... .......... 26%  238M 1s
build	Install Gradle 8.7	2025-09-15T00:23:32.0578338Z  34500K .......... .......... .......... .......... .......... 26%  115M 1s
build	Install Gradle 8.7	2025-09-15T00:23:32.0578995Z  34550K .......... .......... .......... .......... .......... 26%  388M 1s
build	Install Gradle 8.7	2025-09-15T00:23:32.0587272Z  34600K .......... .......... .......... .......... .......... 26% 60.1M 1s
build	Install Gradle 8.7	2025-09-15T00:23:32.0588966Z  34650K .......... .......... .......... .......... .......... 26%  327M 1s
build	Install Gradle 8.7	2025-09-15T00:23:32.0591590Z  34700K .......... .......... .......... .......... .......... 26%  213M 1s
build	Install Gradle 8.7	2025-09-15T00:23:32.0593188Z  34750K .......... .......... .......... .......... .......... 26%  213M 1s
build	Install Gradle 8.7	2025-09-15T00:23:32.0608222Z  34800K .......... .......... .......... .......... .......... 26% 32.9M 1s
build	Install Gradle 8.7	2025-09-15T00:23:32.0610567Z  34850K .......... .......... .......... .......... .......... 26%  189M 1s
build	Install Gradle 8.7	2025-09-15T00:23:32.0613022Z  34900K .......... .......... .......... .......... .......... 26%  327M 1s
build	Install Gradle 8.7	2025-09-15T00:23:32.0613752Z  34950K .......... .......... .......... .......... .......... 26%  300M 1s
build	Install Gradle 8.7	2025-09-15T00:23:32.0624696Z  35000K .......... .......... .......... .......... .......... 26% 49.9M 1s
build	Install Gradle 8.7	2025-09-15T00:23:32.0626613Z  35050K .......... .......... .......... .......... .......... 26%  171M 1s
build	Install Gradle 8.7	2025-09-15T00:23:32.0629222Z  35100K .......... .......... .......... .......... .......... 26%  239M 1s
build	Install Gradle 8.7	2025-09-15T00:23:32.0630844Z  35150K .......... .......... .......... .......... .......... 26%  204M 1s
build	Install Gradle 8.7	2025-09-15T00:23:32.0632478Z  35200K .......... .......... .......... .......... .......... 26%  292M 1s
build	Install Gradle 8.7	2025-09-15T00:23:32.0642627Z  35250K .......... .......... .......... .......... .......... 26% 53.6M 1s
build	Install Gradle 8.7	2025-09-15T00:23:32.0644676Z  35300K .......... .......... .......... .......... .......... 26%  272M 1s
build	Install Gradle 8.7	2025-09-15T00:23:32.0645717Z  35350K .......... .......... .......... .......... .......... 27%  256M 1s
build	Install Gradle 8.7	2025-09-15T00:23:32.0646724Z  35400K .......... .......... .......... .......... .......... 27%  315M 1s
build	Install Gradle 8.7	2025-09-15T00:23:32.0665312Z  35450K .......... .......... .......... .......... .......... 27% 29.1M 1s
build	Install Gradle 8.7	2025-09-15T00:23:32.0666971Z  35500K .......... .......... .......... .......... .......... 27%  165M 1s
build	Install Gradle 8.7	2025-09-15T00:23:32.0680587Z  35550K .......... .......... .......... .......... .......... 27% 37.4M 1s
build	Install Gradle 8.7	2025-09-15T00:23:32.0681589Z  35600K .......... .......... .......... .......... .......... 27%  234M 1s
build	Install Gradle 8.7	2025-09-15T00:23:32.0690478Z  35650K .......... .......... .......... .......... .......... 27% 61.8M 1s
build	Install Gradle 8.7	2025-09-15T00:23:32.0691228Z  35700K .......... .......... .......... .......... .......... 27%  331M 1s
build	Install Gradle 8.7	2025-09-15T00:23:32.0692583Z  35750K .......... .......... .......... .......... .......... 27%  316M 1s
build	Install Gradle 8.7	2025-09-15T00:23:32.0707654Z  35800K .......... .......... .......... .......... .......... 27% 35.2M 1s
build	Install Gradle 8.7	2025-09-15T00:23:32.0708359Z  35850K .......... .......... .......... .......... .......... 27%  294M 1s
build	Install Gradle 8.7	2025-09-15T00:23:32.0712807Z  35900K .......... .......... .......... .......... .......... 27%  153M 1s
build	Install Gradle 8.7	2025-09-15T00:23:32.0713986Z  35950K .......... .......... .......... .......... .......... 27%  181M 1s
build	Install Gradle 8.7	2025-09-15T00:23:32.0717004Z  36000K .......... .......... .......... .......... .......... 27%  178M 1s
build	Install Gradle 8.7	2025-09-15T00:23:32.0718322Z  36050K .......... .......... .......... .......... .......... 27%  305M 1s
build	Install Gradle 8.7	2025-09-15T00:23:32.0726943Z  36100K .......... .......... .......... .......... .......... 27% 62.2M 1s
build	Install Gradle 8.7	2025-09-15T00:23:32.0730680Z  36150K .......... .......... .......... .......... .......... 27%  149M 1s
build	Install Gradle 8.7	2025-09-15T00:23:32.0733472Z  36200K .......... .......... .......... .......... .......... 27%  314M 1s
build	Install Gradle 8.7	2025-09-15T00:23:32.0735347Z  36250K .......... .......... .......... .......... .......... 27%  317M 1s
build	Install Gradle 8.7	2025-09-15T00:23:32.0736015Z  36300K .......... .......... .......... .......... .......... 27%  328M 1s
build	Install Gradle 8.7	2025-09-15T00:23:32.0736668Z  36350K .......... .......... .......... .......... .......... 27%  235M 1s
build	Install Gradle 8.7	2025-09-15T00:23:32.0737397Z  36400K .......... .......... .......... .......... .......... 27%  362M 1s
build	Install Gradle 8.7	2025-09-15T00:23:32.0739296Z  36450K .......... .......... .......... .......... .......... 27%  335M 1s
build	Install Gradle 8.7	2025-09-15T00:23:32.0741759Z  36500K .......... .......... .......... .......... .......... 27%  322M 1s
build	Install Gradle 8.7	2025-09-15T00:23:32.0743164Z  36550K .......... .......... .......... .......... .......... 27%  321M 1s
build	Install Gradle 8.7	2025-09-15T00:23:32.0743862Z  36600K .......... .......... .......... .......... .......... 27%  299M 1s
build	Install Gradle 8.7	2025-09-15T00:23:32.0745481Z  36650K .......... .......... .......... .......... .......... 28%  323M 1s
build	Install Gradle 8.7	2025-09-15T00:23:32.0750378Z  36700K .......... .......... .......... .......... .......... 28%  300M 1s
build	Install Gradle 8.7	2025-09-15T00:23:32.0751399Z  36750K .......... .......... .......... .......... .......... 28%  116M 1s
build	Install Gradle 8.7	2025-09-15T00:23:32.0753303Z  36800K .......... .......... .......... .......... .......... 28%  246M 1s
build	Install Gradle 8.7	2025-09-15T00:23:32.0756583Z  36850K .......... .......... .......... .......... .......... 28%  147M 1s
build	Install Gradle 8.7	2025-09-15T00:23:32.0758634Z  36900K .......... .......... .......... .......... .......... 28%  243M 1s
build	Install Gradle 8.7	2025-09-15T00:23:32.0763940Z  36950K .......... .......... .......... .......... .......... 28% 93.5M 1s
build	Install Gradle 8.7	2025-09-15T00:23:32.0765286Z  37000K .......... .......... .......... .......... .......... 28%  288M 1s
build	Install Gradle 8.7	2025-09-15T00:23:32.0766997Z  37050K .......... .......... .......... .......... .......... 28%  292M 1s
build	Install Gradle 8.7	2025-09-15T00:23:32.0769203Z  37100K .......... .......... .......... .......... .......... 28%  313M 1s
build	Install Gradle 8.7	2025-09-15T00:23:32.0772889Z  37150K .......... .......... .......... .......... .......... 28%  113M 1s
build	Install Gradle 8.7	2025-09-15T00:23:32.0776647Z  37200K .......... .......... .......... .......... .......... 28%  128M 1s
build	Install Gradle 8.7	2025-09-15T00:23:32.0784924Z  37250K .......... .......... .......... .......... .......... 28% 61.1M 1s
build	Install Gradle 8.7	2025-09-15T00:23:32.0786535Z  37300K .......... .......... .......... .......... .......... 28%  234M 1s
build	Install Gradle 8.7	2025-09-15T00:23:32.0788920Z  37350K .......... .......... .......... .......... .......... 28%  249M 1s
build	Install Gradle 8.7	2025-09-15T00:23:32.0799094Z  37400K .......... .......... .......... .......... .......... 28% 47.0M 1s
build	Install Gradle 8.7	2025-09-15T00:23:32.0800370Z  37450K .......... .......... .......... .......... .......... 28%  337M 1s
build	Install Gradle 8.7	2025-09-15T00:23:32.0802250Z  37500K .......... .......... .......... .......... .......... 28%  346M 1s
build	Install Gradle 8.7	2025-09-15T00:23:32.0806843Z  37550K .......... .......... .......... .......... .......... 28%  122M 1s
build	Install Gradle 8.7	2025-09-15T00:23:32.0808304Z  37600K .......... .......... .......... .......... .......... 28%  272M 1s
build	Install Gradle 8.7	2025-09-15T00:23:32.0809559Z  37650K .......... .......... .......... .......... .......... 28%  256M 1s
build	Install Gradle 8.7	2025-09-15T00:23:32.0810962Z  37700K .......... .......... .......... .......... .......... 28%  327M 1s
build	Install Gradle 8.7	2025-09-15T00:23:32.0823891Z  37750K .......... .......... .......... .......... .......... 28% 43.2M 1s
build	Install Gradle 8.7	2025-09-15T00:23:32.0826089Z  37800K .......... .......... .......... .......... .......... 28%  278M 1s
build	Install Gradle 8.7	2025-09-15T00:23:32.0826886Z  37850K .......... .......... .......... .......... .......... 28%  229M 1s
build	Install Gradle 8.7	2025-09-15T00:23:32.0828467Z  37900K .......... .......... .......... .......... .......... 28%  283M 1s
build	Install Gradle 8.7	2025-09-15T00:23:32.0829847Z  37950K .......... .......... .......... .......... .......... 28%  253M 1s
build	Install Gradle 8.7	2025-09-15T00:23:32.0831329Z  38000K .......... .......... .......... .......... .......... 29%  337M 1s
build	Install Gradle 8.7	2025-09-15T00:23:32.0840293Z  38050K .......... .......... .......... .......... .......... 29% 56.5M 1s
build	Install Gradle 8.7	2025-09-15T00:23:32.0847698Z  38100K .......... .......... .......... .......... .......... 29% 71.9M 1s
build	Install Gradle 8.7	2025-09-15T00:23:32.0848863Z  38150K .......... .......... .......... .......... .......... 29%  241M 1s
build	Install Gradle 8.7	2025-09-15T00:23:32.0851882Z  38200K .......... .......... .......... .......... .......... 29%  300M 1s
build	Install Gradle 8.7	2025-09-15T00:23:32.0853569Z  38250K .......... .......... .......... .......... .......... 29%  252M 1s
build	Install Gradle 8.7	2025-09-15T00:23:32.0855318Z  38300K .......... .......... .......... .......... .......... 29%  232M 1s
build	Install Gradle 8.7	2025-09-15T00:23:32.0856725Z  38350K .......... .......... .......... .......... .......... 29%  214M 1s
build	Install Gradle 8.7	2025-09-15T00:23:32.0858213Z  38400K .......... .......... .......... .......... .......... 29%  318M 1s
build	Install Gradle 8.7	2025-09-15T00:23:32.0879882Z  38450K .......... .......... .......... .......... .......... 29% 24.3M 1s
build	Install Gradle 8.7	2025-09-15T00:23:32.0880892Z  38500K .......... .......... .......... .......... .......... 29%  228M 1s
build	Install Gradle 8.7	2025-09-15T00:23:32.0882866Z  38550K .......... .......... .......... .......... .......... 29%  243M 1s
build	Install Gradle 8.7	2025-09-15T00:23:32.0884788Z  38600K .......... .......... .......... .......... .......... 29%  274M 1s
build	Install Gradle 8.7	2025-09-15T00:23:32.0891560Z  38650K .......... .......... .......... .......... .......... 29% 81.0M 1s
build	Install Gradle 8.7	2025-09-15T00:23:32.0893498Z  38700K .......... .......... .......... .......... .......... 29%  245M 1s
build	Install Gradle 8.7	2025-09-15T00:23:32.0895114Z  38750K .......... .......... .......... .......... .......... 29%  194M 1s
build	Install Gradle 8.7	2025-09-15T00:23:32.0896516Z  38800K .......... .......... .......... .......... .......... 29%  283M 1s
build	Install Gradle 8.7	2025-09-15T00:23:32.0902576Z  38850K .......... .......... .......... .......... .......... 29% 86.1M 1s
build	Install Gradle 8.7	2025-09-15T00:23:32.0915191Z  38900K .......... .......... .......... .......... .......... 29% 42.4M 1s
build	Install Gradle 8.7	2025-09-15T00:23:32.0916015Z  38950K .......... .......... .......... .......... .......... 29%  221M 1s
build	Install Gradle 8.7	2025-09-15T00:23:32.0920156Z  39000K .......... .......... .......... .......... .......... 29%  264M 1s
build	Install Gradle 8.7	2025-09-15T00:23:32.0922691Z  39050K .......... .......... .......... .......... .......... 29%  238M 1s
build	Install Gradle 8.7	2025-09-15T00:23:32.0923454Z  39100K .......... .......... .......... .......... .......... 29%  251M 1s
build	Install Gradle 8.7	2025-09-15T00:23:32.0924994Z  39150K .......... .......... .......... .......... .......... 29%  173M 1s
build	Install Gradle 8.7	2025-09-15T00:23:32.0926977Z  39200K .......... .......... .......... .......... .......... 29%  246M 1s
build	Install Gradle 8.7	2025-09-15T00:23:32.0928242Z  39250K .......... .......... .......... .......... .......... 29%  308M 1s
build	Install Gradle 8.7	2025-09-15T00:23:32.0929997Z  39300K .......... .......... .......... .......... .......... 30%  308M 1s
build	Install Gradle 8.7	2025-09-15T00:23:32.0932341Z  39350K .......... .......... .......... .......... .......... 30%  288M 1s
build	Install Gradle 8.7	2025-09-15T00:23:32.0934642Z  39400K .......... .......... .......... .......... .......... 30%  247M 1s
build	Install Gradle 8.7	2025-09-15T00:23:32.0936082Z  39450K .......... .......... .......... .......... .......... 30%  209M 1s
build	Install Gradle 8.7	2025-09-15T00:23:32.0938256Z  39500K .......... .......... .......... .......... .......... 30%  306M 1s
build	Install Gradle 8.7	2025-09-15T00:23:32.0945312Z  39550K .......... .......... .......... .......... .......... 30% 71.7M 1s
build	Install Gradle 8.7	2025-09-15T00:23:32.0947078Z  39600K .......... .......... .......... .......... .......... 30%  179M 1s
build	Install Gradle 8.7	2025-09-15T00:23:32.0949577Z  39650K .......... .......... .......... .......... .......... 30%  281M 1s
build	Install Gradle 8.7	2025-09-15T00:23:32.0951306Z  39700K .......... .......... .......... .......... .......... 30%  307M 1s
build	Install Gradle 8.7	2025-09-15T00:23:32.0952309Z  39750K .......... .......... .......... .......... .......... 30%  260M 1s
build	Install Gradle 8.7	2025-09-15T00:23:32.0954765Z  39800K .......... .......... .......... .......... .......... 30%  321M 1s
build	Install Gradle 8.7	2025-09-15T00:23:32.0957045Z  39850K .......... .......... .......... .......... .......... 30%  234M 1s
build	Install Gradle 8.7	2025-09-15T00:23:32.0958495Z  39900K .......... .......... .......... .......... .......... 30%  238M 1s
build	Install Gradle 8.7	2025-09-15T00:23:32.0959903Z  39950K .......... .......... .......... .......... .......... 30%  234M 1s
build	Install Gradle 8.7	2025-09-15T00:23:32.0961386Z  40000K .......... .......... .......... .......... .......... 30%  322M 1s
build	Install Gradle 8.7	2025-09-15T00:23:32.0962797Z  40050K .......... .......... .......... .......... .......... 30%  339M 1s
build	Install Gradle 8.7	2025-09-15T00:23:32.0969550Z  40100K .......... .......... .......... .......... .......... 30% 90.2M 1s
build	Install Gradle 8.7	2025-09-15T00:23:32.0970781Z  40150K .......... .......... .......... .......... .......... 30%  229M 1s
build	Install Gradle 8.7	2025-09-15T00:23:32.0972244Z  40200K .......... .......... .......... .......... .......... 30%  292M 1s
build	Install Gradle 8.7	2025-09-15T00:23:32.0973656Z  40250K .......... .......... .......... .......... .......... 30%  315M 1s
build	Install Gradle 8.7	2025-09-15T00:23:32.0982143Z  40300K .......... .......... .......... .......... .......... 30% 66.4M 1s
build	Install Gradle 8.7	2025-09-15T00:23:32.0984000Z  40350K .......... .......... .......... .......... .......... 30%  201M 1s
build	Install Gradle 8.7	2025-09-15T00:23:32.0986134Z  40400K .......... .......... .......... .......... .......... 30%  184M 1s
build	Install Gradle 8.7	2025-09-15T00:23:32.1003014Z  40450K .......... .......... .......... .......... .......... 30% 32.1M 1s
build	Install Gradle 8.7	2025-09-15T00:23:32.1003811Z  40500K .......... .......... .......... .......... .......... 30%  224M 1s
build	Install Gradle 8.7	2025-09-15T00:23:32.1005350Z  40550K .......... .......... .......... .......... .......... 30%  276M 1s
build	Install Gradle 8.7	2025-09-15T00:23:32.1008990Z  40600K .......... .......... .......... .......... .......... 31%  156M 1s
build	Install Gradle 8.7	2025-09-15T00:23:32.1019096Z  40650K .......... .......... .......... .......... .......... 31% 51.8M 1s
build	Install Gradle 8.7	2025-09-15T00:23:32.1021787Z  40700K .......... .......... .......... .......... .......... 31%  218M 1s
build	Install Gradle 8.7	2025-09-15T00:23:32.1023517Z  40750K .......... .......... .......... .......... .......... 31%  173M 1s
build	Install Gradle 8.7	2025-09-15T00:23:32.1024989Z  40800K .......... .......... .......... .......... .......... 31%  256M 1s
build	Install Gradle 8.7	2025-09-15T00:23:32.1036270Z  40850K .......... .......... .......... .......... .......... 31% 45.8M 1s
build	Install Gradle 8.7	2025-09-15T00:23:32.1037412Z  40900K .......... .......... .......... .......... .......... 31%  242M 1s
build	Install Gradle 8.7	2025-09-15T00:23:32.1076992Z  40950K .......... .......... .......... .......... .......... 31% 12.8M 1s
build	Install Gradle 8.7	2025-09-15T00:23:32.1079407Z  41000K .......... .......... .......... .......... .......... 31%  194M 1s
build	Install Gradle 8.7	2025-09-15T00:23:32.1086226Z  41050K .......... .......... .......... .......... .......... 31%  101M 1s
build	Install Gradle 8.7	2025-09-15T00:23:32.1088431Z  41100K .......... .......... .......... .......... .......... 31%  137M 1s
build	Install Gradle 8.7	2025-09-15T00:23:32.1090150Z  41150K .......... .......... .......... .......... .......... 31%  241M 1s
build	Install Gradle 8.7	2025-09-15T00:23:32.1092882Z  41200K .......... .......... .......... .......... .......... 31%  262M 1s
build	Install Gradle 8.7	2025-09-15T00:23:32.1095388Z  41250K .......... .......... .......... .......... .......... 31%  282M 1s
build	Install Gradle 8.7	2025-09-15T00:23:32.1097026Z  41300K .......... .......... .......... .......... .......... 31%  213M 1s
build	Install Gradle 8.7	2025-09-15T00:23:32.1098205Z  41350K .......... .......... .......... .......... .......... 31%  220M 1s
build	Install Gradle 8.7	2025-09-15T00:23:32.1099720Z  41400K .......... .......... .......... .......... .......... 31%  211M 1s
build	Install Gradle 8.7	2025-09-15T00:23:32.1102731Z  41450K .......... .......... .......... .......... .......... 31%  222M 1s
build	Install Gradle 8.7	2025-09-15T00:23:32.1104607Z  41500K .......... .......... .......... .......... .......... 31%  183M 1s
build	Install Gradle 8.7	2025-09-15T00:23:32.1107151Z  41550K .......... .......... .......... .......... .......... 31%  221M 1s
build	Install Gradle 8.7	2025-09-15T00:23:32.1108821Z  41600K .......... .......... .......... .......... .......... 31%  218M 1s
build	Install Gradle 8.7	2025-09-15T00:23:32.1111078Z  41650K .......... .......... .......... .......... .......... 31%  246M 1s
build	Install Gradle 8.7	2025-09-15T00:23:32.1113752Z  41700K .......... .......... .......... .......... .......... 31%  257M 1s
build	Install Gradle 8.7	2025-09-15T00:23:32.1115677Z  41750K .......... .......... .......... .......... .......... 31%  227M 1s
build	Install Gradle 8.7	2025-09-15T00:23:32.1117221Z  41800K .......... .......... .......... .......... .......... 31%  169M 1s
build	Install Gradle 8.7	2025-09-15T00:23:32.1120153Z  41850K .......... .......... .......... .......... .......... 31%  407M 1s
build	Install Gradle 8.7	2025-09-15T00:23:32.1122411Z  41900K .......... .......... .......... .......... .......... 32%  177M 1s
build	Install Gradle 8.7	2025-09-15T00:23:32.1124622Z  41950K .......... .......... .......... .......... .......... 32%  241M 1s
build	Install Gradle 8.7	2025-09-15T00:23:32.1125564Z  42000K .......... .......... .......... .......... .......... 32%  216M 1s
build	Install Gradle 8.7	2025-09-15T00:23:32.1127274Z  42050K .......... .......... .......... .......... .......... 32%  311M 1s
build	Install Gradle 8.7	2025-09-15T00:23:32.1130178Z  42100K .......... .......... .......... .......... .......... 32%  270M 1s
build	Install Gradle 8.7	2025-09-15T00:23:32.1132117Z  42150K .......... .......... .......... .......... .......... 32%  238M 1s
build	Install Gradle 8.7	2025-09-15T00:23:32.1134702Z  42200K .......... .......... .......... .......... .......... 32%  240M 1s
build	Install Gradle 8.7	2025-09-15T00:23:32.1136592Z  42250K .......... .......... .......... .......... .......... 32%  217M 1s
build	Install Gradle 8.7	2025-09-15T00:23:32.1138745Z  42300K .......... .......... .......... .......... .......... 32%  182M 1s
build	Install Gradle 8.7	2025-09-15T00:23:32.1141169Z  42350K .......... .......... .......... .......... .......... 32%  252M 1s
build	Install Gradle 8.7	2025-09-15T00:23:32.1142497Z  42400K .......... .......... .......... .......... .......... 32%  228M 1s
build	Install Gradle 8.7	2025-09-15T00:23:32.1144674Z  42450K .......... .......... .......... .......... .......... 32%  261M 1s
build	Install Gradle 8.7	2025-09-15T00:23:32.1147704Z  42500K .......... .......... .......... .......... .......... 32%  237M 1s
build	Install Gradle 8.7	2025-09-15T00:23:32.1149211Z  42550K .......... .......... .......... .......... .......... 32%  250M 1s
build	Install Gradle 8.7	2025-09-15T00:23:32.1151623Z  42600K .......... .......... .......... .......... .......... 32%  237M 1s
build	Install Gradle 8.7	2025-09-15T00:23:32.1152964Z  42650K .......... .......... .......... .......... .......... 32%  222M 1s
build	Install Gradle 8.7	2025-09-15T00:23:32.1154595Z  42700K .......... .......... .......... .......... .......... 32%  218M 1s
build	Install Gradle 8.7	2025-09-15T00:23:32.1157018Z  42750K .......... .......... .......... .......... .......... 32%  265M 1s
build	Install Gradle 8.7	2025-09-15T00:23:32.1158421Z  42800K .......... .......... .......... .......... .......... 32%  287M 1s
build	Install Gradle 8.7	2025-09-15T00:23:32.1160296Z  42850K .......... .......... .......... .......... .......... 32%  224M 1s
build	Install Gradle 8.7	2025-09-15T00:23:32.1162260Z  42900K .......... .......... .......... .......... .......... 32%  260M 1s
build	Install Gradle 8.7	2025-09-15T00:23:32.1163596Z  42950K .......... .......... .......... .......... .......... 32%  329M 1s
build	Install Gradle 8.7	2025-09-15T00:23:32.1167031Z  43000K .......... .......... .......... .......... .......... 32%  271M 1s
build	Install Gradle 8.7	2025-09-15T00:23:32.1170242Z  43050K .......... .......... .......... .......... .......... 32%  255M 1s
build	Install Gradle 8.7	2025-09-15T00:23:32.1172666Z  43100K .......... .......... .......... .......... .......... 32%  189M 1s
build	Install Gradle 8.7	2025-09-15T00:23:32.1176745Z  43150K .......... .......... .......... .......... .......... 32%  247M 1s
build	Install Gradle 8.7	2025-09-15T00:23:32.1178880Z  43200K .......... .......... .......... .......... .......... 33%  265M 1s
build	Install Gradle 8.7	2025-09-15T00:23:32.1180774Z  43250K .......... .......... .......... .......... .......... 33%  217M 1s
build	Install Gradle 8.7	2025-09-15T00:23:32.1181552Z  43300K .......... .......... .......... .......... .......... 33%  240M 1s
build	Install Gradle 8.7	2025-09-15T00:23:32.1182740Z  43350K .......... .......... .......... .......... .......... 33%  246M 1s
build	Install Gradle 8.7	2025-09-15T00:23:32.1184913Z  43400K .......... .......... .......... .......... .......... 33%  253M 1s
build	Install Gradle 8.7	2025-09-15T00:23:32.1185688Z  43450K .......... .......... .......... .......... .......... 33%  245M 1s
build	Install Gradle 8.7	2025-09-15T00:23:32.1186611Z  43500K .......... .......... .......... .......... .......... 33%  184M 1s
build	Install Gradle 8.7	2025-09-15T00:23:32.1188611Z  43550K .......... .......... .......... .......... .......... 33%  363M 1s
build	Install Gradle 8.7	2025-09-15T00:23:32.1191797Z  43600K .......... .......... .......... .......... .......... 33%  227M 1s
build	Install Gradle 8.7	2025-09-15T00:23:32.1193026Z  43650K .......... .......... .......... .......... .......... 33%  219M 1s
build	Install Gradle 8.7	2025-09-15T00:23:32.1198637Z  43700K .......... .......... .......... .......... .......... 33%  261M 1s
build	Install Gradle 8.7	2025-09-15T00:23:32.1201195Z  43750K .......... .......... .......... .......... .......... 33%  225M 0s
build	Install Gradle 8.7	2025-09-15T00:23:32.1202317Z  43800K .......... .......... .......... .......... .......... 33%  238M 0s
build	Install Gradle 8.7	2025-09-15T00:23:32.1203099Z  43850K .......... .......... .......... .......... .......... 33%  231M 0s
build	Install Gradle 8.7	2025-09-15T00:23:32.1205016Z  43900K .......... .......... .......... .......... .......... 33%  197M 0s
build	Install Gradle 8.7	2025-09-15T00:23:32.1206615Z  43950K .......... .......... .......... .......... .......... 33%  319M 0s
build	Install Gradle 8.7	2025-09-15T00:23:32.1207393Z  44000K .......... .......... .......... .......... .......... 33%  227M 0s
build	Install Gradle 8.7	2025-09-15T00:23:32.1208860Z  44050K .......... .......... .......... .......... .......... 33%  280M 0s
build	Install Gradle 8.7	2025-09-15T00:23:32.1210315Z  44100K .......... .......... .......... .......... .......... 33%  240M 0s
build	Install Gradle 8.7	2025-09-15T00:23:32.1212210Z  44150K .......... .......... .......... .......... .......... 33%  317M 0s
build	Install Gradle 8.7	2025-09-15T00:23:32.1213285Z  44200K .......... .......... .......... .......... .......... 33%  323M 0s
build	Install Gradle 8.7	2025-09-15T00:23:32.1215135Z  44250K .......... .......... .......... .......... .......... 33%  312M 0s
build	Install Gradle 8.7	2025-09-15T00:23:32.1217572Z  44300K .......... .......... .......... .......... .......... 33%  273M 0s
build	Install Gradle 8.7	2025-09-15T00:23:32.1219037Z  44350K .......... .......... .......... .......... .......... 33%  215M 0s
build	Install Gradle 8.7	2025-09-15T00:23:32.1221160Z  44400K .......... .......... .......... .......... .......... 33%  307M 0s
build	Install Gradle 8.7	2025-09-15T00:23:32.1222881Z  44450K .......... .......... .......... .......... .......... 33%  255M 0s
build	Install Gradle 8.7	2025-09-15T00:23:32.1226087Z  44500K .......... .......... .......... .......... .......... 33%  237M 0s
build	Install Gradle 8.7	2025-09-15T00:23:32.1226868Z  44550K .......... .......... .......... .......... .......... 34%  240M 0s
build	Install Gradle 8.7	2025-09-15T00:23:32.1228439Z  44600K .......... .......... .......... .......... .......... 34%  268M 0s
build	Install Gradle 8.7	2025-09-15T00:23:32.1230759Z  44650K .......... .......... .......... .......... .......... 34%  323M 0s
build	Install Gradle 8.7	2025-09-15T00:23:32.1231814Z  44700K .......... .......... .......... .......... .......... 34%  247M 0s
build	Install Gradle 8.7	2025-09-15T00:23:32.1233426Z  44750K .......... .......... .......... .......... .......... 34%  327M 0s
build	Install Gradle 8.7	2025-09-15T00:23:32.1236533Z  44800K .......... .......... .......... .......... .......... 34%  316M 0s
build	Install Gradle 8.7	2025-09-15T00:23:32.1238317Z  44850K .......... .......... .......... .......... .......... 34%  223M 0s
build	Install Gradle 8.7	2025-09-15T00:23:32.1239076Z  44900K .......... .......... .......... .......... .......... 34%  273M 0s
build	Install Gradle 8.7	2025-09-15T00:23:32.1241315Z  44950K .......... .......... .......... .......... .......... 34%  306M 0s
build	Install Gradle 8.7	2025-09-15T00:23:32.1242840Z  45000K .......... .......... .......... .......... .......... 34%  278M 0s
build	Install Gradle 8.7	2025-09-15T00:23:32.1246325Z  45050K .......... .......... .......... .......... .......... 34%  262M 0s
build	Install Gradle 8.7	2025-09-15T00:23:32.1248344Z  45100K .......... .......... .......... .......... .......... 34%  154M 0s
build	Install Gradle 8.7	2025-09-15T00:23:32.1249371Z  45150K .......... .......... .......... .......... .......... 34%  244M 0s
build	Install Gradle 8.7	2025-09-15T00:23:32.1251478Z  45200K .......... .......... .......... .......... .......... 34%  294M 0s
build	Install Gradle 8.7	2025-09-15T00:23:32.1253089Z  45250K .......... .......... .......... .......... .......... 34%  251M 0s
build	Install Gradle 8.7	2025-09-15T00:23:32.1254791Z  45300K .......... .......... .......... .......... .......... 34%  283M 0s
build	Install Gradle 8.7	2025-09-15T00:23:32.1256952Z  45350K .......... .......... .......... .......... .......... 34%  277M 0s
build	Install Gradle 8.7	2025-09-15T00:23:32.1259298Z  45400K .......... .......... .......... .......... .......... 34%  262M 0s
build	Install Gradle 8.7	2025-09-15T00:23:32.1261376Z  45450K .......... .......... .......... .......... .......... 34%  219M 0s
build	Install Gradle 8.7	2025-09-15T00:23:32.1262575Z  45500K .......... .......... .......... .......... .......... 34%  233M 0s
build	Install Gradle 8.7	2025-09-15T00:23:32.1264121Z  45550K .......... .......... .......... .......... .......... 34%  328M 0s
build	Install Gradle 8.7	2025-09-15T00:23:32.1265859Z  45600K .......... .......... .......... .......... .......... 34%  276M 0s
build	Install Gradle 8.7	2025-09-15T00:23:32.1267301Z  45650K .......... .......... .......... .......... .......... 34%  327M 0s
build	Install Gradle 8.7	2025-09-15T00:23:32.1268838Z  45700K .......... .......... .......... .......... .......... 34%  313M 0s
build	Install Gradle 8.7	2025-09-15T00:23:32.1271497Z  45750K .......... .......... .......... .......... .......... 34%  329M 0s
build	Install Gradle 8.7	2025-09-15T00:23:32.1272468Z  45800K .......... .......... .......... .......... .......... 34%  263M 0s
build	Install Gradle 8.7	2025-09-15T00:23:32.1274999Z  45850K .......... .......... .......... .......... .......... 35%  266M 0s
build	Install Gradle 8.7	2025-09-15T00:23:32.1276254Z  45900K .......... .......... .......... .......... .......... 35%  231M 0s
build	Install Gradle 8.7	2025-09-15T00:23:32.1277710Z  45950K .......... .......... .......... .......... .......... 35%  313M 0s
build	Install Gradle 8.7	2025-09-15T00:23:32.1279272Z  46000K .......... .......... .......... .......... .......... 35%  337M 0s
build	Install Gradle 8.7	2025-09-15T00:23:32.1281644Z  46050K .......... .......... .......... .......... .......... 35%  324M 0s
build	Install Gradle 8.7	2025-09-15T00:23:32.1282935Z  46100K .......... .......... .......... .......... .......... 35%  277M 0s
build	Install Gradle 8.7	2025-09-15T00:23:32.1284619Z  46150K .......... .......... .......... .......... .......... 35%  265M 0s
build	Install Gradle 8.7	2025-09-15T00:23:32.1290142Z  46200K .......... .......... .......... .......... .......... 35% 97.3M 0s
build	Install Gradle 8.7	2025-09-15T00:23:32.1296005Z  46250K .......... .......... .......... .......... .......... 35% 80.9M 0s
build	Install Gradle 8.7	2025-09-15T00:23:32.1317973Z  46300K .......... .......... .......... .......... .......... 35% 23.7M 0s
build	Install Gradle 8.7	2025-09-15T00:23:32.1320321Z  46350K .......... .......... .......... .......... .......... 35%  269M 0s
build	Install Gradle 8.7	2025-09-15T00:23:32.1322826Z  46400K .......... .......... .......... .......... .......... 35%  223M 0s
build	Install Gradle 8.7	2025-09-15T00:23:32.1325114Z  46450K .......... .......... .......... .......... .......... 35%  206M 0s
build	Install Gradle 8.7	2025-09-15T00:23:32.1326821Z  46500K .......... .......... .......... .......... .......... 35%  271M 0s
build	Install Gradle 8.7	2025-09-15T00:23:32.1327574Z  46550K .......... .......... .......... .......... .......... 35%  216M 0s
build	Install Gradle 8.7	2025-09-15T00:23:32.1329083Z  46600K .......... .......... .......... .......... .......... 35%  251M 0s
build	Install Gradle 8.7	2025-09-15T00:23:32.1330825Z  46650K .......... .......... .......... .......... .......... 35%  283M 0s
build	Install Gradle 8.7	2025-09-15T00:23:32.1332833Z  46700K .......... .......... .......... .......... .......... 35%  178M 0s
build	Install Gradle 8.7	2025-09-15T00:23:32.1334541Z  46750K .......... .......... .......... .......... .......... 35%  302M 0s
build	Install Gradle 8.7	2025-09-15T00:23:32.1337165Z  46800K .......... .......... .......... .......... .......... 35%  277M 0s
build	Install Gradle 8.7	2025-09-15T00:23:32.1337953Z  46850K .......... .......... .......... .......... .......... 35%  291M 0s
build	Install Gradle 8.7	2025-09-15T00:23:32.1340140Z  46900K .......... .......... .......... .......... .......... 35%  274M 0s
build	Install Gradle 8.7	2025-09-15T00:23:32.1342283Z  46950K .......... .......... .......... .......... .......... 35%  234M 0s
build	Install Gradle 8.7	2025-09-15T00:23:32.1343859Z  47000K .......... .......... .......... .......... .......... 35%  238M 0s
build	Install Gradle 8.7	2025-09-15T00:23:32.1346479Z  47050K .......... .......... .......... .......... .......... 35%  250M 0s
build	Install Gradle 8.7	2025-09-15T00:23:32.1347566Z  47100K .......... .......... .......... .......... .......... 35%  255M 0s
build	Install Gradle 8.7	2025-09-15T00:23:32.1349100Z  47150K .......... .......... .......... .......... .......... 36%  338M 0s
build	Install Gradle 8.7	2025-09-15T00:23:32.1350556Z  47200K .......... .......... .......... .......... .......... 36%  312M 0s
build	Install Gradle 8.7	2025-09-15T00:23:32.1400569Z  47250K .......... .......... .......... .......... .......... 36% 10.2M 0s
build	Install Gradle 8.7	2025-09-15T00:23:32.1402654Z  47300K .......... .......... .......... .......... .......... 36%  194M 0s
build	Install Gradle 8.7	2025-09-15T00:23:32.1404371Z  47350K .......... .......... .......... .......... .......... 36%  184M 0s
build	Install Gradle 8.7	2025-09-15T00:23:32.1408338Z  47400K .......... .......... .......... .......... .......... 36%  220M 0s
build	Install Gradle 8.7	2025-09-15T00:23:32.1409841Z  47450K .......... .......... .......... .......... .......... 36%  179M 0s
build	Install Gradle 8.7	2025-09-15T00:23:32.1411311Z  47500K .......... .......... .......... .......... .......... 36%  194M 0s
build	Install Gradle 8.7	2025-09-15T00:23:32.1413501Z  47550K .......... .......... .......... .......... .......... 36%  282M 0s
build	Install Gradle 8.7	2025-09-15T00:23:32.1417066Z  47600K .......... .......... .......... .......... .......... 36%  192M 0s
build	Install Gradle 8.7	2025-09-15T00:23:32.1417887Z  47650K .......... .......... .......... .......... .......... 36%  258M 0s
build	Install Gradle 8.7	2025-09-15T00:23:32.1419381Z  47700K .......... .......... .......... .......... .......... 36%  272M 0s
build	Install Gradle 8.7	2025-09-15T00:23:32.1420807Z  47750K .......... .......... .......... .......... .......... 36%  318M 0s
build	Install Gradle 8.7	2025-09-15T00:23:32.1424817Z  47800K .......... .......... .......... .......... .......... 36%  253M 0s
build	Install Gradle 8.7	2025-09-15T00:23:32.1425949Z  47850K .......... .......... .......... .......... .......... 36%  230M 0s
build	Install Gradle 8.7	2025-09-15T00:23:32.1427372Z  47900K .......... .......... .......... .......... .......... 36%  194M 0s
build	Install Gradle 8.7	2025-09-15T00:23:32.1428905Z  47950K .......... .......... .......... .......... .......... 36%  328M 0s
build	Install Gradle 8.7	2025-09-15T00:23:32.1436030Z  48000K .......... .......... .......... .......... .......... 36% 81.7M 0s
build	Install Gradle 8.7	2025-09-15T00:23:32.1436941Z  48050K .......... .......... .......... .......... .......... 36%  246M 0s
build	Install Gradle 8.7	2025-09-15T00:23:32.1438461Z  48100K .......... .......... .......... .......... .......... 36%  306M 0s
build	Install Gradle 8.7	2025-09-15T00:23:32.1440034Z  48150K .......... .......... .......... .......... .......... 36%  330M 0s
build	Install Gradle 8.7	2025-09-15T00:23:32.1449235Z  48200K .......... .......... .......... .......... .......... 36% 63.6M 0s
build	Install Gradle 8.7	2025-09-15T00:23:32.1450033Z  48250K .......... .......... .......... .......... .......... 36%  326M 0s
build	Install Gradle 8.7	2025-09-15T00:23:32.1451502Z  48300K .......... .......... .......... .......... .......... 36%  213M 0s
build	Install Gradle 8.7	2025-09-15T00:23:32.1452778Z  48350K .......... .......... .......... .......... .......... 36%  328M 0s
build	Install Gradle 8.7	2025-09-15T00:23:32.1463930Z  48400K .......... .......... .......... .......... .......... 36% 50.3M 0s
build	Install Gradle 8.7	2025-09-15T00:23:32.1465346Z  48450K .......... .......... .......... .......... .......... 37%  250M 0s
build	Install Gradle 8.7	2025-09-15T00:23:32.1467337Z  48500K .......... .......... .......... .......... .......... 37%  192M 0s
build	Install Gradle 8.7	2025-09-15T00:23:32.1469476Z  48550K .......... .......... .......... .......... .......... 37%  235M 0s
build	Install Gradle 8.7	2025-09-15T00:23:32.1492400Z  48600K .......... .......... .......... .......... .......... 37% 21.7M 0s
build	Install Gradle 8.7	2025-09-15T00:23:32.1494577Z  48650K .......... .......... .......... .......... .......... 37%  260M 0s
build	Install Gradle 8.7	2025-09-15T00:23:32.1495944Z  48700K .......... .......... .......... .......... .......... 37%  212M 0s
build	Install Gradle 8.7	2025-09-15T00:23:32.1506284Z  48750K .......... .......... .......... .......... .......... 37% 51.7M 0s
build	Install Gradle 8.7	2025-09-15T00:23:32.1508353Z  48800K .......... .......... .......... .......... .......... 37%  272M 0s
build	Install Gradle 8.7	2025-09-15T00:23:32.1510564Z  48850K .......... .......... .......... .......... .......... 37%  287M 0s
build	Install Gradle 8.7	2025-09-15T00:23:32.1511359Z  48900K .......... .......... .......... .......... .......... 37%  336M 0s
build	Install Gradle 8.7	2025-09-15T00:23:32.1515391Z  48950K .......... .......... .......... .......... .......... 37%  146M 0s
build	Install Gradle 8.7	2025-09-15T00:23:32.1516398Z  49000K .......... .......... .......... .......... .......... 37%  199M 0s
build	Install Gradle 8.7	2025-09-15T00:23:32.1519628Z  49050K .......... .......... .......... .......... .......... 37%  233M 0s
build	Install Gradle 8.7	2025-09-15T00:23:32.1521515Z  49100K .......... .......... .......... .......... .......... 37%  291M 0s
build	Install Gradle 8.7	2025-09-15T00:23:32.1522290Z  49150K .......... .......... .......... .......... .......... 37%  266M 0s
build	Install Gradle 8.7	2025-09-15T00:23:32.1523400Z  49200K .......... .......... .......... .......... .......... 37%  279M 0s
build	Install Gradle 8.7	2025-09-15T00:23:32.1525881Z  49250K .......... .......... .......... .......... .......... 37%  295M 0s
build	Install Gradle 8.7	2025-09-15T00:23:32.1528945Z  49300K .......... .......... .......... .......... .......... 37%  244M 0s
build	Install Gradle 8.7	2025-09-15T00:23:32.1531695Z  49350K .......... .......... .......... .......... .......... 37%  226M 0s
build	Install Gradle 8.7	2025-09-15T00:23:32.1532678Z  49400K .......... .......... .......... .......... .......... 37%  266M 0s
build	Install Gradle 8.7	2025-09-15T00:23:32.1535737Z  49450K .......... .......... .......... .......... .......... 37%  238M 0s
build	Install Gradle 8.7	2025-09-15T00:23:32.1537379Z  49500K .......... .......... .......... .......... .......... 37%  231M 0s
build	Install Gradle 8.7	2025-09-15T00:23:32.1539534Z  49550K .......... .......... .......... .......... .......... 37%  231M 0s
build	Install Gradle 8.7	2025-09-15T00:23:32.1540982Z  49600K .......... .......... .......... .......... .......... 37%  276M 0s
build	Install Gradle 8.7	2025-09-15T00:23:32.1542683Z  49650K .......... .......... .......... .......... .......... 37%  262M 0s
build	Install Gradle 8.7	2025-09-15T00:23:32.1544741Z  49700K .......... .......... .......... .......... .......... 37%  227M 0s
build	Install Gradle 8.7	2025-09-15T00:23:32.1546031Z  49750K .......... .......... .......... .......... .......... 38%  192M 0s
build	Install Gradle 8.7	2025-09-15T00:23:32.1548376Z  49800K .......... .......... .......... .......... .......... 38%  270M 0s
build	Install Gradle 8.7	2025-09-15T00:23:32.1549590Z  49850K .......... .......... .......... .......... .......... 38%  281M 0s
build	Install Gradle 8.7	2025-09-15T00:23:32.1551765Z  49900K .......... .......... .......... .......... .......... 38%  293M 0s
build	Install Gradle 8.7	2025-09-15T00:23:32.1553228Z  49950K .......... .......... .......... .......... .......... 38%  279M 0s
build	Install Gradle 8.7	2025-09-15T00:23:32.1556390Z  50000K .......... .......... .......... .......... .......... 38%  221M 0s
build	Install Gradle 8.7	2025-09-15T00:23:32.1558146Z  50050K .......... .......... .......... .......... .......... 38%  224M 0s
build	Install Gradle 8.7	2025-09-15T00:23:32.1559291Z  50100K .......... .......... .......... .......... .......... 38%  230M 0s
build	Install Gradle 8.7	2025-09-15T00:23:32.1561661Z  50150K .......... .......... .......... .......... .......... 38%  309M 0s
build	Install Gradle 8.7	2025-09-15T00:23:32.1564853Z  50200K .......... .......... .......... .......... .......... 38%  267M 0s
build	Install Gradle 8.7	2025-09-15T00:23:32.1566380Z  50250K .......... .......... .......... .......... .......... 38%  279M 0s
build	Install Gradle 8.7	2025-09-15T00:23:32.1567256Z  50300K .......... .......... .......... .......... .......... 38%  214M 0s
build	Install Gradle 8.7	2025-09-15T00:23:32.1568327Z  50350K .......... .......... .......... .......... .......... 38%  294M 0s
build	Install Gradle 8.7	2025-09-15T00:23:32.1570705Z  50400K .......... .......... .......... .......... .......... 38%  241M 0s
build	Install Gradle 8.7	2025-09-15T00:23:32.1571572Z  50450K .......... .......... .......... .......... .......... 38%  355M 0s
build	Install Gradle 8.7	2025-09-15T00:23:32.1573137Z  50500K .......... .......... .......... .......... .......... 38%  344M 0s
build	Install Gradle 8.7	2025-09-15T00:23:32.1574848Z  50550K .......... .......... .......... .......... .......... 38%  305M 0s
build	Install Gradle 8.7	2025-09-15T00:23:32.1576678Z  50600K .......... .......... .......... .......... .......... 38%  285M 0s
build	Install Gradle 8.7	2025-09-15T00:23:32.1578974Z  50650K .......... .......... .......... .......... .......... 38%  301M 0s
build	Install Gradle 8.7	2025-09-15T00:23:32.1579945Z  50700K .......... .......... .......... .......... .......... 38%  246M 0s
build	Install Gradle 8.7	2025-09-15T00:23:32.1581747Z  50750K .......... .......... .......... .......... .......... 38%  335M 0s
build	Install Gradle 8.7	2025-09-15T00:23:32.1583134Z  50800K .......... .......... .......... .......... .......... 38%  301M 0s
build	Install Gradle 8.7	2025-09-15T00:23:32.1585521Z  50850K .......... .......... .......... .......... .......... 38%  342M 0s
build	Install Gradle 8.7	2025-09-15T00:23:32.1586426Z  50900K .......... .......... .......... .......... .......... 38%  278M 0s
build	Install Gradle 8.7	2025-09-15T00:23:32.1588593Z  50950K .......... .......... .......... .......... .......... 38%  308M 0s
build	Install Gradle 8.7	2025-09-15T00:23:32.1589714Z  51000K .......... .......... .......... .......... .......... 38%  245M 0s
build	Install Gradle 8.7	2025-09-15T00:23:32.1591689Z  51050K .......... .......... .......... .......... .......... 38%  326M 0s
build	Install Gradle 8.7	2025-09-15T00:23:32.1592901Z  51100K .......... .......... .......... .......... .......... 39%  318M 0s
build	Install Gradle 8.7	2025-09-15T00:23:32.1598915Z  51150K .......... .......... .......... .......... .......... 39%  354M 0s
build	Install Gradle 8.7	2025-09-15T00:23:32.1599696Z  51200K .......... .......... .......... .......... .......... 39% 91.5M 0s
build	Install Gradle 8.7	2025-09-15T00:23:32.1601058Z  51250K .......... .......... .......... .......... .......... 39%  321M 0s
build	Install Gradle 8.7	2025-09-15T00:23:32.1606555Z  51300K .......... .......... .......... .......... .......... 39%  111M 0s
build	Install Gradle 8.7	2025-09-15T00:23:32.1607461Z  51350K .......... .......... .......... .......... .......... 39%  282M 0s
build	Install Gradle 8.7	2025-09-15T00:23:32.1608981Z  51400K .......... .......... .......... .......... .......... 39%  296M 0s
build	Install Gradle 8.7	2025-09-15T00:23:32.1611342Z  51450K .......... .......... .......... .......... .......... 39%  317M 0s
build	Install Gradle 8.7	2025-09-15T00:23:32.1613948Z  51500K .......... .......... .......... .......... .......... 39%  155M 0s
build	Install Gradle 8.7	2025-09-15T00:23:32.1617047Z  51550K .......... .......... .......... .......... .......... 39%  245M 0s
build	Install Gradle 8.7	2025-09-15T00:23:32.1618814Z  51600K .......... .......... .......... .......... .......... 39%  279M 0s
build	Install Gradle 8.7	2025-09-15T00:23:32.1620088Z  51650K .......... .......... .......... .......... .......... 39%  255M 0s
build	Install Gradle 8.7	2025-09-15T00:23:32.1623064Z  51700K .......... .......... .......... .......... .......... 39%  258M 0s
build	Install Gradle 8.7	2025-09-15T00:23:32.1626214Z  51750K .......... .......... .......... .......... .......... 39%  319M 0s
build	Install Gradle 8.7	2025-09-15T00:23:32.1627599Z  51800K .......... .......... .......... .......... .......... 39%  268M 0s
build	Install Gradle 8.7	2025-09-15T00:23:32.1629634Z  51850K .......... .......... .......... .......... .......... 39%  223M 0s
build	Install Gradle 8.7	2025-09-15T00:23:32.1631803Z  51900K .......... .......... .......... .......... .......... 39%  196M 0s
build	Install Gradle 8.7	2025-09-15T00:23:32.1634898Z  51950K .......... .......... .......... .......... .......... 39%  237M 0s
build	Install Gradle 8.7	2025-09-15T00:23:32.1636874Z  52000K .......... .......... .......... .......... .......... 39%  239M 0s
build	Install Gradle 8.7	2025-09-15T00:23:32.1639081Z  52050K .......... .......... .......... .......... .......... 39%  219M 0s
build	Install Gradle 8.7	2025-09-15T00:23:32.1639869Z  52100K .......... .......... .......... .......... .......... 39%  233M 0s
build	Install Gradle 8.7	2025-09-15T00:23:32.1641368Z  52150K .......... .......... .......... .......... .......... 39%  219M 0s
build	Install Gradle 8.7	2025-09-15T00:23:32.1642158Z  52200K .......... .......... .......... .......... .......... 39%  266M 0s
build	Install Gradle 8.7	2025-09-15T00:23:32.1643570Z  52250K .......... .......... .......... .......... .......... 39%  273M 0s
build	Install Gradle 8.7	2025-09-15T00:23:32.1646750Z  52300K .......... .......... .......... .......... .......... 39%  220M 0s
build	Install Gradle 8.7	2025-09-15T00:23:32.1648418Z  52350K .......... .......... .......... .......... .......... 39%  302M 0s
build	Install Gradle 8.7	2025-09-15T00:23:32.1650135Z  52400K .......... .......... .......... .......... .......... 40%  238M 0s
build	Install Gradle 8.7	2025-09-15T00:23:32.1651581Z  52450K .......... .......... .......... .......... .......... 40%  234M 0s
build	Install Gradle 8.7	2025-09-15T00:23:32.1654707Z  52500K .......... .......... .......... .......... .......... 40%  179M 0s
build	Install Gradle 8.7	2025-09-15T00:23:32.1656287Z  52550K .......... .......... .......... .......... .......... 40%  243M 0s
build	Install Gradle 8.7	2025-09-15T00:23:32.1658395Z  52600K .......... .......... .......... .......... .......... 40%  245M 0s
build	Install Gradle 8.7	2025-09-15T00:23:32.1659827Z  52650K .......... .......... .......... .......... .......... 40%  292M 0s
build	Install Gradle 8.7	2025-09-15T00:23:32.1662229Z  52700K .......... .......... .......... .......... .......... 40%  311M 0s
build	Install Gradle 8.7	2025-09-15T00:23:32.1664978Z  52750K .......... .......... .......... .......... .......... 40%  244M 0s
build	Install Gradle 8.7	2025-09-15T00:23:32.1666411Z  52800K .......... .......... .......... .......... .......... 40%  251M 0s
build	Install Gradle 8.7	2025-09-15T00:23:32.1667231Z  52850K .......... .......... .......... .......... .......... 40%  266M 0s
build	Install Gradle 8.7	2025-09-15T00:23:32.1671193Z  52900K .......... .......... .......... .......... .......... 40%  263M 0s
build	Install Gradle 8.7	2025-09-15T00:23:32.1673171Z  52950K .......... .......... .......... .......... .......... 40%  245M 0s
build	Install Gradle 8.7	2025-09-15T00:23:32.1675770Z  53000K .......... .......... .......... .......... .......... 40%  238M 0s
build	Install Gradle 8.7	2025-09-15T00:23:32.1715171Z  53050K .......... .......... .......... .......... .......... 40%  213M 0s
build	Install Gradle 8.7	2025-09-15T00:23:32.1715993Z  53100K .......... .......... .......... .......... .......... 40%  192M 0s
build	Install Gradle 8.7	2025-09-15T00:23:32.1716773Z  53150K .......... .......... .......... .......... .......... 40%  374M 0s
build	Install Gradle 8.7	2025-09-15T00:23:32.1717524Z  53200K .......... .......... .......... .......... .......... 40%  312M 0s
build	Install Gradle 8.7	2025-09-15T00:23:32.1718262Z  53250K .......... .......... .......... .......... .......... 40%  330M 0s
build	Install Gradle 8.7	2025-09-15T00:23:32.1719000Z  53300K .......... .......... .......... .......... .......... 40%  284M 0s
build	Install Gradle 8.7	2025-09-15T00:23:32.1719740Z  53350K .......... .......... .......... .......... .......... 40%  263M 0s
build	Install Gradle 8.7	2025-09-15T00:23:32.1720796Z  53400K .......... .......... .......... .......... .......... 40%  285M 0s
build	Install Gradle 8.7	2025-09-15T00:23:32.1723138Z  53450K .......... .......... .......... .......... .......... 40%  283M 0s
build	Install Gradle 8.7	2025-09-15T00:23:32.1726292Z  53500K .......... .......... .......... .......... .......... 40%  215M 0s
build	Install Gradle 8.7	2025-09-15T00:23:32.1727887Z  53550K .......... .......... .......... .......... .......... 40%  285M 0s
build	Install Gradle 8.7	2025-09-15T00:23:32.1729113Z  53600K .......... .......... .......... .......... .......... 40%  265M 0s
build	Install Gradle 8.7	2025-09-15T00:23:32.1730873Z  53650K .......... .......... .......... .......... .......... 40%  260M 0s
build	Install Gradle 8.7	2025-09-15T00:23:32.1735276Z  53700K .......... .......... .......... .......... .......... 41%  294M 0s
build	Install Gradle 8.7	2025-09-15T00:23:32.1736690Z  53750K .......... .......... .......... .......... .......... 41%  284M 0s
build	Install Gradle 8.7	2025-09-15T00:23:32.1739481Z  53800K .......... .......... .......... .......... .......... 41%  268M 0s
build	Install Gradle 8.7	2025-09-15T00:23:32.1742082Z  53850K .......... .......... .......... .......... .......... 41%  308M 0s
build	Install Gradle 8.7	2025-09-15T00:23:32.1744841Z  53900K .......... .......... .......... .......... .......... 41%  207M 0s
build	Install Gradle 8.7	2025-09-15T00:23:32.1745961Z  53950K .......... .......... .......... .......... .......... 41%  260M 0s
build	Install Gradle 8.7	2025-09-15T00:23:32.1749253Z  54000K .......... .......... .......... .......... .......... 41%  308M 0s
build	Install Gradle 8.7	2025-09-15T00:23:32.1751921Z  54050K .......... .......... .......... .......... .......... 41%  302M 0s
build	Install Gradle 8.7	2025-09-15T00:23:32.1753569Z  54100K .......... .......... .......... .......... .......... 41%  293M 0s
build	Install Gradle 8.7	2025-09-15T00:23:32.1755726Z  54150K .......... .......... .......... .......... .......... 41%  289M 0s
build	Install Gradle 8.7	2025-09-15T00:23:32.1757758Z  54200K .......... .......... .......... .......... .......... 41%  234M 0s
build	Install Gradle 8.7	2025-09-15T00:23:32.1758506Z  54250K .......... .......... .......... .......... .......... 41%  318M 0s
build	Install Gradle 8.7	2025-09-15T00:23:32.1760694Z  54300K .......... .......... .......... .......... .......... 41%  236M 0s
build	Install Gradle 8.7	2025-09-15T00:23:32.1762476Z  54350K .......... .......... .......... .......... .......... 41%  317M 0s
build	Install Gradle 8.7	2025-09-15T00:23:32.1763288Z  54400K .......... .......... .......... .......... .......... 41%  254M 0s
build	Install Gradle 8.7	2025-09-15T00:23:32.1764045Z  54450K .......... .......... .......... .......... .......... 41%  237M 0s
build	Install Gradle 8.7	2025-09-15T00:23:32.1764962Z  54500K .......... .......... .......... .......... .......... 41%  225M 0s
build	Install Gradle 8.7	2025-09-15T00:23:32.1765715Z  54550K .......... .......... .......... .......... .......... 41%  232M 0s
build	Install Gradle 8.7	2025-09-15T00:23:32.1766458Z  54600K .......... .......... .......... .......... .......... 41%  249M 0s
build	Install Gradle 8.7	2025-09-15T00:23:32.1767201Z  54650K .......... .......... .......... .......... .......... 41%  248M 0s
build	Install Gradle 8.7	2025-09-15T00:23:32.1768218Z  54700K .......... .......... .......... .......... .......... 41%  174M 0s
build	Install Gradle 8.7	2025-09-15T00:23:32.1770391Z  54750K .......... .......... .......... .......... .......... 41%  240M 0s
build	Install Gradle 8.7	2025-09-15T00:23:32.1771194Z  54800K .......... .......... .......... .......... .......... 41%  240M 0s
build	Install Gradle 8.7	2025-09-15T00:23:32.1773190Z  54850K .......... .......... .......... .......... .......... 41%  253M 0s
build	Install Gradle 8.7	2025-09-15T00:23:32.1774728Z  54900K .......... .......... .......... .......... .......... 41%  233M 0s
build	Install Gradle 8.7	2025-09-15T00:23:32.1775494Z  54950K .......... .......... .......... .......... .......... 41%  228M 0s
build	Install Gradle 8.7	2025-09-15T00:23:32.1777381Z  55000K .......... .......... .......... .......... .......... 42%  256M 0s
build	Install Gradle 8.7	2025-09-15T00:23:32.1778154Z  55050K .......... .......... .......... .......... .......... 42%  234M 0s
build	Install Gradle 8.7	2025-09-15T00:23:32.1778889Z  55100K .......... .......... .......... .......... .......... 42%  180M 0s
build	Install Gradle 8.7	2025-09-15T00:23:32.1779653Z  55150K .......... .......... .......... .......... .......... 42%  226M 0s
build	Install Gradle 8.7	2025-09-15T00:23:32.1780402Z  55200K .......... .......... .......... .......... .......... 42%  235M 0s
build	Install Gradle 8.7	2025-09-15T00:23:32.1781305Z  55250K .......... .......... .......... .......... .......... 42%  229M 0s
build	Install Gradle 8.7	2025-09-15T00:23:32.1783517Z  55300K .......... .......... .......... .......... .......... 42%  244M 0s
build	Install Gradle 8.7	2025-09-15T00:23:32.1785686Z  55350K .......... .......... .......... .......... .......... 42%  244M 0s
build	Install Gradle 8.7	2025-09-15T00:23:32.1786909Z  55400K .......... .......... .......... .......... .......... 42%  271M 0s
build	Install Gradle 8.7	2025-09-15T00:23:32.1787696Z  55450K .......... .......... .......... .......... .......... 42%  317M 0s
build	Install Gradle 8.7	2025-09-15T00:23:32.1788429Z  55500K .......... .......... .......... .......... .......... 42%  218M 0s
build	Install Gradle 8.7	2025-09-15T00:23:32.1789326Z  55550K .......... .......... .......... .......... .......... 42%  256M 0s
build	Install Gradle 8.7	2025-09-15T00:23:32.1791041Z  55600K .......... .......... .......... .......... .......... 42%  270M 0s
build	Install Gradle 8.7	2025-09-15T00:23:32.1792320Z  55650K .......... .......... .......... .......... .......... 42%  230M 0s
build	Install Gradle 8.7	2025-09-15T00:23:32.1793063Z  55700K .......... .......... .......... .......... .......... 42%  285M 0s
build	Install Gradle 8.7	2025-09-15T00:23:32.1793802Z  55750K .......... .......... .......... .......... .......... 42%  266M 0s
build	Install Gradle 8.7	2025-09-15T00:23:32.1795289Z  55800K .......... .......... .......... .......... .......... 42%  316M 0s
build	Install Gradle 8.7	2025-09-15T00:23:32.1797213Z  55850K .......... .......... .......... .......... .......... 42%  311M 0s
build	Install Gradle 8.7	2025-09-15T00:23:32.1798462Z  55900K .......... .......... .......... .......... .......... 42%  194M 0s
build	Install Gradle 8.7	2025-09-15T00:23:32.1800586Z  55950K .......... .......... .......... .......... .......... 42%  241M 0s
build	Install Gradle 8.7	2025-09-15T00:23:32.1801334Z  56000K .......... .......... .......... .......... .......... 42%  264M 0s
build	Install Gradle 8.7	2025-09-15T00:23:32.1802075Z  56050K .......... .......... .......... .......... .......... 42%  315M 0s
build	Install Gradle 8.7	2025-09-15T00:23:32.1802825Z  56100K .......... .......... .......... .......... .......... 42%  289M 0s
build	Install Gradle 8.7	2025-09-15T00:23:32.1803556Z  56150K .......... .......... .......... .......... .......... 42%  259M 0s
build	Install Gradle 8.7	2025-09-15T00:23:32.1805576Z  56200K .......... .......... .......... .......... .......... 42%  283M 0s
build	Install Gradle 8.7	2025-09-15T00:23:32.1807485Z  56250K .......... .......... .......... .......... .......... 42%  239M 0s
build	Install Gradle 8.7	2025-09-15T00:23:32.1808803Z  56300K .......... .......... .......... .......... .......... 43%  173M 0s
build	Install Gradle 8.7	2025-09-15T00:23:32.1810021Z  56350K .......... .......... .......... .......... .......... 43%  268M 0s
build	Install Gradle 8.7	2025-09-15T00:23:32.1810752Z  56400K .......... .......... .......... .......... .......... 43%  307M 0s
build	Install Gradle 8.7	2025-09-15T00:23:32.1811961Z  56450K .......... .......... .......... .......... .......... 43%  249M 0s
build	Install Gradle 8.7	2025-09-15T00:23:32.1813290Z  56500K .......... .......... .......... .......... .......... 43%  230M 0s
build	Install Gradle 8.7	2025-09-15T00:23:32.1815125Z  56550K .......... .......... .......... .......... .......... 43%  262M 0s
build	Install Gradle 8.7	2025-09-15T00:23:32.1815906Z  56600K .......... .......... .......... .......... .......... 43%  274M 0s
build	Install Gradle 8.7	2025-09-15T00:23:32.1816645Z  56650K .......... .......... .......... .......... .......... 43%  263M 0s
build	Install Gradle 8.7	2025-09-15T00:23:32.1817643Z  56700K .......... .......... .......... .......... .......... 43%  180M 0s
build	Install Gradle 8.7	2025-09-15T00:23:32.1819333Z  56750K .......... .......... .......... .......... .......... 43%  294M 0s
build	Install Gradle 8.7	2025-09-15T00:23:32.1820668Z  56800K .......... .......... .......... .......... .......... 43%  290M 0s
build	Install Gradle 8.7	2025-09-15T00:23:32.1821546Z  56850K .......... .......... .......... .......... .......... 43%  286M 0s
build	Install Gradle 8.7	2025-09-15T00:23:32.1823952Z  56900K .......... .......... .......... .......... .......... 43%  283M 0s
build	Install Gradle 8.7	2025-09-15T00:23:32.1825485Z  56950K .......... .......... .......... .......... .......... 43%  277M 0s
build	Install Gradle 8.7	2025-09-15T00:23:32.1827585Z  57000K .......... .......... .......... .......... .......... 43%  216M 0s
build	Install Gradle 8.7	2025-09-15T00:23:32.1829174Z  57050K .......... .......... .......... .......... .......... 43%  301M 0s
build	Install Gradle 8.7	2025-09-15T00:23:32.1831772Z  57100K .......... .......... .......... .......... .......... 43%  195M 0s
build	Install Gradle 8.7	2025-09-15T00:23:32.1833577Z  57150K .......... .......... .......... .......... .......... 43%  250M 0s
build	Install Gradle 8.7	2025-09-15T00:23:32.1835619Z  57200K .......... .......... .......... .......... .......... 43%  253M 0s
build	Install Gradle 8.7	2025-09-15T00:23:32.1838143Z  57250K .......... .......... .......... .......... .......... 43%  206M 0s
build	Install Gradle 8.7	2025-09-15T00:23:32.1839639Z  57300K .......... .......... .......... .......... .......... 43%  211M 0s
build	Install Gradle 8.7	2025-09-15T00:23:32.1841632Z  57350K .......... .......... .......... .......... .......... 43%  273M 0s
build	Install Gradle 8.7	2025-09-15T00:23:32.1843652Z  57400K .......... .......... .......... .......... .......... 43%  246M 0s
build	Install Gradle 8.7	2025-09-15T00:23:32.1845187Z  57450K .......... .......... .......... .......... .......... 43%  274M 0s
build	Install Gradle 8.7	2025-09-15T00:23:32.1847633Z  57500K .......... .......... .......... .......... .......... 43%  242M 0s
build	Install Gradle 8.7	2025-09-15T00:23:32.1849089Z  57550K .......... .......... .......... .......... .......... 43%  276M 0s
build	Install Gradle 8.7	2025-09-15T00:23:32.1851155Z  57600K .......... .......... .......... .......... .......... 43%  236M 0s
build	Install Gradle 8.7	2025-09-15T00:23:32.1853275Z  57650K .......... .......... .......... .......... .......... 44%  294M 0s
build	Install Gradle 8.7	2025-09-15T00:23:32.1854651Z  57700K .......... .......... .......... .......... .......... 44%  261M 0s
build	Install Gradle 8.7	2025-09-15T00:23:32.1856379Z  57750K .......... .......... .......... .......... .......... 44%  267M 0s
build	Install Gradle 8.7	2025-09-15T00:23:32.1858141Z  57800K .......... .......... .......... .......... .......... 44%  289M 0s
build	Install Gradle 8.7	2025-09-15T00:23:32.1859918Z  57850K .......... .......... .......... .......... .......... 44%  301M 0s
build	Install Gradle 8.7	2025-09-15T00:23:32.1862923Z  57900K .......... .......... .......... .......... .......... 44%  258M 0s
build	Install Gradle 8.7	2025-09-15T00:23:32.1863729Z  57950K .......... .......... .......... .......... .......... 44%  266M 0s
build	Install Gradle 8.7	2025-09-15T00:23:32.1865917Z  58000K .......... .......... .......... .......... .......... 44%  194M 0s
build	Install Gradle 8.7	2025-09-15T00:23:32.1867958Z  58050K .......... .......... .......... .......... .......... 44%  260M 0s
build	Install Gradle 8.7	2025-09-15T00:23:32.1869626Z  58100K .......... .......... .......... .......... .......... 44%  266M 0s
build	Install Gradle 8.7	2025-09-15T00:23:32.1871366Z  58150K .......... .......... .......... .......... .......... 44%  303M 0s
build	Install Gradle 8.7	2025-09-15T00:23:32.1873008Z  58200K .......... .......... .......... .......... .......... 44%  298M 0s
build	Install Gradle 8.7	2025-09-15T00:23:32.1875075Z  58250K .......... .......... .......... .......... .......... 44%  258M 0s
build	Install Gradle 8.7	2025-09-15T00:23:32.1877231Z  58300K .......... .......... .......... .......... .......... 44%  242M 0s
build	Install Gradle 8.7	2025-09-15T00:23:32.1879343Z  58350K .......... .......... .......... .......... .......... 44%  230M 0s
build	Install Gradle 8.7	2025-09-15T00:23:32.1881308Z  58400K .......... .......... .......... .......... .......... 44%  200M 0s
build	Install Gradle 8.7	2025-09-15T00:23:32.1883858Z  58450K .......... .......... .......... .......... .......... 44%  300M 0s
build	Install Gradle 8.7	2025-09-15T00:23:32.1885660Z  58500K .......... .......... .......... .......... .......... 44%  262M 0s
build	Install Gradle 8.7	2025-09-15T00:23:32.1887002Z  58550K .......... .......... .......... .......... .......... 44%  227M 0s
build	Install Gradle 8.7	2025-09-15T00:23:32.1889305Z  58600K .......... .......... .......... .......... .......... 44%  274M 0s
build	Install Gradle 8.7	2025-09-15T00:23:32.1891785Z  58650K .......... .......... .......... .......... .......... 44%  235M 0s
build	Install Gradle 8.7	2025-09-15T00:23:32.1892978Z  58700K .......... .......... .......... .......... .......... 44%  241M 0s
build	Install Gradle 8.7	2025-09-15T00:23:32.1894777Z  58750K .......... .......... .......... .......... .......... 44%  287M 0s
build	Install Gradle 8.7	2025-09-15T00:23:32.1897678Z  58800K .......... .......... .......... .......... .......... 44%  213M 0s
build	Install Gradle 8.7	2025-09-15T00:23:32.1899166Z  58850K .......... .......... .......... .......... .......... 44%  259M 0s
build	Install Gradle 8.7	2025-09-15T00:23:32.1901011Z  58900K .......... .......... .......... .......... .......... 44%  263M 0s
build	Install Gradle 8.7	2025-09-15T00:23:32.1902958Z  58950K .......... .......... .......... .......... .......... 45%  289M 0s
build	Install Gradle 8.7	2025-09-15T00:23:32.1904450Z  59000K .......... .......... .......... .......... .......... 45%  262M 0s
build	Install Gradle 8.7	2025-09-15T00:23:32.1906214Z  59050K .......... .......... .......... .......... .......... 45%  271M 0s
build	Install Gradle 8.7	2025-09-15T00:23:32.1908421Z  59100K .......... .......... .......... .......... .......... 45%  194M 0s
build	Install Gradle 8.7	2025-09-15T00:23:32.1909913Z  59150K .......... .......... .......... .......... .......... 45%  317M 0s
build	Install Gradle 8.7	2025-09-15T00:23:32.1912198Z  59200K .......... .......... .......... .......... .......... 45%  313M 0s
build	Install Gradle 8.7	2025-09-15T00:23:32.1914563Z  59250K .......... .......... .......... .......... .......... 45%  254M 0s
build	Install Gradle 8.7	2025-09-15T00:23:32.1917122Z  59300K .......... .......... .......... .......... .......... 45%  243M 0s
build	Install Gradle 8.7	2025-09-15T00:23:32.1917931Z  59350K .......... .......... .......... .......... .......... 45%  229M 0s
build	Install Gradle 8.7	2025-09-15T00:23:32.1919990Z  59400K .......... .......... .......... .......... .......... 45%  281M 0s
build	Install Gradle 8.7	2025-09-15T00:23:32.1922206Z  59450K .......... .......... .......... .......... .......... 45%  273M 0s
build	Install Gradle 8.7	2025-09-15T00:23:32.1923644Z  59500K .......... .......... .......... .......... .......... 45%  193M 0s
build	Install Gradle 8.7	2025-09-15T00:23:32.1926369Z  59550K .......... .......... .......... .......... .......... 45%  267M 0s
build	Install Gradle 8.7	2025-09-15T00:23:32.1928136Z  59600K .......... .......... .......... .......... .......... 45%  226M 0s
build	Install Gradle 8.7	2025-09-15T00:23:32.1929480Z  59650K .......... .......... .......... .......... .......... 45%  267M 0s
build	Install Gradle 8.7	2025-09-15T00:23:32.1931083Z  59700K .......... .......... .......... .......... .......... 45%  321M 0s
build	Install Gradle 8.7	2025-09-15T00:23:32.1932682Z  59750K .......... .......... .......... .......... .......... 45%  309M 0s
build	Install Gradle 8.7	2025-09-15T00:23:32.1934139Z  59800K .......... .......... .......... .......... .......... 45%  320M 0s
build	Install Gradle 8.7	2025-09-15T00:23:32.1935998Z  59850K .......... .......... .......... .......... .......... 45%  277M 0s
build	Install Gradle 8.7	2025-09-15T00:23:32.1938199Z  59900K .......... .......... .......... .......... .......... 45%  239M 0s
build	Install Gradle 8.7	2025-09-15T00:23:32.1939406Z  59950K .......... .......... .......... .......... .......... 45%  318M 0s
build	Install Gradle 8.7	2025-09-15T00:23:32.1940894Z  60000K .......... .......... .......... .......... .......... 45%  327M 0s
build	Install Gradle 8.7	2025-09-15T00:23:32.1942443Z  60050K .......... .......... .......... .......... .......... 45%  320M 0s
build	Install Gradle 8.7	2025-09-15T00:23:32.1944543Z  60100K .......... .......... .......... .......... .......... 45%  301M 0s
build	Install Gradle 8.7	2025-09-15T00:23:32.1946071Z  60150K .......... .......... .......... .......... .......... 45%  260M 0s
build	Install Gradle 8.7	2025-09-15T00:23:32.1947603Z  60200K .......... .......... .......... .......... .......... 45%  315M 0s
build	Install Gradle 8.7	2025-09-15T00:23:32.1949173Z  60250K .......... .......... .......... .......... .......... 46%  316M 0s
build	Install Gradle 8.7	2025-09-15T00:23:32.1951207Z  60300K .......... .......... .......... .......... .......... 46%  252M 0s
build	Install Gradle 8.7	2025-09-15T00:23:32.1952595Z  60350K .......... .......... .......... .......... .......... 46%  303M 0s
build	Install Gradle 8.7	2025-09-15T00:23:32.1954068Z  60400K .......... .......... .......... .......... .......... 46%  325M 0s
build	Install Gradle 8.7	2025-09-15T00:23:32.1955984Z  60450K .......... .......... .......... .......... .......... 46%  278M 0s
build	Install Gradle 8.7	2025-09-15T00:23:32.1957453Z  60500K .......... .......... .......... .......... .......... 46%  323M 0s
build	Install Gradle 8.7	2025-09-15T00:23:32.1960141Z  60550K .......... .......... .......... .......... .......... 46%  313M 0s
build	Install Gradle 8.7	2025-09-15T00:23:32.1961413Z  60600K .......... .......... .......... .......... .......... 46%  203M 0s
build	Install Gradle 8.7	2025-09-15T00:23:32.1963495Z  60650K .......... .......... .......... .......... .......... 46%  318M 0s
build	Install Gradle 8.7	2025-09-15T00:23:32.1965144Z  60700K .......... .......... .......... .......... .......... 46%  220M 0s
build	Install Gradle 8.7	2025-09-15T00:23:32.1966624Z  60750K .......... .......... .......... .......... .......... 46%  312M 0s
build	Install Gradle 8.7	2025-09-15T00:23:32.1968212Z  60800K .......... .......... .......... .......... .......... 46%  321M 0s
build	Install Gradle 8.7	2025-09-15T00:23:32.1969738Z  60850K .......... .......... .......... .......... .......... 46%  312M 0s
build	Install Gradle 8.7	2025-09-15T00:23:32.1971281Z  60900K .......... .......... .......... .......... .......... 46%  329M 0s
build	Install Gradle 8.7	2025-09-15T00:23:32.1973410Z  60950K .......... .......... .......... .......... .......... 46%  312M 0s
build	Install Gradle 8.7	2025-09-15T00:23:32.1975164Z  61000K .......... .......... .......... .......... .......... 46%  301M 0s
build	Install Gradle 8.7	2025-09-15T00:23:32.1977286Z  61050K .......... .......... .......... .......... .......... 46%  225M 0s
build	Install Gradle 8.7	2025-09-15T00:23:32.1979715Z  61100K .......... .......... .......... .......... .......... 46%  188M 0s
build	Install Gradle 8.7	2025-09-15T00:23:32.1981413Z  61150K .......... .......... .......... .......... .......... 46%  281M 0s
build	Install Gradle 8.7	2025-09-15T00:23:32.1984002Z  61200K .......... .......... .......... .......... .......... 46%  260M 0s
build	Install Gradle 8.7	2025-09-15T00:23:32.1984976Z  61250K .......... .......... .......... .......... .......... 46%  286M 0s
build	Install Gradle 8.7	2025-09-15T00:23:32.1986518Z  61300K .......... .......... .......... .......... .......... 46%  256M 0s
build	Install Gradle 8.7	2025-09-15T00:23:32.1988084Z  61350K .......... .......... .......... .......... .......... 46%  314M 0s
build	Install Gradle 8.7	2025-09-15T00:23:32.1990046Z  61400K .......... .......... .......... .......... .......... 46%  300M 0s
build	Install Gradle 8.7	2025-09-15T00:23:32.1991915Z  61450K .......... .......... .......... .......... .......... 46%  268M 0s
build	Install Gradle 8.7	2025-09-15T00:23:32.1994685Z  61500K .......... .......... .......... .......... .......... 46%  181M 0s
build	Install Gradle 8.7	2025-09-15T00:23:32.1996227Z  61550K .......... .......... .......... .......... .......... 47%  252M 0s
build	Install Gradle 8.7	2025-09-15T00:23:32.1997711Z  61600K .......... .......... .......... .......... .......... 47%  296M 0s
build	Install Gradle 8.7	2025-09-15T00:23:32.1999165Z  61650K .......... .......... .......... .......... .......... 47%  336M 0s
build	Install Gradle 8.7	2025-09-15T00:23:32.2006555Z  61700K .......... .......... .......... .......... .......... 47% 69.6M 0s
build	Install Gradle 8.7	2025-09-15T00:23:32.2012425Z  61750K .......... .......... .......... .......... .......... 47%  101M 0s
build	Install Gradle 8.7	2025-09-15T00:23:32.2014557Z  61800K .......... .......... .......... .......... .......... 47%  251M 0s
build	Install Gradle 8.7	2025-09-15T00:23:32.2016123Z  61850K .......... .......... .......... .......... .......... 47%  212M 0s
build	Install Gradle 8.7	2025-09-15T00:23:32.2025231Z  61900K .......... .......... .......... .......... .......... 47% 53.3M 0s
build	Install Gradle 8.7	2025-09-15T00:23:32.2034130Z  61950K .......... .......... .......... .......... .......... 47% 57.5M 0s
build	Install Gradle 8.7	2025-09-15T00:23:32.2035734Z  62000K .......... .......... .......... .......... .......... 47%  254M 0s
build	Install Gradle 8.7	2025-09-15T00:23:32.2038322Z  62050K .......... .......... .......... .......... .......... 47%  201M 0s
build	Install Gradle 8.7	2025-09-15T00:23:32.2039640Z  62100K .......... .......... .......... .......... .......... 47%  239M 0s
build	Install Gradle 8.7	2025-09-15T00:23:32.2047145Z  62150K .......... .......... .......... .......... .......... 47% 82.0M 0s
build	Install Gradle 8.7	2025-09-15T00:23:32.2047989Z  62200K .......... .......... .......... .......... .......... 47%  298M 0s
build	Install Gradle 8.7	2025-09-15T00:23:32.2049093Z  62250K .......... .......... .......... .......... .......... 47%  246M 0s
build	Install Gradle 8.7	2025-09-15T00:23:32.2054828Z  62300K .......... .......... .......... .......... .......... 47%  111M 0s
build	Install Gradle 8.7	2025-09-15T00:23:32.2056403Z  62350K .......... .......... .......... .......... .......... 47%  191M 0s
build	Install Gradle 8.7	2025-09-15T00:23:32.2057856Z  62400K .......... .......... .......... .......... .......... 47%  290M 0s
build	Install Gradle 8.7	2025-09-15T00:23:32.2059639Z  62450K .......... .......... .......... .......... .......... 47%  265M 0s
build	Install Gradle 8.7	2025-09-15T00:23:32.2064849Z  62500K .......... .......... .......... .......... .......... 47%  100M 0s
build	Install Gradle 8.7	2025-09-15T00:23:32.2073565Z  62550K .......... .......... .......... .......... .......... 47% 55.6M 0s
build	Install Gradle 8.7	2025-09-15T00:23:32.2078782Z  62600K .......... .......... .......... .......... .......... 47%  102M 0s
build	Install Gradle 8.7	2025-09-15T00:23:32.2087545Z  62650K .......... .......... .......... .......... .......... 47% 57.6M 0s
build	Install Gradle 8.7	2025-09-15T00:23:32.2089452Z  62700K .......... .......... .......... .......... .......... 47%  184M 0s
build	Install Gradle 8.7	2025-09-15T00:23:32.2091662Z  62750K .......... .......... .......... .......... .......... 47%  219M 0s
build	Install Gradle 8.7	2025-09-15T00:23:32.2093159Z  62800K .......... .......... .......... .......... .......... 47%  320M 0s
build	Install Gradle 8.7	2025-09-15T00:23:32.2097401Z  62850K .......... .......... .......... .......... .......... 48%  148M 0s
build	Install Gradle 8.7	2025-09-15T00:23:32.2099064Z  62900K .......... .......... .......... .......... .......... 48%  208M 0s
build	Install Gradle 8.7	2025-09-15T00:23:32.2101533Z  62950K .......... .......... .......... .......... .......... 48%  202M 0s
build	Install Gradle 8.7	2025-09-15T00:23:32.2103683Z  63000K .......... .......... .......... .......... .......... 48%  201M 0s
build	Install Gradle 8.7	2025-09-15T00:23:32.2107001Z  63050K .......... .......... .......... .......... .......... 48%  171M 0s
build	Install Gradle 8.7	2025-09-15T00:23:32.2108849Z  63100K .......... .......... .......... .......... .......... 48%  188M 0s
build	Install Gradle 8.7	2025-09-15T00:23:32.2110908Z  63150K .......... .......... .......... .......... .......... 48%  274M 0s
build	Install Gradle 8.7	2025-09-15T00:23:32.2112935Z  63200K .......... .......... .......... .......... .......... 48%  244M 0s
build	Install Gradle 8.7	2025-09-15T00:23:32.2115140Z  63250K .......... .......... .......... .......... .......... 48%  253M 0s
build	Install Gradle 8.7	2025-09-15T00:23:32.2116657Z  63300K .......... .......... .......... .......... .......... 48%  245M 0s
build	Install Gradle 8.7	2025-09-15T00:23:32.2118259Z  63350K .......... .......... .......... .......... .......... 48%  286M 0s
build	Install Gradle 8.7	2025-09-15T00:23:32.2119707Z  63400K .......... .......... .......... .......... .......... 48%  326M 0s
build	Install Gradle 8.7	2025-09-15T00:23:32.2125237Z  63450K .......... .......... .......... .......... .......... 48%  110M 0s
build	Install Gradle 8.7	2025-09-15T00:23:32.2127093Z  63500K .......... .......... .......... .......... .......... 48%  182M 0s
build	Install Gradle 8.7	2025-09-15T00:23:32.2128802Z  63550K .......... .......... .......... .......... .......... 48%  271M 0s
build	Install Gradle 8.7	2025-09-15T00:23:32.2130212Z  63600K .......... .......... .......... .......... .......... 48%  287M 0s
build	Install Gradle 8.7	2025-09-15T00:23:32.2132682Z  63650K .......... .......... .......... .......... .......... 48%  322M 0s
build	Install Gradle 8.7	2025-09-15T00:23:32.2133758Z  63700K .......... .......... .......... .......... .......... 48%  257M 0s
build	Install Gradle 8.7	2025-09-15T00:23:32.2136806Z  63750K .......... .......... .......... .......... .......... 48%  271M 0s
build	Install Gradle 8.7	2025-09-15T00:23:32.2139354Z  63800K .......... .......... .......... .......... .......... 48%  259M 0s
build	Install Gradle 8.7	2025-09-15T00:23:32.2141920Z  63850K .......... .......... .......... .......... .......... 48%  292M 0s
build	Install Gradle 8.7	2025-09-15T00:23:32.2146621Z  63900K .......... .......... .......... .......... .......... 48%  187M 0s
build	Install Gradle 8.7	2025-09-15T00:23:32.2148956Z  63950K .......... .......... .......... .......... .......... 48%  244M 0s
build	Install Gradle 8.7	2025-09-15T00:23:32.2149936Z  64000K .......... .......... .......... .......... .......... 48%  219M 0s
build	Install Gradle 8.7	2025-09-15T00:23:32.2151795Z  64050K .......... .......... .......... .......... .......... 48%  245M 0s
build	Install Gradle 8.7	2025-09-15T00:23:32.2155281Z  64100K .......... .......... .......... .......... .......... 48%  242M 0s
build	Install Gradle 8.7	2025-09-15T00:23:32.2158260Z  64150K .......... .......... .......... .......... .......... 48%  276M 0s
build	Install Gradle 8.7	2025-09-15T00:23:32.2160011Z  64200K .......... .......... .......... .......... .......... 49%  246M 0s
build	Install Gradle 8.7	2025-09-15T00:23:32.2160792Z  64250K .......... .......... .......... .......... .......... 49%  234M 0s
build	Install Gradle 8.7	2025-09-15T00:23:32.2161600Z  64300K .......... .......... .......... .......... .......... 49%  191M 0s
build	Install Gradle 8.7	2025-09-15T00:23:32.2162365Z  64350K .......... .......... .......... .......... .......... 49%  247M 0s
build	Install Gradle 8.7	2025-09-15T00:23:32.2163100Z  64400K .......... .......... .......... .......... .......... 49%  254M 0s
build	Install Gradle 8.7	2025-09-15T00:23:32.2163847Z  64450K .......... .......... .......... .......... .......... 49%  298M 0s
build	Install Gradle 8.7	2025-09-15T00:23:32.2166610Z  64500K .......... .......... .......... .......... .......... 49%  291M 0s
build	Install Gradle 8.7	2025-09-15T00:23:32.2168969Z  64550K .......... .......... .......... .......... .......... 49%  267M 0s
build	Install Gradle 8.7	2025-09-15T00:23:32.2171648Z  64600K .......... .......... .......... .......... .......... 49%  230M 0s
build	Install Gradle 8.7	2025-09-15T00:23:32.2174704Z  64650K .......... .......... .......... .......... .......... 49%  232M 0s
build	Install Gradle 8.7	2025-09-15T00:23:32.2177241Z  64700K .......... .......... .......... .......... .......... 49%  174M 0s
build	Install Gradle 8.7	2025-09-15T00:23:32.2178034Z  64750K .......... .......... .......... .......... .......... 49%  217M 0s
build	Install Gradle 8.7	2025-09-15T00:23:32.2179493Z  64800K .......... .......... .......... .......... .......... 49%  229M 0s
build	Install Gradle 8.7	2025-09-15T00:23:32.2182428Z  64850K .......... .......... .......... .......... .......... 49%  272M 0s
build	Install Gradle 8.7	2025-09-15T00:23:32.2185538Z  64900K .......... .......... .......... .......... .......... 49%  237M 0s
build	Install Gradle 8.7	2025-09-15T00:23:32.2188483Z  64950K .......... .......... .......... .......... .......... 49%  247M 0s
build	Install Gradle 8.7	2025-09-15T00:23:32.2191261Z  65000K .......... .......... .......... .......... .......... 49%  233M 0s
build	Install Gradle 8.7	2025-09-15T00:23:32.2193859Z  65050K .......... .......... .......... .......... .......... 49%  230M 0s
build	Install Gradle 8.7	2025-09-15T00:23:32.2196141Z  65100K .......... .......... .......... .......... .......... 49%  193M 0s
build	Install Gradle 8.7	2025-09-15T00:23:32.2196909Z  65150K .......... .......... .......... .......... .......... 49%  256M 0s
build	Install Gradle 8.7	2025-09-15T00:23:32.2197658Z  65200K .......... .......... .......... .......... .......... 49%  244M 0s
build	Install Gradle 8.7	2025-09-15T00:23:32.2198412Z  65250K .......... .......... .......... .......... .......... 49%  241M 0s
build	Install Gradle 8.7	2025-09-15T00:23:32.2200198Z  65300K .......... .......... .......... .......... .......... 49%  309M 0s
build	Install Gradle 8.7	2025-09-15T00:23:32.2200973Z  65350K .......... .......... .......... .......... .......... 49%  277M 0s
build	Install Gradle 8.7	2025-09-15T00:23:32.2202484Z  65400K .......... .......... .......... .......... .......... 49%  266M 0s
build	Install Gradle 8.7	2025-09-15T00:23:32.2205227Z  65450K .......... .......... .......... .......... .......... 49%  321M 0s
build	Install Gradle 8.7	2025-09-15T00:23:32.2207252Z  65500K .......... .......... .......... .......... .......... 50%  174M 0s
build	Install Gradle 8.7	2025-09-15T00:23:32.2209252Z  65550K .......... .......... .......... .......... .......... 50%  245M 0s
build	Install Gradle 8.7	2025-09-15T00:23:32.2210525Z  65600K .......... .......... .......... .......... .......... 50%  281M 0s
build	Install Gradle 8.7	2025-09-15T00:23:32.2212209Z  65650K .......... .......... .......... .......... .......... 50%  281M 0s
build	Install Gradle 8.7	2025-09-15T00:23:32.2214722Z  65700K .......... .......... .......... .......... .......... 50%  319M 0s
build	Install Gradle 8.7	2025-09-15T00:23:32.2216816Z  65750K .......... .......... .......... .......... .......... 50%  243M 0s
build	Install Gradle 8.7	2025-09-15T00:23:32.2218313Z  65800K .......... .......... .......... .......... .......... 50%  250M 0s
build	Install Gradle 8.7	2025-09-15T00:23:32.2219801Z  65850K .......... .......... .......... .......... .......... 50%  249M 0s
build	Install Gradle 8.7	2025-09-15T00:23:32.2223557Z  65900K .......... .......... .......... .......... .......... 50%  216M 0s
build	Install Gradle 8.7	2025-09-15T00:23:32.2224524Z  65950K .......... .......... .......... .......... .......... 50%  257M 0s
build	Install Gradle 8.7	2025-09-15T00:23:32.2225831Z  66000K .......... .......... .......... .......... .......... 50%  248M 0s
build	Install Gradle 8.7	2025-09-15T00:23:32.2227985Z  66050K .......... .......... .......... .......... .......... 50%  307M 0s
build	Install Gradle 8.7	2025-09-15T00:23:32.2229665Z  66100K .......... .......... .......... .......... .......... 50%  270M 0s
build	Install Gradle 8.7	2025-09-15T00:23:32.2231121Z  66150K .......... .......... .......... .......... .......... 50%  260M 0s
build	Install Gradle 8.7	2025-09-15T00:23:32.2233507Z  66200K .......... .......... .......... .......... .......... 50%  260M 0s
build	Install Gradle 8.7	2025-09-15T00:23:32.2235426Z  66250K .......... .......... .......... .......... .......... 50%  271M 0s
build	Install Gradle 8.7	2025-09-15T00:23:32.2237680Z  66300K .......... .......... .......... .......... .......... 50%  173M 0s
build	Install Gradle 8.7	2025-09-15T00:23:32.2241027Z  66350K .......... .......... .......... .......... .......... 50%  286M 0s
build	Install Gradle 8.7	2025-09-15T00:23:32.2242221Z  66400K .......... .......... .......... .......... .......... 50%  242M 0s
build	Install Gradle 8.7	2025-09-15T00:23:32.2244010Z  66450K .......... .......... .......... .......... .......... 50%  256M 0s
build	Install Gradle 8.7	2025-09-15T00:23:32.2245644Z  66500K .......... .......... .......... .......... .......... 50%  242M 0s
build	Install Gradle 8.7	2025-09-15T00:23:32.2247910Z  66550K .......... .......... .......... .......... .......... 50%  262M 0s
build	Install Gradle 8.7	2025-09-15T00:23:32.2249835Z  66600K .......... .......... .......... .......... .......... 50%  265M 0s
build	Install Gradle 8.7	2025-09-15T00:23:32.2251175Z  66650K .......... .......... .......... .......... .......... 50%  233M 0s
build	Install Gradle 8.7	2025-09-15T00:23:32.2254063Z  66700K .......... .......... .......... .......... .......... 50%  237M 0s
build	Install Gradle 8.7	2025-09-15T00:23:32.2255535Z  66750K .......... .......... .......... .......... .......... 50%  237M 0s
build	Install Gradle 8.7	2025-09-15T00:23:32.2256917Z  66800K .......... .......... .......... .......... .......... 51%  267M 0s
build	Install Gradle 8.7	2025-09-15T00:23:32.2259083Z  66850K .......... .......... .......... .......... .......... 51%  315M 0s
build	Install Gradle 8.7	2025-09-15T00:23:32.2261251Z  66900K .......... .......... .......... .......... .......... 51%  271M 0s
build	Install Gradle 8.7	2025-09-15T00:23:32.2263183Z  66950K .......... .......... .......... .......... .......... 51%  245M 0s
build	Install Gradle 8.7	2025-09-15T00:23:32.2265291Z  67000K .......... .......... .......... .......... .......... 51%  245M 0s
build	Install Gradle 8.7	2025-09-15T00:23:32.2267212Z  67050K .......... .......... .......... .......... .......... 51%  217M 0s
build	Install Gradle 8.7	2025-09-15T00:23:32.2269801Z  67100K .......... .......... .......... .......... .......... 51%  197M 0s
build	Install Gradle 8.7	2025-09-15T00:23:32.2271601Z  67150K .......... .......... .......... .......... .......... 51%  253M 0s
build	Install Gradle 8.7	2025-09-15T00:23:32.2272929Z  67200K .......... .......... .......... .......... .......... 51%  243M 0s
build	Install Gradle 8.7	2025-09-15T00:23:32.2275253Z  67250K .......... .......... .......... .......... .......... 51%  271M 0s
build	Install Gradle 8.7	2025-09-15T00:23:32.2277678Z  67300K .......... .......... .......... .......... .......... 51%  242M 0s
build	Install Gradle 8.7	2025-09-15T00:23:32.2279572Z  67350K .......... .......... .......... .......... .......... 51%  260M 0s
build	Install Gradle 8.7	2025-09-15T00:23:32.2280791Z  67400K .......... .......... .......... .......... .......... 51%  248M 0s
build	Install Gradle 8.7	2025-09-15T00:23:32.2282655Z  67450K .......... .......... .......... .......... .......... 51%  302M 0s
build	Install Gradle 8.7	2025-09-15T00:23:32.2285174Z  67500K .......... .......... .......... .......... .......... 51%  225M 0s
build	Install Gradle 8.7	2025-09-15T00:23:32.2287120Z  67550K .......... .......... .......... .......... .......... 51%  224M 0s
build	Install Gradle 8.7	2025-09-15T00:23:32.2288678Z  67600K .......... .......... .......... .......... .......... 51%  276M 0s
build	Install Gradle 8.7	2025-09-15T00:23:32.2290933Z  67650K .......... .......... .......... .......... .......... 51%  228M 0s
build	Install Gradle 8.7	2025-09-15T00:23:32.2292916Z  67700K .......... .......... .......... .......... .......... 51%  270M 0s
build	Install Gradle 8.7	2025-09-15T00:23:32.2294012Z  67750K .......... .......... .......... .......... .......... 51%  291M 0s
build	Install Gradle 8.7	2025-09-15T00:23:32.2295986Z  67800K .......... .......... .......... .......... .......... 51%  281M 0s
build	Install Gradle 8.7	2025-09-15T00:23:32.2297153Z  67850K .......... .......... .......... .......... .......... 51%  322M 0s
build	Install Gradle 8.7	2025-09-15T00:23:32.2299102Z  67900K .......... .......... .......... .......... .......... 51%  266M 0s
build	Install Gradle 8.7	2025-09-15T00:23:32.2300304Z  67950K .......... .......... .......... .......... .......... 51%  365M 0s
build	Install Gradle 8.7	2025-09-15T00:23:32.2301711Z  68000K .......... .......... .......... .......... .......... 51%  338M 0s
build	Install Gradle 8.7	2025-09-15T00:23:32.2303091Z  68050K .......... .......... .......... .......... .......... 51%  353M 0s
build	Install Gradle 8.7	2025-09-15T00:23:32.2304922Z  68100K .......... .......... .......... .......... .......... 52%  337M 0s
build	Install Gradle 8.7	2025-09-15T00:23:32.2307262Z  68150K .......... .......... .......... .......... .......... 52%  239M 0s
build	Install Gradle 8.7	2025-09-15T00:23:32.2309690Z  68200K .......... .......... .......... .......... .......... 52%  301M 0s
build	Install Gradle 8.7	2025-09-15T00:23:32.2310456Z  68250K .......... .......... .......... .......... .......... 52%  316M 0s
build	Install Gradle 8.7	2025-09-15T00:23:32.2311939Z  68300K .......... .......... .......... .......... .......... 52%  232M 0s
build	Install Gradle 8.7	2025-09-15T00:23:32.2313521Z  68350K .......... .......... .......... .......... .......... 52%  319M 0s
build	Install Gradle 8.7	2025-09-15T00:23:32.2315266Z  68400K .......... .......... .......... .......... .......... 52%  286M 0s
build	Install Gradle 8.7	2025-09-15T00:23:32.2317214Z  68450K .......... .......... .......... .......... .......... 52%  301M 0s
build	Install Gradle 8.7	2025-09-15T00:23:32.2318725Z  68500K .......... .......... .......... .......... .......... 52%  292M 0s
build	Install Gradle 8.7	2025-09-15T00:23:32.2320220Z  68550K .......... .......... .......... .......... .......... 52%  304M 0s
build	Install Gradle 8.7	2025-09-15T00:23:32.2321679Z  68600K .......... .......... .......... .......... .......... 52%  324M 0s
build	Install Gradle 8.7	2025-09-15T00:23:32.2323618Z  68650K .......... .......... .......... .......... .......... 52%  312M 0s
build	Install Gradle 8.7	2025-09-15T00:23:32.2325436Z  68700K .......... .......... .......... .......... .......... 52%  221M 0s
build	Install Gradle 8.7	2025-09-15T00:23:32.2327435Z  68750K .......... .......... .......... .......... .......... 52%  300M 0s
build	Install Gradle 8.7	2025-09-15T00:23:32.2329077Z  68800K .......... .......... .......... .......... .......... 52%  261M 0s
build	Install Gradle 8.7	2025-09-15T00:23:32.2330685Z  68850K .......... .......... .......... .......... .......... 52%  297M 0s
build	Install Gradle 8.7	2025-09-15T00:23:32.2332545Z  68900K .......... .......... .......... .......... .......... 52%  264M 0s
build	Install Gradle 8.7	2025-09-15T00:23:32.2335603Z  68950K .......... .......... .......... .......... .......... 52%  276M 0s
build	Install Gradle 8.7	2025-09-15T00:23:32.2336391Z  69000K .......... .......... .......... .......... .......... 52%  257M 0s
build	Install Gradle 8.7	2025-09-15T00:23:32.2338806Z  69050K .......... .......... .......... .......... .......... 52%  286M 0s
build	Install Gradle 8.7	2025-09-15T00:23:32.2341810Z  69100K .......... .......... .......... .......... .......... 52%  200M 0s
build	Install Gradle 8.7	2025-09-15T00:23:32.2342583Z  69150K .......... .......... .......... .......... .......... 52%  272M 0s
build	Install Gradle 8.7	2025-09-15T00:23:32.2345205Z  69200K .......... .......... .......... .......... .......... 52%  279M 0s
build	Install Gradle 8.7	2025-09-15T00:23:32.2347547Z  69250K .......... .......... .......... .......... .......... 52%  263M 0s
build	Install Gradle 8.7	2025-09-15T00:23:32.2348322Z  69300K .......... .......... .......... .......... .......... 52%  240M 0s
build	Install Gradle 8.7	2025-09-15T00:23:32.2351210Z  69350K .......... .......... .......... .......... .......... 52%  280M 0s
build	Install Gradle 8.7	2025-09-15T00:23:32.2353359Z  69400K .......... .......... .......... .......... .......... 52%  266M 0s
build	Install Gradle 8.7	2025-09-15T00:23:32.2354687Z  69450K .......... .......... .......... .......... .......... 53%  248M 0s
build	Install Gradle 8.7	2025-09-15T00:23:32.2356108Z  69500K .......... .......... .......... .......... .......... 53%  185M 0s
build	Install Gradle 8.7	2025-09-15T00:23:32.2357935Z  69550K .......... .......... .......... .......... .......... 53%  284M 0s
build	Install Gradle 8.7	2025-09-15T00:23:32.2360442Z  69600K .......... .......... .......... .......... .......... 53%  243M 0s
build	Install Gradle 8.7	2025-09-15T00:23:32.2362009Z  69650K .......... .......... .......... .......... .......... 53%  270M 0s
build	Install Gradle 8.7	2025-09-15T00:23:32.2363845Z  69700K .......... .......... .......... .......... .......... 53%  280M 0s
build	Install Gradle 8.7	2025-09-15T00:23:32.2365339Z  69750K .......... .......... .......... .......... .......... 53%  245M 0s
build	Install Gradle 8.7	2025-09-15T00:23:32.2367509Z  69800K .......... .......... .......... .......... .......... 53%  257M 0s
build	Install Gradle 8.7	2025-09-15T00:23:32.2369689Z  69850K .......... .......... .......... .......... .......... 53%  283M 0s
build	Install Gradle 8.7	2025-09-15T00:23:32.2371457Z  69900K .......... .......... .......... .......... .......... 53%  185M 0s
build	Install Gradle 8.7	2025-09-15T00:23:32.2372897Z  69950K .......... .......... .......... .......... .......... 53%  310M 0s
build	Install Gradle 8.7	2025-09-15T00:23:32.2375158Z  70000K .......... .......... .......... .......... .......... 53%  277M 0s
build	Install Gradle 8.7	2025-09-15T00:23:32.2376479Z  70050K .......... .......... .......... .......... .......... 53%  283M 0s
build	Install Gradle 8.7	2025-09-15T00:23:32.2378935Z  70100K .......... .......... .......... .......... .......... 53%  319M 0s
build	Install Gradle 8.7	2025-09-15T00:23:32.2380647Z  70150K .......... .......... .......... .......... .......... 53%  281M 0s
build	Install Gradle 8.7	2025-09-15T00:23:32.2381680Z  70200K .......... .......... .......... .......... .......... 53%  267M 0s
build	Install Gradle 8.7	2025-09-15T00:23:32.2383287Z  70250K .......... .......... .......... .......... .......... 53%  292M 0s
build	Install Gradle 8.7	2025-09-15T00:23:32.2385418Z  70300K .......... .......... .......... .......... .......... 53%  229M 0s
build	Install Gradle 8.7	2025-09-15T00:23:32.2387432Z  70350K .......... .......... .......... .......... .......... 53%  253M 0s
build	Install Gradle 8.7	2025-09-15T00:23:32.2389105Z  70400K .......... .......... .......... .......... .......... 53%  267M 0s
build	Install Gradle 8.7	2025-09-15T00:23:32.2390579Z  70450K .......... .......... .......... .......... .......... 53%  326M 0s
build	Install Gradle 8.7	2025-09-15T00:23:32.2392406Z  70500K .......... .......... .......... .......... .......... 53%  311M 0s
build	Install Gradle 8.7	2025-09-15T00:23:32.2393591Z  70550K .......... .......... .......... .......... .......... 53%  325M 0s
build	Install Gradle 8.7	2025-09-15T00:23:32.2395362Z  70600K .......... .......... .......... .......... .......... 53%  318M 0s
build	Install Gradle 8.7	2025-09-15T00:23:32.2396576Z  70650K .......... .......... .......... .......... .......... 53%  337M 0s
build	Install Gradle 8.7	2025-09-15T00:23:32.2398554Z  70700K .......... .......... .......... .......... .......... 53%  270M 0s
build	Install Gradle 8.7	2025-09-15T00:23:32.2400271Z  70750K .......... .......... .......... .......... .......... 54%  303M 0s
build	Install Gradle 8.7	2025-09-15T00:23:32.2401751Z  70800K .......... .......... .......... .......... .......... 54%  288M 0s
build	Install Gradle 8.7	2025-09-15T00:23:32.2403385Z  70850K .......... .......... .......... .......... .......... 54%  314M 0s
build	Install Gradle 8.7	2025-09-15T00:23:32.2405621Z  70900K .......... .......... .......... .......... .......... 54%  320M 0s
build	Install Gradle 8.7	2025-09-15T00:23:32.2407684Z  70950K .......... .......... .......... .......... .......... 54%  259M 0s
build	Install Gradle 8.7	2025-09-15T00:23:32.2408913Z  71000K .......... .......... .......... .......... .......... 54%  245M 0s
build	Install Gradle 8.7	2025-09-15T00:23:32.2410971Z  71050K .......... .......... .......... .......... .......... 54%  302M 0s
build	Install Gradle 8.7	2025-09-15T00:23:32.2412558Z  71100K .......... .......... .......... .......... .......... 54%  219M 0s
build	Install Gradle 8.7	2025-09-15T00:23:32.2414058Z  71150K .......... .......... .......... .......... .......... 54%  320M 0s
build	Install Gradle 8.7	2025-09-15T00:23:32.2415788Z  71200K .......... .......... .......... .......... .......... 54%  292M 0s
build	Install Gradle 8.7	2025-09-15T00:23:32.2417270Z  71250K .......... .......... .......... .......... .......... 54%  319M 0s
build	Install Gradle 8.7	2025-09-15T00:23:32.2418783Z  71300K .......... .......... .......... .......... .......... 54%  335M 0s
build	Install Gradle 8.7	2025-09-15T00:23:32.2420692Z  71350K .......... .......... .......... .......... .......... 54%  309M 0s
build	Install Gradle 8.7	2025-09-15T00:23:32.2421949Z  71400K .......... .......... .......... .......... .......... 54%  315M 0s
build	Install Gradle 8.7	2025-09-15T00:23:32.2423441Z  71450K .......... .......... .......... .......... .......... 54%  329M 0s
build	Install Gradle 8.7	2025-09-15T00:23:32.2425900Z  71500K .......... .......... .......... .......... .......... 54%  215M 0s
build	Install Gradle 8.7	2025-09-15T00:23:32.2427327Z  71550K .......... .......... .......... .......... .......... 54%  350M 0s
build	Install Gradle 8.7	2025-09-15T00:23:32.2428813Z  71600K .......... .......... .......... .......... .......... 54%  272M 0s
build	Install Gradle 8.7	2025-09-15T00:23:32.2430266Z  71650K .......... .......... .......... .......... .......... 54%  334M 0s
build	Install Gradle 8.7	2025-09-15T00:23:32.2431780Z  71700K .......... .......... .......... .......... .......... 54%  336M 0s
build	Install Gradle 8.7	2025-09-15T00:23:32.2433361Z  71750K .......... .......... .......... .......... .......... 54%  321M 0s
build	Install Gradle 8.7	2025-09-15T00:23:32.2435075Z  71800K .......... .......... .......... .......... .......... 54%  325M 0s
build	Install Gradle 8.7	2025-09-15T00:23:32.2436638Z  71850K .......... .......... .......... .......... .......... 54%  274M 0s
build	Install Gradle 8.7	2025-09-15T00:23:32.2438556Z  71900K .......... .......... .......... .......... .......... 54%  332M 0s
build	Install Gradle 8.7	2025-09-15T00:23:32.2440020Z  71950K .......... .......... .......... .......... .......... 54%  245M 0s
build	Install Gradle 8.7	2025-09-15T00:23:32.2442226Z  72000K .......... .......... .......... .......... .......... 54%  253M 0s
build	Install Gradle 8.7	2025-09-15T00:23:32.2443366Z  72050K .......... .......... .......... .......... .......... 55%  332M 0s
build	Install Gradle 8.7	2025-09-15T00:23:32.2461614Z  72100K .......... .......... .......... .......... .......... 55% 29.4M 0s
build	Install Gradle 8.7	2025-09-15T00:23:32.2463772Z  72150K .......... .......... .......... .......... .......... 55%  217M 0s
build	Install Gradle 8.7	2025-09-15T00:23:32.2467415Z  72200K .......... .......... .......... .......... .......... 55%  211M 0s
build	Install Gradle 8.7	2025-09-15T00:23:32.2469201Z  72250K .......... .......... .......... .......... .......... 55%  188M 0s
build	Install Gradle 8.7	2025-09-15T00:23:32.2471524Z  72300K .......... .......... .......... .......... .......... 55%  191M 0s
build	Install Gradle 8.7	2025-09-15T00:23:32.2472488Z  72350K .......... .......... .......... .......... .......... 55%  184M 0s
build	Install Gradle 8.7	2025-09-15T00:23:32.2474112Z  72400K .......... .......... .......... .......... .......... 55%  305M 0s
build	Install Gradle 8.7	2025-09-15T00:23:32.2475804Z  72450K .......... .......... .......... .......... .......... 55%  282M 0s
build	Install Gradle 8.7	2025-09-15T00:23:32.2477283Z  72500K .......... .......... .......... .......... .......... 55%  319M 0s
build	Install Gradle 8.7	2025-09-15T00:23:32.2479373Z  72550K .......... .......... .......... .......... .......... 55%  336M 0s
build	Install Gradle 8.7	2025-09-15T00:23:32.2481519Z  72600K .......... .......... .......... .......... .......... 55%  254M 0s
build	Install Gradle 8.7	2025-09-15T00:23:32.2482745Z  72650K .......... .......... .......... .......... .......... 55%  261M 0s
build	Install Gradle 8.7	2025-09-15T00:23:32.2484992Z  72700K .......... .......... .......... .......... .......... 55%  314M 0s
build	Install Gradle 8.7	2025-09-15T00:23:32.2487146Z  72750K .......... .......... .......... .......... .......... 55%  214M 0s
build	Install Gradle 8.7	2025-09-15T00:23:32.2488407Z  72800K .......... .......... .......... .......... .......... 55%  261M 0s
build	Install Gradle 8.7	2025-09-15T00:23:32.2499118Z  72850K .......... .......... .......... .......... .......... 55% 52.7M 0s
build	Install Gradle 8.7	2025-09-15T00:23:32.2500210Z  72900K .......... .......... .......... .......... .......... 55%  192M 0s
build	Install Gradle 8.7	2025-09-15T00:23:32.2502274Z  72950K .......... .......... .......... .......... .......... 55%  308M 0s
build	Install Gradle 8.7	2025-09-15T00:23:32.2505753Z  73000K .......... .......... .......... .......... .......... 55%  163M 0s
build	Install Gradle 8.7	2025-09-15T00:23:32.2506694Z  73050K .......... .......... .......... .......... .......... 55%  251M 0s
build	Install Gradle 8.7	2025-09-15T00:23:32.2519517Z  73100K .......... .......... .......... .......... .......... 55% 43.6M 0s
build	Install Gradle 8.7	2025-09-15T00:23:32.2521003Z  73150K .......... .......... .......... .......... .......... 55%  152M 0s
build	Install Gradle 8.7	2025-09-15T00:23:32.2548140Z  73200K .......... .......... .......... .......... .......... 55% 18.3M 0s
build	Install Gradle 8.7	2025-09-15T00:23:32.2557140Z  73250K .......... .......... .......... .......... .......... 55% 56.9M 0s
build	Install Gradle 8.7	2025-09-15T00:23:32.2558146Z  73300K .......... .......... .......... .......... .......... 55%  279M 0s
build	Install Gradle 8.7	2025-09-15T00:23:32.2559610Z  73350K .......... .......... .......... .......... .......... 56%  333M 0s
build	Install Gradle 8.7	2025-09-15T00:23:32.2565231Z  73400K .......... .......... .......... .......... .......... 56% 91.6M 0s
build	Install Gradle 8.7	2025-09-15T00:23:32.2569269Z  73450K .......... .......... .......... .......... .......... 56%  124M 0s
build	Install Gradle 8.7	2025-09-15T00:23:32.2571378Z  73500K .......... .......... .......... .......... .......... 56%  232M 0s
build	Install Gradle 8.7	2025-09-15T00:23:32.2572415Z  73550K .......... .......... .......... .......... .......... 56%  299M 0s
build	Install Gradle 8.7	2025-09-15T00:23:32.2576815Z  73600K .......... .......... .......... .......... .......... 56%  119M 0s
build	Install Gradle 8.7	2025-09-15T00:23:32.2578602Z  73650K .......... .......... .......... .......... .......... 56%  285M 0s
build	Install Gradle 8.7	2025-09-15T00:23:32.2580173Z  73700K .......... .......... .......... .......... .......... 56%  274M 0s
build	Install Gradle 8.7	2025-09-15T00:23:32.2582427Z  73750K .......... .......... .......... .......... .......... 56%  318M 0s
build	Install Gradle 8.7	2025-09-15T00:23:32.2586992Z  73800K .......... .......... .......... .......... .......... 56%  127M 0s
build	Install Gradle 8.7	2025-09-15T00:23:32.2587953Z  73850K .......... .......... .......... .......... .......... 56%  250M 0s
build	Install Gradle 8.7	2025-09-15T00:23:32.2589191Z  73900K .......... .......... .......... .......... .......... 56%  297M 0s
build	Install Gradle 8.7	2025-09-15T00:23:32.2592279Z  73950K .......... .......... .......... .......... .......... 56%  295M 0s
build	Install Gradle 8.7	2025-09-15T00:23:32.2593902Z  74000K .......... .......... .......... .......... .......... 56%  242M 0s
build	Install Gradle 8.7	2025-09-15T00:23:32.2596385Z  74050K .......... .......... .......... .......... .......... 56%  195M 0s
build	Install Gradle 8.7	2025-09-15T00:23:32.2599815Z  74100K .......... .......... .......... .......... .......... 56%  245M 0s
build	Install Gradle 8.7	2025-09-15T00:23:32.2600606Z  74150K .......... .......... .......... .......... .......... 56%  274M 0s
build	Install Gradle 8.7	2025-09-15T00:23:32.2602251Z  74200K .......... .......... .......... .......... .......... 56%  259M 0s
build	Install Gradle 8.7	2025-09-15T00:23:32.2603414Z  74250K .......... .......... .......... .......... .......... 56%  270M 0s
build	Install Gradle 8.7	2025-09-15T00:23:32.2605107Z  74300K .......... .......... .......... .......... .......... 56%  224M 0s
build	Install Gradle 8.7	2025-09-15T00:23:32.2606496Z  74350K .......... .......... .......... .......... .......... 56%  291M 0s
build	Install Gradle 8.7	2025-09-15T00:23:32.2608020Z  74400K .......... .......... .......... .......... .......... 56%  356M 0s
build	Install Gradle 8.7	2025-09-15T00:23:32.2609681Z  74450K .......... .......... .......... .......... .......... 56%  315M 0s
build	Install Gradle 8.7	2025-09-15T00:23:32.2611699Z  74500K .......... .......... .......... .......... .......... 56%  290M 0s
build	Install Gradle 8.7	2025-09-15T00:23:32.2613312Z  74550K .......... .......... .......... .......... .......... 56%  237M 0s
build	Install Gradle 8.7	2025-09-15T00:23:32.2614906Z  74600K .......... .......... .......... .......... .......... 56%  302M 0s
build	Install Gradle 8.7	2025-09-15T00:23:32.2616557Z  74650K .......... .......... .......... .......... .......... 57%  333M 0s
build	Install Gradle 8.7	2025-09-15T00:23:32.2618413Z  74700K .......... .......... .......... .......... .......... 57%  255M 0s
build	Install Gradle 8.7	2025-09-15T00:23:32.2620084Z  74750K .......... .......... .......... .......... .......... 57%  266M 0s
build	Install Gradle 8.7	2025-09-15T00:23:32.2623237Z  74800K .......... .......... .......... .......... .......... 57%  226M 0s
build	Install Gradle 8.7	2025-09-15T00:23:32.2624595Z  74850K .......... .......... .......... .......... .......... 57%  265M 0s
build	Install Gradle 8.7	2025-09-15T00:23:32.2626246Z  74900K .......... .......... .......... .......... .......... 57%  240M 0s
build	Install Gradle 8.7	2025-09-15T00:23:32.2627948Z  74950K .......... .......... .......... .......... .......... 57%  269M 0s
build	Install Gradle 8.7	2025-09-15T00:23:32.2632142Z  75000K .......... .......... .......... .......... .......... 57%  151M 0s
build	Install Gradle 8.7	2025-09-15T00:23:32.2633733Z  75050K .......... .......... .......... .......... .......... 57%  270M 0s
build	Install Gradle 8.7	2025-09-15T00:23:32.2635149Z  75100K .......... .......... .......... .......... .......... 57%  266M 0s
build	Install Gradle 8.7	2025-09-15T00:23:32.2637408Z  75150K .......... .......... .......... .......... .......... 57%  206M 0s
build	Install Gradle 8.7	2025-09-15T00:23:32.2642014Z  75200K .......... .......... .......... .......... .......... 57%  133M 0s
build	Install Gradle 8.7	2025-09-15T00:23:32.2642875Z  75250K .......... .......... .......... .......... .......... 57%  250M 0s
build	Install Gradle 8.7	2025-09-15T00:23:32.2645296Z  75300K .......... .......... .......... .......... .......... 57%  293M 0s
build	Install Gradle 8.7	2025-09-15T00:23:32.2646732Z  75350K .......... .......... .......... .......... .......... 57%  225M 0s
build	Install Gradle 8.7	2025-09-15T00:23:32.2652733Z  75400K .......... .......... .......... .......... .......... 57%  107M 0s
build	Install Gradle 8.7	2025-09-15T00:23:32.2653826Z  75450K .......... .......... .......... .......... .......... 57%  191M 0s
build	Install Gradle 8.7	2025-09-15T00:23:32.2655402Z  75500K .......... .......... .......... .......... .......... 57%  298M 0s
build	Install Gradle 8.7	2025-09-15T00:23:32.2657344Z  75550K .......... .......... .......... .......... .......... 57%  320M 0s
build	Install Gradle 8.7	2025-09-15T00:23:32.2662311Z  75600K .......... .......... .......... .......... .......... 57%  147M 0s
build	Install Gradle 8.7	2025-09-15T00:23:32.2665631Z  75650K .......... .......... .......... .......... .......... 57%  285M 0s
build	Install Gradle 8.7	2025-09-15T00:23:32.2667600Z  75700K .......... .......... .......... .......... .......... 57%  273M 0s
build	Install Gradle 8.7	2025-09-15T00:23:32.2669572Z  75750K .......... .......... .......... .......... .......... 57%  221M 0s
build	Install Gradle 8.7	2025-09-15T00:23:32.2673406Z  75800K .......... .......... .......... .......... .......... 57%  264M 0s
build	Install Gradle 8.7	2025-09-15T00:23:32.2678340Z  75850K .......... .......... .......... .......... .......... 57%  205M 0s
build	Install Gradle 8.7	2025-09-15T00:23:32.2678756Z  75900K .......... .......... .......... .......... .......... 57%  262M 0s
build	Install Gradle 8.7	2025-09-15T00:23:32.2679142Z  75950K .......... .......... .......... .......... .......... 57%  263M 0s
build	Install Gradle 8.7	2025-09-15T00:23:32.2679541Z  76000K .......... .......... .......... .......... .......... 58%  221M 0s
build	Install Gradle 8.7	2025-09-15T00:23:32.2679924Z  76050K .......... .......... .......... .......... .......... 58%  157M 0s
build	Install Gradle 8.7	2025-09-15T00:23:32.2680938Z  76100K .......... .......... .......... .......... .......... 58%  297M 0s
build	Install Gradle 8.7	2025-09-15T00:23:32.2682675Z  76150K .......... .......... .......... .......... .......... 58%  336M 0s
build	Install Gradle 8.7	2025-09-15T00:23:32.2684679Z  76200K .......... .......... .......... .......... .......... 58%  265M 0s
build	Install Gradle 8.7	2025-09-15T00:23:32.2685818Z  76250K .......... .......... .......... .......... .......... 58%  299M 0s
build	Install Gradle 8.7	2025-09-15T00:23:32.2687668Z  76300K .......... .......... .......... .......... .......... 58%  331M 0s
build	Install Gradle 8.7	2025-09-15T00:23:32.2689538Z  76350K .......... .......... .......... .......... .......... 58%  231M 0s
build	Install Gradle 8.7	2025-09-15T00:23:32.2690776Z  76400K .......... .......... .......... .......... .......... 58%  337M 0s
build	Install Gradle 8.7	2025-09-15T00:23:32.2692571Z  76450K .......... .......... .......... .......... .......... 58%  325M 0s
build	Install Gradle 8.7	2025-09-15T00:23:32.2694007Z  76500K .......... .......... .......... .......... .......... 58%  311M 0s
build	Install Gradle 8.7	2025-09-15T00:23:32.2695909Z  76550K .......... .......... .......... .......... .......... 58%  290M 0s
build	Install Gradle 8.7	2025-09-15T00:23:32.2698424Z  76600K .......... .......... .......... .......... .......... 58%  310M 0s
build	Install Gradle 8.7	2025-09-15T00:23:32.2699609Z  76650K .......... .......... .......... .......... .......... 58%  305M 0s
build	Install Gradle 8.7	2025-09-15T00:23:32.2702601Z  76700K .......... .......... .......... .......... .......... 58%  228M 0s
build	Install Gradle 8.7	2025-09-15T00:23:32.2703653Z  76750K .......... .......... .......... .......... .......... 58%  278M 0s
build	Install Gradle 8.7	2025-09-15T00:23:32.2705965Z  76800K .......... .......... .......... .......... .......... 58%  267M 0s
build	Install Gradle 8.7	2025-09-15T00:23:32.2707002Z  76850K .......... .......... .......... .......... .......... 58%  193M 0s
build	Install Gradle 8.7	2025-09-15T00:23:32.2708744Z  76900K .......... .......... .......... .......... .......... 58%  330M 0s
build	Install Gradle 8.7	2025-09-15T00:23:32.2710242Z  76950K .......... .......... .......... .......... .......... 58%  320M 0s
build	Install Gradle 8.7	2025-09-15T00:23:32.2713371Z  77000K .......... .......... .......... .......... .......... 58%  290M 0s
build	Install Gradle 8.7	2025-09-15T00:23:32.2714626Z  77050K .......... .......... .......... .......... .......... 58%  273M 0s
build	Install Gradle 8.7	2025-09-15T00:23:32.2717911Z  77100K .......... .......... .......... .......... .......... 58%  177M 0s
build	Install Gradle 8.7	2025-09-15T00:23:32.2719621Z  77150K .......... .......... .......... .......... .......... 58%  271M 0s
build	Install Gradle 8.7	2025-09-15T00:23:32.2720162Z  77200K .......... .......... .......... .......... .......... 58%  265M 0s
build	Install Gradle 8.7	2025-09-15T00:23:32.2722592Z  77250K .......... .......... .......... .......... .......... 58%  247M 0s
build	Install Gradle 8.7	2025-09-15T00:23:32.2724302Z  77300K .......... .......... .......... .......... .......... 59%  268M 0s
build	Install Gradle 8.7	2025-09-15T00:23:32.2727355Z  77350K .......... .......... .......... .......... .......... 59%  216M 0s
build	Install Gradle 8.7	2025-09-15T00:23:32.2728289Z  77400K .......... .......... .......... .......... .......... 59%  266M 0s
build	Install Gradle 8.7	2025-09-15T00:23:32.2731502Z  77450K .......... .......... .......... .......... .......... 59%  257M 0s
build	Install Gradle 8.7	2025-09-15T00:23:32.2733432Z  77500K .......... .......... .......... .......... .......... 59%  284M 0s
build	Install Gradle 8.7	2025-09-15T00:23:32.2735224Z  77550K .......... .......... .......... .......... .......... 59%  250M 0s
build	Install Gradle 8.7	2025-09-15T00:23:32.2736287Z  77600K .......... .......... .......... .......... .......... 59%  174M 0s
build	Install Gradle 8.7	2025-09-15T00:23:32.2739078Z  77650K .......... .......... .......... .......... .......... 59%  281M 0s
build	Install Gradle 8.7	2025-09-15T00:23:32.2741946Z  77700K .......... .......... .......... .......... .......... 59%  244M 0s
build	Install Gradle 8.7	2025-09-15T00:23:32.2743136Z  77750K .......... .......... .......... .......... .......... 59%  259M 0s
build	Install Gradle 8.7	2025-09-15T00:23:32.2746833Z  77800K .......... .......... .......... .......... .......... 59%  238M 0s
build	Install Gradle 8.7	2025-09-15T00:23:32.2748517Z  77850K .......... .......... .......... .......... .......... 59%  248M 0s
build	Install Gradle 8.7	2025-09-15T00:23:32.2749298Z  77900K .......... .......... .......... .......... .......... 59%  245M 0s
build	Install Gradle 8.7	2025-09-15T00:23:32.2752125Z  77950K .......... .......... .......... .......... .......... 59%  179M 0s
build	Install Gradle 8.7	2025-09-15T00:23:32.2752557Z  78000K .......... .......... .......... .......... .......... 59%  259M 0s
build	Install Gradle 8.7	2025-09-15T00:23:32.2755459Z  78050K .......... .......... .......... .......... .......... 59%  275M 0s
build	Install Gradle 8.7	2025-09-15T00:23:32.2756785Z  78100K .......... .......... .......... .......... .......... 59%  205M 0s
build	Install Gradle 8.7	2025-09-15T00:23:32.2758803Z  78150K .......... .......... .......... .......... .......... 59%  310M 0s
build	Install Gradle 8.7	2025-09-15T00:23:32.2760686Z  78200K .......... .......... .......... .......... .......... 59%  250M 0s
build	Install Gradle 8.7	2025-09-15T00:23:32.2762631Z  78250K .......... .......... .......... .......... .......... 59%  264M 0s
build	Install Gradle 8.7	2025-09-15T00:23:32.2764906Z  78300K .......... .......... .......... .......... .......... 59%  233M 0s
build	Install Gradle 8.7	2025-09-15T00:23:32.2766431Z  78350K .......... .......... .......... .......... .......... 59%  232M 0s
build	Install Gradle 8.7	2025-09-15T00:23:32.2768816Z  78400K .......... .......... .......... .......... .......... 59%  218M 0s
build	Install Gradle 8.7	2025-09-15T00:23:32.2770457Z  78450K .......... .......... .......... .......... .......... 59%  270M 0s
build	Install Gradle 8.7	2025-09-15T00:23:32.2772526Z  78500K .......... .......... .......... .......... .......... 59%  279M 0s
build	Install Gradle 8.7	2025-09-15T00:23:32.2773859Z  78550K .......... .......... .......... .......... .......... 59%  276M 0s
build	Install Gradle 8.7	2025-09-15T00:23:32.2776020Z  78600K .......... .......... .......... .......... .......... 60%  252M 0s
build	Install Gradle 8.7	2025-09-15T00:23:32.2777934Z  78650K .......... .......... .......... .......... .......... 60%  279M 0s
build	Install Gradle 8.7	2025-09-15T00:23:32.2779653Z  78700K .......... .......... .......... .......... .......... 60%  271M 0s
build	Install Gradle 8.7	2025-09-15T00:23:32.2781051Z  78750K .......... .......... .......... .......... .......... 60%  291M 0s
build	Install Gradle 8.7	2025-09-15T00:23:32.2784371Z  78800K .......... .......... .......... .......... .......... 60%  197M 0s
build	Install Gradle 8.7	2025-09-15T00:23:32.2785673Z  78850K .......... .......... .......... .......... .......... 60%  263M 0s
build	Install Gradle 8.7	2025-09-15T00:23:32.2787453Z  78900K .......... .......... .......... .......... .......... 60%  270M 0s
build	Install Gradle 8.7	2025-09-15T00:23:32.2789278Z  78950K .......... .......... .......... .......... .......... 60%  233M 0s
build	Install Gradle 8.7	2025-09-15T00:23:32.2791781Z  79000K .......... .......... .......... .......... .......... 60%  281M 0s
build	Install Gradle 8.7	2025-09-15T00:23:32.2793299Z  79050K .......... .......... .......... .......... .......... 60%  266M 0s
build	Install Gradle 8.7	2025-09-15T00:23:32.2795535Z  79100K .......... .......... .......... .......... .......... 60%  277M 0s
build	Install Gradle 8.7	2025-09-15T00:23:32.2796781Z  79150K .......... .......... .......... .......... .......... 60%  240M 0s
build	Install Gradle 8.7	2025-09-15T00:23:32.2799598Z  79200K .......... .......... .......... .......... .......... 60%  215M 0s
build	Install Gradle 8.7	2025-09-15T00:23:32.2801095Z  79250K .......... .......... .......... .......... .......... 60%  275M 0s
build	Install Gradle 8.7	2025-09-15T00:23:32.2803071Z  79300K .......... .......... .......... .......... .......... 60%  227M 0s
build	Install Gradle 8.7	2025-09-15T00:23:32.2805833Z  79350K .......... .......... .......... .......... .......... 60%  250M 0s
build	Install Gradle 8.7	2025-09-15T00:23:32.2807340Z  79400K .......... .......... .......... .......... .......... 60%  214M 0s
build	Install Gradle 8.7	2025-09-15T00:23:32.2809766Z  79450K .......... .......... .......... .......... .......... 60%  270M 0s
build	Install Gradle 8.7	2025-09-15T00:23:32.2811415Z  79500K .......... .......... .......... .......... .......... 60%  258M 0s
build	Install Gradle 8.7	2025-09-15T00:23:32.2813930Z  79550K .......... .......... .......... .......... .......... 60%  206M 0s
build	Install Gradle 8.7	2025-09-15T00:23:32.2815722Z  79600K .......... .......... .......... .......... .......... 60%  233M 0s
build	Install Gradle 8.7	2025-09-15T00:23:32.2817068Z  79650K .......... .......... .......... .......... .......... 60%  265M 0s
build	Install Gradle 8.7	2025-09-15T00:23:32.2819741Z  79700K .......... .......... .......... .......... .......... 60%  276M 0s
build	Install Gradle 8.7	2025-09-15T00:23:32.2820691Z  79750K .......... .......... .......... .......... .......... 60%  277M 0s
build	Install Gradle 8.7	2025-09-15T00:23:32.2823617Z  79800K .......... .......... .......... .......... .......... 60%  299M 0s
build	Install Gradle 8.7	2025-09-15T00:23:32.2825734Z  79850K .......... .......... .......... .......... .......... 60%  190M 0s
build	Install Gradle 8.7	2025-09-15T00:23:32.2826999Z  79900K .......... .......... .......... .......... .......... 61%  213M 0s
build	Install Gradle 8.7	2025-09-15T00:23:32.2828609Z  79950K .......... .......... .......... .......... .......... 61%  311M 0s
build	Install Gradle 8.7	2025-09-15T00:23:32.2831160Z  80000K .......... .......... .......... .......... .......... 61%  247M 0s
build	Install Gradle 8.7	2025-09-15T00:23:32.2833357Z  80050K .......... .......... .......... .......... .......... 61%  219M 0s
build	Install Gradle 8.7	2025-09-15T00:23:32.2835785Z  80100K .......... .......... .......... .......... .......... 61%  249M 0s
build	Install Gradle 8.7	2025-09-15T00:23:32.2837682Z  80150K .......... .......... .......... .......... .......... 61%  216M 0s
build	Install Gradle 8.7	2025-09-15T00:23:32.2839475Z  80200K .......... .......... .......... .......... .......... 61%  282M 0s
build	Install Gradle 8.7	2025-09-15T00:23:32.2840591Z  80250K .......... .......... .......... .......... .......... 61%  270M 0s
build	Install Gradle 8.7	2025-09-15T00:23:32.2843143Z  80300K .......... .......... .......... .......... .......... 61%  297M 0s
build	Install Gradle 8.7	2025-09-15T00:23:32.2844696Z  80350K .......... .......... .......... .......... .......... 61%  232M 0s
build	Install Gradle 8.7	2025-09-15T00:23:32.2847474Z  80400K .......... .......... .......... .......... .......... 61%  230M 0s
build	Install Gradle 8.7	2025-09-15T00:23:32.2849133Z  80450K .......... .......... .......... .......... .......... 61%  195M 0s
build	Install Gradle 8.7	2025-09-15T00:23:32.2851686Z  80500K .......... .......... .......... .......... .......... 61%  308M 0s
build	Install Gradle 8.7	2025-09-15T00:23:32.2853332Z  80550K .......... .......... .......... .......... .......... 61%  224M 0s
build	Install Gradle 8.7	2025-09-15T00:23:32.2854754Z  80600K .......... .......... .......... .......... .......... 61%  294M 0s
build	Install Gradle 8.7	2025-09-15T00:23:32.2857319Z  80650K .......... .......... .......... .......... .......... 61%  251M 0s
build	Install Gradle 8.7	2025-09-15T00:23:32.2858951Z  80700K .......... .......... .......... .......... .......... 61%  215M 0s
build	Install Gradle 8.7	2025-09-15T00:23:32.2860508Z  80750K .......... .......... .......... .......... .......... 61%  291M 0s
build	Install Gradle 8.7	2025-09-15T00:23:32.2862981Z  80800K .......... .......... .......... .......... .......... 61%  253M 0s
build	Install Gradle 8.7	2025-09-15T00:23:32.2865960Z  80850K .......... .......... .......... .......... .......... 61%  233M 0s
build	Install Gradle 8.7	2025-09-15T00:23:32.2866661Z  80900K .......... .......... .......... .......... .......... 61%  232M 0s
build	Install Gradle 8.7	2025-09-15T00:23:32.2868402Z  80950K .......... .......... .......... .......... .......... 61%  241M 0s
build	Install Gradle 8.7	2025-09-15T00:23:32.2870412Z  81000K .......... .......... .......... .......... .......... 61%  268M 0s
build	Install Gradle 8.7	2025-09-15T00:23:32.2873039Z  81050K .......... .......... .......... .......... .......... 61%  287M 0s
build	Install Gradle 8.7	2025-09-15T00:23:32.2874767Z  81100K .......... .......... .......... .......... .......... 61%  279M 0s
build	Install Gradle 8.7	2025-09-15T00:23:32.2876349Z  81150K .......... .......... .......... .......... .......... 61%  208M 0s
build	Install Gradle 8.7	2025-09-15T00:23:32.2878308Z  81200K .......... .......... .......... .......... .......... 62%  307M 0s
build	Install Gradle 8.7	2025-09-15T00:23:32.2880496Z  81250K .......... .......... .......... .......... .......... 62%  250M 0s
build	Install Gradle 8.7	2025-09-15T00:23:32.2882747Z  81300K .......... .......... .......... .......... .......... 62%  253M 0s
build	Install Gradle 8.7	2025-09-15T00:23:32.2883494Z  81350K .......... .......... .......... .......... .......... 62%  244M 0s
build	Install Gradle 8.7	2025-09-15T00:23:32.2885687Z  81400K .......... .......... .......... .......... .......... 62%  251M 0s
build	Install Gradle 8.7	2025-09-15T00:23:32.2887260Z  81450K .......... .......... .......... .......... .......... 62%  321M 0s
build	Install Gradle 8.7	2025-09-15T00:23:32.2890842Z  81500K .......... .......... .......... .......... .......... 62%  226M 0s
build	Install Gradle 8.7	2025-09-15T00:23:32.2891261Z  81550K .......... .......... .......... .......... .......... 62%  260M 0s
build	Install Gradle 8.7	2025-09-15T00:23:32.2892996Z  81600K .......... .......... .......... .......... .......... 62%  262M 0s
build	Install Gradle 8.7	2025-09-15T00:23:32.2894822Z  81650K .......... .......... .......... .......... .......... 62%  276M 0s
build	Install Gradle 8.7	2025-09-15T00:23:32.2896690Z  81700K .......... .......... .......... .......... .......... 62%  285M 0s
build	Install Gradle 8.7	2025-09-15T00:23:32.2899401Z  81750K .......... .......... .......... .......... .......... 62%  269M 0s
build	Install Gradle 8.7	2025-09-15T00:23:32.2900294Z  81800K .......... .......... .......... .......... .......... 62%  249M 0s
build	Install Gradle 8.7	2025-09-15T00:23:32.2903520Z  81850K .......... .......... .......... .......... .......... 62%  264M 0s
build	Install Gradle 8.7	2025-09-15T00:23:32.2903911Z  81900K .......... .......... .......... .......... .......... 62%  247M 0s
build	Install Gradle 8.7	2025-09-15T00:23:32.2906526Z  81950K .......... .......... .......... .......... .......... 62%  232M 0s
build	Install Gradle 8.7	2025-09-15T00:23:32.2908859Z  82000K .......... .......... .......... .......... .......... 62%  280M 0s
build	Install Gradle 8.7	2025-09-15T00:23:32.2909828Z  82050K .......... .......... .......... .......... .......... 62%  264M 0s
build	Install Gradle 8.7	2025-09-15T00:23:32.2912543Z  82100K .......... .......... .......... .......... .......... 62%  234M 0s
build	Install Gradle 8.7	2025-09-15T00:23:32.2913910Z  82150K .......... .......... .......... .......... .......... 62%  274M 0s
build	Install Gradle 8.7	2025-09-15T00:23:32.2915863Z  82200K .......... .......... .......... .......... .......... 62%  227M 0s
build	Install Gradle 8.7	2025-09-15T00:23:32.2918383Z  82250K .......... .......... .......... .......... .......... 62%  310M 0s
build	Install Gradle 8.7	2025-09-15T00:23:32.2920131Z  82300K .......... .......... .......... .......... .......... 62%  184M 0s
build	Install Gradle 8.7	2025-09-15T00:23:32.2921510Z  82350K .......... .......... .......... .......... .......... 62%  313M 0s
build	Install Gradle 8.7	2025-09-15T00:23:32.2923710Z  82400K .......... .......... .......... .......... .......... 62%  284M 0s
build	Install Gradle 8.7	2025-09-15T00:23:32.2924970Z  82450K .......... .......... .......... .......... .......... 62%  292M 0s
build	Install Gradle 8.7	2025-09-15T00:23:32.2927229Z  82500K .......... .......... .......... .......... .......... 62%  271M 0s
build	Install Gradle 8.7	2025-09-15T00:23:32.2928532Z  82550K .......... .......... .......... .......... .......... 63%  271M 0s
build	Install Gradle 8.7	2025-09-15T00:23:32.2931528Z  82600K .......... .......... .......... .......... .......... 63%  282M 0s
build	Install Gradle 8.7	2025-09-15T00:23:32.2932746Z  82650K .......... .......... .......... .......... .......... 63%  265M 0s
build	Install Gradle 8.7	2025-09-15T00:23:32.2934677Z  82700K .......... .......... .......... .......... .......... 63%  215M 0s
build	Install Gradle 8.7	2025-09-15T00:23:32.2936063Z  82750K .......... .......... .......... .......... .......... 63%  274M 0s
build	Install Gradle 8.7	2025-09-15T00:23:32.2938763Z  82800K .......... .......... .......... .......... .......... 63%  305M 0s
build	Install Gradle 8.7	2025-09-15T00:23:32.2940278Z  82850K .......... .......... .......... .......... .......... 63%  286M 0s
build	Install Gradle 8.7	2025-09-15T00:23:32.2941710Z  82900K .......... .......... .......... .......... .......... 63%  246M 0s
build	Install Gradle 8.7	2025-09-15T00:23:32.2943737Z  82950K .......... .......... .......... .......... .......... 63%  249M 0s
build	Install Gradle 8.7	2025-09-15T00:23:32.2946108Z  83000K .......... .......... .......... .......... .......... 63%  240M 0s
build	Install Gradle 8.7	2025-09-15T00:23:32.2947776Z  83050K .......... .......... .......... .......... .......... 63%  238M 0s
build	Install Gradle 8.7	2025-09-15T00:23:32.2950683Z  83100K .......... .......... .......... .......... .......... 63%  199M 0s
build	Install Gradle 8.7	2025-09-15T00:23:32.2952745Z  83150K .......... .......... .......... .......... .......... 63%  235M 0s
build	Install Gradle 8.7	2025-09-15T00:23:32.2954118Z  83200K .......... .......... .......... .......... .......... 63%  291M 0s
build	Install Gradle 8.7	2025-09-15T00:23:32.2956591Z  83250K .......... .......... .......... .......... .......... 63%  216M 0s
build	Install Gradle 8.7	2025-09-15T00:23:32.2958016Z  83300K .......... .......... .......... .......... .......... 63%  242M 0s
build	Install Gradle 8.7	2025-09-15T00:23:32.2959892Z  83350K .......... .......... .......... .......... .......... 63%  287M 0s
build	Install Gradle 8.7	2025-09-15T00:23:32.2961989Z  83400K .......... .......... .......... .......... .......... 63%  291M 0s
build	Install Gradle 8.7	2025-09-15T00:23:32.2963391Z  83450K .......... .......... .......... .......... .......... 63%  250M 0s
build	Install Gradle 8.7	2025-09-15T00:23:32.2966204Z  83500K .......... .......... .......... .......... .......... 63%  204M 0s
build	Install Gradle 8.7	2025-09-15T00:23:32.2968344Z  83550K .......... .......... .......... .......... .......... 63%  317M 0s
build	Install Gradle 8.7	2025-09-15T00:23:32.2969181Z  83600K .......... .......... .......... .......... .......... 63%  266M 0s
build	Install Gradle 8.7	2025-09-15T00:23:32.2970859Z  83650K .......... .......... .......... .......... .......... 63%  295M 0s
build	Install Gradle 8.7	2025-09-15T00:23:32.2973528Z  83700K .......... .......... .......... .......... .......... 63%  298M 0s
build	Install Gradle 8.7	2025-09-15T00:23:32.2975220Z  83750K .......... .......... .......... .......... .......... 63%  258M 0s
build	Install Gradle 8.7	2025-09-15T00:23:32.2976424Z  83800K .......... .......... .......... .......... .......... 63%  233M 0s
build	Install Gradle 8.7	2025-09-15T00:23:32.2978193Z  83850K .......... .......... .......... .......... .......... 64%  309M 0s
build	Install Gradle 8.7	2025-09-15T00:23:32.2980190Z  83900K .......... .......... .......... .......... .......... 64%  238M 0s
build	Install Gradle 8.7	2025-09-15T00:23:32.2981859Z  83950K .......... .......... .......... .......... .......... 64%  329M 0s
build	Install Gradle 8.7	2025-09-15T00:23:32.2983484Z  84000K .......... .......... .......... .......... .......... 64%  260M 0s
build	Install Gradle 8.7	2025-09-15T00:23:32.2986557Z  84050K .......... .......... .......... .......... .......... 64%  265M 0s
build	Install Gradle 8.7	2025-09-15T00:23:32.2987196Z  84100K .......... .......... .......... .......... .......... 64%  248M 0s
build	Install Gradle 8.7	2025-09-15T00:23:32.2989426Z  84150K .......... .......... .......... .......... .......... 64%  251M 0s
build	Install Gradle 8.7	2025-09-15T00:23:32.2990890Z  84200K .......... .......... .......... .......... .......... 64%  294M 0s
build	Install Gradle 8.7	2025-09-15T00:23:32.2992643Z  84250K .......... .......... .......... .......... .......... 64%  312M 0s
build	Install Gradle 8.7	2025-09-15T00:23:32.2995184Z  84300K .......... .......... .......... .......... .......... 64%  246M 0s
build	Install Gradle 8.7	2025-09-15T00:23:32.2996577Z  84350K .......... .......... .......... .......... .......... 64%  259M 0s
build	Install Gradle 8.7	2025-09-15T00:23:32.2998715Z  84400K .......... .......... .......... .......... .......... 64%  242M 0s
build	Install Gradle 8.7	2025-09-15T00:23:32.3000157Z  84450K .......... .......... .......... .......... .......... 64%  263M 0s
build	Install Gradle 8.7	2025-09-15T00:23:32.3002498Z  84500K .......... .......... .......... .......... .......... 64%  269M 0s
build	Install Gradle 8.7	2025-09-15T00:23:32.3004529Z  84550K .......... .......... .......... .......... .......... 64%  213M 0s
build	Install Gradle 8.7	2025-09-15T00:23:32.3006334Z  84600K .......... .......... .......... .......... .......... 64%  260M 0s
build	Install Gradle 8.7	2025-09-15T00:23:32.3007797Z  84650K .......... .......... .......... .......... .......... 64%  306M 0s
build	Install Gradle 8.7	2025-09-15T00:23:32.3010139Z  84700K .......... .......... .......... .......... .......... 64%  304M 0s
build	Install Gradle 8.7	2025-09-15T00:23:32.3012173Z  84750K .......... .......... .......... .......... .......... 64%  247M 0s
build	Install Gradle 8.7	2025-09-15T00:23:32.3013554Z  84800K .......... .......... .......... .......... .......... 64%  218M 0s
build	Install Gradle 8.7	2025-09-15T00:23:32.3015823Z  84850K .......... .......... .......... .......... .......... 64%  269M 0s
build	Install Gradle 8.7	2025-09-15T00:23:32.3018067Z  84900K .......... .......... .......... .......... .......... 64%  256M 0s
build	Install Gradle 8.7	2025-09-15T00:23:32.3018978Z  84950K .......... .......... .......... .......... .......... 64%  296M 0s
build	Install Gradle 8.7	2025-09-15T00:23:32.3020857Z  85000K .......... .......... .......... .......... .......... 64%  264M 0s
build	Install Gradle 8.7	2025-09-15T00:23:32.3022525Z  85050K .......... .......... .......... .......... .......... 64%  313M 0s
build	Install Gradle 8.7	2025-09-15T00:23:32.3024714Z  85100K .......... .......... .......... .......... .......... 64%  218M 0s
build	Install Gradle 8.7	2025-09-15T00:23:32.3026261Z  85150K .......... .......... .......... .......... .......... 65%  299M 0s
build	Install Gradle 8.7	2025-09-15T00:23:32.3027557Z  85200K .......... .......... .......... .......... .......... 65%  318M 0s
build	Install Gradle 8.7	2025-09-15T00:23:32.3029311Z  85250K .......... .......... .......... .......... .......... 65%  325M 0s
build	Install Gradle 8.7	2025-09-15T00:23:32.3030744Z  85300K .......... .......... .......... .......... .......... 65%  331M 0s
build	Install Gradle 8.7	2025-09-15T00:23:32.3032393Z  85350K .......... .......... .......... .......... .......... 65%  331M 0s
build	Install Gradle 8.7	2025-09-15T00:23:32.3033836Z  85400K .......... .......... .......... .......... .......... 65%  304M 0s
build	Install Gradle 8.7	2025-09-15T00:23:32.3035798Z  85450K .......... .......... .......... .......... .......... 65%  292M 0s
build	Install Gradle 8.7	2025-09-15T00:23:32.3038626Z  85500K .......... .......... .......... .......... .......... 65%  222M 0s
build	Install Gradle 8.7	2025-09-15T00:23:32.3039157Z  85550K .......... .......... .......... .......... .......... 65%  300M 0s
build	Install Gradle 8.7	2025-09-15T00:23:32.3041086Z  85600K .......... .......... .......... .......... .......... 65%  277M 0s
build	Install Gradle 8.7	2025-09-15T00:23:32.3042614Z  85650K .......... .......... .......... .......... .......... 65%  341M 0s
build	Install Gradle 8.7	2025-09-15T00:23:32.3044393Z  85700K .......... .......... .......... .......... .......... 65%  312M 0s
build	Install Gradle 8.7	2025-09-15T00:23:32.3045848Z  85750K .......... .......... .......... .......... .......... 65%  274M 0s
build	Install Gradle 8.7	2025-09-15T00:23:32.3048129Z  85800K .......... .......... .......... .......... .......... 65%  327M 0s
build	Install Gradle 8.7	2025-09-15T00:23:32.3049294Z  85850K .......... .......... .......... .......... .......... 65%  269M 0s
build	Install Gradle 8.7	2025-09-15T00:23:32.3052945Z  85900K .......... .......... .......... .......... .......... 65%  197M 0s
build	Install Gradle 8.7	2025-09-15T00:23:32.3055016Z  85950K .......... .......... .......... .......... .......... 65%  248M 0s
build	Install Gradle 8.7	2025-09-15T00:23:32.3056356Z  86000K .......... .......... .......... .......... .......... 65%  215M 0s
build	Install Gradle 8.7	2025-09-15T00:23:32.3058103Z  86050K .......... .......... .......... .......... .......... 65%  271M 0s
build	Install Gradle 8.7	2025-09-15T00:23:32.3059814Z  86100K .......... .......... .......... .......... .......... 65%  246M 0s
build	Install Gradle 8.7	2025-09-15T00:23:32.3061445Z  86150K .......... .......... .......... .......... .......... 65%  306M 0s
build	Install Gradle 8.7	2025-09-15T00:23:32.3063352Z  86200K .......... .......... .......... .......... .......... 65%  315M 0s
build	Install Gradle 8.7	2025-09-15T00:23:32.3065812Z  86250K .......... .......... .......... .......... .......... 65%  253M 0s
build	Install Gradle 8.7	2025-09-15T00:23:32.3067304Z  86300K .......... .......... .......... .......... .......... 65%  191M 0s
build	Install Gradle 8.7	2025-09-15T00:23:32.3068946Z  86350K .......... .......... .......... .......... .......... 65%  268M 0s
build	Install Gradle 8.7	2025-09-15T00:23:32.3070740Z  86400K .......... .......... .......... .......... .......... 65%  314M 0s
build	Install Gradle 8.7	2025-09-15T00:23:32.3071975Z  86450K .......... .......... .......... .......... .......... 66%  326M 0s
build	Install Gradle 8.7	2025-09-15T00:23:32.3074334Z  86500K .......... .......... .......... .......... .......... 66%  322M 0s
build	Install Gradle 8.7	2025-09-15T00:23:32.3075570Z  86550K .......... .......... .......... .......... .......... 66%  263M 0s
build	Install Gradle 8.7	2025-09-15T00:23:32.3078565Z  86600K .......... .......... .......... .......... .......... 66%  268M 0s
build	Install Gradle 8.7	2025-09-15T00:23:32.3079867Z  86650K .......... .......... .......... .......... .......... 66%  245M 0s
build	Install Gradle 8.7	2025-09-15T00:23:32.3081716Z  86700K .......... .......... .......... .......... .......... 66%  219M 0s
build	Install Gradle 8.7	2025-09-15T00:23:32.3082956Z  86750K .......... .......... .......... .......... .......... 66%  310M 0s
build	Install Gradle 8.7	2025-09-15T00:23:32.3085121Z  86800K .......... .......... .......... .......... .......... 66%  341M 0s
build	Install Gradle 8.7	2025-09-15T00:23:32.3088675Z  86850K .......... .......... .......... .......... .......... 66%  242M 0s
build	Install Gradle 8.7	2025-09-15T00:23:32.3089069Z  86900K .......... .......... .......... .......... .......... 66%  326M 0s
build	Install Gradle 8.7	2025-09-15T00:23:32.3089766Z  86950K .......... .......... .......... .......... .......... 66%  273M 0s
build	Install Gradle 8.7	2025-09-15T00:23:32.3092050Z  87000K .......... .......... .......... .......... .......... 66%  323M 0s
build	Install Gradle 8.7	2025-09-15T00:23:32.3093283Z  87050K .......... .......... .......... .......... .......... 66%  295M 0s
build	Install Gradle 8.7	2025-09-15T00:23:32.3095446Z  87100K .......... .......... .......... .......... .......... 66%  213M 0s
build	Install Gradle 8.7	2025-09-15T00:23:32.3097831Z  87150K .......... .......... .......... .......... .......... 66%  205M 0s
build	Install Gradle 8.7	2025-09-15T00:23:32.3099074Z  87200K .......... .......... .......... .......... .......... 66%  344M 0s
build	Install Gradle 8.7	2025-09-15T00:23:32.3101133Z  87250K .......... .......... .......... .......... .......... 66%  251M 0s
build	Install Gradle 8.7	2025-09-15T00:23:32.3102339Z  87300K .......... .......... .......... .......... .......... 66%  339M 0s
build	Install Gradle 8.7	2025-09-15T00:23:32.3104049Z  87350K .......... .......... .......... .......... .......... 66%  333M 0s
build	Install Gradle 8.7	2025-09-15T00:23:32.3105945Z  87400K .......... .......... .......... .......... .......... 66%  282M 0s
build	Install Gradle 8.7	2025-09-15T00:23:32.3107174Z  87450K .......... .......... .......... .......... .......... 66%  319M 0s
build	Install Gradle 8.7	2025-09-15T00:23:32.3108870Z  87500K .......... .......... .......... .......... .......... 66%  332M 0s
build	Install Gradle 8.7	2025-09-15T00:23:32.3110827Z  87550K .......... .......... .......... .......... .......... 66%  316M 0s
build	Install Gradle 8.7	2025-09-15T00:23:32.3112618Z  87600K .......... .......... .......... .......... .......... 66%  282M 0s
build	Install Gradle 8.7	2025-09-15T00:23:32.3115363Z  87650K .......... .......... .......... .......... .......... 66%  217M 0s
build	Install Gradle 8.7	2025-09-15T00:23:32.3116582Z  87700K .......... .......... .......... .......... .......... 66%  231M 0s
build	Install Gradle 8.7	2025-09-15T00:23:32.3118346Z  87750K .......... .......... .......... .......... .......... 67%  270M 0s
build	Install Gradle 8.7	2025-09-15T00:23:32.3119844Z  87800K .......... .......... .......... .......... .......... 67%  318M 0s
build	Install Gradle 8.7	2025-09-15T00:23:32.3121548Z  87850K .......... .......... .......... .......... .......... 67%  311M 0s
build	Install Gradle 8.7	2025-09-15T00:23:32.3123220Z  87900K .......... .......... .......... .......... .......... 67%  265M 0s
build	Install Gradle 8.7	2025-09-15T00:23:32.3124820Z  87950K .......... .......... .......... .......... .......... 67%  329M 0s
build	Install Gradle 8.7	2025-09-15T00:23:32.3126324Z  88000K .......... .......... .......... .......... .......... 67%  280M 0s
build	Install Gradle 8.7	2025-09-15T00:23:32.3127947Z  88050K .......... .......... .......... .......... .......... 67%  330M 0s
build	Install Gradle 8.7	2025-09-15T00:23:32.3138842Z  88100K .......... .......... .......... .......... .......... 67% 46.9M 0s
build	Install Gradle 8.7	2025-09-15T00:23:32.3140833Z  88150K .......... .......... .......... .......... .......... 67%  253M 0s
build	Install Gradle 8.7	2025-09-15T00:23:32.3142349Z  88200K .......... .......... .......... .......... .......... 67%  235M 0s
build	Install Gradle 8.7	2025-09-15T00:23:32.3144591Z  88250K .......... .......... .......... .......... .......... 67%  319M 0s
build	Install Gradle 8.7	2025-09-15T00:23:32.3147291Z  88300K .......... .......... .......... .......... .......... 67%  159M 0s
build	Install Gradle 8.7	2025-09-15T00:23:32.3149133Z  88350K .......... .......... .......... .......... .......... 67%  254M 0s
build	Install Gradle 8.7	2025-09-15T00:23:32.3151605Z  88400K .......... .......... .......... .......... .......... 67%  277M 0s
build	Install Gradle 8.7	2025-09-15T00:23:32.3152922Z  88450K .......... .......... .......... .......... .......... 67%  243M 0s
build	Install Gradle 8.7	2025-09-15T00:23:32.3155056Z  88500K .......... .......... .......... .......... .......... 67%  253M 0s
build	Install Gradle 8.7	2025-09-15T00:23:32.3157733Z  88550K .......... .......... .......... .......... .......... 67%  242M 0s
build	Install Gradle 8.7	2025-09-15T00:23:32.3158769Z  88600K .......... .......... .......... .......... .......... 67%  226M 0s
build	Install Gradle 8.7	2025-09-15T00:23:32.3160977Z  88650K .......... .......... .......... .......... .......... 67%  301M 0s
build	Install Gradle 8.7	2025-09-15T00:23:32.3162869Z  88700K .......... .......... .......... .......... .......... 67%  240M 0s
build	Install Gradle 8.7	2025-09-15T00:23:32.3164464Z  88750K .......... .......... .......... .......... .......... 67%  248M 0s
build	Install Gradle 8.7	2025-09-15T00:23:32.3166094Z  88800K .......... .......... .......... .......... .......... 67%  250M 0s
build	Install Gradle 8.7	2025-09-15T00:23:32.3167596Z  88850K .......... .......... .......... .......... .......... 67%  323M 0s
build	Install Gradle 8.7	2025-09-15T00:23:32.3169148Z  88900K .......... .......... .......... .......... .......... 67%  337M 0s
build	Install Gradle 8.7	2025-09-15T00:23:32.3190639Z  88950K .......... .......... .......... .......... .......... 67% 24.1M 0s
build	Install Gradle 8.7	2025-09-15T00:23:32.3193661Z  89000K .......... .......... .......... .......... .......... 67%  219M 0s
build	Install Gradle 8.7	2025-09-15T00:23:32.3194882Z  89050K .......... .......... .......... .......... .......... 67%  197M 0s
build	Install Gradle 8.7	2025-09-15T00:23:32.3196848Z  89100K .......... .......... .......... .......... .......... 68%  200M 0s
build	Install Gradle 8.7	2025-09-15T00:23:32.3199114Z  89150K .......... .......... .......... .......... .......... 68%  205M 0s
build	Install Gradle 8.7	2025-09-15T00:23:32.3209078Z  89200K .......... .......... .......... .......... .......... 68% 57.4M 0s
build	Install Gradle 8.7	2025-09-15T00:23:32.3211147Z  89250K .......... .......... .......... .......... .......... 68%  202M 0s
build	Install Gradle 8.7	2025-09-15T00:23:32.3211926Z  89300K .......... .......... .......... .......... .......... 68%  303M 0s
build	Install Gradle 8.7	2025-09-15T00:23:32.3213283Z  89350K .......... .......... .......... .......... .......... 68%  274M 0s
build	Install Gradle 8.7	2025-09-15T00:23:32.3214885Z  89400K .......... .......... .......... .......... .......... 68%  334M 0s
build	Install Gradle 8.7	2025-09-15T00:23:32.3216503Z  89450K .......... .......... .......... .......... .......... 68%  282M 0s
build	Install Gradle 8.7	2025-09-15T00:23:32.3272205Z  89500K .......... .......... .......... .......... .......... 68% 8.89M 0s
build	Install Gradle 8.7	2025-09-15T00:23:32.3275949Z  89550K .......... .......... .......... .......... .......... 68%  259M 0s
build	Install Gradle 8.7	2025-09-15T00:23:32.3277692Z  89600K .......... .......... .......... .......... .......... 68%  176M 0s
build	Install Gradle 8.7	2025-09-15T00:23:32.3280801Z  89650K .......... .......... .......... .......... .......... 68%  221M 0s
build	Install Gradle 8.7	2025-09-15T00:23:32.3282533Z  89700K .......... .......... .......... .......... .......... 68%  208M 0s
build	Install Gradle 8.7	2025-09-15T00:23:32.3284512Z  89750K .......... .......... .......... .......... .......... 68%  175M 0s
build	Install Gradle 8.7	2025-09-15T00:23:32.3287381Z  89800K .......... .......... .......... .......... .......... 68%  234M 0s
build	Install Gradle 8.7	2025-09-15T00:23:32.3288802Z  89850K .......... .......... .......... .......... .......... 68%  256M 0s
build	Install Gradle 8.7	2025-09-15T00:23:32.3289725Z  89900K .......... .......... .......... .......... .......... 68%  236M 0s
build	Install Gradle 8.7	2025-09-15T00:23:32.3291092Z  89950K .......... .......... .......... .......... .......... 68%  285M 0s
build	Install Gradle 8.7	2025-09-15T00:23:32.3294150Z  90000K .......... .......... .......... .......... .......... 68%  265M 0s
build	Install Gradle 8.7	2025-09-15T00:23:32.3297806Z  90050K .......... .......... .......... .......... .......... 68%  186M 0s
build	Install Gradle 8.7	2025-09-15T00:23:32.3299456Z  90100K .......... .......... .......... .......... .......... 68%  129M 0s
build	Install Gradle 8.7	2025-09-15T00:23:32.3300910Z  90150K .......... .......... .......... .......... .......... 68%  304M 0s
build	Install Gradle 8.7	2025-09-15T00:23:32.3302427Z  90200K .......... .......... .......... .......... .......... 68%  321M 0s
build	Install Gradle 8.7	2025-09-15T00:23:32.3303927Z  90250K .......... .......... .......... .......... .......... 68%  334M 0s
build	Install Gradle 8.7	2025-09-15T00:23:32.3306173Z  90300K .......... .......... .......... .......... .......... 68%  254M 0s
build	Install Gradle 8.7	2025-09-15T00:23:32.3307945Z  90350K .......... .......... .......... .......... .......... 68%  244M 0s
build	Install Gradle 8.7	2025-09-15T00:23:32.3309205Z  90400K .......... .......... .......... .......... .......... 69%  333M 0s
build	Install Gradle 8.7	2025-09-15T00:23:32.3310564Z  90450K .......... .......... .......... .......... .......... 69%  353M 0s
build	Install Gradle 8.7	2025-09-15T00:23:32.3312615Z  90500K .......... .......... .......... .......... .......... 69%  334M 0s
build	Install Gradle 8.7	2025-09-15T00:23:32.3315421Z  90550K .......... .......... .......... .......... .......... 69%  232M 0s
build	Install Gradle 8.7	2025-09-15T00:23:32.3316827Z  90600K .......... .......... .......... .......... .......... 69%  196M 0s
build	Install Gradle 8.7	2025-09-15T00:23:32.3319459Z  90650K .......... .......... .......... .......... .......... 69%  313M 0s
build	Install Gradle 8.7	2025-09-15T00:23:32.3321770Z  90700K .......... .......... .......... .......... .......... 69%  259M 0s
build	Install Gradle 8.7	2025-09-15T00:23:32.3323061Z  90750K .......... .......... .......... .......... .......... 69%  243M 0s
build	Install Gradle 8.7	2025-09-15T00:23:32.3324457Z  90800K .......... .......... .......... .......... .......... 69%  258M 0s
build	Install Gradle 8.7	2025-09-15T00:23:32.3326464Z  90850K .......... .......... .......... .......... .......... 69%  228M 0s
build	Install Gradle 8.7	2025-09-15T00:23:32.3328913Z  90900K .......... .......... .......... .......... .......... 69%  326M 0s
build	Install Gradle 8.7	2025-09-15T00:23:32.3331065Z  90950K .......... .......... .......... .......... .......... 69%  252M 0s
build	Install Gradle 8.7	2025-09-15T00:23:32.3331906Z  91000K .......... .......... .......... .......... .......... 69%  246M 0s
build	Install Gradle 8.7	2025-09-15T00:23:32.3333453Z  91050K .......... .......... .......... .......... .......... 69%  311M 0s
build	Install Gradle 8.7	2025-09-15T00:23:32.3336898Z  91100K .......... .......... .......... .......... .......... 69%  186M 0s
build	Install Gradle 8.7	2025-09-15T00:23:32.3338946Z  91150K .......... .......... .......... .......... .......... 69%  255M 0s
build	Install Gradle 8.7	2025-09-15T00:23:32.3341091Z  91200K .......... .......... .......... .......... .......... 69%  243M 0s
build	Install Gradle 8.7	2025-09-15T00:23:32.3341862Z  91250K .......... .......... .......... .......... .......... 69%  280M 0s
build	Install Gradle 8.7	2025-09-15T00:23:32.3343320Z  91300K .......... .......... .......... .......... .......... 69%  303M 0s
build	Install Gradle 8.7	2025-09-15T00:23:32.3347023Z  91350K .......... .......... .......... .......... .......... 69%  225M 0s
build	Install Gradle 8.7	2025-09-15T00:23:32.3347809Z  91400K .......... .......... .......... .......... .......... 69%  237M 0s
build	Install Gradle 8.7	2025-09-15T00:23:32.3349136Z  91450K .......... .......... .......... .......... .......... 69%  276M 0s
build	Install Gradle 8.7	2025-09-15T00:23:32.3350564Z  91500K .......... .......... .......... .......... .......... 69%  338M 0s
build	Install Gradle 8.7	2025-09-15T00:23:32.3352060Z  91550K .......... .......... .......... .......... .......... 69%  338M 0s
build	Install Gradle 8.7	2025-09-15T00:23:32.3353724Z  91600K .......... .......... .......... .......... .......... 69%  319M 0s
build	Install Gradle 8.7	2025-09-15T00:23:32.3355835Z  91650K .......... .......... .......... .......... .......... 69%  243M 0s
build	Install Gradle 8.7	2025-09-15T00:23:32.3357209Z  91700K .......... .......... .......... .......... .......... 70%  302M 0s
build	Install Gradle 8.7	2025-09-15T00:23:32.3358661Z  91750K .......... .......... .......... .......... .......... 70%  328M 0s
build	Install Gradle 8.7	2025-09-15T00:23:32.3360138Z  91800K .......... .......... .......... .......... .......... 70%  340M 0s
build	Install Gradle 8.7	2025-09-15T00:23:32.3361638Z  91850K .......... .......... .......... .......... .......... 70%  326M 0s
build	Install Gradle 8.7	2025-09-15T00:23:32.3363295Z  91900K .......... .......... .......... .......... .......... 70%  332M 0s
build	Install Gradle 8.7	2025-09-15T00:23:32.3365102Z  91950K .......... .......... .......... .......... .......... 70%  291M 0s
build	Install Gradle 8.7	2025-09-15T00:23:32.3366664Z  92000K .......... .......... .......... .......... .......... 70%  268M 0s
build	Install Gradle 8.7	2025-09-15T00:23:32.3368891Z  92050K .......... .......... .......... .......... .......... 70%  251M 0s
build	Install Gradle 8.7	2025-09-15T00:23:32.3370014Z  92100K .......... .......... .......... .......... .......... 70%  315M 0s
build	Install Gradle 8.7	2025-09-15T00:23:32.3388706Z  92150K .......... .......... .......... .......... .......... 70% 26.9M 0s
build	Install Gradle 8.7	2025-09-15T00:23:32.3397080Z  92200K .......... .......... .......... .......... .......... 70% 61.9M 0s
build	Install Gradle 8.7	2025-09-15T00:23:32.3398836Z  92250K .......... .......... .......... .......... .......... 70%  242M 0s
build	Install Gradle 8.7	2025-09-15T00:23:32.3400288Z  92300K .......... .......... .......... .......... .......... 70%  225M 0s
build	Install Gradle 8.7	2025-09-15T00:23:32.3402415Z  92350K .......... .......... .......... .......... .......... 70%  315M 0s
build	Install Gradle 8.7	2025-09-15T00:23:32.3403574Z  92400K .......... .......... .......... .......... .......... 70%  285M 0s
build	Install Gradle 8.7	2025-09-15T00:23:32.3407808Z  92450K .......... .......... .......... .......... .......... 70%  217M 0s
build	Install Gradle 8.7	2025-09-15T00:23:32.3409343Z  92500K .......... .......... .......... .......... .......... 70%  273M 0s
build	Install Gradle 8.7	2025-09-15T00:23:32.3410185Z  92550K .......... .......... .......... .......... .......... 70%  273M 0s
build	Install Gradle 8.7	2025-09-15T00:23:32.3411394Z  92600K .......... .......... .......... .......... .......... 70%  264M 0s
build	Install Gradle 8.7	2025-09-15T00:23:32.3413833Z  92650K .......... .......... .......... .......... .......... 70%  325M 0s
build	Install Gradle 8.7	2025-09-15T00:23:32.3415092Z  92700K .......... .......... .......... .......... .......... 70%  230M 0s
build	Install Gradle 8.7	2025-09-15T00:23:32.3417131Z  92750K .......... .......... .......... .......... .......... 70%  281M 0s
build	Install Gradle 8.7	2025-09-15T00:23:32.3418337Z  92800K .......... .......... .......... .......... .......... 70%  285M 0s
build	Install Gradle 8.7	2025-09-15T00:23:32.3419825Z  92850K .......... .......... .......... .......... .......... 70%  324M 0s
build	Install Gradle 8.7	2025-09-15T00:23:32.3421907Z  92900K .......... .......... .......... .......... .......... 70%  330M 0s
build	Install Gradle 8.7	2025-09-15T00:23:32.3423202Z  92950K .......... .......... .......... .......... .......... 70%  265M 0s
build	Install Gradle 8.7	2025-09-15T00:23:32.3424845Z  93000K .......... .......... .......... .......... .......... 71%  328M 0s
build	Install Gradle 8.7	2025-09-15T00:23:32.3432750Z  93050K .......... .......... .......... .......... .......... 71% 92.0M 0s
build	Install Gradle 8.7	2025-09-15T00:23:32.3433566Z  93100K .......... .......... .......... .......... .......... 71%  238M 0s
build	Install Gradle 8.7	2025-09-15T00:23:32.3435302Z  93150K .......... .......... .......... .......... .......... 71%  279M 0s
build	Install Gradle 8.7	2025-09-15T00:23:32.3436094Z  93200K .......... .......... .......... .......... .......... 71%  248M 0s
build	Install Gradle 8.7	2025-09-15T00:23:32.3437487Z  93250K .......... .......... .......... .......... .......... 71%  281M 0s
build	Install Gradle 8.7	2025-09-15T00:23:32.3439062Z  93300K .......... .......... .......... .......... .......... 71%  322M 0s
build	Install Gradle 8.7	2025-09-15T00:23:32.3440565Z  93350K .......... .......... .......... .......... .......... 71%  313M 0s
build	Install Gradle 8.7	2025-09-15T00:23:32.3442215Z  93400K .......... .......... .......... .......... .......... 71%  322M 0s
build	Install Gradle 8.7	2025-09-15T00:23:32.3444617Z  93450K .......... .......... .......... .......... .......... 71%  316M 0s
build	Install Gradle 8.7	2025-09-15T00:23:32.3461060Z  93500K .......... .......... .......... .......... .......... 71% 29.9M 0s
build	Install Gradle 8.7	2025-09-15T00:23:32.3462084Z  93550K .......... .......... .......... .......... .......... 71%  235M 0s
build	Install Gradle 8.7	2025-09-15T00:23:32.3468066Z  93600K .......... .......... .......... .......... .......... 71% 94.5M 0s
build	Install Gradle 8.7	2025-09-15T00:23:32.3469331Z  93650K .......... .......... .......... .......... .......... 71%  235M 0s
build	Install Gradle 8.7	2025-09-15T00:23:32.3470769Z  93700K .......... .......... .......... .......... .......... 71%  319M 0s
build	Install Gradle 8.7	2025-09-15T00:23:32.3477161Z  93750K .......... .......... .......... .......... .......... 71% 89.3M 0s
build	Install Gradle 8.7	2025-09-15T00:23:32.3485429Z  93800K .......... .......... .......... .......... .......... 71% 57.2M 0s
build	Install Gradle 8.7	2025-09-15T00:23:32.3507084Z  93850K .......... .......... .......... .......... .......... 71% 23.7M 0s
build	Install Gradle 8.7	2025-09-15T00:23:32.3557457Z  93900K .......... .......... .......... .......... .......... 71% 9.48M 0s
build	Install Gradle 8.7	2025-09-15T00:23:32.3559733Z  93950K .......... .......... .......... .......... .......... 71%  268M 0s
build	Install Gradle 8.7	2025-09-15T00:23:32.3561341Z  94000K .......... .......... .......... .......... .......... 71%  262M 0s
build	Install Gradle 8.7	2025-09-15T00:23:32.3562509Z  94050K .......... .......... .......... .......... .......... 71%  264M 0s
build	Install Gradle 8.7	2025-09-15T00:23:32.3564092Z  94100K .......... .......... .......... .......... .......... 71%  321M 0s
build	Install Gradle 8.7	2025-09-15T00:23:32.3565759Z  94150K .......... .......... .......... .......... .......... 71%  287M 0s
build	Install Gradle 8.7	2025-09-15T00:23:32.3581496Z  94200K .......... .......... .......... .......... .......... 71% 31.8M 0s
build	Install Gradle 8.7	2025-09-15T00:23:32.3585087Z  94250K .......... .......... .......... .......... .......... 71%  161M 0s
build	Install Gradle 8.7	2025-09-15T00:23:32.3592084Z  94300K .......... .......... .......... .......... .......... 72%  171M 0s
build	Install Gradle 8.7	2025-09-15T00:23:32.3595173Z  94350K .......... .......... .......... .......... .......... 72%  267M 0s
build	Install Gradle 8.7	2025-09-15T00:23:32.3598781Z  94400K .......... .......... .......... .......... .......... 72%  249M 0s
build	Install Gradle 8.7	2025-09-15T00:23:32.3601036Z  94450K .......... .......... .......... .......... .......... 72%  237M 0s
build	Install Gradle 8.7	2025-09-15T00:23:32.3601854Z  94500K .......... .......... .......... .......... .......... 72%  246M 0s
build	Install Gradle 8.7	2025-09-15T00:23:32.3603983Z  94550K .......... .......... .......... .......... .......... 72%  194M 0s
build	Install Gradle 8.7	2025-09-15T00:23:32.3606382Z  94600K .......... .......... .......... .......... .......... 72%  250M 0s
build	Install Gradle 8.7	2025-09-15T00:23:32.3607725Z  94650K .......... .......... .......... .......... .......... 72%  245M 0s
build	Install Gradle 8.7	2025-09-15T00:23:32.3610221Z  94700K .......... .......... .......... .......... .......... 72%  188M 0s
build	Install Gradle 8.7	2025-09-15T00:23:32.3611004Z  94750K .......... .......... .......... .......... .......... 72%  221M 0s
build	Install Gradle 8.7	2025-09-15T00:23:32.3611774Z  94800K .......... .......... .......... .......... .......... 72%  256M 0s
build	Install Gradle 8.7	2025-09-15T00:23:32.3613827Z  94850K .......... .......... .......... .......... .......... 72%  279M 0s
build	Install Gradle 8.7	2025-09-15T00:23:32.3617471Z  94900K .......... .......... .......... .......... .......... 72%  257M 0s
build	Install Gradle 8.7	2025-09-15T00:23:32.3619547Z  94950K .......... .......... .......... .......... .......... 72%  292M 0s
build	Install Gradle 8.7	2025-09-15T00:23:32.3622356Z  95000K .......... .......... .......... .......... .......... 72%  231M 0s
build	Install Gradle 8.7	2025-09-15T00:23:32.3624340Z  95050K .......... .......... .......... .......... .......... 72%  231M 0s
build	Install Gradle 8.7	2025-09-15T00:23:32.3625134Z  95100K .......... .......... .......... .......... .......... 72%  187M 0s
build	Install Gradle 8.7	2025-09-15T00:23:32.3625882Z  95150K .......... .......... .......... .......... .......... 72%  276M 0s
build	Install Gradle 8.7	2025-09-15T00:23:32.3626633Z  95200K .......... .......... .......... .......... .......... 72%  242M 0s
build	Install Gradle 8.7	2025-09-15T00:23:32.3627392Z  95250K .......... .......... .......... .......... .......... 72%  233M 0s
build	Install Gradle 8.7	2025-09-15T00:23:32.3628145Z  95300K .......... .......... .......... .......... .......... 72%  315M 0s
build	Install Gradle 8.7	2025-09-15T00:23:32.3629231Z  95350K .......... .......... .......... .......... .......... 72%  318M 0s
build	Install Gradle 8.7	2025-09-15T00:23:32.3631840Z  95400K .......... .......... .......... .......... .......... 72%  328M 0s
build	Install Gradle 8.7	2025-09-15T00:23:32.3633148Z  95450K .......... .......... .......... .......... .......... 72%  257M 0s
build	Install Gradle 8.7	2025-09-15T00:23:32.3634793Z  95500K .......... .......... .......... .......... .......... 72%  228M 0s
build	Install Gradle 8.7	2025-09-15T00:23:32.3636334Z  95550K .......... .......... .......... .......... .......... 72%  281M 0s
build	Install Gradle 8.7	2025-09-15T00:23:32.3638000Z  95600K .......... .......... .......... .......... .......... 72%  312M 0s
build	Install Gradle 8.7	2025-09-15T00:23:32.3640389Z  95650K .......... .......... .......... .......... .......... 73%  293M 0s
build	Install Gradle 8.7	2025-09-15T00:23:32.3641624Z  95700K .......... .......... .......... .......... .......... 73%  287M 0s
build	Install Gradle 8.7	2025-09-15T00:23:32.3643125Z  95750K .......... .......... .......... .......... .......... 73%  272M 0s
build	Install Gradle 8.7	2025-09-15T00:23:32.3645644Z  95800K .......... .......... .......... .......... .......... 73%  310M 0s
build	Install Gradle 8.7	2025-09-15T00:23:32.3647075Z  95850K .......... .......... .......... .......... .......... 73%  257M 0s
build	Install Gradle 8.7	2025-09-15T00:23:32.3648560Z  95900K .......... .......... .......... .......... .......... 73%  238M 0s
build	Install Gradle 8.7	2025-09-15T00:23:32.3650076Z  95950K .......... .......... .......... .......... .......... 73%  332M 0s
build	Install Gradle 8.7	2025-09-15T00:23:32.3651603Z  96000K .......... .......... .......... .......... .......... 73%  325M 0s
build	Install Gradle 8.7	2025-09-15T00:23:32.3653386Z  96050K .......... .......... .......... .......... .......... 73%  299M 0s
build	Install Gradle 8.7	2025-09-15T00:23:32.3655249Z  96100K .......... .......... .......... .......... .......... 73%  294M 0s
build	Install Gradle 8.7	2025-09-15T00:23:32.3656749Z  96150K .......... .......... .......... .......... .......... 73%  272M 0s
build	Install Gradle 8.7	2025-09-15T00:23:32.3669501Z  96200K .......... .......... .......... .......... .......... 73%  342M 0s
build	Install Gradle 8.7	2025-09-15T00:23:32.3670256Z  96250K .......... .......... .......... .......... .......... 73%  210M 0s
build	Install Gradle 8.7	2025-09-15T00:23:32.3676465Z  96300K .......... .......... .......... .......... .......... 73% 31.9M 0s
build	Install Gradle 8.7	2025-09-15T00:23:32.3683997Z  96350K .......... .......... .......... .......... .......... 73% 59.8M 0s
build	Install Gradle 8.7	2025-09-15T00:23:32.3690644Z  96400K .......... .......... .......... .......... .......... 73% 73.5M 0s
build	Install Gradle 8.7	2025-09-15T00:23:32.3700216Z  96450K .......... .......... .......... .......... .......... 73% 55.1M 0s
build	Install Gradle 8.7	2025-09-15T00:23:32.3704043Z  96500K .......... .......... .......... .......... .......... 73%  114M 0s
build	Install Gradle 8.7	2025-09-15T00:23:32.3709674Z  96550K .......... .......... .......... .......... .......... 73% 92.6M 0s
build	Install Gradle 8.7	2025-09-15T00:23:32.3715744Z  96600K .......... .......... .......... .......... .......... 73% 87.3M 0s
build	Install Gradle 8.7	2025-09-15T00:23:32.3718397Z  96650K .......... .......... .......... .......... .......... 73%  200M 0s
build	Install Gradle 8.7	2025-09-15T00:23:32.3719703Z  96700K .......... .......... .......... .......... .......... 73%  189M 0s
build	Install Gradle 8.7	2025-09-15T00:23:32.3724644Z  96750K .......... .......... .......... .......... .......... 73%  128M 0s
build	Install Gradle 8.7	2025-09-15T00:23:32.3725411Z  96800K .......... .......... .......... .......... .......... 73%  249M 0s
build	Install Gradle 8.7	2025-09-15T00:23:32.3726995Z  96850K .......... .......... .......... .......... .......... 73%  319M 0s
build	Install Gradle 8.7	2025-09-15T00:23:32.3728396Z  96900K .......... .......... .......... .......... .......... 73%  327M 0s
build	Install Gradle 8.7	2025-09-15T00:23:32.3879104Z  96950K .......... .......... .......... .......... .......... 74% 3.29M 0s
build	Install Gradle 8.7	2025-09-15T00:23:32.3880034Z  97000K .......... .......... .......... .......... .......... 74%  183M 0s
build	Install Gradle 8.7	2025-09-15T00:23:32.3883970Z  97050K .......... .......... .......... .......... .......... 74%  231M 0s
build	Install Gradle 8.7	2025-09-15T00:23:32.3885176Z  97100K .......... .......... .......... .......... .......... 74%  218M 0s
build	Install Gradle 8.7	2025-09-15T00:23:32.3886454Z  97150K .......... .......... .......... .......... .......... 74%  256M 0s
build	Install Gradle 8.7	2025-09-15T00:23:32.3887510Z  97200K .......... .......... .......... .......... .......... 74%  296M 0s
build	Install Gradle 8.7	2025-09-15T00:23:32.3889065Z  97250K .......... .......... .......... .......... .......... 74%  304M 0s
build	Install Gradle 8.7	2025-09-15T00:23:32.3890788Z  97300K .......... .......... .......... .......... .......... 74%  348M 0s
build	Install Gradle 8.7	2025-09-15T00:23:32.3893613Z  97350K .......... .......... .......... .......... .......... 74%  167M 0s
build	Install Gradle 8.7	2025-09-15T00:23:32.3895577Z  97400K .......... .......... .......... .......... .......... 74%  247M 0s
build	Install Gradle 8.7	2025-09-15T00:23:32.3896943Z  97450K .......... .......... .......... .......... .......... 74%  298M 0s
build	Install Gradle 8.7	2025-09-15T00:23:32.3898433Z  97500K .......... .......... .......... .......... .......... 74%  340M 0s
build	Install Gradle 8.7	2025-09-15T00:23:32.3904024Z  97550K .......... .......... .......... .......... .......... 74%  105M 0s
build	Install Gradle 8.7	2025-09-15T00:23:32.3906735Z  97600K .......... .......... .......... .......... .......... 74%  281M 0s
build	Install Gradle 8.7	2025-09-15T00:23:32.3907441Z  97650K .......... .......... .......... .......... .......... 74%  191M 0s
build	Install Gradle 8.7	2025-09-15T00:23:32.3909098Z  97700K .......... .......... .......... .......... .......... 74%  307M 0s
build	Install Gradle 8.7	2025-09-15T00:23:32.3911533Z  97750K .......... .......... .......... .......... .......... 74%  325M 0s
build	Install Gradle 8.7	2025-09-15T00:23:32.3913810Z  97800K .......... .......... .......... .......... .......... 74%  304M 0s
build	Install Gradle 8.7	2025-09-15T00:23:32.3915937Z  97850K .......... .......... .......... .......... .......... 74%  291M 0s
build	Install Gradle 8.7	2025-09-15T00:23:32.3917222Z  97900K .......... .......... .......... .......... .......... 74%  223M 0s
build	Install Gradle 8.7	2025-09-15T00:23:32.3918528Z  97950K .......... .......... .......... .......... .......... 74%  294M 0s
build	Install Gradle 8.7	2025-09-15T00:23:32.3921030Z  98000K .......... .......... .......... .......... .......... 74%  294M 0s
build	Install Gradle 8.7	2025-09-15T00:23:32.3922092Z  98050K .......... .......... .......... .......... .......... 74%  297M 0s
build	Install Gradle 8.7	2025-09-15T00:23:32.3923288Z  98100K .......... .......... .......... .......... .......... 74%  281M 0s
build	Install Gradle 8.7	2025-09-15T00:23:32.3926274Z  98150K .......... .......... .......... .......... .......... 74%  312M 0s
build	Install Gradle 8.7	2025-09-15T00:23:32.3928178Z  98200K .......... .......... .......... .......... .......... 74%  286M 0s
build	Install Gradle 8.7	2025-09-15T00:23:32.3928985Z  98250K .......... .......... .......... .......... .......... 75%  303M 0s
build	Install Gradle 8.7	2025-09-15T00:23:32.3930603Z  98300K .......... .......... .......... .......... .......... 75%  225M 0s
build	Install Gradle 8.7	2025-09-15T00:23:32.3932426Z  98350K .......... .......... .......... .......... .......... 75%  307M 0s
build	Install Gradle 8.7	2025-09-15T00:23:32.3934041Z  98400K .......... .......... .......... .......... .......... 75%  275M 0s
build	Install Gradle 8.7	2025-09-15T00:23:32.3936977Z  98450K .......... .......... .......... .......... .......... 75%  277M 0s
build	Install Gradle 8.7	2025-09-15T00:23:32.3939994Z  98500K .......... .......... .......... .......... .......... 75%  286M 0s
build	Install Gradle 8.7	2025-09-15T00:23:32.3941825Z  98550K .......... .......... .......... .......... .......... 75%  230M 0s
build	Install Gradle 8.7	2025-09-15T00:23:32.3946350Z  98600K .......... .......... .......... .......... .......... 75%  295M 0s
build	Install Gradle 8.7	2025-09-15T00:23:32.3947519Z  98650K .......... .......... .......... .......... .......... 75%  306M 0s
build	Install Gradle 8.7	2025-09-15T00:23:32.3948514Z  98700K .......... .......... .......... .......... .......... 75%  307M 0s
build	Install Gradle 8.7	2025-09-15T00:23:32.3949550Z  98750K .......... .......... .......... .......... .......... 75%  265M 0s
build	Install Gradle 8.7	2025-09-15T00:23:32.3949952Z  98800K .......... .......... .......... .......... .......... 75%  292M 0s
build	Install Gradle 8.7	2025-09-15T00:23:32.3951367Z  98850K .......... .......... .......... .......... .......... 75%  320M 0s
build	Install Gradle 8.7	2025-09-15T00:23:32.3952936Z  98900K .......... .......... .......... .......... .......... 75%  304M 0s
build	Install Gradle 8.7	2025-09-15T00:23:32.3954845Z  98950K .......... .......... .......... .......... .......... 75%  221M 0s
build	Install Gradle 8.7	2025-09-15T00:23:32.3955260Z  99000K .......... .......... .......... .......... .......... 75%  305M 0s
build	Install Gradle 8.7	2025-09-15T00:23:32.3956941Z  99050K .......... .......... .......... .......... .......... 75%  253M 0s
build	Install Gradle 8.7	2025-09-15T00:23:32.3957779Z  99100K .......... .......... .......... .......... .......... 75%  292M 0s
build	Install Gradle 8.7	2025-09-15T00:23:32.3959116Z  99150K .......... .......... .......... .......... .......... 75%  316M 0s
build	Install Gradle 8.7	2025-09-15T00:23:32.3961617Z  99200K .......... .......... .......... .......... .......... 75%  240M 0s
build	Install Gradle 8.7	2025-09-15T00:23:32.3962746Z  99250K .......... .......... .......... .......... .......... 75%  283M 0s
build	Install Gradle 8.7	2025-09-15T00:23:32.3964421Z  99300K .......... .......... .......... .......... .......... 75%  323M 0s
build	Install Gradle 8.7	2025-09-15T00:23:32.3966503Z  99350K .......... .......... .......... .......... .......... 75%  248M 0s
build	Install Gradle 8.7	2025-09-15T00:23:32.3968721Z  99400K .......... .......... .......... .......... .......... 75%  314M 0s
build	Install Gradle 8.7	2025-09-15T00:23:32.3970716Z  99450K .......... .......... .......... .......... .......... 75%  219M 0s
build	Install Gradle 8.7	2025-09-15T00:23:32.3972284Z  99500K .......... .......... .......... .......... .......... 75%  303M 0s
build	Install Gradle 8.7	2025-09-15T00:23:32.3973232Z  99550K .......... .......... .......... .......... .......... 76%  316M 0s
build	Install Gradle 8.7	2025-09-15T00:23:32.3975414Z  99600K .......... .......... .......... .......... .......... 76%  318M 0s
build	Install Gradle 8.7	2025-09-15T00:23:32.3977203Z  99650K .......... .......... .......... .......... .......... 76%  267M 0s
build	Install Gradle 8.7	2025-09-15T00:23:32.3978618Z  99700K .......... .......... .......... .......... .......... 76%  236M 0s
build	Install Gradle 8.7	2025-09-15T00:23:32.3980216Z  99750K .......... .......... .......... .......... .......... 76%  342M 0s
build	Install Gradle 8.7	2025-09-15T00:23:32.3982652Z  99800K .......... .......... .......... .......... .......... 76%  335M 0s
build	Install Gradle 8.7	2025-09-15T00:23:32.3983847Z  99850K .......... .......... .......... .......... .......... 76%  278M 0s
build	Install Gradle 8.7	2025-09-15T00:23:32.3985909Z  99900K .......... .......... .......... .......... .......... 76%  266M 0s
build	Install Gradle 8.7	2025-09-15T00:23:32.3988153Z  99950K .......... .......... .......... .......... .......... 76%  219M 0s
build	Install Gradle 8.7	2025-09-15T00:23:32.3989432Z 100000K .......... .......... .......... .......... .......... 76%  275M 0s
build	Install Gradle 8.7	2025-09-15T00:23:32.3990745Z 100050K .......... .......... .......... .......... .......... 76%  300M 0s
build	Install Gradle 8.7	2025-09-15T00:23:32.3992771Z 100100K .......... .......... .......... .......... .......... 76%  339M 0s
build	Install Gradle 8.7	2025-09-15T00:23:32.3994778Z 100150K .......... .......... .......... .......... .......... 76%  282M 0s
build	Install Gradle 8.7	2025-09-15T00:23:32.3996625Z 100200K .......... .......... .......... .......... .......... 76%  236M 0s
build	Install Gradle 8.7	2025-09-15T00:23:32.3998099Z 100250K .......... .......... .......... .......... .......... 76%  286M 0s
build	Install Gradle 8.7	2025-09-15T00:23:32.4000438Z 100300K .......... .......... .......... .......... .......... 76%  289M 0s
build	Install Gradle 8.7	2025-09-15T00:23:32.4001184Z 100350K .......... .......... .......... .......... .......... 76%  264M 0s
build	Install Gradle 8.7	2025-09-15T00:23:32.4003309Z 100400K .......... .......... .......... .......... .......... 76%  333M 0s
build	Install Gradle 8.7	2025-09-15T00:23:32.4004383Z 100450K .......... .......... .......... .......... .......... 76%  312M 0s
build	Install Gradle 8.7	2025-09-15T00:23:32.4006679Z 100500K .......... .......... .......... .......... .......... 76%  268M 0s
build	Install Gradle 8.7	2025-09-15T00:23:32.4008813Z 100550K .......... .......... .......... .......... .......... 76%  333M 0s
build	Install Gradle 8.7	2025-09-15T00:23:32.4009434Z 100600K .......... .......... .......... .......... .......... 76%  321M 0s
build	Install Gradle 8.7	2025-09-15T00:23:32.4010762Z 100650K .......... .......... .......... .......... .......... 76%  328M 0s
build	Install Gradle 8.7	2025-09-15T00:23:32.4013006Z 100700K .......... .......... .......... .......... .......... 76%  325M 0s
build	Install Gradle 8.7	2025-09-15T00:23:32.4013907Z 100750K .......... .......... .......... .......... .......... 76%  261M 0s
build	Install Gradle 8.7	2025-09-15T00:23:32.4015453Z 100800K .......... .......... .......... .......... .......... 76%  296M 0s
build	Install Gradle 8.7	2025-09-15T00:23:32.4017590Z 100850K .......... .......... .......... .......... .......... 76%  347M 0s
build	Install Gradle 8.7	2025-09-15T00:23:32.4018300Z 100900K .......... .......... .......... .......... .......... 77%  351M 0s
build	Install Gradle 8.7	2025-09-15T00:23:32.4019908Z 100950K .......... .......... .......... .......... .......... 77%  329M 0s
build	Install Gradle 8.7	2025-09-15T00:23:32.4021884Z 101000K .......... .......... .......... .......... .......... 77%  365M 0s
build	Install Gradle 8.7	2025-09-15T00:23:32.4023065Z 101050K .......... .......... .......... .......... .......... 77%  299M 0s
build	Install Gradle 8.7	2025-09-15T00:23:32.4025287Z 101100K .......... .......... .......... .......... .......... 77%  339M 0s
build	Install Gradle 8.7	2025-09-15T00:23:32.4027023Z 101150K .......... .......... .......... .......... .......... 77%  237M 0s
build	Install Gradle 8.7	2025-09-15T00:23:32.4030087Z 101200K .......... .......... .......... .......... .......... 77%  291M 0s
build	Install Gradle 8.7	2025-09-15T00:23:32.4031222Z 101250K .......... .......... .......... .......... .......... 77%  311M 0s
build	Install Gradle 8.7	2025-09-15T00:23:32.4032388Z 101300K .......... .......... .......... .......... .......... 77%  273M 0s
build	Install Gradle 8.7	2025-09-15T00:23:32.4032993Z 101350K .......... .......... .......... .......... .......... 77%  291M 0s
build	Install Gradle 8.7	2025-09-15T00:23:32.4035659Z 101400K .......... .......... .......... .......... .......... 77%  285M 0s
build	Install Gradle 8.7	2025-09-15T00:23:32.4037494Z 101450K .......... .......... .......... .......... .......... 77%  265M 0s
build	Install Gradle 8.7	2025-09-15T00:23:32.4041041Z 101500K .......... .......... .......... .......... .......... 77%  276M 0s
build	Install Gradle 8.7	2025-09-15T00:23:32.4041981Z 101550K .......... .......... .......... .......... .......... 77%  171M 0s
build	Install Gradle 8.7	2025-09-15T00:23:32.4042791Z 101600K .......... .......... .......... .......... .......... 77%  298M 0s
build	Install Gradle 8.7	2025-09-15T00:23:32.4045115Z 101650K .......... .......... .......... .......... .......... 77%  295M 0s
build	Install Gradle 8.7	2025-09-15T00:23:32.4046976Z 101700K .......... .......... .......... .......... .......... 77%  242M 0s
build	Install Gradle 8.7	2025-09-15T00:23:32.4048939Z 101750K .......... .......... .......... .......... .......... 77%  253M 0s
build	Install Gradle 8.7	2025-09-15T00:23:32.4050870Z 101800K .......... .......... .......... .......... .......... 77%  286M 0s
build	Install Gradle 8.7	2025-09-15T00:23:32.4052050Z 101850K .......... .......... .......... .......... .......... 77%  292M 0s
build	Install Gradle 8.7	2025-09-15T00:23:32.4054294Z 101900K .......... .......... .......... .......... .......... 77%  283M 0s
build	Install Gradle 8.7	2025-09-15T00:23:32.4055982Z 101950K .......... .......... .......... .......... .......... 77%  216M 0s
build	Install Gradle 8.7	2025-09-15T00:23:32.4057746Z 102000K .......... .......... .......... .......... .......... 77%  323M 0s
build	Install Gradle 8.7	2025-09-15T00:23:32.4058918Z 102050K .......... .......... .......... .......... .......... 77%  310M 0s
build	Install Gradle 8.7	2025-09-15T00:23:32.4061187Z 102100K .......... .......... .......... .......... .......... 77%  323M 0s
build	Install Gradle 8.7	2025-09-15T00:23:32.4062204Z 102150K .......... .......... .......... .......... .......... 77%  279M 0s
build	Install Gradle 8.7	2025-09-15T00:23:32.4064442Z 102200K .......... .......... .......... .......... .......... 78%  330M 0s
build	Install Gradle 8.7	2025-09-15T00:23:32.4065995Z 102250K .......... .......... .......... .......... .......... 78%  281M 0s
build	Install Gradle 8.7	2025-09-15T00:23:32.4068173Z 102300K .......... .......... .......... .......... .......... 78%  281M 0s
build	Install Gradle 8.7	2025-09-15T00:23:32.4069601Z 102350K .......... .......... .......... .......... .......... 78%  238M 0s
build	Install Gradle 8.7	2025-09-15T00:23:32.4071155Z 102400K .......... .......... .......... .......... .......... 78%  269M 0s
build	Install Gradle 8.7	2025-09-15T00:23:32.4073147Z 102450K .......... .......... .......... .......... .......... 78%  346M 0s
build	Install Gradle 8.7	2025-09-15T00:23:32.4074137Z 102500K .......... .......... .......... .......... .......... 78%  296M 0s
build	Install Gradle 8.7	2025-09-15T00:23:32.4075856Z 102550K .......... .......... .......... .......... .......... 78%  280M 0s
build	Install Gradle 8.7	2025-09-15T00:23:32.4077600Z 102600K .......... .......... .......... .......... .......... 78%  309M 0s
build	Install Gradle 8.7	2025-09-15T00:23:32.4081707Z 102650K .......... .......... .......... .......... .......... 78%  297M 0s
build	Install Gradle 8.7	2025-09-15T00:23:32.4082736Z 102700K .......... .......... .......... .......... .......... 78%  286M 0s
build	Install Gradle 8.7	2025-09-15T00:23:32.4085003Z 102750K .......... .......... .......... .......... .......... 78%  422M 0s
build	Install Gradle 8.7	2025-09-15T00:23:32.4085809Z 102800K .......... .......... .......... .......... .......... 78%  279M 0s
build	Install Gradle 8.7	2025-09-15T00:23:32.4086564Z 102850K .......... .......... .......... .......... .......... 78%  240M 0s
build	Install Gradle 8.7	2025-09-15T00:23:32.4088744Z 102900K .......... .......... .......... .......... .......... 78%  218M 0s
build	Install Gradle 8.7	2025-09-15T00:23:32.4090212Z 102950K .......... .......... .......... .......... .......... 78%  286M 0s
build	Install Gradle 8.7	2025-09-15T00:23:32.4091284Z 103000K .......... .......... .......... .......... .......... 78%  309M 0s
build	Install Gradle 8.7	2025-09-15T00:23:32.4092710Z 103050K .......... .......... .......... .......... .......... 78%  320M 0s
build	Install Gradle 8.7	2025-09-15T00:23:32.4094657Z 103100K .......... .......... .......... .......... .......... 78%  340M 0s
build	Install Gradle 8.7	2025-09-15T00:23:32.4096739Z 103150K .......... .......... .......... .......... .......... 78%  262M 0s
build	Install Gradle 8.7	2025-09-15T00:23:32.4097851Z 103200K .......... .......... .......... .......... .......... 78%  305M 0s
build	Install Gradle 8.7	2025-09-15T00:23:32.4099864Z 103250K .......... .......... .......... .......... .......... 78%  329M 0s
build	Install Gradle 8.7	2025-09-15T00:23:32.4101177Z 103300K .......... .......... .......... .......... .......... 78%  239M 0s
build	Install Gradle 8.7	2025-09-15T00:23:32.4103814Z 103350K .......... .......... .......... .......... .......... 78%  319M 0s
build	Install Gradle 8.7	2025-09-15T00:23:32.4104746Z 103400K .......... .......... .......... .......... .......... 78%  309M 0s
build	Install Gradle 8.7	2025-09-15T00:23:32.4106032Z 103450K .......... .......... .......... .......... .......... 78%  276M 0s
build	Install Gradle 8.7	2025-09-15T00:23:32.4108771Z 103500K .......... .......... .......... .......... .......... 79%  270M 0s
build	Install Gradle 8.7	2025-09-15T00:23:32.4109941Z 103550K .......... .......... .......... .......... .......... 79%  288M 0s
build	Install Gradle 8.7	2025-09-15T00:23:32.4111483Z 103600K .......... .......... .......... .......... .......... 79%  309M 0s
build	Install Gradle 8.7	2025-09-15T00:23:32.4112956Z 103650K .......... .......... .......... .......... .......... 79%  281M 0s
build	Install Gradle 8.7	2025-09-15T00:23:32.4115490Z 103700K .......... .......... .......... .......... .......... 79%  316M 0s
build	Install Gradle 8.7	2025-09-15T00:23:32.4117585Z 103750K .......... .......... .......... .......... .......... 79%  264M 0s
build	Install Gradle 8.7	2025-09-15T00:23:32.4119194Z 103800K .......... .......... .......... .......... .......... 79%  221M 0s
build	Install Gradle 8.7	2025-09-15T00:23:32.4120455Z 103850K .......... .......... .......... .......... .......... 79%  316M 0s
build	Install Gradle 8.7	2025-09-15T00:23:32.4121837Z 103900K .......... .......... .......... .......... .......... 79%  288M 0s
build	Install Gradle 8.7	2025-09-15T00:23:32.4124122Z 103950K .......... .......... .......... .......... .......... 79%  300M 0s
build	Install Gradle 8.7	2025-09-15T00:23:32.4125280Z 104000K .......... .......... .......... .......... .......... 79%  312M 0s
build	Install Gradle 8.7	2025-09-15T00:23:32.4126830Z 104050K .......... .......... .......... .......... .......... 79%  252M 0s
build	Install Gradle 8.7	2025-09-15T00:23:32.4128873Z 104100K .......... .......... .......... .......... .......... 79%  316M 0s
build	Install Gradle 8.7	2025-09-15T00:23:32.4131033Z 104150K .......... .......... .......... .......... .......... 79%  294M 0s
build	Install Gradle 8.7	2025-09-15T00:23:32.4132054Z 104200K .......... .......... .......... .......... .......... 79%  242M 0s
build	Install Gradle 8.7	2025-09-15T00:23:32.4135044Z 104250K .......... .......... .......... .......... .......... 79%  386M 0s
build	Install Gradle 8.7	2025-09-15T00:23:32.4135790Z 104300K .......... .......... .......... .......... .......... 79%  209M 0s
build	Install Gradle 8.7	2025-09-15T00:23:32.4137178Z 104350K .......... .......... .......... .......... .......... 79%  321M 0s
build	Install Gradle 8.7	2025-09-15T00:23:32.4138954Z 104400K .......... .......... .......... .......... .......... 79%  316M 0s
build	Install Gradle 8.7	2025-09-15T00:23:32.4142278Z 104450K .......... .......... .......... .......... .......... 79%  292M 0s
build	Install Gradle 8.7	2025-09-15T00:23:32.4143386Z 104500K .......... .......... .......... .......... .......... 79%  349M 0s
build	Install Gradle 8.7	2025-09-15T00:23:32.4143961Z 104550K .......... .......... .......... .......... .......... 79%  357M 0s
build	Install Gradle 8.7	2025-09-15T00:23:32.4145225Z 104600K .......... .......... .......... .......... .......... 79%  310M 0s
build	Install Gradle 8.7	2025-09-15T00:23:32.4148532Z 104650K .......... .......... .......... .......... .......... 79%  235M 0s
build	Install Gradle 8.7	2025-09-15T00:23:32.4149639Z 104700K .......... .......... .......... .......... .......... 79%  221M 0s
build	Install Gradle 8.7	2025-09-15T00:23:32.4150633Z 104750K .......... .......... .......... .......... .......... 79%  306M 0s
build	Install Gradle 8.7	2025-09-15T00:23:32.4152457Z 104800K .......... .......... .......... .......... .......... 80%  338M 0s
build	Install Gradle 8.7	2025-09-15T00:23:32.4155119Z 104850K .......... .......... .......... .......... .......... 80%  299M 0s
build	Install Gradle 8.7	2025-09-15T00:23:32.4157033Z 104900K .......... .......... .......... .......... .......... 80%  275M 0s
build	Install Gradle 8.7	2025-09-15T00:23:32.4157801Z 104950K .......... .......... .......... .......... .......... 80%  275M 0s
build	Install Gradle 8.7	2025-09-15T00:23:32.4158938Z 105000K .......... .......... .......... .......... .......... 80%  301M 0s
build	Install Gradle 8.7	2025-09-15T00:23:32.4161461Z 105050K .......... .......... .......... .......... .......... 80%  336M 0s
build	Install Gradle 8.7	2025-09-15T00:23:32.4162815Z 105100K .......... .......... .......... .......... .......... 80%  233M 0s
build	Install Gradle 8.7	2025-09-15T00:23:32.4164772Z 105150K .......... .......... .......... .......... .......... 80%  292M 0s
build	Install Gradle 8.7	2025-09-15T00:23:32.4166610Z 105200K .......... .......... .......... .......... .......... 80%  262M 0s
build	Install Gradle 8.7	2025-09-15T00:23:32.4168544Z 105250K .......... .......... .......... .......... .......... 80%  306M 0s
build	Install Gradle 8.7	2025-09-15T00:23:32.4169856Z 105300K .......... .......... .......... .......... .......... 80%  211M 0s
build	Install Gradle 8.7	2025-09-15T00:23:32.4171480Z 105350K .......... .......... .......... .......... .......... 80%  337M 0s
build	Install Gradle 8.7	2025-09-15T00:23:32.4172873Z 105400K .......... .......... .......... .......... .......... 80%  313M 0s
build	Install Gradle 8.7	2025-09-15T00:23:32.4175298Z 105450K .......... .......... .......... .......... .......... 80%  318M 0s
build	Install Gradle 8.7	2025-09-15T00:23:32.4177153Z 105500K .......... .......... .......... .......... .......... 80%  252M 0s
build	Install Gradle 8.7	2025-09-15T00:23:32.4178711Z 105550K .......... .......... .......... .......... .......... 80%  211M 0s
build	Install Gradle 8.7	2025-09-15T00:23:32.4180756Z 105600K .......... .......... .......... .......... .......... 80%  320M 0s
build	Install Gradle 8.7	2025-09-15T00:23:32.4183012Z 105650K .......... .......... .......... .......... .......... 80%  280M 0s
build	Install Gradle 8.7	2025-09-15T00:23:32.4184327Z 105700K .......... .......... .......... .......... .......... 80%  219M 0s
build	Install Gradle 8.7	2025-09-15T00:23:32.4186396Z 105750K .......... .......... .......... .......... .......... 80%  289M 0s
build	Install Gradle 8.7	2025-09-15T00:23:32.4187617Z 105800K .......... .......... .......... .......... .......... 80%  305M 0s
build	Install Gradle 8.7	2025-09-15T00:23:32.4189747Z 105850K .......... .......... .......... .......... .......... 80%  335M 0s
build	Install Gradle 8.7	2025-09-15T00:23:32.4191496Z 105900K .......... .......... .......... .......... .......... 80%  222M 0s
build	Install Gradle 8.7	2025-09-15T00:23:32.4193817Z 105950K .......... .......... .......... .......... .......... 80%  293M 0s
build	Install Gradle 8.7	2025-09-15T00:23:32.4194649Z 106000K .......... .......... .......... .......... .......... 80%  297M 0s
build	Install Gradle 8.7	2025-09-15T00:23:32.4196471Z 106050K .......... .......... .......... .......... .......... 80%  281M 0s
build	Install Gradle 8.7	2025-09-15T00:23:32.4198097Z 106100K .......... .......... .......... .......... .......... 81%  325M 0s
build	Install Gradle 8.7	2025-09-15T00:23:32.4200204Z 106150K .......... .......... .......... .......... .......... 81%  309M 0s
build	Install Gradle 8.7	2025-09-15T00:23:32.4201344Z 106200K .......... .......... .......... .......... .......... 81%  294M 0s
build	Install Gradle 8.7	2025-09-15T00:23:32.4203821Z 106250K .......... .......... .......... .......... .......... 81%  300M 0s
build	Install Gradle 8.7	2025-09-15T00:23:32.4204841Z 106300K .......... .......... .......... .......... .......... 81%  240M 0s
build	Install Gradle 8.7	2025-09-15T00:23:32.4206431Z 106350K .......... .......... .......... .......... .......... 81%  282M 0s
build	Install Gradle 8.7	2025-09-15T00:23:32.4207817Z 106400K .......... .......... .......... .......... .......... 81%  307M 0s
build	Install Gradle 8.7	2025-09-15T00:23:32.4209501Z 106450K .......... .......... .......... .......... .......... 81%  311M 0s
build	Install Gradle 8.7	2025-09-15T00:23:32.4211158Z 106500K .......... .......... .......... .......... .......... 81%  298M 0s
build	Install Gradle 8.7	2025-09-15T00:23:32.4213415Z 106550K .......... .......... .......... .......... .......... 81%  296M 0s
build	Install Gradle 8.7	2025-09-15T00:23:32.4215008Z 106600K .......... .......... .......... .......... .......... 81%  313M 0s
build	Install Gradle 8.7	2025-09-15T00:23:32.4217188Z 106650K .......... .......... .......... .......... .......... 81%  261M 0s
build	Install Gradle 8.7	2025-09-15T00:23:32.4218441Z 106700K .......... .......... .......... .......... .......... 81%  218M 0s
build	Install Gradle 8.7	2025-09-15T00:23:32.4220216Z 106750K .......... .......... .......... .......... .......... 81%  307M 0s
build	Install Gradle 8.7	2025-09-15T00:23:32.4221766Z 106800K .......... .......... .......... .......... .......... 81%  320M 0s
build	Install Gradle 8.7	2025-09-15T00:23:32.4223539Z 106850K .......... .......... .......... .......... .......... 81%  305M 0s
build	Install Gradle 8.7	2025-09-15T00:23:32.4225221Z 106900K .......... .......... .......... .......... .......... 81%  304M 0s
build	Install Gradle 8.7	2025-09-15T00:23:32.4227419Z 106950K .......... .......... .......... .......... .......... 81%  260M 0s
build	Install Gradle 8.7	2025-09-15T00:23:32.4228872Z 107000K .......... .......... .......... .......... .......... 81%  318M 0s
build	Install Gradle 8.7	2025-09-15T00:23:32.4231273Z 107050K .......... .......... .......... .......... .......... 81%  276M 0s
build	Install Gradle 8.7	2025-09-15T00:23:32.4232325Z 107100K .......... .......... .......... .......... .......... 81%  206M 0s
build	Install Gradle 8.7	2025-09-15T00:23:32.4234104Z 107150K .......... .......... .......... .......... .......... 81%  336M 0s
build	Install Gradle 8.7	2025-09-15T00:23:32.4235728Z 107200K .......... .......... .......... .......... .......... 81%  249M 0s
build	Install Gradle 8.7	2025-09-15T00:23:32.4237309Z 107250K .......... .......... .......... .......... .......... 81%  327M 0s
build	Install Gradle 8.7	2025-09-15T00:23:32.4238699Z 107300K .......... .......... .......... .......... .......... 81%  320M 0s
build	Install Gradle 8.7	2025-09-15T00:23:32.4240356Z 107350K .......... .......... .......... .......... .......... 81%  333M 0s
build	Install Gradle 8.7	2025-09-15T00:23:32.4241739Z 107400K .......... .......... .......... .......... .......... 81%  323M 0s
build	Install Gradle 8.7	2025-09-15T00:23:32.4243822Z 107450K .......... .......... .......... .......... .......... 82%  334M 0s
build	Install Gradle 8.7	2025-09-15T00:23:32.4246138Z 107500K .......... .......... .......... .......... .......... 82%  223M 0s
build	Install Gradle 8.7	2025-09-15T00:23:32.4248046Z 107550K .......... .......... .......... .......... .......... 82%  268M 0s
build	Install Gradle 8.7	2025-09-15T00:23:32.4248935Z 107600K .......... .......... .......... .......... .......... 82%  281M 0s
build	Install Gradle 8.7	2025-09-15T00:23:32.4250351Z 107650K .......... .......... .......... .......... .......... 82%  337M 0s
build	Install Gradle 8.7	2025-09-15T00:23:32.4251774Z 107700K .......... .......... .......... .......... .......... 82%  340M 0s
build	Install Gradle 8.7	2025-09-15T00:23:32.4253420Z 107750K .......... .......... .......... .......... .......... 82%  331M 0s
build	Install Gradle 8.7	2025-09-15T00:23:32.4254947Z 107800K .......... .......... .......... .......... .......... 82%  324M 0s
build	Install Gradle 8.7	2025-09-15T00:23:32.4257065Z 107850K .......... .......... .......... .......... .......... 82%  301M 0s
build	Install Gradle 8.7	2025-09-15T00:23:32.4258368Z 107900K .......... .......... .......... .......... .......... 82%  244M 0s
build	Install Gradle 8.7	2025-09-15T00:23:32.4259971Z 107950K .......... .......... .......... .......... .......... 82%  339M 0s
build	Install Gradle 8.7	2025-09-15T00:23:32.4261296Z 108000K .......... .......... .......... .......... .......... 82%  327M 0s
build	Install Gradle 8.7	2025-09-15T00:23:32.4262800Z 108050K .......... .......... .......... .......... .......... 82%  341M 0s
build	Install Gradle 8.7	2025-09-15T00:23:32.4264490Z 108100K .......... .......... .......... .......... .......... 82%  334M 0s
build	Install Gradle 8.7	2025-09-15T00:23:32.4265911Z 108150K .......... .......... .......... .......... .......... 82%  292M 0s
build	Install Gradle 8.7	2025-09-15T00:23:32.4267451Z 108200K .......... .......... .......... .......... .......... 82%  340M 0s
build	Install Gradle 8.7	2025-09-15T00:23:32.4269585Z 108250K .......... .......... .......... .......... .......... 82%  320M 0s
build	Install Gradle 8.7	2025-09-15T00:23:32.4270933Z 108300K .......... .......... .......... .......... .......... 82%  232M 0s
build	Install Gradle 8.7	2025-09-15T00:23:32.4272763Z 108350K .......... .......... .......... .......... .......... 82%  337M 0s
build	Install Gradle 8.7	2025-09-15T00:23:32.4274874Z 108400K .......... .......... .......... .......... .......... 82%  312M 0s
build	Install Gradle 8.7	2025-09-15T00:23:32.4277282Z 108450K .......... .......... .......... .......... .......... 82%  256M 0s
build	Install Gradle 8.7	2025-09-15T00:23:32.4279694Z 108500K .......... .......... .......... .......... .......... 82%  340M 0s
build	Install Gradle 8.7	2025-09-15T00:23:32.4281509Z 108550K .......... .......... .......... .......... .......... 82%  337M 0s
build	Install Gradle 8.7	2025-09-15T00:23:32.4282299Z 108600K .......... .......... .......... .......... .......... 82%  281M 0s
build	Install Gradle 8.7	2025-09-15T00:23:32.4283537Z 108650K .......... .......... .......... .......... .......... 82%  304M 0s
build	Install Gradle 8.7	2025-09-15T00:23:32.4286041Z 108700K .......... .......... .......... .......... .......... 82%  221M 0s
build	Install Gradle 8.7	2025-09-15T00:23:32.4287009Z 108750K .......... .......... .......... .......... .......... 83%  266M 0s
build	Install Gradle 8.7	2025-09-15T00:23:32.4289012Z 108800K .......... .......... .......... .......... .......... 83%  307M 0s
build	Install Gradle 8.7	2025-09-15T00:23:32.4290524Z 108850K .......... .......... .......... .......... .......... 83%  275M 0s
build	Install Gradle 8.7	2025-09-15T00:23:32.4292163Z 108900K .......... .......... .......... .......... .......... 83%  289M 0s
build	Install Gradle 8.7	2025-09-15T00:23:32.4293062Z 108950K .......... .......... .......... .......... .......... 83%  300M 0s
build	Install Gradle 8.7	2025-09-15T00:23:32.4294684Z 109000K .......... .......... .......... .......... .......... 83%  297M 0s
build	Install Gradle 8.7	2025-09-15T00:23:32.4297261Z 109050K .......... .......... .......... .......... .......... 83%  274M 0s
build	Install Gradle 8.7	2025-09-15T00:23:32.4299636Z 109100K .......... .......... .......... .......... .......... 83%  213M 0s
build	Install Gradle 8.7	2025-09-15T00:23:32.4301203Z 109150K .......... .......... .......... .......... .......... 83%  290M 0s
build	Install Gradle 8.7	2025-09-15T00:23:32.4302729Z 109200K .......... .......... .......... .......... .......... 83%  305M 0s
build	Install Gradle 8.7	2025-09-15T00:23:32.4304392Z 109250K .......... .......... .......... .......... .......... 83%  285M 0s
build	Install Gradle 8.7	2025-09-15T00:23:32.4305500Z 109300K .......... .......... .......... .......... .......... 83%  267M 0s
build	Install Gradle 8.7	2025-09-15T00:23:32.4307177Z 109350K .......... .......... .......... .......... .......... 83%  304M 0s
build	Install Gradle 8.7	2025-09-15T00:23:32.4309347Z 109400K .......... .......... .......... .......... .......... 83%  324M 0s
build	Install Gradle 8.7	2025-09-15T00:23:32.4311244Z 109450K .......... .......... .......... .......... .......... 83%  316M 0s
build	Install Gradle 8.7	2025-09-15T00:23:32.4312668Z 109500K .......... .......... .......... .......... .......... 83%  219M 0s
build	Install Gradle 8.7	2025-09-15T00:23:32.4314644Z 109550K .......... .......... .......... .......... .......... 83%  317M 0s
build	Install Gradle 8.7	2025-09-15T00:23:32.4316896Z 109600K .......... .......... .......... .......... .......... 83%  256M 0s
build	Install Gradle 8.7	2025-09-15T00:23:32.4317914Z 109650K .......... .......... .......... .......... .......... 83%  293M 0s
build	Install Gradle 8.7	2025-09-15T00:23:32.4319105Z 109700K .......... .......... .......... .......... .......... 83%  295M 0s
build	Install Gradle 8.7	2025-09-15T00:23:32.4321123Z 109750K .......... .......... .......... .......... .......... 83%  327M 0s
build	Install Gradle 8.7	2025-09-15T00:23:32.4322335Z 109800K .......... .......... .......... .......... .......... 83%  324M 0s
build	Install Gradle 8.7	2025-09-15T00:23:32.4324799Z 109850K .......... .......... .......... .......... .......... 83%  284M 0s
build	Install Gradle 8.7	2025-09-15T00:23:32.4326212Z 109900K .......... .......... .......... .......... .......... 83%  213M 0s
build	Install Gradle 8.7	2025-09-15T00:23:32.4328397Z 109950K .......... .......... .......... .......... .......... 83%  327M 0s
build	Install Gradle 8.7	2025-09-15T00:23:32.4329875Z 110000K .......... .......... .......... .......... .......... 83%  305M 0s
build	Install Gradle 8.7	2025-09-15T00:23:32.4331510Z 110050K .......... .......... .......... .......... .......... 84%  238M 0s
build	Install Gradle 8.7	2025-09-15T00:23:32.4332770Z 110100K .......... .......... .......... .......... .......... 84%  313M 0s
build	Install Gradle 8.7	2025-09-15T00:23:32.4334418Z 110150K .......... .......... .......... .......... .......... 84%  332M 0s
build	Install Gradle 8.7	2025-09-15T00:23:32.4336479Z 110200K .......... .......... .......... .......... .......... 84%  288M 0s
build	Install Gradle 8.7	2025-09-15T00:23:32.4337542Z 110250K .......... .......... .......... .......... .......... 84%  296M 0s
build	Install Gradle 8.7	2025-09-15T00:23:32.4339753Z 110300K .......... .......... .......... .......... .......... 84%  303M 0s
build	Install Gradle 8.7	2025-09-15T00:23:32.4341844Z 110350K .......... .......... .......... .......... .......... 84%  298M 0s
build	Install Gradle 8.7	2025-09-15T00:23:32.4343430Z 110400K .......... .......... .......... .......... .......... 84%  242M 0s
build	Install Gradle 8.7	2025-09-15T00:23:32.4345349Z 110450K .......... .......... .......... .......... .......... 84%  310M 0s
build	Install Gradle 8.7	2025-09-15T00:23:32.4346762Z 110500K .......... .......... .......... .......... .......... 84%  270M 0s
build	Install Gradle 8.7	2025-09-15T00:23:32.4348310Z 110550K .......... .......... .......... .......... .......... 84%  317M 0s
build	Install Gradle 8.7	2025-09-15T00:23:32.4349824Z 110600K .......... .......... .......... .......... .......... 84%  301M 0s
build	Install Gradle 8.7	2025-09-15T00:23:32.4351555Z 110650K .......... .......... .......... .......... .......... 84%  319M 0s
build	Install Gradle 8.7	2025-09-15T00:23:32.4353171Z 110700K .......... .......... .......... .......... .......... 84%  225M 0s
build	Install Gradle 8.7	2025-09-15T00:23:32.4354669Z 110750K .......... .......... .......... .......... .......... 84%  331M 0s
build	Install Gradle 8.7	2025-09-15T00:23:32.4356436Z 110800K .......... .......... .......... .......... .......... 84%  303M 0s
build	Install Gradle 8.7	2025-09-15T00:23:32.4359031Z 110850K .......... .......... .......... .......... .......... 84%  283M 0s
build	Install Gradle 8.7	2025-09-15T00:23:32.4359871Z 110900K .......... .......... .......... .......... .......... 84%  295M 0s
build	Install Gradle 8.7	2025-09-15T00:23:32.4361202Z 110950K .......... .......... .......... .......... .......... 84%  291M 0s
build	Install Gradle 8.7	2025-09-15T00:23:32.4363079Z 111000K .......... .......... .......... .......... .......... 84%  317M 0s
build	Install Gradle 8.7	2025-09-15T00:23:32.4365813Z 111050K .......... .......... .......... .......... .......... 84%  286M 0s
build	Install Gradle 8.7	2025-09-15T00:23:32.4367499Z 111100K .......... .......... .......... .......... .......... 84%  189M 0s
build	Install Gradle 8.7	2025-09-15T00:23:32.4368686Z 111150K .......... .......... .......... .......... .......... 84%  298M 0s
build	Install Gradle 8.7	2025-09-15T00:23:32.4370513Z 111200K .......... .......... .......... .......... .......... 84%  312M 0s
build	Install Gradle 8.7	2025-09-15T00:23:32.4371791Z 111250K .......... .......... .......... .......... .......... 84%  348M 0s
build	Install Gradle 8.7	2025-09-15T00:23:32.4373355Z 111300K .......... .......... .......... .......... .......... 84%  305M 0s
build	Install Gradle 8.7	2025-09-15T00:23:32.4375161Z 111350K .......... .......... .......... .......... .......... 85%  314M 0s
build	Install Gradle 8.7	2025-09-15T00:23:32.4377256Z 111400K .......... .......... .......... .......... .......... 85%  261M 0s
build	Install Gradle 8.7	2025-09-15T00:23:32.4378462Z 111450K .......... .......... .......... .......... .......... 85%  368M 0s
build	Install Gradle 8.7	2025-09-15T00:23:32.4379776Z 111500K .......... .......... .......... .......... .......... 85%  256M 0s
build	Install Gradle 8.7	2025-09-15T00:23:32.4382201Z 111550K .......... .......... .......... .......... .......... 85%  315M 0s
build	Install Gradle 8.7	2025-09-15T00:23:32.4382903Z 111600K .......... .......... .......... .......... .......... 85%  396M 0s
build	Install Gradle 8.7	2025-09-15T00:23:32.4384002Z 111650K .......... .......... .......... .......... .......... 85%  339M 0s
build	Install Gradle 8.7	2025-09-15T00:23:32.4385853Z 111700K .......... .......... .......... .......... .......... 85%  302M 0s
build	Install Gradle 8.7	2025-09-15T00:23:32.4387018Z 111750K .......... .......... .......... .......... .......... 85%  357M 0s
build	Install Gradle 8.7	2025-09-15T00:23:32.4389185Z 111800K .......... .......... .......... .......... .......... 85%  332M 0s
build	Install Gradle 8.7	2025-09-15T00:23:32.4390631Z 111850K .......... .......... .......... .......... .......... 85%  369M 0s
build	Install Gradle 8.7	2025-09-15T00:23:32.4392614Z 111900K .......... .......... .......... .......... .......... 85%  255M 0s
build	Install Gradle 8.7	2025-09-15T00:23:32.4393356Z 111950K .......... .......... .......... .......... .......... 85%  384M 0s
build	Install Gradle 8.7	2025-09-15T00:23:32.4395281Z 112000K .......... .......... .......... .......... .......... 85%  339M 0s
build	Install Gradle 8.7	2025-09-15T00:23:32.4396737Z 112050K .......... .......... .......... .......... .......... 85%  250M 0s
build	Install Gradle 8.7	2025-09-15T00:23:32.4397905Z 112100K .......... .......... .......... .......... .......... 85%  332M 0s
build	Install Gradle 8.7	2025-09-15T00:23:32.4399458Z 112150K .......... .......... .......... .......... .......... 85%  332M 0s
build	Install Gradle 8.7	2025-09-15T00:23:32.4400777Z 112200K .......... .......... .......... .......... .......... 85%  326M 0s
build	Install Gradle 8.7	2025-09-15T00:23:32.4402874Z 112250K .......... .......... .......... .......... .......... 85%  365M 0s
build	Install Gradle 8.7	2025-09-15T00:23:32.4405375Z 112300K .......... .......... .......... .......... .......... 85%  289M 0s
build	Install Gradle 8.7	2025-09-15T00:23:32.4406291Z 112350K .......... .......... .......... .......... .......... 85%  316M 0s
build	Install Gradle 8.7	2025-09-15T00:23:32.4407370Z 112400K .......... .......... .......... .......... .......... 85%  306M 0s
build	Install Gradle 8.7	2025-09-15T00:23:32.4408758Z 112450K .......... .......... .......... .......... .......... 85%  375M 0s
build	Install Gradle 8.7	2025-09-15T00:23:32.4410247Z 112500K .......... .......... .......... .......... .......... 85%  365M 0s
build	Install Gradle 8.7	2025-09-15T00:23:32.4411633Z 112550K .......... .......... .......... .......... .......... 85%  331M 0s
build	Install Gradle 8.7	2025-09-15T00:23:32.4412860Z 112600K .......... .......... .......... .......... .......... 85%  285M 0s
build	Install Gradle 8.7	2025-09-15T00:23:32.4414632Z 112650K .......... .......... .......... .......... .......... 86%  334M 0s
build	Install Gradle 8.7	2025-09-15T00:23:32.4416269Z 112700K .......... .......... .......... .......... .......... 86%  256M 0s
build	Install Gradle 8.7	2025-09-15T00:23:32.4417822Z 112750K .......... .......... .......... .......... .......... 86%  339M 0s
build	Install Gradle 8.7	2025-09-15T00:23:32.4419309Z 112800K .......... .......... .......... .......... .......... 86%  319M 0s
build	Install Gradle 8.7	2025-09-15T00:23:32.4420591Z 112850K .......... .......... .......... .......... .......... 86%  336M 0s
build	Install Gradle 8.7	2025-09-15T00:23:32.4422232Z 112900K .......... .......... .......... .......... .......... 86%  341M 0s
build	Install Gradle 8.7	2025-09-15T00:23:32.4423833Z 112950K .......... .......... .......... .......... .......... 86%  321M 0s
build	Install Gradle 8.7	2025-09-15T00:23:32.4425210Z 113000K .......... .......... .......... .......... .......... 86%  329M 0s
build	Install Gradle 8.7	2025-09-15T00:23:32.4427466Z 113050K .......... .......... .......... .......... .......... 86%  307M 0s
build	Install Gradle 8.7	2025-09-15T00:23:32.4428586Z 113100K .......... .......... .......... .......... .......... 86%  261M 0s
build	Install Gradle 8.7	2025-09-15T00:23:32.4430776Z 113150K .......... .......... .......... .......... .......... 86%  324M 0s
build	Install Gradle 8.7	2025-09-15T00:23:32.4431174Z 113200K .......... .......... .......... .......... .......... 86%  407M 0s
build	Install Gradle 8.7	2025-09-15T00:23:32.4432879Z 113250K .......... .......... .......... .......... .......... 86%  341M 0s
build	Install Gradle 8.7	2025-09-15T00:23:32.4434432Z 113300K .......... .......... .......... .......... .......... 86%  373M 0s
build	Install Gradle 8.7	2025-09-15T00:23:32.4436382Z 113350K .......... .......... .......... .......... .......... 86%  279M 0s
build	Install Gradle 8.7	2025-09-15T00:23:32.4438657Z 113400K .......... .......... .......... .......... .......... 86%  367M 0s
build	Install Gradle 8.7	2025-09-15T00:23:32.4439129Z 113450K .......... .......... .......... .......... .......... 86%  384M 0s
build	Install Gradle 8.7	2025-09-15T00:23:32.4440655Z 113500K .......... .......... .......... .......... .......... 86%  254M 0s
build	Install Gradle 8.7	2025-09-15T00:23:32.4442550Z 113550K .......... .......... .......... .......... .......... 86%  282M 0s
build	Install Gradle 8.7	2025-09-15T00:23:32.4444920Z 113600K .......... .......... .......... .......... .......... 86%  191M 0s
build	Install Gradle 8.7	2025-09-15T00:23:32.4447248Z 113650K .......... .......... .......... .......... .......... 86%  277M 0s
build	Install Gradle 8.7	2025-09-15T00:23:32.4448014Z 113700K .......... .......... .......... .......... .......... 86%  348M 0s
build	Install Gradle 8.7	2025-09-15T00:23:32.4449927Z 113750K .......... .......... .......... .......... .......... 86%  275M 0s
build	Install Gradle 8.7	2025-09-15T00:23:32.4451603Z 113800K .......... .......... .......... .......... .......... 86%  317M 0s
build	Install Gradle 8.7	2025-09-15T00:23:32.4454654Z 113850K .......... .......... .......... .......... .......... 86%  326M 0s
build	Install Gradle 8.7	2025-09-15T00:23:32.4455051Z 113900K .......... .......... .......... .......... .......... 86%  307M 0s
build	Install Gradle 8.7	2025-09-15T00:23:32.4456073Z 113950K .......... .......... .......... .......... .......... 86%  324M 0s
build	Install Gradle 8.7	2025-09-15T00:23:32.4457885Z 114000K .......... .......... .......... .......... .......... 87%  305M 0s
build	Install Gradle 8.7	2025-09-15T00:23:32.4459818Z 114050K .......... .......... .......... .......... .......... 87%  329M 0s
build	Install Gradle 8.7	2025-09-15T00:23:32.4460646Z 114100K .......... .......... .......... .......... .......... 87%  408M 0s
build	Install Gradle 8.7	2025-09-15T00:23:32.4461746Z 114150K .......... .......... .......... .......... .......... 87%  300M 0s
build	Install Gradle 8.7	2025-09-15T00:23:32.4463709Z 114200K .......... .......... .......... .......... .......... 87%  288M 0s
build	Install Gradle 8.7	2025-09-15T00:23:32.4466323Z 114250K .......... .......... .......... .......... .......... 87%  245M 0s
build	Install Gradle 8.7	2025-09-15T00:23:32.4467416Z 114300K .......... .......... .......... .......... .......... 87%  261M 0s
build	Install Gradle 8.7	2025-09-15T00:23:32.4469842Z 114350K .......... .......... .......... .......... .......... 87%  306M 0s
build	Install Gradle 8.7	2025-09-15T00:23:32.4471235Z 114400K .......... .......... .......... .......... .......... 87%  283M 0s
build	Install Gradle 8.7	2025-09-15T00:23:32.4473272Z 114450K .......... .......... .......... .......... .......... 87%  318M 0s
build	Install Gradle 8.7	2025-09-15T00:23:32.4474388Z 114500K .......... .......... .......... .......... .......... 87%  224M 0s
build	Install Gradle 8.7	2025-09-15T00:23:32.4477261Z 114550K .......... .......... .......... .......... .......... 87%  274M 0s
build	Install Gradle 8.7	2025-09-15T00:23:32.4477941Z 114600K .......... .......... .......... .......... .......... 87%  293M 0s
build	Install Gradle 8.7	2025-09-15T00:23:32.4480922Z 114650K .......... .......... .......... .......... .......... 87%  302M 0s
build	Install Gradle 8.7	2025-09-15T00:23:32.4481312Z 114700K .......... .......... .......... .......... .......... 87%  291M 0s
build	Install Gradle 8.7	2025-09-15T00:23:32.4483486Z 114750K .......... .......... .......... .......... .......... 87%  298M 0s
build	Install Gradle 8.7	2025-09-15T00:23:32.4484573Z 114800K .......... .......... .......... .......... .......... 87%  293M 0s
build	Install Gradle 8.7	2025-09-15T00:23:32.4486974Z 114850K .......... .......... .......... .......... .......... 87%  263M 0s
build	Install Gradle 8.7	2025-09-15T00:23:32.4488745Z 114900K .......... .......... .......... .......... .......... 87%  229M 0s
build	Install Gradle 8.7	2025-09-15T00:23:32.4490698Z 114950K .......... .......... .......... .......... .......... 87%  305M 0s
build	Install Gradle 8.7	2025-09-15T00:23:32.4491518Z 115000K .......... .......... .......... .......... .......... 87%  300M 0s
build	Install Gradle 8.7	2025-09-15T00:23:32.4493156Z 115050K .......... .......... .......... .......... .......... 87%  318M 0s
build	Install Gradle 8.7	2025-09-15T00:23:32.4494779Z 115100K .......... .......... .......... .......... .......... 87%  332M 0s
build	Install Gradle 8.7	2025-09-15T00:23:32.4496369Z 115150K .......... .......... .......... .......... .......... 87%  293M 0s
build	Install Gradle 8.7	2025-09-15T00:23:32.4497957Z 115200K .......... .......... .......... .......... .......... 87%  319M 0s
build	Install Gradle 8.7	2025-09-15T00:23:32.4499953Z 115250K .......... .......... .......... .......... .......... 87%  322M 0s
build	Install Gradle 8.7	2025-09-15T00:23:32.4501449Z 115300K .......... .......... .......... .......... .......... 88%  232M 0s
build	Install Gradle 8.7	2025-09-15T00:23:32.4502819Z 115350K .......... .......... .......... .......... .......... 88%  328M 0s
build	Install Gradle 8.7	2025-09-15T00:23:32.4504517Z 115400K .......... .......... .......... .......... .......... 88%  341M 0s
build	Install Gradle 8.7	2025-09-15T00:23:32.4506162Z 115450K .......... .......... .......... .......... .......... 88%  275M 0s
build	Install Gradle 8.7	2025-09-15T00:23:32.4507630Z 115500K .......... .......... .......... .......... .......... 88%  330M 0s
build	Install Gradle 8.7	2025-09-15T00:23:32.4509171Z 115550K .......... .......... .......... .......... .......... 88%  320M 0s
build	Install Gradle 8.7	2025-09-15T00:23:32.4510667Z 115600K .......... .......... .......... .......... .......... 88%  326M 0s
build	Install Gradle 8.7	2025-09-15T00:23:32.4514023Z 115650K .......... .......... .......... .......... .......... 88%  329M 0s
build	Install Gradle 8.7	2025-09-15T00:23:32.4514589Z 115700K .......... .......... .......... .......... .......... 88%  243M 0s
build	Install Gradle 8.7	2025-09-15T00:23:32.4516976Z 115750K .......... .......... .......... .......... .......... 88%  285M 0s
build	Install Gradle 8.7	2025-09-15T00:23:32.4517366Z 115800K .......... .......... .......... .......... .......... 88%  358M 0s
build	Install Gradle 8.7	2025-09-15T00:23:32.4519332Z 115850K .......... .......... .......... .......... .......... 88%  319M 0s
build	Install Gradle 8.7	2025-09-15T00:23:32.4521732Z 115900K .......... .......... .......... .......... .......... 88%  238M 0s
build	Install Gradle 8.7	2025-09-15T00:23:32.4522188Z 115950K .......... .......... .......... .......... .......... 88%  333M 0s
build	Install Gradle 8.7	2025-09-15T00:23:32.4523915Z 116000K .......... .......... .......... .......... .......... 88%  311M 0s
build	Install Gradle 8.7	2025-09-15T00:23:32.4526736Z 116050K .......... .......... .......... .......... .......... 88%  253M 0s
build	Install Gradle 8.7	2025-09-15T00:23:32.4527619Z 116100K .......... .......... .......... .......... .......... 88%  252M 0s
build	Install Gradle 8.7	2025-09-15T00:23:32.4529220Z 116150K .......... .......... .......... .......... .......... 88%  331M 0s
build	Install Gradle 8.7	2025-09-15T00:23:32.4530712Z 116200K .......... .......... .......... .......... .......... 88%  326M 0s
build	Install Gradle 8.7	2025-09-15T00:23:32.4532199Z 116250K .......... .......... .......... .......... .......... 88%  326M 0s
build	Install Gradle 8.7	2025-09-15T00:23:32.4533752Z 116300K .......... .......... .......... .......... .......... 88%  322M 0s
build	Install Gradle 8.7	2025-09-15T00:23:32.4535948Z 116350K .......... .......... .......... .......... .......... 88%  299M 0s
build	Install Gradle 8.7	2025-09-15T00:23:32.4537296Z 116400K .......... .......... .......... .......... .......... 88%  233M 0s
build	Install Gradle 8.7	2025-09-15T00:23:32.4538908Z 116450K .......... .......... .......... .......... .......... 88%  329M 0s
build	Install Gradle 8.7	2025-09-15T00:23:32.4540361Z 116500K .......... .......... .......... .......... .......... 88%  331M 0s
build	Install Gradle 8.7	2025-09-15T00:23:32.4541880Z 116550K .......... .......... .......... .......... .......... 88%  322M 0s
build	Install Gradle 8.7	2025-09-15T00:23:32.4543383Z 116600K .......... .......... .......... .......... .......... 89%  334M 0s
build	Install Gradle 8.7	2025-09-15T00:23:32.4545102Z 116650K .......... .......... .......... .......... .......... 89%  327M 0s
build	Install Gradle 8.7	2025-09-15T00:23:32.4546721Z 116700K .......... .......... .......... .......... .......... 89%  271M 0s
build	Install Gradle 8.7	2025-09-15T00:23:32.4548771Z 116750K .......... .......... .......... .......... .......... 89%  320M 0s
build	Install Gradle 8.7	2025-09-15T00:23:32.4550183Z 116800K .......... .......... .......... .......... .......... 89%  242M 0s
build	Install Gradle 8.7	2025-09-15T00:23:32.4551691Z 116850K .......... .......... .......... .......... .......... 89%  329M 0s
build	Install Gradle 8.7	2025-09-15T00:23:32.4553139Z 116900K .......... .......... .......... .......... .......... 89%  331M 0s
build	Install Gradle 8.7	2025-09-15T00:23:32.4554722Z 116950K .......... .......... .......... .......... .......... 89%  334M 0s
build	Install Gradle 8.7	2025-09-15T00:23:32.4556639Z 117000K .......... .......... .......... .......... .......... 89%  296M 0s
build	Install Gradle 8.7	2025-09-15T00:23:32.4558166Z 117050K .......... .......... .......... .......... .......... 89%  280M 0s
build	Install Gradle 8.7	2025-09-15T00:23:32.4560010Z 117100K .......... .......... .......... .......... .......... 89%  317M 0s
build	Install Gradle 8.7	2025-09-15T00:23:32.4561598Z 117150K .......... .......... .......... .......... .......... 89%  309M 0s
build	Install Gradle 8.7	2025-09-15T00:23:32.4563041Z 117200K .......... .......... .......... .......... .......... 89%  236M 0s
build	Install Gradle 8.7	2025-09-15T00:23:32.4564759Z 117250K .......... .......... .......... .......... .......... 89%  325M 0s
build	Install Gradle 8.7	2025-09-15T00:23:32.4566364Z 117300K .......... .......... .......... .......... .......... 89%  275M 0s
build	Install Gradle 8.7	2025-09-15T00:23:32.4567934Z 117350K .......... .......... .......... .......... .......... 89%  318M 0s
build	Install Gradle 8.7	2025-09-15T00:23:32.4619472Z 117400K .......... .......... .......... .......... .......... 89% 9.66M 0s
build	Install Gradle 8.7	2025-09-15T00:23:32.4620331Z 117450K .......... .......... .......... .......... .......... 89%  289M 0s
build	Install Gradle 8.7	2025-09-15T00:23:32.4622089Z 117500K .......... .......... .......... .......... .......... 89%  311M 0s
build	Install Gradle 8.7	2025-09-15T00:23:32.4626363Z 117550K .......... .......... .......... .......... .......... 89%  265M 0s
build	Install Gradle 8.7	2025-09-15T00:23:32.4627582Z 117600K .......... .......... .......... .......... .......... 89%  269M 0s
build	Install Gradle 8.7	2025-09-15T00:23:32.4628103Z 117650K .......... .......... .......... .......... .......... 89%  285M 0s
build	Install Gradle 8.7	2025-09-15T00:23:32.4630096Z 117700K .......... .......... .......... .......... .......... 89%  175M 0s
build	Install Gradle 8.7	2025-09-15T00:23:32.4632408Z 117750K .......... .......... .......... .......... .......... 89%  240M 0s
build	Install Gradle 8.7	2025-09-15T00:23:32.4634549Z 117800K .......... .......... .......... .......... .......... 89%  225M 0s
build	Install Gradle 8.7	2025-09-15T00:23:32.4637218Z 117850K .......... .......... .......... .......... .......... 89%  210M 0s
build	Install Gradle 8.7	2025-09-15T00:23:32.4638886Z 117900K .......... .......... .......... .......... .......... 90%  224M 0s
build	Install Gradle 8.7	2025-09-15T00:23:32.4640944Z 117950K .......... .......... .......... .......... .......... 90%  273M 0s
build	Install Gradle 8.7	2025-09-15T00:23:32.4643143Z 118000K .......... .......... .......... .......... .......... 90%  258M 0s
build	Install Gradle 8.7	2025-09-15T00:23:32.4644867Z 118050K .......... .......... .......... .......... .......... 90%  284M 0s
build	Install Gradle 8.7	2025-09-15T00:23:32.4646420Z 118100K .......... .......... .......... .......... .......... 90%  244M 0s
build	Install Gradle 8.7	2025-09-15T00:23:32.4649156Z 118150K .......... .......... .......... .......... .......... 90%  237M 0s
build	Install Gradle 8.7	2025-09-15T00:23:32.4651384Z 118200K .......... .......... .......... .......... .......... 90%  183M 0s
build	Install Gradle 8.7	2025-09-15T00:23:32.4654876Z 118250K .......... .......... .......... .......... .......... 90%  242M 0s
build	Install Gradle 8.7	2025-09-15T00:23:32.4655279Z 118300K .......... .......... .......... .......... .......... 90%  275M 0s
build	Install Gradle 8.7	2025-09-15T00:23:32.4656883Z 118350K .......... .......... .......... .......... .......... 90%  218M 0s
build	Install Gradle 8.7	2025-09-15T00:23:32.4658737Z 118400K .......... .......... .......... .......... .......... 90%  277M 0s
build	Install Gradle 8.7	2025-09-15T00:23:32.4661191Z 118450K .......... .......... .......... .......... .......... 90%  292M 0s
build	Install Gradle 8.7	2025-09-15T00:23:32.4662446Z 118500K .......... .......... .......... .......... .......... 90%  245M 0s
build	Install Gradle 8.7	2025-09-15T00:23:32.4666350Z 118550K .......... .......... .......... .......... .......... 90%  254M 0s
build	Install Gradle 8.7	2025-09-15T00:23:32.4667025Z 118600K .......... .......... .......... .......... .......... 90%  256M 0s
build	Install Gradle 8.7	2025-09-15T00:23:32.4668803Z 118650K .......... .......... .......... .......... .......... 90%  264M 0s
build	Install Gradle 8.7	2025-09-15T00:23:32.4670982Z 118700K .......... .......... .......... .......... .......... 90%  174M 0s
build	Install Gradle 8.7	2025-09-15T00:23:32.4674043Z 118750K .......... .......... .......... .......... .......... 90%  266M 0s
build	Install Gradle 8.7	2025-09-15T00:23:32.4676250Z 118800K .......... .......... .......... .......... .......... 90%  317M 0s
build	Install Gradle 8.7	2025-09-15T00:23:32.4676657Z 118850K .......... .......... .......... .......... .......... 90%  223M 0s
build	Install Gradle 8.7	2025-09-15T00:23:32.4679191Z 118900K .......... .......... .......... .......... .......... 90%  251M 0s
build	Install Gradle 8.7	2025-09-15T00:23:32.4680215Z 118950K .......... .......... .......... .......... .......... 90%  257M 0s
build	Install Gradle 8.7	2025-09-15T00:23:32.4682371Z 119000K .......... .......... .......... .......... .......... 90%  288M 0s
build	Install Gradle 8.7	2025-09-15T00:23:32.4685597Z 119050K .......... .......... .......... .......... .......... 90%  249M 0s
build	Install Gradle 8.7	2025-09-15T00:23:32.4687520Z 119100K .......... .......... .......... .......... .......... 90%  185M 0s
build	Install Gradle 8.7	2025-09-15T00:23:32.4688168Z 119150K .......... .......... .......... .......... .......... 90%  282M 0s
build	Install Gradle 8.7	2025-09-15T00:23:32.4690235Z 119200K .......... .......... .......... .......... .......... 91%  317M 0s
build	Install Gradle 8.7	2025-09-15T00:23:32.4691788Z 119250K .......... .......... .......... .......... .......... 91%  313M 0s
build	Install Gradle 8.7	2025-09-15T00:23:32.4693218Z 119300K .......... .......... .......... .......... .......... 91%  271M 0s
build	Install Gradle 8.7	2025-09-15T00:23:32.4694847Z 119350K .......... .......... .......... .......... .......... 91%  289M 0s
build	Install Gradle 8.7	2025-09-15T00:23:32.4696498Z 119400K .......... .......... .......... .......... .......... 91%  286M 0s
build	Install Gradle 8.7	2025-09-15T00:23:32.4698189Z 119450K .......... .......... .......... .......... .......... 91%  368M 0s
build	Install Gradle 8.7	2025-09-15T00:23:32.4699564Z 119500K .......... .......... .......... .......... .......... 91%  278M 0s
build	Install Gradle 8.7	2025-09-15T00:23:32.4700894Z 119550K .......... .......... .......... .......... .......... 91%  364M 0s
build	Install Gradle 8.7	2025-09-15T00:23:32.4702249Z 119600K .......... .......... .......... .......... .......... 91%  363M 0s
build	Install Gradle 8.7	2025-09-15T00:23:32.4703969Z 119650K .......... .......... .......... .......... .......... 91%  352M 0s
build	Install Gradle 8.7	2025-09-15T00:23:32.4705516Z 119700K .......... .......... .......... .......... .......... 91%  375M 0s
build	Install Gradle 8.7	2025-09-15T00:23:32.4707648Z 119750K .......... .......... .......... .......... .......... 91%  274M 0s
build	Install Gradle 8.7	2025-09-15T00:23:32.4708120Z 119800K .......... .......... .......... .......... .......... 91%  342M 0s
build	Install Gradle 8.7	2025-09-15T00:23:32.4710224Z 119850K .......... .......... .......... .......... .......... 91%  326M 0s
build	Install Gradle 8.7	2025-09-15T00:23:32.4711378Z 119900K .......... .......... .......... .......... .......... 91%  260M 0s
build	Install Gradle 8.7	2025-09-15T00:23:32.4725662Z 119950K .......... .......... .......... .......... .......... 91% 35.2M 0s
build	Install Gradle 8.7	2025-09-15T00:23:32.4727243Z 120000K .......... .......... .......... .......... .......... 91%  270M 0s
build	Install Gradle 8.7	2025-09-15T00:23:32.4728675Z 120050K .......... .......... .......... .......... .......... 91%  342M 0s
build	Install Gradle 8.7	2025-09-15T00:23:32.4730075Z 120100K .......... .......... .......... .......... .......... 91%  358M 0s
build	Install Gradle 8.7	2025-09-15T00:23:32.4741547Z 120150K .......... .......... .......... .......... .......... 91% 48.6M 0s
build	Install Gradle 8.7	2025-09-15T00:23:32.4742865Z 120200K .......... .......... .......... .......... .......... 91%  222M 0s
build	Install Gradle 8.7	2025-09-15T00:23:32.4743959Z 120250K .......... .......... .......... .......... .......... 91%  379M 0s
build	Install Gradle 8.7	2025-09-15T00:23:32.4746272Z 120300K .......... .......... .......... .......... .......... 91%  179M 0s
build	Install Gradle 8.7	2025-09-15T00:23:32.4749041Z 120350K .......... .......... .......... .......... .......... 91%  172M 0s
build	Install Gradle 8.7	2025-09-15T00:23:32.4760308Z 120400K .......... .......... .......... .......... .......... 91% 48.1M 0s
build	Install Gradle 8.7	2025-09-15T00:23:32.4761290Z 120450K .......... .......... .......... .......... .......... 91%  235M 0s
build	Install Gradle 8.7	2025-09-15T00:23:32.4763919Z 120500K .......... .......... .......... .......... .......... 91%  215M 0s
build	Install Gradle 8.7	2025-09-15T00:23:32.4765965Z 120550K .......... .......... .......... .......... .......... 92%  245M 0s
build	Install Gradle 8.7	2025-09-15T00:23:32.4768666Z 120600K .......... .......... .......... .......... .......... 92%  283M 0s
build	Install Gradle 8.7	2025-09-15T00:23:32.4769084Z 120650K .......... .......... .......... .......... .......... 92%  306M 0s
build	Install Gradle 8.7	2025-09-15T00:23:32.4770706Z 120700K .......... .......... .......... .......... .......... 92%  286M 0s
build	Install Gradle 8.7	2025-09-15T00:23:32.4772209Z 120750K .......... .......... .......... .......... .......... 92%  330M 0s
build	Install Gradle 8.7	2025-09-15T00:23:32.4777077Z 120800K .......... .......... .......... .......... .......... 92%  100M 0s
build	Install Gradle 8.7	2025-09-15T00:23:32.4778436Z 120850K .......... .......... .......... .......... .......... 92%  334M 0s
build	Install Gradle 8.7	2025-09-15T00:23:32.4786053Z 120900K .......... .......... .......... .......... .......... 92% 76.9M 0s
build	Install Gradle 8.7	2025-09-15T00:23:32.4787637Z 120950K .......... .......... .......... .......... .......... 92%  209M 0s
build	Install Gradle 8.7	2025-09-15T00:23:32.4789098Z 121000K .......... .......... .......... .......... .......... 92%  252M 0s
build	Install Gradle 8.7	2025-09-15T00:23:32.4790783Z 121050K .......... .......... .......... .......... .......... 92%  282M 0s
build	Install Gradle 8.7	2025-09-15T00:23:32.4798071Z 121100K .......... .......... .......... .......... .......... 92% 78.2M 0s
build	Install Gradle 8.7	2025-09-15T00:23:32.4798814Z 121150K .......... .......... .......... .......... .......... 92%  261M 0s
build	Install Gradle 8.7	2025-09-15T00:23:32.4800609Z 121200K .......... .......... .......... .......... .......... 92%  305M 0s
build	Install Gradle 8.7	2025-09-15T00:23:32.4801980Z 121250K .......... .......... .......... .......... .......... 92%  339M 0s
build	Install Gradle 8.7	2025-09-15T00:23:32.4806350Z 121300K .......... .......... .......... .......... .......... 92%  119M 0s
build	Install Gradle 8.7	2025-09-15T00:23:32.4808479Z 121350K .......... .......... .......... .......... .......... 92%  269M 0s
build	Install Gradle 8.7	2025-09-15T00:23:32.4810379Z 121400K .......... .......... .......... .......... .......... 92%  221M 0s
build	Install Gradle 8.7	2025-09-15T00:23:32.4812067Z 121450K .......... .......... .......... .......... .......... 92%  307M 0s
build	Install Gradle 8.7	2025-09-15T00:23:32.4813126Z 121500K .......... .......... .......... .......... .......... 92%  320M 0s
build	Install Gradle 8.7	2025-09-15T00:23:32.4817270Z 121550K .......... .......... .......... .......... .......... 92%  134M 0s
build	Install Gradle 8.7	2025-09-15T00:23:32.4818320Z 121600K .......... .......... .......... .......... .......... 92%  326M 0s
build	Install Gradle 8.7	2025-09-15T00:23:32.4819884Z 121650K .......... .......... .......... .......... .......... 92%  326M 0s
build	Install Gradle 8.7	2025-09-15T00:23:32.4821215Z 121700K .......... .......... .......... .......... .......... 92%  352M 0s
build	Install Gradle 8.7	2025-09-15T00:23:32.4825907Z 121750K .......... .......... .......... .......... .......... 92%  120M 0s
build	Install Gradle 8.7	2025-09-15T00:23:32.4826934Z 121800K .......... .......... .......... .......... .......... 92%  280M 0s
build	Install Gradle 8.7	2025-09-15T00:23:32.4828790Z 121850K .......... .......... .......... .......... .......... 93%  303M 0s
build	Install Gradle 8.7	2025-09-15T00:23:32.4831525Z 121900K .......... .......... .......... .......... .......... 93%  253M 0s
build	Install Gradle 8.7	2025-09-15T00:23:32.4832684Z 121950K .......... .......... .......... .......... .......... 93%  232M 0s
build	Install Gradle 8.7	2025-09-15T00:23:32.4834410Z 122000K .......... .......... .......... .......... .......... 93%  323M 0s
build	Install Gradle 8.7	2025-09-15T00:23:32.4837769Z 122050K .......... .......... .......... .......... .......... 93%  144M 0s
build	Install Gradle 8.7	2025-09-15T00:23:32.4839183Z 122100K .......... .......... .......... .......... .......... 93%  318M 0s
build	Install Gradle 8.7	2025-09-15T00:23:32.4844670Z 122150K .......... .......... .......... .......... .......... 93%  123M 0s
build	Install Gradle 8.7	2025-09-15T00:23:32.4845351Z 122200K .......... .......... .......... .......... .......... 93%  215M 0s
build	Install Gradle 8.7	2025-09-15T00:23:32.4847552Z 122250K .......... .......... .......... .......... .......... 93%  321M 0s
build	Install Gradle 8.7	2025-09-15T00:23:32.4849043Z 122300K .......... .......... .......... .......... .......... 93%  300M 0s
build	Install Gradle 8.7	2025-09-15T00:23:32.4850370Z 122350K .......... .......... .......... .......... .......... 93%  314M 0s
build	Install Gradle 8.7	2025-09-15T00:23:32.4852265Z 122400K .......... .......... .......... .......... .......... 93%  330M 0s
build	Install Gradle 8.7	2025-09-15T00:23:32.4853255Z 122450K .......... .......... .......... .......... .......... 93%  304M 0s
build	Install Gradle 8.7	2025-09-15T00:23:32.4855961Z 122500K .......... .......... .......... .......... .......... 93%  268M 0s
build	Install Gradle 8.7	2025-09-15T00:23:32.4857811Z 122550K .......... .......... .......... .......... .......... 93%  265M 0s
build	Install Gradle 8.7	2025-09-15T00:23:32.4858621Z 122600K .......... .......... .......... .......... .......... 93%  267M 0s
build	Install Gradle 8.7	2025-09-15T00:23:32.4861157Z 122650K .......... .......... .......... .......... .......... 93%  303M 0s
build	Install Gradle 8.7	2025-09-15T00:23:32.4861737Z 122700K .......... .......... .......... .......... .......... 93%  322M 0s
build	Install Gradle 8.7	2025-09-15T00:23:32.4863530Z 122750K .......... .......... .......... .......... .......... 93%  327M 0s
build	Install Gradle 8.7	2025-09-15T00:23:32.4865391Z 122800K .......... .......... .......... .......... .......... 93%  255M 0s
build	Install Gradle 8.7	2025-09-15T00:23:32.4927390Z 122850K .......... .......... .......... .......... .......... 93% 7.89M 0s
build	Install Gradle 8.7	2025-09-15T00:23:32.4929283Z 122900K .......... .......... .......... .......... .......... 93%  252M 0s
build	Install Gradle 8.7	2025-09-15T00:23:32.4931686Z 122950K .......... .......... .......... .......... .......... 93%  257M 0s
build	Install Gradle 8.7	2025-09-15T00:23:32.4933407Z 123000K .......... .......... .......... .......... .......... 93%  240M 0s
build	Install Gradle 8.7	2025-09-15T00:23:32.4935651Z 123050K .......... .......... .......... .......... .......... 93%  182M 0s
build	Install Gradle 8.7	2025-09-15T00:23:32.4938134Z 123100K .......... .......... .......... .......... .......... 93%  318M 0s
build	Install Gradle 8.7	2025-09-15T00:23:32.4939364Z 123150K .......... .......... .......... .......... .......... 94%  323M 0s
build	Install Gradle 8.7	2025-09-15T00:23:32.4941198Z 123200K .......... .......... .......... .......... .......... 94%  302M 0s
build	Install Gradle 8.7	2025-09-15T00:23:32.4941663Z 123250K .......... .......... .......... .......... .......... 94%  363M 0s
build	Install Gradle 8.7	2025-09-15T00:23:32.4943877Z 123300K .......... .......... .......... .......... .......... 94%  315M 0s
build	Install Gradle 8.7	2025-09-15T00:23:32.4945672Z 123350K .......... .......... .......... .......... .......... 94%  320M 0s
build	Install Gradle 8.7	2025-09-15T00:23:32.4947175Z 123400K .......... .......... .......... .......... .......... 94%  266M 0s
build	Install Gradle 8.7	2025-09-15T00:23:32.4948970Z 123450K .......... .......... .......... .......... .......... 94%  234M 0s
build	Install Gradle 8.7	2025-09-15T00:23:32.4950293Z 123500K .......... .......... .......... .......... .......... 94%  311M 0s
build	Install Gradle 8.7	2025-09-15T00:23:32.4951671Z 123550K .......... .......... .......... .......... .......... 94%  317M 0s
build	Install Gradle 8.7	2025-09-15T00:23:32.4953190Z 123600K .......... .......... .......... .......... .......... 94%  333M 0s
build	Install Gradle 8.7	2025-09-15T00:23:32.4955725Z 123650K .......... .......... .......... .......... .......... 94%  320M 0s
build	Install Gradle 8.7	2025-09-15T00:23:32.4957249Z 123700K .......... .......... .......... .......... .......... 94%  260M 0s
build	Install Gradle 8.7	2025-09-15T00:23:32.4958491Z 123750K .......... .......... .......... .......... .......... 94%  311M 0s
build	Install Gradle 8.7	2025-09-15T00:23:32.4960548Z 123800K .......... .......... .......... .......... .......... 94%  282M 0s
build	Install Gradle 8.7	2025-09-15T00:23:32.4963048Z 123850K .......... .......... .......... .......... .......... 94%  226M 0s
build	Install Gradle 8.7	2025-09-15T00:23:32.4964577Z 123900K .......... .......... .......... .......... .......... 94%  292M 0s
build	Install Gradle 8.7	2025-09-15T00:23:32.4965616Z 123950K .......... .......... .......... .......... .......... 94%  264M 0s
build	Install Gradle 8.7	2025-09-15T00:23:32.4967244Z 124000K .......... .......... .......... .......... .......... 94%  326M 0s
build	Install Gradle 8.7	2025-09-15T00:23:32.4970422Z 124050K .......... .......... .......... .......... .......... 94%  305M 0s
build	Install Gradle 8.7	2025-09-15T00:23:32.4970793Z 124100K .......... .......... .......... .......... .......... 94%  339M 0s
build	Install Gradle 8.7	2025-09-15T00:23:32.4971753Z 124150K .......... .......... .......... .......... .......... 94%  302M 0s
build	Install Gradle 8.7	2025-09-15T00:23:32.4973237Z 124200K .......... .......... .......... .......... .......... 94%  336M 0s
build	Install Gradle 8.7	2025-09-15T00:23:32.4975445Z 124250K .......... .......... .......... .......... .......... 94%  236M 0s
build	Install Gradle 8.7	2025-09-15T00:23:32.4977162Z 124300K .......... .......... .......... .......... .......... 94%  306M 0s
build	Install Gradle 8.7	2025-09-15T00:23:32.4979652Z 124350K .......... .......... .......... .......... .......... 94%  301M 0s
build	Install Gradle 8.7	2025-09-15T00:23:32.4980040Z 124400K .......... .......... .......... .......... .......... 94%  312M 0s
build	Install Gradle 8.7	2025-09-15T00:23:32.4982251Z 124450K .......... .......... .......... .......... .......... 95%  341M 0s
build	Install Gradle 8.7	2025-09-15T00:23:32.4983347Z 124500K .......... .......... .......... .......... .......... 95%  246M 0s
build	Install Gradle 8.7	2025-09-15T00:23:32.4985614Z 124550K .......... .......... .......... .......... .......... 95%  339M 0s
build	Install Gradle 8.7	2025-09-15T00:23:32.4986653Z 124600K .......... .......... .......... .......... .......... 95%  325M 0s
build	Install Gradle 8.7	2025-09-15T00:23:32.4989178Z 124650K .......... .......... .......... .......... .......... 95%  298M 0s
build	Install Gradle 8.7	2025-09-15T00:23:32.4990299Z 124700K .......... .......... .......... .......... .......... 95%  347M 0s
build	Install Gradle 8.7	2025-09-15T00:23:32.4992313Z 124750K .......... .......... .......... .......... .......... 95%  258M 0s
build	Install Gradle 8.7	2025-09-15T00:23:32.4992773Z 124800K .......... .......... .......... .......... .......... 95%  335M 0s
build	Install Gradle 8.7	2025-09-15T00:23:32.4994575Z 124850K .......... .......... .......... .......... .......... 95%  329M 0s
build	Install Gradle 8.7	2025-09-15T00:23:32.4996368Z 124900K .......... .......... .......... .......... .......... 95%  256M 0s
build	Install Gradle 8.7	2025-09-15T00:23:32.4998031Z 124950K .......... .......... .......... .......... .......... 95%  298M 0s
build	Install Gradle 8.7	2025-09-15T00:23:32.4999910Z 125000K .......... .......... .......... .......... .......... 95%  342M 0s
build	Install Gradle 8.7	2025-09-15T00:23:32.5001126Z 125050K .......... .......... .......... .......... .......... 95%  330M 0s
build	Install Gradle 8.7	2025-09-15T00:23:32.5002310Z 125100K .......... .......... .......... .......... .......... 95%  310M 0s
build	Install Gradle 8.7	2025-09-15T00:23:32.5005065Z 125150K .......... .......... .......... .......... .......... 95%  244M 0s
build	Install Gradle 8.7	2025-09-15T00:23:32.5007249Z 125200K .......... .......... .......... .......... .......... 95%  293M 0s
build	Install Gradle 8.7	2025-09-15T00:23:32.5008214Z 125250K .......... .......... .......... .......... .......... 95%  319M 0s
build	Install Gradle 8.7	2025-09-15T00:23:32.5009853Z 125300K .......... .......... .......... .......... .......... 95%  292M 0s
build	Install Gradle 8.7	2025-09-15T00:23:32.5011212Z 125350K .......... .......... .......... .......... .......... 95%  351M 0s
build	Install Gradle 8.7	2025-09-15T00:23:32.5012157Z 125400K .......... .......... .......... .......... .......... 95%  310M 0s
build	Install Gradle 8.7	2025-09-15T00:23:32.5013734Z 125450K .......... .......... .......... .......... .......... 95%  342M 0s
build	Install Gradle 8.7	2025-09-15T00:23:32.5016024Z 125500K .......... .......... .......... .......... .......... 95%  231M 0s
build	Install Gradle 8.7	2025-09-15T00:23:32.5018167Z 125550K .......... .......... .......... .......... .......... 95%  307M 0s
build	Install Gradle 8.7	2025-09-15T00:23:32.5019438Z 125600K .......... .......... .......... .......... .......... 95%  292M 0s
build	Install Gradle 8.7	2025-09-15T00:23:32.5020771Z 125650K .......... .......... .......... .......... .......... 95%  292M 0s
build	Install Gradle 8.7	2025-09-15T00:23:32.5022468Z 125700K .......... .......... .......... .......... .......... 95%  331M 0s
build	Install Gradle 8.7	2025-09-15T00:23:32.5024503Z 125750K .......... .......... .......... .......... .......... 96%  229M 0s
build	Install Gradle 8.7	2025-09-15T00:23:32.5026061Z 125800K .......... .......... .......... .......... .......... 96%  280M 0s
build	Install Gradle 8.7	2025-09-15T00:23:32.5027773Z 125850K .......... .......... .......... .......... .......... 96%  344M 0s
build	Install Gradle 8.7	2025-09-15T00:23:32.5029451Z 125900K .......... .......... .......... .......... .......... 96%  328M 0s
build	Install Gradle 8.7	2025-09-15T00:23:32.5030911Z 125950K .......... .......... .......... .......... .......... 96%  317M 0s
build	Install Gradle 8.7	2025-09-15T00:23:32.5032640Z 126000K .......... .......... .......... .......... .......... 96%  300M 0s
build	Install Gradle 8.7	2025-09-15T00:23:32.5034049Z 126050K .......... .......... .......... .......... .......... 96%  251M 0s
build	Install Gradle 8.7	2025-09-15T00:23:32.5036024Z 126100K .......... .......... .......... .......... .......... 96%  290M 0s
build	Install Gradle 8.7	2025-09-15T00:23:32.5037597Z 126150K .......... .......... .......... .......... .......... 96%  327M 0s
build	Install Gradle 8.7	2025-09-15T00:23:32.5038954Z 126200K .......... .......... .......... .......... .......... 96%  294M 0s
build	Install Gradle 8.7	2025-09-15T00:23:32.5041622Z 126250K .......... .......... .......... .......... .......... 96%  307M 0s
build	Install Gradle 8.7	2025-09-15T00:23:32.5042646Z 126300K .......... .......... .......... .......... .......... 96%  272M 0s
build	Install Gradle 8.7	2025-09-15T00:23:32.5045159Z 126350K .......... .......... .......... .......... .......... 96%  310M 0s
build	Install Gradle 8.7	2025-09-15T00:23:32.5046391Z 126400K .......... .......... .......... .......... .......... 96%  222M 0s
build	Install Gradle 8.7	2025-09-15T00:23:32.5048529Z 126450K .......... .......... .......... .......... .......... 96%  292M 0s
build	Install Gradle 8.7	2025-09-15T00:23:32.5050671Z 126500K .......... .......... .......... .......... .......... 96%  232M 0s
build	Install Gradle 8.7	2025-09-15T00:23:32.5051326Z 126550K .......... .......... .......... .......... .......... 96%  312M 0s
build	Install Gradle 8.7	2025-09-15T00:23:32.5052875Z 126600K .......... .......... .......... .......... .......... 96%  342M 0s
build	Install Gradle 8.7	2025-09-15T00:23:32.5054612Z 126650K .......... .......... .......... .......... .......... 96%  333M 0s
build	Install Gradle 8.7	2025-09-15T00:23:32.5056151Z 126700K .......... .......... .......... .......... .......... 96%  266M 0s
build	Install Gradle 8.7	2025-09-15T00:23:32.5057616Z 126750K .......... .......... .......... .......... .......... 96%  331M 0s
build	Install Gradle 8.7	2025-09-15T00:23:32.5059103Z 126800K .......... .......... .......... .......... .......... 96%  339M 0s
build	Install Gradle 8.7	2025-09-15T00:23:32.5061074Z 126850K .......... .......... .......... .......... .......... 96%  328M 0s
build	Install Gradle 8.7	2025-09-15T00:23:32.5062506Z 126900K .......... .......... .......... .......... .......... 96%  249M 0s
build	Install Gradle 8.7	2025-09-15T00:23:32.5065099Z 126950K .......... .......... .......... .......... .......... 96%  336M 0s
build	Install Gradle 8.7	2025-09-15T00:23:32.5065816Z 127000K .......... .......... .......... .......... .......... 96%  257M 0s
build	Install Gradle 8.7	2025-09-15T00:23:32.5067342Z 127050K .......... .......... .......... .......... .......... 96%  316M 0s
build	Install Gradle 8.7	2025-09-15T00:23:32.5069020Z 127100K .......... .......... .......... .......... .......... 97%  307M 0s
build	Install Gradle 8.7	2025-09-15T00:23:32.5070616Z 127150K .......... .......... .......... .......... .......... 97%  313M 0s
build	Install Gradle 8.7	2025-09-15T00:23:32.5072211Z 127200K .......... .......... .......... .......... .......... 97%  332M 0s
build	Install Gradle 8.7	2025-09-15T00:23:32.5074298Z 127250K .......... .......... .......... .......... .......... 97%  259M 0s
build	Install Gradle 8.7	2025-09-15T00:23:32.5076195Z 127300K .......... .......... .......... .......... .......... 97%  289M 0s
build	Install Gradle 8.7	2025-09-15T00:23:32.5077745Z 127350K .......... .......... .......... .......... .......... 97%  311M 0s
build	Install Gradle 8.7	2025-09-15T00:23:32.5078822Z 127400K .......... .......... .......... .......... .......... 97%  289M 0s
build	Install Gradle 8.7	2025-09-15T00:23:32.5080401Z 127450K .......... .......... .......... .......... .......... 97%  340M 0s
build	Install Gradle 8.7	2025-09-15T00:23:32.5082058Z 127500K .......... .......... .......... .......... .......... 97%  276M 0s
build	Install Gradle 8.7	2025-09-15T00:23:32.5083535Z 127550K .......... .......... .......... .......... .......... 97%  335M 0s
build	Install Gradle 8.7	2025-09-15T00:23:32.5085265Z 127600K .......... .......... .......... .......... .......... 97%  339M 0s
build	Install Gradle 8.7	2025-09-15T00:23:32.5087049Z 127650K .......... .......... .......... .......... .......... 97%  288M 0s
build	Install Gradle 8.7	2025-09-15T00:23:32.5088931Z 127700K .......... .......... .......... .......... .......... 97%  325M 0s
build	Install Gradle 8.7	2025-09-15T00:23:32.5090775Z 127750K .......... .......... .......... .......... .......... 97%  226M 0s
build	Install Gradle 8.7	2025-09-15T00:23:32.5091678Z 127800K .......... .......... .......... .......... .......... 97%  333M 0s
build	Install Gradle 8.7	2025-09-15T00:23:32.5093550Z 127850K .......... .......... .......... .......... .......... 97%  343M 0s
build	Install Gradle 8.7	2025-09-15T00:23:32.5095386Z 127900K .......... .......... .......... .......... .......... 97%  323M 0s
build	Install Gradle 8.7	2025-09-15T00:23:32.5097223Z 127950K .......... .......... .......... .......... .......... 97%  280M 0s
build	Install Gradle 8.7	2025-09-15T00:23:32.5098924Z 128000K .......... .......... .......... .......... .......... 97%  295M 0s
build	Install Gradle 8.7	2025-09-15T00:23:32.5099989Z 128050K .......... .......... .......... .......... .......... 97%  255M 0s
build	Install Gradle 8.7	2025-09-15T00:23:32.5101730Z 128100K .......... .......... .......... .......... .......... 97%  292M 0s
build	Install Gradle 8.7	2025-09-15T00:23:32.5103140Z 128150K .......... .......... .......... .......... .......... 97%  334M 0s
build	Install Gradle 8.7	2025-09-15T00:23:32.5105676Z 128200K .......... .......... .......... .......... .......... 97%  353M 0s
build	Install Gradle 8.7	2025-09-15T00:23:32.5106822Z 128250K .......... .......... .......... .......... .......... 97%  255M 0s
build	Install Gradle 8.7	2025-09-15T00:23:32.5107993Z 128300K .......... .......... .......... .......... .......... 97%  315M 0s
build	Install Gradle 8.7	2025-09-15T00:23:32.5109684Z 128350K .......... .......... .......... .......... .......... 97%  331M 0s
build	Install Gradle 8.7	2025-09-15T00:23:32.5111755Z 128400K .......... .......... .......... .......... .......... 98%  314M 0s
build	Install Gradle 8.7	2025-09-15T00:23:32.5115933Z 128450K .......... .......... .......... .......... .......... 98%  104M 0s
build	Install Gradle 8.7	2025-09-15T00:23:32.5118099Z 128500K .......... .......... .......... .......... .......... 98%  219M 0s
build	Install Gradle 8.7	2025-09-15T00:23:32.5119535Z 128550K .......... .......... .......... .......... .......... 98%  317M 0s
build	Install Gradle 8.7	2025-09-15T00:23:32.5121715Z 128600K .......... .......... .......... .......... .......... 98%  327M 0s
build	Install Gradle 8.7	2025-09-15T00:23:32.5123381Z 128650K .......... .......... .......... .......... .......... 98%  208M 0s
build	Install Gradle 8.7	2025-09-15T00:23:32.5125698Z 128700K .......... .......... .......... .......... .......... 98%  211M 0s
build	Install Gradle 8.7	2025-09-15T00:23:32.5127769Z 128750K .......... .......... .......... .......... .......... 98%  324M 0s
build	Install Gradle 8.7	2025-09-15T00:23:32.5128487Z 128800K .......... .......... .......... .......... .......... 98%  339M 0s
build	Install Gradle 8.7	2025-09-15T00:23:32.5131183Z 128850K .......... .......... .......... .......... .......... 98%  334M 0s
build	Install Gradle 8.7	2025-09-15T00:23:32.5132814Z 128900K .......... .......... .......... .......... .......... 98%  333M 0s
build	Install Gradle 8.7	2025-09-15T00:23:32.5133546Z 128950K .......... .......... .......... .......... .......... 98%  311M 0s
build	Install Gradle 8.7	2025-09-15T00:23:32.5135276Z 129000K .......... .......... .......... .......... .......... 98%  299M 0s
build	Install Gradle 8.7	2025-09-15T00:23:32.5137625Z 129050K .......... .......... .......... .......... .......... 98%  273M 0s
build	Install Gradle 8.7	2025-09-15T00:23:32.5138455Z 129100K .......... .......... .......... .......... .......... 98%  233M 0s
build	Install Gradle 8.7	2025-09-15T00:23:32.5140369Z 129150K .......... .......... .......... .......... .......... 98%  338M 0s
build	Install Gradle 8.7	2025-09-15T00:23:32.5142624Z 129200K .......... .......... .......... .......... .......... 98%  277M 0s
build	Install Gradle 8.7	2025-09-15T00:23:32.5143605Z 129250K .......... .......... .......... .......... .......... 98%  311M 0s
build	Install Gradle 8.7	2025-09-15T00:23:32.5145412Z 129300K .......... .......... .......... .......... .......... 98%  268M 0s
build	Install Gradle 8.7	2025-09-15T00:23:32.5146782Z 129350K .......... .......... .......... .......... .......... 98%  281M 0s
build	Install Gradle 8.7	2025-09-15T00:23:32.5151356Z 129400K .......... .......... .......... .......... .......... 98%  221M 0s
build	Install Gradle 8.7	2025-09-15T00:23:32.5151762Z 129450K .......... .......... .......... .......... .......... 98%  337M 0s
build	Install Gradle 8.7	2025-09-15T00:23:32.5155974Z 129500K .......... .......... .......... .......... .......... 98%  316M 0s
build	Install Gradle 8.7	2025-09-15T00:23:32.5157449Z 129550K .......... .......... .......... .......... .......... 98%  332M 0s
build	Install Gradle 8.7	2025-09-15T00:23:32.5159099Z 129600K .......... .......... .......... .......... .......... 98%  287M 0s
build	Install Gradle 8.7	2025-09-15T00:23:32.5159370Z 129650K .......... .......... .......... .......... .......... 98%  267M 0s
build	Install Gradle 8.7	2025-09-15T00:23:32.5159748Z 129700K .......... .......... .......... .......... .......... 99%  324M 0s
build	Install Gradle 8.7	2025-09-15T00:23:32.5160242Z 129750K .......... .......... .......... .......... .......... 99%  348M 0s
build	Install Gradle 8.7	2025-09-15T00:23:32.5161563Z 129800K .......... .......... .......... .......... .......... 99%  337M 0s
build	Install Gradle 8.7	2025-09-15T00:23:32.5164327Z 129850K .......... .......... .......... .......... .......... 99%  321M 0s
build	Install Gradle 8.7	2025-09-15T00:23:32.5166273Z 129900K .......... .......... .......... .......... .......... 99%  157M 0s
build	Install Gradle 8.7	2025-09-15T00:23:32.5167701Z 129950K .......... .......... .......... .......... .......... 99%  313M 0s
build	Install Gradle 8.7	2025-09-15T00:23:32.5169400Z 130000K .......... .......... .......... .......... .......... 99%  341M 0s
build	Install Gradle 8.7	2025-09-15T00:23:32.5170831Z 130050K .......... .......... .......... .......... .......... 99%  296M 0s
build	Install Gradle 8.7	2025-09-15T00:23:32.5172601Z 130100K .......... .......... .......... .......... .......... 99%  319M 0s
build	Install Gradle 8.7	2025-09-15T00:23:32.5174605Z 130150K .......... .......... .......... .......... .......... 99%  248M 0s
build	Install Gradle 8.7	2025-09-15T00:23:32.5176080Z 130200K .......... .......... .......... .......... .......... 99%  281M 0s
build	Install Gradle 8.7	2025-09-15T00:23:32.5177698Z 130250K .......... .......... .......... .......... .......... 99%  327M 0s
build	Install Gradle 8.7	2025-09-15T00:23:32.5179184Z 130300K .......... .......... .......... .......... .......... 99%  322M 0s
build	Install Gradle 8.7	2025-09-15T00:23:32.5180869Z 130350K .......... .......... .......... .......... .......... 99%  302M 0s
build	Install Gradle 8.7	2025-09-15T00:23:32.5182137Z 130400K .......... .......... .......... .......... .......... 99%  329M 0s
build	Install Gradle 8.7	2025-09-15T00:23:32.5183699Z 130450K .......... .......... .......... .......... .......... 99%  340M 0s
build	Install Gradle 8.7	2025-09-15T00:23:32.5185335Z 130500K .......... .......... .......... .......... .......... 99%  286M 0s
build	Install Gradle 8.7	2025-09-15T00:23:32.5186742Z 130550K .......... .......... .......... .......... .......... 99%  349M 0s
build	Install Gradle 8.7	2025-09-15T00:23:32.5188519Z 130600K .......... .......... .......... .......... .......... 99%  336M 0s
build	Install Gradle 8.7	2025-09-15T00:23:32.5190011Z 130650K .......... .......... .......... .......... .......... 99%  261M 0s
build	Install Gradle 8.7	2025-09-15T00:23:32.5191453Z 130700K .......... .......... .......... .......... .......... 99%  339M 0s
build	Install Gradle 8.7	2025-09-15T00:23:32.5193188Z 130750K .......... .......... .......... .......... .......... 99%  397M 0s
build	Install Gradle 8.7	2025-09-15T00:23:32.5194027Z 130800K .......... .......... .......... .......... .......... 99%  327M 0s
build	Install Gradle 8.7	2025-09-15T00:23:32.5196210Z 130850K .......... .......... .......... .......... .......... 99%  293M 0s
build	Install Gradle 8.7	2025-09-15T00:23:32.5197575Z 130900K .......... .......... .......... .......... .......... 99%  290M 0s
build	Install Gradle 8.7	2025-09-15T00:23:32.5198780Z 130950K .......... .......... .......... .......... .......... 99%  344M 0s
build	Install Gradle 8.7	2025-09-15T00:23:32.5200147Z 131000K .......... .......... .......... ..........           100%  323M=0.7s
build	Install Gradle 8.7	2025-09-15T00:23:32.5200171Z 
build	Install Gradle 8.7	2025-09-15T00:23:32.5201297Z 2025-09-15 00:23:32 (196 MB/s) - ‘gradle-8.7-bin.zip’ saved [134184980/134184980]
build	Install Gradle 8.7	2025-09-15T00:23:32.5201332Z 
build	Install Gradle 8.7	2025-09-15T00:23:38.7129407Z 
build	Install Gradle 8.7	2025-09-15T00:23:38.7130909Z Welcome to Gradle 9.0.0!
build	Install Gradle 8.7	2025-09-15T00:23:38.7132564Z 
build	Install Gradle 8.7	2025-09-15T00:23:38.7133110Z Here are the highlights of this release:
build	Install Gradle 8.7	2025-09-15T00:23:38.7135486Z  - Configuration Cache is the recommended execution mode
build	Install Gradle 8.7	2025-09-15T00:23:38.7137691Z  - Gradle requires JVM 17 or higher to run
build	Install Gradle 8.7	2025-09-15T00:23:38.7138853Z  - Build scripts use Kotlin 2.2 and Groovy 4.0
build	Install Gradle 8.7	2025-09-15T00:23:38.7145355Z  - Improved Kotlin DSL script compilation avoidance
build	Install Gradle 8.7	2025-09-15T00:23:38.7145764Z 
build	Install Gradle 8.7	2025-09-15T00:23:38.7146242Z For more details see https://docs.gradle.org/9.0.0/release-notes.html
build	Install Gradle 8.7	2025-09-15T00:23:38.7146782Z 
build	Install Gradle 8.7	2025-09-15T00:23:39.0110929Z 
build	Install Gradle 8.7	2025-09-15T00:23:39.0113665Z ------------------------------------------------------------
build	Install Gradle 8.7	2025-09-15T00:23:39.0114682Z Gradle 9.0.0
build	Install Gradle 8.7	2025-09-15T00:23:39.0115940Z ------------------------------------------------------------
build	Install Gradle 8.7	2025-09-15T00:23:39.0116549Z 
build	Install Gradle 8.7	2025-09-15T00:23:39.0306248Z Build time:    2025-07-31 16:35:12 UTC
build	Install Gradle 8.7	2025-09-15T00:23:39.0307056Z Revision:      328772c6bae126949610a8beb59cb227ee580241
build	Install Gradle 8.7	2025-09-15T00:23:39.0307498Z 
build	Install Gradle 8.7	2025-09-15T00:23:39.0307727Z Kotlin:        2.2.0
build	Install Gradle 8.7	2025-09-15T00:23:39.0308177Z Groovy:        4.0.27
build	Install Gradle 8.7	2025-09-15T00:23:39.0309232Z Ant:           Apache Ant(TM) version 1.10.15 compiled on August 25 2024
build	Install Gradle 8.7	2025-09-15T00:23:39.0310084Z Launcher JVM:  17.0.16 (Eclipse Adoptium 17.0.16+8)
build	Install Gradle 8.7	2025-09-15T00:23:39.0311272Z Daemon JVM:    /usr/lib/jvm/temurin-17-jdk-amd64 (no JDK specified, using current Java home)
build	Install Gradle 8.7	2025-09-15T00:23:39.0312361Z OS:            Linux 6.11.0-1018-azure amd64
build	Install Gradle 8.7	2025-09-15T00:23:39.0312764Z 
build	Build with Gradle	﻿2025-09-15T00:23:39.0418925Z ##[group]Run gradle clean
build	Build with Gradle	2025-09-15T00:23:39.0419248Z [36;1mgradle clean[0m
build	Build with Gradle	2025-09-15T00:23:39.0419473Z [36;1mgradle :app:assembleDebug[0m
build	Build with Gradle	2025-09-15T00:23:39.0450859Z shell: /usr/bin/bash -e {0}
build	Build with Gradle	2025-09-15T00:23:39.0451322Z env:
build	Build with Gradle	2025-09-15T00:23:39.0451625Z   JAVA_HOME: /opt/hostedtoolcache/Java_Temurin-Hotspot_jdk/17.0.16-8/x64
build	Build with Gradle	2025-09-15T00:23:39.0452107Z   JAVA_HOME_17_X64: /opt/hostedtoolcache/Java_Temurin-Hotspot_jdk/17.0.16-8/x64
build	Build with Gradle	2025-09-15T00:23:39.0452502Z   ANDROID_HOME: /usr/local/lib/android/sdk
build	Build with Gradle	2025-09-15T00:23:39.0452785Z   ANDROID_SDK_ROOT: /usr/local/lib/android/sdk
build	Build with Gradle	2025-09-15T00:23:39.0453037Z ##[endgroup]
build	Build with Gradle	2025-09-15T00:23:39.5257797Z 
build	Build with Gradle	2025-09-15T00:23:39.5259074Z Welcome to Gradle 8.7!
build	Build with Gradle	2025-09-15T00:23:39.5260159Z 
build	Build with Gradle	2025-09-15T00:23:39.5271879Z Here are the highlights of this release:
build	Build with Gradle	2025-09-15T00:23:39.5274333Z  - Compiling and testing with Java 22
build	Build with Gradle	2025-09-15T00:23:39.5275009Z  - Cacheable Groovy script compilation
build	Build with Gradle	2025-09-15T00:23:39.5275648Z  - New methods in lazy collection properties
build	Build with Gradle	2025-09-15T00:23:39.5276082Z 
build	Build with Gradle	2025-09-15T00:23:39.5276546Z For more details see https://docs.gradle.org/8.7/release-notes.html
build	Build with Gradle	2025-09-15T00:23:39.5277032Z 
build	Build with Gradle	2025-09-15T00:23:39.7243879Z Starting a Gradle Daemon (subsequent builds will be faster)
build	Build with Gradle	2025-09-15T00:24:57.0283904Z > Task :app:clean UP-TO-DATE
build	Build with Gradle	2025-09-15T00:24:57.0804713Z 
build	Build with Gradle	2025-09-15T00:24:57.0805658Z BUILD SUCCESSFUL in 1m 17s
build	Build with Gradle	2025-09-15T00:24:57.0807264Z 1 actionable task: 1 up-to-date
build	Build with Gradle	2025-09-15T00:24:59.2626402Z > Task :app:preBuild UP-TO-DATE
build	Build with Gradle	2025-09-15T00:24:59.2627505Z > Task :app:preDebugBuild UP-TO-DATE
build	Build with Gradle	2025-09-15T00:24:59.2628515Z > Task :app:mergeDebugNativeDebugMetadata NO-SOURCE
build	Build with Gradle	2025-09-15T00:24:59.2629500Z > Task :app:checkKotlinGradlePluginConfigurationErrors
build	Build with Gradle	2025-09-15T00:25:05.6579984Z > Task :app:generateDebugResValues
build	Build with Gradle	2025-09-15T00:25:05.7590254Z > Task :app:dataBindingMergeDependencyArtifactsDebug
build	Build with Gradle	2025-09-15T00:25:05.7595978Z > Task :app:generateDebugResources
build	Build with Gradle	2025-09-15T00:25:07.6576684Z > Task :app:packageDebugResources
build	Build with Gradle	2025-09-15T00:25:08.7580308Z > Task :app:mergeDebugResources
build	Build with Gradle	2025-09-15T00:25:09.1601709Z > Task :app:parseDebugLocalResources
build	Build with Gradle	2025-09-15T00:25:09.1603622Z > Task :app:mapDebugSourceSetPaths
build	Build with Gradle	2025-09-15T00:25:09.1617455Z > Task :app:checkDebugAarMetadata
build	Build with Gradle	2025-09-15T00:25:09.5591353Z > Task :app:dataBindingGenBaseClassesDebug
build	Build with Gradle	2025-09-15T00:25:09.5601538Z > Task :app:createDebugCompatibleScreenManifests
build	Build with Gradle	2025-09-15T00:25:09.5620772Z > Task :app:extractDeepLinksDebug
build	Build with Gradle	2025-09-15T00:25:09.7581672Z 
build	Build with Gradle	2025-09-15T00:25:09.7589937Z > Task :app:processDebugMainManifest FAILED
build	Build with Gradle	2025-09-15T00:25:09.7591610Z /home/runner/work/my-android-app/my-android-app/app/src/main/AndroidManifest.xml:25:9-30:20 Error:
build	Build with Gradle	2025-09-15T00:25:09.7593678Z 	Element activity#com.kingjjy.miles.MainActivity at AndroidManifest.xml:25:9-30:20 duplicated with element declared at AndroidManifest.xml:16:9-24:20
build	Build with Gradle	2025-09-15T00:25:09.7595872Z /home/runner/work/my-android-app/my-android-app/app/src/main/AndroidManifest.xml Error:
build	Build with Gradle	2025-09-15T00:25:09.7596691Z 
build	Build with Gradle	2025-09-15T00:25:09.7597123Z 	Validation failed, exiting
build	Build with Gradle	2025-09-15T00:25:09.7598319Z See https://developer.android.com/r/studio-ui/build/manifest-merger for more information about the manifest merger.
build	Build with Gradle	2025-09-15T00:25:09.7599292Z 
build	Build with Gradle	2025-09-15T00:25:09.7599479Z 
build	Build with Gradle	2025-09-15T00:25:09.7599943Z FAILURE: Build failed with an exception.
build	Build with Gradle	2025-09-15T00:25:09.7600453Z 
build	Build with Gradle	2025-09-15T00:25:09.7600796Z * What went wrong:
build	Build with Gradle	2025-09-15T00:25:09.7601608Z Execution failed for task ':app:processDebugMainManifest'.
build	Build with Gradle	2025-09-15T00:25:09.7602616Z > Manifest merger failed with multiple errors, see logs
build	Build with Gradle	2025-09-15T00:25:09.7603274Z 
build	Build with Gradle	2025-09-15T00:25:09.7603799Z 13 actionable tasks: 13 executed
build	Build with Gradle	2025-09-15T00:25:09.7604540Z * Try:
build	Build with Gradle	2025-09-15T00:25:09.7605236Z > Run with --stacktrace option to get the stack trace.
build	Build with Gradle	2025-09-15T00:25:09.7606222Z > Run with --info or --debug option to get more log output.
build	Build with Gradle	2025-09-15T00:25:09.7607155Z > Run with --scan to get full insights.
build	Build with Gradle	2025-09-15T00:25:09.7608019Z > Get more help at https://help.gradle.org.
build	Build with Gradle	2025-09-15T00:25:09.7609110Z 
build	Build with Gradle	2025-09-15T00:25:09.7609507Z BUILD FAILED in 12s
build	Build with Gradle	2025-09-15T00:25:09.8590954Z ##[error]Process completed with exit code 1.
build	Upload artifacts (APK/AAB)	﻿2025-09-15T00:25:09.8708656Z ##[group]Run actions/upload-artifact@v4
build	Upload artifacts (APK/AAB)	2025-09-15T00:25:09.8709332Z with:
build	Upload artifacts (APK/AAB)	2025-09-15T00:25:09.8709629Z   name: myapp-build-outputs
build	Upload artifacts (APK/AAB)	2025-09-15T00:25:09.8710186Z   path: app/build/outputs/apk/**/*.apk
build	Upload artifacts (APK/AAB)	app/build/outputs/bundle/**/*.aab
build	Upload artifacts (APK/AAB)	
build	Upload artifacts (APK/AAB)	2025-09-15T00:25:09.8710796Z   if-no-files-found: warn
build	Upload artifacts (APK/AAB)	2025-09-15T00:25:09.8711158Z   compression-level: 6
build	Upload artifacts (APK/AAB)	2025-09-15T00:25:09.8711483Z   overwrite: false
build	Upload artifacts (APK/AAB)	2025-09-15T00:25:09.8711807Z   include-hidden-files: false
build	Upload artifacts (APK/AAB)	2025-09-15T00:25:09.8712158Z env:
build	Upload artifacts (APK/AAB)	2025-09-15T00:25:09.8712609Z   JAVA_HOME: /opt/hostedtoolcache/Java_Temurin-Hotspot_jdk/17.0.16-8/x64
build	Upload artifacts (APK/AAB)	2025-09-15T00:25:09.8713394Z   JAVA_HOME_17_X64: /opt/hostedtoolcache/Java_Temurin-Hotspot_jdk/17.0.16-8/x64
build	Upload artifacts (APK/AAB)	2025-09-15T00:25:09.8714032Z   ANDROID_HOME: /usr/local/lib/android/sdk
build	Upload artifacts (APK/AAB)	2025-09-15T00:25:09.8714742Z   ANDROID_SDK_ROOT: /usr/local/lib/android/sdk
build	Upload artifacts (APK/AAB)	2025-09-15T00:25:09.8715174Z ##[endgroup]
build	Upload artifacts (APK/AAB)	2025-09-15T00:25:10.0914365Z Multiple search paths detected. Calculating the least common ancestor of all paths
build	Upload artifacts (APK/AAB)	2025-09-15T00:25:10.0916130Z The least common ancestor is /home/runner/work/my-android-app/my-android-app/app/build/outputs. This will be the root directory of the artifact
build	Upload artifacts (APK/AAB)	2025-09-15T00:25:10.0929328Z ##[warning]No files were found with the provided path: app/build/outputs/apk/**/*.apk
build	Upload artifacts (APK/AAB)	app/build/outputs/bundle/**/*.aab. No artifacts will be uploaded.
build	Post Set up JDK 17	﻿2025-09-15T00:25:10.1043678Z Post job cleanup.
build	Post Checkout code	﻿2025-09-15T00:25:10.2781528Z Post job cleanup.
build	Post Checkout code	2025-09-15T00:25:10.3734058Z [command]/usr/bin/git version
build	Post Checkout code	2025-09-15T00:25:10.3774980Z git version 2.51.0
build	Post Checkout code	2025-09-15T00:25:10.3820260Z Temporarily overriding HOME='/home/runner/work/_temp/7acfb9db-fd4d-46d9-89c8-c7d50ba82d16' before making global git config changes
build	Post Checkout code	2025-09-15T00:25:10.3821814Z Adding repository directory to the temporary git global config as a safe directory
build	Post Checkout code	2025-09-15T00:25:10.3827202Z [command]/usr/bin/git config --global --add safe.directory /home/runner/work/my-android-app/my-android-app
build	Post Checkout code	2025-09-15T00:25:10.3866716Z [command]/usr/bin/git config --local --name-only --get-regexp core\.sshCommand
build	Post Checkout code	2025-09-15T00:25:10.3901018Z [command]/usr/bin/git submodule foreach --recursive sh -c "git config --local --name-only --get-regexp 'core\.sshCommand' && git config --local --unset-all 'core.sshCommand' || :"
build	Post Checkout code	2025-09-15T00:25:10.4152789Z [command]/usr/bin/git config --local --name-only --get-regexp http\.https\:\/\/github\.com\/\.extraheader
build	Post Checkout code	2025-09-15T00:25:10.4177668Z http.https://github.com/.extraheader
build	Post Checkout code	2025-09-15T00:25:10.4191108Z [command]/usr/bin/git config --local --unset-all http.https://github.com/.extraheader
build	Post Checkout code	2025-09-15T00:25:10.4224573Z [command]/usr/bin/git submodule foreach --recursive sh -c "git config --local --name-only --get-regexp 'http\.https\:\/\/github\.com\/\.extraheader' && git config --local --unset-all 'http.https://github.com/.extraheader' || :"
build	Complete job	﻿2025-09-15T00:25:10.4570060Z Cleaning up orphan processes
build	Complete job	2025-09-15T00:25:10.4838769Z Terminate orphan process: pid (2526) (java)
